2025-04-10 16:25:15,053 - JSPGymEnvironment - INFO - Environment reset
2025-04-10 16:25:15,144 - JSPGymEnvironment - INFO - Environment reset
2025-04-10 16:25:15,277 - JSPGymEnvironment - INFO - Material change on machine M1:  -> Citybike_Hauptrahmen_zugeschnitten, setup time: 0
2025-04-10 16:25:15,278 - JSPGymEnvironment - INFO - Executed operation: Job J11, Op 0, Machine M1, Start: 0.0, End: 31.0, Setup: 0
2025-04-10 16:25:15,321 - JSPGymEnvironment - INFO - Executed operation: Job J14, Op 0, Machine M1, Start: 56.0, End: 74.0, Setup: 25
2025-04-10 16:25:15,351 - JSPGymEnvironment - INFO - Executed operation: Job J2, Op 0, Machine M1, Start: 99.0, End: 115.0, Setup: 25
2025-04-10 16:25:15,382 - JSPGymEnvironment - INFO - Material change on machine M2:  -> Citybike_Schaltauge_bearbeitet, setup time: 0
2025-04-10 16:25:15,382 - JSPGymEnvironment - INFO - Executed operation: Job J11, Op 1, Machine M2, Start: 115.0, End: 128.0, Setup: 0
2025-04-10 16:25:15,412 - JSPGymEnvironment - INFO - Material change on machine M1: Citybike_Hauptrahmen_zugeschnitten -> Racebike_Hauptrahmen_zugeschnitten, setup time: 40
2025-04-10 16:25:15,412 - JSPGymEnvironment - INFO - Executed operation: Job J10, Op 0, Machine M1, Start: 168.0, End: 200.0, Setup: 40
2025-04-10 16:25:15,441 - JSPGymEnvironment - INFO - Material change on machine M3:  -> Citybike_Antrieb_installiert, setup time: 0
2025-04-10 16:25:15,441 - JSPGymEnvironment - INFO - Executed operation: Job J11, Op 2, Machine M3, Start: 200.0, End: 242.0, Setup: 0
2025-04-10 16:25:15,466 - JSPGymEnvironment - INFO - Material change on machine M1: Racebike_Hauptrahmen_zugeschnitten -> Mountainbike_Hauptrahmen_zugeschnitten, setup time: 40
2025-04-10 16:25:15,466 - JSPGymEnvironment - INFO - Executed operation: Job J18, Op 0, Machine M1, Start: 282.0, End: 304.0, Setup: 40
2025-04-10 16:25:15,492 - JSPGymEnvironment - INFO - Material change on machine M3: Citybike_Antrieb_installiert -> Citybike_Bremsen_justiert, setup time: 15
2025-04-10 16:25:15,492 - JSPGymEnvironment - INFO - Executed operation: Job J11, Op 3, Machine M3, Start: 319.0, End: 341.0, Setup: 15
2025-04-10 16:25:15,517 - JSPGymEnvironment - INFO - Material change on machine M3: Citybike_Bremsen_justiert -> Citybike_Fahrrad_endmontiert, setup time: 15
2025-04-10 16:25:15,517 - JSPGymEnvironment - INFO - Executed operation: Job J11, Op 4, Machine M3, Start: 356.0, End: 395.0, Setup: 15
2025-04-10 16:25:15,544 - JSPGymEnvironment - INFO - Material change on machine M1: Mountainbike_Hauptrahmen_zugeschnitten -> Racebike_Hauptrahmen_zugeschnitten, setup time: 40
2025-04-10 16:25:15,544 - JSPGymEnvironment - INFO - Executed operation: Job J16, Op 0, Machine M1, Start: 435.0, End: 461.0, Setup: 40
2025-04-10 16:25:15,752 - JSPGymEnvironment - INFO - Executed operation: Job J4, Op 0, Machine M1, Start: 486.0, End: 511.0, Setup: 25
2025-04-10 16:25:15,798 - JSPGymEnvironment - INFO - Material change on machine M2: Citybike_Schaltauge_bearbeitet -> Citybike_Rahmen_nachbearbeitet, setup time: 20
2025-04-10 16:25:15,798 - JSPGymEnvironment - INFO - Executed operation: Job J11, Op 5, Machine M2, Start: 531.0, End: 548.0, Setup: 20
2025-04-10 16:25:15,837 - JSPGymEnvironment - INFO - Executed operation: Job J11, Op 6, Machine M2, Start: 563.0, End: 585.0, Setup: 15
2025-04-10 16:25:15,872 - JSPGymEnvironment - INFO - Material change on machine M2: Citybike_Rahmen_nachbearbeitet -> Citybike_Fahrrad_endmontiert, setup time: 20
2025-04-10 16:25:15,872 - JSPGymEnvironment - INFO - Executed operation: Job J11, Op 7, Machine M2, Start: 605.0, End: 634.0, Setup: 20
2025-04-10 16:25:15,872 - JSPGymEnvironment - INFO - Job J11 completed at time 634.0, deadline: 2880, met: True, priority: 7
2025-04-10 16:25:15,908 - JSPGymEnvironment - INFO - Material change on machine M2: Citybike_Fahrrad_endmontiert -> Racebike_Schaltauge_bearbeitet, setup time: 20
2025-04-10 16:25:15,908 - JSPGymEnvironment - INFO - Executed operation: Job J16, Op 1, Machine M2, Start: 654.0, End: 669.0, Setup: 20
2025-04-10 16:25:15,939 - JSPGymEnvironment - INFO - Material change on machine M1: Racebike_Hauptrahmen_zugeschnitten -> Citybike_Hauptrahmen_zugeschnitten, setup time: 40
2025-04-10 16:25:15,939 - JSPGymEnvironment - INFO - Executed operation: Job J9, Op 0, Machine M1, Start: 709.0, End: 749.0, Setup: 40
2025-04-10 16:25:15,971 - JSPGymEnvironment - INFO - Material change on machine M3: Citybike_Fahrrad_endmontiert -> Racebike_Antrieb_installiert, setup time: 15
2025-04-10 16:25:15,971 - JSPGymEnvironment - INFO - Executed operation: Job J16, Op 2, Machine M3, Start: 764.0, End: 794.0, Setup: 15
2025-04-10 16:25:16,004 - JSPGymEnvironment - INFO - Material change on machine M2: Racebike_Schaltauge_bearbeitet -> Citybike_Schaltauge_bearbeitet, setup time: 20
2025-04-10 16:25:16,004 - JSPGymEnvironment - INFO - Executed operation: Job J2, Op 1, Machine M2, Start: 814.0, End: 824.0, Setup: 20
2025-04-10 16:25:16,034 - JSPGymEnvironment - INFO - Material change on machine M1: Citybike_Hauptrahmen_zugeschnitten -> E-Bike_Hauptrahmen_zugeschnitten, setup time: 40
2025-04-10 16:25:16,034 - JSPGymEnvironment - INFO - Executed operation: Job J3, Op 0, Machine M1, Start: 864.0, End: 898.0, Setup: 40
2025-04-10 16:25:16,070 - JSPGymEnvironment - INFO - Material change on machine M1: E-Bike_Hauptrahmen_zugeschnitten -> Racebike_Hauptrahmen_zugeschnitten, setup time: 40
2025-04-10 16:25:16,070 - JSPGymEnvironment - INFO - Executed operation: Job J15, Op 0, Machine M1, Start: 938.0, End: 961.0, Setup: 40
2025-04-10 16:25:16,103 - JSPGymEnvironment - INFO - Material change on machine M2: Citybike_Schaltauge_bearbeitet -> Racebike_Schaltauge_bearbeitet, setup time: 20
2025-04-10 16:25:16,103 - JSPGymEnvironment - INFO - Executed operation: Job J15, Op 1, Machine M2, Start: 981.0, End: 994.0, Setup: 20
2025-04-10 16:25:16,135 - JSPGymEnvironment - INFO - Material change on machine M2: Racebike_Schaltauge_bearbeitet -> E-Bike_Schaltauge_bearbeitet, setup time: 20
2025-04-10 16:25:16,135 - JSPGymEnvironment - INFO - Executed operation: Job J3, Op 1, Machine M2, Start: 1014.0, End: 1034.0, Setup: 20
2025-04-10 16:25:16,164 - JSPGymEnvironment - INFO - Material change on machine M1: Racebike_Hauptrahmen_zugeschnitten -> E-Bike_Hauptrahmen_zugeschnitten, setup time: 40
2025-04-10 16:25:16,164 - JSPGymEnvironment - INFO - Executed operation: Job J19, Op 0, Machine M1, Start: 1074.0, End: 1089.0, Setup: 40
2025-04-10 16:25:16,192 - JSPGymEnvironment - INFO - Material change on machine M3: Racebike_Antrieb_installiert -> E-Bike_Antrieb_installiert, setup time: 15
2025-04-10 16:25:16,193 - JSPGymEnvironment - INFO - Executed operation: Job J3, Op 2, Machine M3, Start: 1104.0, End: 1162.0, Setup: 15
2025-04-10 16:25:16,398 - JSPGymEnvironment - INFO - Material change on machine M1: E-Bike_Hauptrahmen_zugeschnitten -> Mountainbike_Hauptrahmen_zugeschnitten, setup time: 40
2025-04-10 16:25:16,398 - JSPGymEnvironment - INFO - Executed operation: Job J20, Op 0, Machine M1, Start: 1202.0, End: 1221.0, Setup: 40
2025-04-10 16:25:16,428 - JSPGymEnvironment - INFO - Material change on machine M2: E-Bike_Schaltauge_bearbeitet -> Mountainbike_Schaltauge_bearbeitet, setup time: 20
2025-04-10 16:25:16,428 - JSPGymEnvironment - INFO - Executed operation: Job J20, Op 1, Machine M2, Start: 1241.0, End: 1266.0, Setup: 20
2025-04-10 16:25:16,464 - JSPGymEnvironment - INFO - Executed operation: Job J18, Op 1, Machine M2, Start: 1281.0, End: 1301.0, Setup: 15
2025-04-10 16:25:16,504 - JSPGymEnvironment - INFO - Material change on machine M2: Mountainbike_Schaltauge_bearbeitet -> E-Bike_Schaltauge_bearbeitet, setup time: 20
2025-04-10 16:25:16,504 - JSPGymEnvironment - INFO - Executed operation: Job J19, Op 1, Machine M2, Start: 1321.0, End: 1351.0, Setup: 20
2025-04-10 16:25:16,540 - JSPGymEnvironment - INFO - Executed operation: Job J19, Op 2, Machine M3, Start: 1361.0, End: 1383.0, Setup: 10
2025-04-10 16:25:16,580 - JSPGymEnvironment - INFO - Material change on machine M3: E-Bike_Antrieb_installiert -> Mountainbike_Antrieb_installiert, setup time: 15
2025-04-10 16:25:16,580 - JSPGymEnvironment - INFO - Executed operation: Job J20, Op 2, Machine M3, Start: 1398.0, End: 1422.0, Setup: 15
2025-04-10 16:25:16,613 - JSPGymEnvironment - INFO - Material change on machine M2: E-Bike_Schaltauge_bearbeitet -> Racebike_Bremsaufnahme_gebohrt, setup time: 20
2025-04-10 16:25:16,613 - JSPGymEnvironment - INFO - Executed operation: Job J16, Op 3, Machine M2, Start: 1442.0, End: 1465.0, Setup: 20
2025-04-10 16:25:16,643 - JSPGymEnvironment - INFO - Material change on machine M2: Racebike_Bremsaufnahme_gebohrt -> E-Bike_Bremsaufnahme_gebohrt, setup time: 20
2025-04-10 16:25:16,643 - JSPGymEnvironment - INFO - Executed operation: Job J19, Op 3, Machine M2, Start: 1485.0, End: 1498.0, Setup: 20
2025-04-10 16:25:16,670 - JSPGymEnvironment - INFO - Material change on machine M2: E-Bike_Bremsaufnahme_gebohrt -> Racebike_Schaltauge_bearbeitet, setup time: 20
2025-04-10 16:25:16,670 - JSPGymEnvironment - INFO - Executed operation: Job J10, Op 1, Machine M2, Start: 1518.0, End: 1543.0, Setup: 20
2025-04-10 16:25:16,697 - JSPGymEnvironment - INFO - Material change on machine M2: Racebike_Schaltauge_bearbeitet -> Racebike_Rahmen_nachbearbeitet, setup time: 20
2025-04-10 16:25:16,697 - JSPGymEnvironment - INFO - Executed operation: Job J16, Op 4, Machine M2, Start: 1563.0, End: 1577.0, Setup: 20
2025-04-10 16:25:16,724 - JSPGymEnvironment - INFO - Material change on machine M1: Mountainbike_Hauptrahmen_zugeschnitten -> Racebike_Hauptrahmen_zugeschnitten, setup time: 40
2025-04-10 16:25:16,724 - JSPGymEnvironment - INFO - Executed operation: Job J6, Op 0, Machine M1, Start: 1617.0, End: 1653.0, Setup: 40
2025-04-10 16:25:16,756 - JSPGymEnvironment - INFO - Material change on machine M2: Racebike_Rahmen_nachbearbeitet -> Racebike_Schaltauge_bearbeitet, setup time: 20
2025-04-10 16:25:16,757 - JSPGymEnvironment - INFO - Executed operation: Job J6, Op 1, Machine M2, Start: 1673.0, End: 1686.0, Setup: 20
2025-04-10 16:25:16,789 - JSPGymEnvironment - INFO - Material change on machine M3: Mountainbike_Antrieb_installiert -> Racebike_Antrieb_installiert, setup time: 15
2025-04-10 16:25:16,789 - JSPGymEnvironment - INFO - Executed operation: Job J10, Op 2, Machine M3, Start: 1701.0, End: 1740.0, Setup: 15
2025-04-10 16:25:16,959 - JSPGymEnvironment - INFO - Material change on machine M2: Racebike_Schaltauge_bearbeitet -> Racebike_Fahrrad_endmontiert, setup time: 20
2025-04-10 16:25:16,959 - JSPGymEnvironment - INFO - Executed operation: Job J16, Op 5, Machine M2, Start: 1760.0, End: 1790.0, Setup: 20
2025-04-10 16:25:16,960 - JSPGymEnvironment - INFO - Job J16 completed at time 1790.0, deadline: 2855, met: True, priority: 7
2025-04-10 16:25:16,985 - JSPGymEnvironment - INFO - Material change on machine M2: Racebike_Fahrrad_endmontiert -> E-Bike_Bremsaufnahme_gebohrt, setup time: 20
2025-04-10 16:25:16,985 - JSPGymEnvironment - INFO - Executed operation: Job J3, Op 3, Machine M2, Start: 1810.0, End: 1840.0, Setup: 20
2025-04-10 16:25:17,011 - JSPGymEnvironment - INFO - Executed operation: Job J15, Op 2, Machine M3, Start: 1850.0, End: 1885.0, Setup: 10
2025-04-10 16:25:17,040 - JSPGymEnvironment - INFO - Material change on machine M2: E-Bike_Bremsaufnahme_gebohrt -> Racebike_Schaltauge_bearbeitet, setup time: 20
2025-04-10 16:25:17,040 - JSPGymEnvironment - INFO - Executed operation: Job J4, Op 1, Machine M2, Start: 1905.0, End: 1920.0, Setup: 20
2025-04-10 16:25:17,066 - JSPGymEnvironment - INFO - Material change on machine M2: Racebike_Schaltauge_bearbeitet -> E-Bike_Rahmen_nachbearbeitet, setup time: 20
2025-04-10 16:25:17,066 - JSPGymEnvironment - INFO - Executed operation: Job J3, Op 4, Machine M2, Start: 1940.0, End: 1957.0, Setup: 20
2025-04-10 16:25:17,091 - JSPGymEnvironment - INFO - Material change on machine M2: E-Bike_Rahmen_nachbearbeitet -> Citybike_Schaltauge_bearbeitet, setup time: 20
2025-04-10 16:25:17,091 - JSPGymEnvironment - INFO - Executed operation: Job J14, Op 1, Machine M2, Start: 1977.0, End: 1993.0, Setup: 20
2025-04-10 16:25:17,122 - JSPGymEnvironment - INFO - Material change on machine M2: Citybike_Schaltauge_bearbeitet -> E-Bike_Rahmen_nachbearbeitet, setup time: 20
2025-04-10 16:25:17,122 - JSPGymEnvironment - INFO - Executed operation: Job J3, Op 5, Machine M2, Start: 2013.0, End: 2034.0, Setup: 20
2025-04-10 16:25:17,153 - JSPGymEnvironment - INFO - Material change on machine M3: Racebike_Antrieb_installiert -> Citybike_Antrieb_installiert, setup time: 15
2025-04-10 16:25:17,153 - JSPGymEnvironment - INFO - Executed operation: Job J2, Op 2, Machine M3, Start: 2049.0, End: 2077.0, Setup: 15
2025-04-10 16:25:17,198 - JSPGymEnvironment - INFO - Material change on machine M3: Citybike_Antrieb_installiert -> Racebike_Antrieb_installiert, setup time: 15
2025-04-10 16:25:17,198 - JSPGymEnvironment - INFO - Executed operation: Job J4, Op 2, Machine M3, Start: 2092.0, End: 2132.0, Setup: 15
2025-04-10 16:25:17,230 - JSPGymEnvironment - INFO - Material change on machine M3: Racebike_Antrieb_installiert -> Racebike_Bremsen_justiert, setup time: 15
2025-04-10 16:25:17,231 - JSPGymEnvironment - INFO - Executed operation: Job J15, Op 3, Machine M3, Start: 2147.0, End: 2174.0, Setup: 15
2025-04-10 16:25:17,258 - JSPGymEnvironment - INFO - Material change on machine M2: E-Bike_Rahmen_nachbearbeitet -> E-Bike_Fahrrad_endmontiert, setup time: 20
2025-04-10 16:25:17,258 - JSPGymEnvironment - INFO - Executed operation: Job J3, Op 6, Machine M2, Start: 2194.0, End: 2204.0, Setup: 20
2025-04-10 16:25:17,258 - JSPGymEnvironment - INFO - Job J3 completed at time 2204.0, deadline: 2862, met: True, priority: 8
2025-04-10 16:25:17,284 - JSPGymEnvironment - INFO - Material change on machine M2: E-Bike_Fahrrad_endmontiert -> Racebike_Rahmen_nachbearbeitet, setup time: 20
2025-04-10 16:25:17,284 - JSPGymEnvironment - INFO - Executed operation: Job J15, Op 4, Machine M2, Start: 2224.0, End: 2244.0, Setup: 20
2025-04-10 16:25:17,312 - JSPGymEnvironment - INFO - Material change on machine M2: Racebike_Rahmen_nachbearbeitet -> Racebike_Bremsaufnahme_gebohrt, setup time: 20
2025-04-10 16:25:17,312 - JSPGymEnvironment - INFO - Executed operation: Job J10, Op 3, Machine M2, Start: 2264.0, End: 2286.0, Setup: 20
2025-04-10 16:25:17,487 - JSPGymEnvironment - INFO - Material change on machine M3: Racebike_Bremsen_justiert -> Mountainbike_Bremsen_justiert, setup time: 15
2025-04-10 16:25:17,487 - JSPGymEnvironment - INFO - Executed operation: Job J20, Op 3, Machine M3, Start: 2301.0, End: 2342.0, Setup: 15
2025-04-10 16:25:17,515 - JSPGymEnvironment - INFO - Material change on machine M2: Racebike_Bremsaufnahme_gebohrt -> Racebike_Rahmen_nachbearbeitet, setup time: 20
2025-04-10 16:25:17,515 - JSPGymEnvironment - INFO - Executed operation: Job J15, Op 5, Machine M2, Start: 2362.0, End: 2385.0, Setup: 20
2025-04-10 16:25:17,541 - JSPGymEnvironment - INFO - Material change on machine M2: Racebike_Rahmen_nachbearbeitet -> Racebike_Bremsaufnahme_gebohrt, setup time: 20
2025-04-10 16:25:17,541 - JSPGymEnvironment - INFO - Executed operation: Job J4, Op 3, Machine M2, Start: 2405.0, End: 2419.0, Setup: 20
2025-04-10 16:25:17,567 - JSPGymEnvironment - INFO - Material change on machine M2: Racebike_Bremsaufnahme_gebohrt -> Racebike_Rahmen_nachbearbeitet, setup time: 20
2025-04-10 16:25:17,568 - JSPGymEnvironment - INFO - Executed operation: Job J4, Op 4, Machine M2, Start: 2439.0, End: 2464.0, Setup: 20
2025-04-10 16:25:17,593 - JSPGymEnvironment - INFO - Material change on machine M2: Racebike_Rahmen_nachbearbeitet -> E-Bike_Rahmen_nachbearbeitet, setup time: 20
2025-04-10 16:25:17,593 - JSPGymEnvironment - INFO - Executed operation: Job J19, Op 4, Machine M2, Start: 2484.0, End: 2501.0, Setup: 20
2025-04-10 16:25:17,619 - JSPGymEnvironment - INFO - Executed operation: Job J19, Op 5, Machine M2, Start: 2516.0, End: 2537.0, Setup: 15
2025-04-10 16:25:17,644 - JSPGymEnvironment - INFO - Material change on machine M2: E-Bike_Rahmen_nachbearbeitet -> Citybike_Schaltauge_bearbeitet, setup time: 20
2025-04-10 16:25:17,645 - JSPGymEnvironment - INFO - Executed operation: Job J9, Op 1, Machine M2, Start: 2557.0, End: 2573.0, Setup: 20
2025-04-10 16:25:17,672 - JSPGymEnvironment - INFO - Material change on machine M2: Citybike_Schaltauge_bearbeitet -> E-Bike_Fahrrad_endmontiert, setup time: 20
2025-04-10 16:25:17,673 - JSPGymEnvironment - INFO - Executed operation: Job J19, Op 6, Machine M2, Start: 2593.0, End: 2618.0, Setup: 20
2025-04-10 16:25:17,673 - JSPGymEnvironment - INFO - Job J19 completed at time 2618.0, deadline: 2737, met: True, priority: 8
2025-04-10 16:25:17,702 - JSPGymEnvironment - INFO - Material change on machine M3: Mountainbike_Bremsen_justiert -> Citybike_Antrieb_installiert, setup time: 15
2025-04-10 16:25:17,702 - JSPGymEnvironment - INFO - Executed operation: Job J9, Op 2, Machine M3, Start: 2633.0, End: 2687.0, Setup: 15
2025-04-10 16:25:17,733 - JSPGymEnvironment - INFO - Material change on machine M3: Citybike_Antrieb_installiert -> Racebike_Fahrrad_endmontiert, setup time: 15
2025-04-10 16:25:17,733 - JSPGymEnvironment - INFO - Executed operation: Job J15, Op 6, Machine M3, Start: 2702.0, End: 2729.0, Setup: 15
2025-04-10 16:25:17,762 - JSPGymEnvironment - INFO - Material change on machine M3: Racebike_Fahrrad_endmontiert -> Mountainbike_Antrieb_installiert, setup time: 15
2025-04-10 16:25:17,762 - JSPGymEnvironment - INFO - Executed operation: Job J18, Op 2, Machine M3, Start: 2744.0, End: 2773.0, Setup: 15
2025-04-10 16:25:17,791 - JSPGymEnvironment - INFO - Material change on machine M2: E-Bike_Fahrrad_endmontiert -> Citybike_Bremsaufnahme_gebohrt, setup time: 20
2025-04-10 16:25:17,791 - JSPGymEnvironment - INFO - Executed operation: Job J2, Op 3, Machine M2, Start: 2793.0, End: 2814.0, Setup: 20
2025-04-10 16:25:17,820 - JSPGymEnvironment - INFO - Material change on machine M3: Mountainbike_Antrieb_installiert -> Racebike_Fahrrad_endmontiert, setup time: 15
2025-04-10 16:25:17,820 - JSPGymEnvironment - INFO - Executed operation: Job J15, Op 7, Machine M3, Start: 2829.0, End: 2875.0, Setup: 15
2025-04-10 16:25:17,820 - JSPGymEnvironment - INFO - Job J15 completed at time 2875.0, deadline: 2833, met: False, priority: 10
2025-04-10 16:25:17,846 - JSPGymEnvironment - INFO - Material change on machine M2: Citybike_Bremsaufnahme_gebohrt -> Racebike_Rahmen_nachbearbeitet, setup time: 20
2025-04-10 16:25:17,846 - JSPGymEnvironment - INFO - Executed operation: Job J10, Op 4, Machine M2, Start: 2895.0, End: 2906.0, Setup: 20
2025-04-10 16:25:17,873 - JSPGymEnvironment - INFO - Material change on machine M3: Racebike_Fahrrad_endmontiert -> Citybike_Antrieb_installiert, setup time: 15
2025-04-10 16:25:17,873 - JSPGymEnvironment - INFO - Executed operation: Job J14, Op 2, Machine M3, Start: 2921.0, End: 2943.0, Setup: 15
2025-04-10 16:25:18,039 - JSPGymEnvironment - INFO - Material change on machine M2: Racebike_Rahmen_nachbearbeitet -> Citybike_Bremsaufnahme_gebohrt, setup time: 20
2025-04-10 16:25:18,039 - JSPGymEnvironment - INFO - Executed operation: Job J9, Op 3, Machine M2, Start: 2963.0, End: 2986.0, Setup: 20
2025-04-10 16:25:18,064 - JSPGymEnvironment - INFO - Material change on machine M2: Citybike_Bremsaufnahme_gebohrt -> Citybike_Rahmen_nachbearbeitet, setup time: 20
2025-04-10 16:25:18,065 - JSPGymEnvironment - INFO - Executed operation: Job J2, Op 4, Machine M2, Start: 3006.0, End: 3030.0, Setup: 20
2025-04-10 16:25:18,094 - JSPGymEnvironment - INFO - Material change on machine M2: Citybike_Rahmen_nachbearbeitet -> Racebike_Rahmen_nachbearbeitet, setup time: 20
2025-04-10 16:25:18,094 - JSPGymEnvironment - INFO - Executed operation: Job J10, Op 5, Machine M2, Start: 3050.0, End: 3068.0, Setup: 20
2025-04-10 16:25:18,126 - JSPGymEnvironment - INFO - Material change on machine M3: Citybike_Antrieb_installiert -> Racebike_Antrieb_installiert, setup time: 15
2025-04-10 16:25:18,126 - JSPGymEnvironment - INFO - Executed operation: Job J6, Op 2, Machine M3, Start: 3083.0, End: 3121.0, Setup: 15
2025-04-10 16:25:18,159 - JSPGymEnvironment - INFO - Material change on machine M3: Racebike_Antrieb_installiert -> Citybike_Fahrrad_endmontiert, setup time: 15
2025-04-10 16:25:18,159 - JSPGymEnvironment - INFO - Executed operation: Job J2, Op 5, Machine M3, Start: 3136.0, End: 3157.0, Setup: 15
2025-04-10 16:25:18,159 - JSPGymEnvironment - INFO - Job J2 completed at time 3157.0, deadline: 2880, met: False, priority: 3
2025-04-10 16:25:18,187 - JSPGymEnvironment - INFO - Material change on machine M2: Racebike_Rahmen_nachbearbeitet -> Mountainbike_Rahmen_nachbearbeitet, setup time: 20
2025-04-10 16:25:18,187 - JSPGymEnvironment - INFO - Executed operation: Job J20, Op 4, Machine M2, Start: 3177.0, End: 3194.0, Setup: 20
2025-04-10 16:25:18,215 - JSPGymEnvironment - INFO - Material change on machine M3: Citybike_Fahrrad_endmontiert -> Racebike_Bremsen_justiert, setup time: 15
2025-04-10 16:25:18,215 - JSPGymEnvironment - INFO - Executed operation: Job J6, Op 3, Machine M3, Start: 3209.0, End: 3267.0, Setup: 15
2025-04-10 16:25:18,243 - JSPGymEnvironment - INFO - Material change on machine M3: Racebike_Bremsen_justiert -> Mountainbike_Bremsen_justiert, setup time: 15
2025-04-10 16:25:18,243 - JSPGymEnvironment - INFO - Executed operation: Job J18, Op 3, Machine M3, Start: 3282.0, End: 3337.0, Setup: 15
2025-04-10 16:25:18,269 - JSPGymEnvironment - INFO - Material change on machine M1: Racebike_Hauptrahmen_zugeschnitten -> Mountainbike_Hauptrahmen_zugeschnitten, setup time: 40
2025-04-10 16:25:18,269 - JSPGymEnvironment - INFO - Executed operation: Job J5, Op 0, Machine M1, Start: 3377.0, End: 3413.0, Setup: 40
2025-04-10 16:25:18,294 - JSPGymEnvironment - INFO - Material change on machine M1: Mountainbike_Hauptrahmen_zugeschnitten -> Citybike_Hauptrahmen_zugeschnitten, setup time: 40
2025-04-10 16:25:18,295 - JSPGymEnvironment - INFO - Executed operation: Job J8, Op 0, Machine M1, Start: 3453.0, End: 3472.0, Setup: 40
2025-04-10 16:25:18,321 - JSPGymEnvironment - INFO - Material change on machine M3: Mountainbike_Bremsen_justiert -> Racebike_Fahrrad_endmontiert, setup time: 15
2025-04-10 16:25:18,322 - JSPGymEnvironment - INFO - Executed operation: Job J6, Op 4, Machine M3, Start: 3487.0, End: 3528.0, Setup: 15
2025-04-10 16:25:18,322 - JSPGymEnvironment - INFO - Job J6 completed at time 3528.0, deadline: 2880, met: False, priority: 10
2025-04-10 16:25:18,347 - JSPGymEnvironment - INFO - Material change on machine M3: Racebike_Fahrrad_endmontiert -> Mountainbike_Fahrrad_endmontiert, setup time: 15
2025-04-10 16:25:18,347 - JSPGymEnvironment - INFO - Executed operation: Job J20, Op 5, Machine M3, Start: 3543.0, End: 3568.0, Setup: 15
2025-04-10 16:25:18,376 - JSPGymEnvironment - INFO - Executed operation: Job J20, Op 6, Machine M3, Start: 3578.0, End: 3618.0, Setup: 10
2025-04-10 16:25:18,376 - JSPGymEnvironment - INFO - Job J20 completed at time 3618.0, deadline: 2744, met: False, priority: 3
2025-04-10 16:25:18,402 - JSPGymEnvironment - INFO - Executed operation: Job J17, Op 0, Machine M1, Start: 3643.0, End: 3681.0, Setup: 25
2025-04-10 16:25:18,571 - JSPGymEnvironment - INFO - Material change on machine M2: Mountainbike_Rahmen_nachbearbeitet -> Racebike_Rahmen_nachbearbeitet, setup time: 20
2025-04-10 16:25:18,571 - JSPGymEnvironment - INFO - Executed operation: Job J10, Op 6, Machine M2, Start: 3701.0, End: 3712.0, Setup: 20
2025-04-10 16:25:18,598 - JSPGymEnvironment - INFO - Material change on machine M2: Racebike_Rahmen_nachbearbeitet -> Citybike_Rahmen_nachbearbeitet, setup time: 20
2025-04-10 16:25:18,598 - JSPGymEnvironment - INFO - Executed operation: Job J9, Op 4, Machine M2, Start: 3732.0, End: 3744.0, Setup: 20
2025-04-10 16:25:18,625 - JSPGymEnvironment - INFO - Material change on machine M3: Mountainbike_Fahrrad_endmontiert -> Citybike_Fahrrad_endmontiert, setup time: 15
2025-04-10 16:25:18,625 - JSPGymEnvironment - INFO - Executed operation: Job J9, Op 5, Machine M3, Start: 3759.0, End: 3810.0, Setup: 15
2025-04-10 16:25:18,653 - JSPGymEnvironment - INFO - Material change on machine M2: Citybike_Rahmen_nachbearbeitet -> Racebike_Fahrrad_endmontiert, setup time: 20
2025-04-10 16:25:18,653 - JSPGymEnvironment - INFO - Executed operation: Job J10, Op 7, Machine M2, Start: 3830.0, End: 3842.0, Setup: 20
2025-04-10 16:25:18,653 - JSPGymEnvironment - INFO - Job J10 completed at time 3842.0, deadline: 2880, met: False, priority: 9
2025-04-10 16:25:18,681 - JSPGymEnvironment - INFO - Material change on machine M2: Racebike_Fahrrad_endmontiert -> Citybike_Bremsaufnahme_gebohrt, setup time: 20
2025-04-10 16:25:18,681 - JSPGymEnvironment - INFO - Executed operation: Job J14, Op 3, Machine M2, Start: 3862.0, End: 3880.0, Setup: 20
2025-04-10 16:25:18,714 - JSPGymEnvironment - INFO - Material change on machine M2: Citybike_Bremsaufnahme_gebohrt -> Racebike_Rahmen_nachbearbeitet, setup time: 20
2025-04-10 16:25:18,714 - JSPGymEnvironment - INFO - Executed operation: Job J4, Op 5, Machine M2, Start: 3900.0, End: 3924.0, Setup: 20
2025-04-10 16:25:18,748 - JSPGymEnvironment - INFO - Material change on machine M3: Citybike_Fahrrad_endmontiert -> Racebike_Fahrrad_endmontiert, setup time: 15
2025-04-10 16:25:18,756 - JSPGymEnvironment - INFO - Executed operation: Job J4, Op 6, Machine M3, Start: 3939.0, End: 3965.0, Setup: 15
2025-04-10 16:25:18,757 - JSPGymEnvironment - INFO - Job J4 completed at time 3965.0, deadline: 2757, met: False, priority: 7
2025-04-10 16:25:18,789 - JSPGymEnvironment - INFO - Material change on machine M3: Racebike_Fahrrad_endmontiert -> Citybike_Fahrrad_endmontiert, setup time: 15
2025-04-10 16:25:18,790 - JSPGymEnvironment - INFO - Executed operation: Job J9, Op 6, Machine M3, Start: 3980.0, End: 4003.0, Setup: 15
2025-04-10 16:25:18,790 - JSPGymEnvironment - INFO - Job J9 completed at time 4003.0, deadline: 2880, met: False, priority: 8
2025-04-10 16:25:18,819 - JSPGymEnvironment - INFO - Material change on machine M2: Racebike_Rahmen_nachbearbeitet -> Citybike_Rahmen_nachbearbeitet, setup time: 20
2025-04-10 16:25:18,820 - JSPGymEnvironment - INFO - Executed operation: Job J14, Op 4, Machine M2, Start: 4023.0, End: 4052.0, Setup: 20
2025-04-10 16:25:18,849 - JSPGymEnvironment - INFO - Material change on machine M2: Citybike_Rahmen_nachbearbeitet -> Citybike_Schaltauge_bearbeitet, setup time: 20
2025-04-10 16:25:18,850 - JSPGymEnvironment - INFO - Executed operation: Job J17, Op 1, Machine M2, Start: 4072.0, End: 4092.0, Setup: 20
2025-04-10 16:25:18,878 - JSPGymEnvironment - INFO - Material change on machine M2: Citybike_Schaltauge_bearbeitet -> Mountainbike_Fahrrad_endmontiert, setup time: 20
2025-04-10 16:25:18,878 - JSPGymEnvironment - INFO - Executed operation: Job J18, Op 4, Machine M2, Start: 4112.0, End: 4125.0, Setup: 20
2025-04-10 16:25:18,878 - JSPGymEnvironment - INFO - Job J18 completed at time 4125.0, deadline: 2880, met: False, priority: 6
2025-04-10 16:25:18,910 - JSPGymEnvironment - INFO - Material change on machine M2: Mountainbike_Fahrrad_endmontiert -> Citybike_Rahmen_nachbearbeitet, setup time: 20
2025-04-10 16:25:18,910 - JSPGymEnvironment - INFO - Executed operation: Job J14, Op 5, Machine M2, Start: 4145.0, End: 4175.0, Setup: 20
2025-04-10 16:25:18,945 - JSPGymEnvironment - INFO - Executed operation: Job J14, Op 6, Machine M2, Start: 4190.0, End: 4214.0, Setup: 15
2025-04-10 16:25:18,979 - JSPGymEnvironment - INFO - Material change on machine M1: Citybike_Hauptrahmen_zugeschnitten -> Racebike_Hauptrahmen_zugeschnitten, setup time: 40
2025-04-10 16:25:18,979 - JSPGymEnvironment - INFO - Executed operation: Job J7, Op 0, Machine M1, Start: 4254.0, End: 4289.0, Setup: 40
2025-04-10 16:25:19,159 - JSPGymEnvironment - INFO - Material change on machine M3: Citybike_Fahrrad_endmontiert -> Citybike_Antrieb_installiert, setup time: 15
2025-04-10 16:25:19,159 - JSPGymEnvironment - INFO - Executed operation: Job J17, Op 2, Machine M3, Start: 4304.0, End: 4338.0, Setup: 15
2025-04-10 16:25:19,187 - JSPGymEnvironment - INFO - Material change on machine M2: Citybike_Rahmen_nachbearbeitet -> Citybike_Schaltauge_bearbeitet, setup time: 20
2025-04-10 16:25:19,187 - JSPGymEnvironment - INFO - Executed operation: Job J8, Op 1, Machine M2, Start: 4358.0, End: 4371.0, Setup: 20
2025-04-10 16:25:19,213 - JSPGymEnvironment - INFO - Material change on machine M2: Citybike_Schaltauge_bearbeitet -> Citybike_Fahrrad_endmontiert, setup time: 20
2025-04-10 16:25:19,214 - JSPGymEnvironment - INFO - Executed operation: Job J14, Op 7, Machine M2, Start: 4391.0, End: 4412.0, Setup: 20
2025-04-10 16:25:19,214 - JSPGymEnvironment - INFO - Job J14 completed at time 4412.0, deadline: 2880, met: False, priority: 3
2025-04-10 16:25:19,240 - JSPGymEnvironment - INFO - Material change on machine M3: Citybike_Antrieb_installiert -> Citybike_Bremsen_justiert, setup time: 15
2025-04-10 16:25:19,240 - JSPGymEnvironment - INFO - Executed operation: Job J17, Op 3, Machine M3, Start: 4427.0, End: 4453.0, Setup: 15
2025-04-10 16:25:19,267 - JSPGymEnvironment - INFO - Material change on machine M1: Racebike_Hauptrahmen_zugeschnitten -> E-Bike_Hauptrahmen_zugeschnitten, setup time: 40
2025-04-10 16:25:19,267 - JSPGymEnvironment - INFO - Executed operation: Job J13, Op 0, Machine M1, Start: 4493.0, End: 4534.0, Setup: 40
2025-04-10 16:25:19,294 - JSPGymEnvironment - INFO - Material change on machine M2: Citybike_Fahrrad_endmontiert -> Racebike_Schaltauge_bearbeitet, setup time: 20
2025-04-10 16:25:19,294 - JSPGymEnvironment - INFO - Executed operation: Job J7, Op 1, Machine M2, Start: 4554.0, End: 4577.0, Setup: 20
2025-04-10 16:25:19,321 - JSPGymEnvironment - INFO - Material change on machine M2: Racebike_Schaltauge_bearbeitet -> E-Bike_Schaltauge_bearbeitet, setup time: 20
2025-04-10 16:25:19,321 - JSPGymEnvironment - INFO - Executed operation: Job J13, Op 1, Machine M2, Start: 4597.0, End: 4620.0, Setup: 20
2025-04-10 16:25:19,346 - JSPGymEnvironment - INFO - Material change on machine M3: Citybike_Bremsen_justiert -> E-Bike_Antrieb_installiert, setup time: 15
2025-04-10 16:25:19,346 - JSPGymEnvironment - INFO - Executed operation: Job J13, Op 2, Machine M3, Start: 4635.0, End: 4688.0, Setup: 15
2025-04-10 16:25:19,371 - JSPGymEnvironment - INFO - Material change on machine M3: E-Bike_Antrieb_installiert -> Racebike_Antrieb_installiert, setup time: 15
2025-04-10 16:25:19,371 - JSPGymEnvironment - INFO - Executed operation: Job J7, Op 2, Machine M3, Start: 4703.0, End: 4727.0, Setup: 15
2025-04-10 16:25:19,397 - JSPGymEnvironment - INFO - Material change on machine M2: E-Bike_Schaltauge_bearbeitet -> E-Bike_Bremsaufnahme_gebohrt, setup time: 20
2025-04-10 16:25:19,397 - JSPGymEnvironment - INFO - Executed operation: Job J13, Op 3, Machine M2, Start: 4747.0, End: 4769.0, Setup: 20
2025-04-10 16:25:19,423 - JSPGymEnvironment - INFO - Material change on machine M3: Racebike_Antrieb_installiert -> E-Bike_Fahrrad_endmontiert, setup time: 15
2025-04-10 16:25:19,423 - JSPGymEnvironment - INFO - Executed operation: Job J13, Op 4, Machine M3, Start: 4784.0, End: 4837.0, Setup: 15
2025-04-10 16:25:19,423 - JSPGymEnvironment - INFO - Job J13 completed at time 4837.0, deadline: 2863, met: False, priority: 7
2025-04-10 16:25:19,449 - JSPGymEnvironment - INFO - Material change on machine M3: E-Bike_Fahrrad_endmontiert -> Citybike_Fahrrad_endmontiert, setup time: 15
2025-04-10 16:25:19,449 - JSPGymEnvironment - INFO - Executed operation: Job J17, Op 4, Machine M3, Start: 4852.0, End: 4902.0, Setup: 15
2025-04-10 16:25:19,474 - JSPGymEnvironment - INFO - Material change on machine M2: E-Bike_Bremsaufnahme_gebohrt -> Racebike_Bremsaufnahme_gebohrt, setup time: 20
2025-04-10 16:25:19,474 - JSPGymEnvironment - INFO - Executed operation: Job J7, Op 3, Machine M2, Start: 4922.0, End: 4945.0, Setup: 20
2025-04-10 16:25:19,633 - JSPGymEnvironment - INFO - Material change on machine M3: Citybike_Fahrrad_endmontiert -> Citybike_Antrieb_installiert, setup time: 15
2025-04-10 16:25:19,634 - JSPGymEnvironment - INFO - Executed operation: Job J8, Op 2, Machine M3, Start: 4960.0, End: 5014.0, Setup: 15
2025-04-10 16:25:19,659 - JSPGymEnvironment - INFO - Material change on machine M3: Citybike_Antrieb_installiert -> Citybike_Bremsen_justiert, setup time: 15
2025-04-10 16:25:19,659 - JSPGymEnvironment - INFO - Executed operation: Job J8, Op 3, Machine M3, Start: 5029.0, End: 5087.0, Setup: 15
2025-04-10 16:25:19,688 - JSPGymEnvironment - INFO - Material change on machine M2: Racebike_Bremsaufnahme_gebohrt -> Mountainbike_Schaltauge_bearbeitet, setup time: 20
2025-04-10 16:25:19,688 - JSPGymEnvironment - INFO - Executed operation: Job J5, Op 1, Machine M2, Start: 5107.0, End: 5122.0, Setup: 20
2025-04-10 16:25:19,715 - JSPGymEnvironment - INFO - Material change on machine M3: Citybike_Bremsen_justiert -> Citybike_Fahrrad_endmontiert, setup time: 15
2025-04-10 16:25:19,715 - JSPGymEnvironment - INFO - Executed operation: Job J8, Op 4, Machine M3, Start: 5137.0, End: 5186.0, Setup: 15
2025-04-10 16:25:19,745 - JSPGymEnvironment - INFO - Material change on machine M3: Citybike_Fahrrad_endmontiert -> Mountainbike_Antrieb_installiert, setup time: 15
2025-04-10 16:25:19,745 - JSPGymEnvironment - INFO - Executed operation: Job J5, Op 2, Machine M3, Start: 5201.0, End: 5226.0, Setup: 15
2025-04-10 16:25:19,771 - JSPGymEnvironment - INFO - Material change on machine M3: Mountainbike_Antrieb_installiert -> Citybike_Fahrrad_endmontiert, setup time: 15
2025-04-10 16:25:19,771 - JSPGymEnvironment - INFO - Executed operation: Job J17, Op 5, Machine M3, Start: 5241.0, End: 5300.0, Setup: 15
2025-04-10 16:25:19,798 - JSPGymEnvironment - INFO - Material change on machine M2: Mountainbike_Schaltauge_bearbeitet -> Mountainbike_Bremsaufnahme_gebohrt, setup time: 20
2025-04-10 16:25:19,799 - JSPGymEnvironment - INFO - Executed operation: Job J5, Op 3, Machine M2, Start: 5320.0, End: 5335.0, Setup: 20
2025-04-10 16:25:19,824 - JSPGymEnvironment - INFO - Executed operation: Job J17, Op 6, Machine M3, Start: 5345.0, End: 5370.0, Setup: 10
2025-04-10 16:25:19,824 - JSPGymEnvironment - INFO - Job J17 completed at time 5370.0, deadline: 2880, met: False, priority: 6
2025-04-10 16:25:19,850 - JSPGymEnvironment - INFO - Material change on machine M2: Mountainbike_Bremsaufnahme_gebohrt -> Mountainbike_Rahmen_nachbearbeitet, setup time: 20
2025-04-10 16:25:19,850 - JSPGymEnvironment - INFO - Executed operation: Job J5, Op 4, Machine M2, Start: 5390.0, End: 5420.0, Setup: 20
2025-04-10 16:25:19,876 - JSPGymEnvironment - INFO - Material change on machine M2: Mountainbike_Rahmen_nachbearbeitet -> Citybike_Fahrrad_endmontiert, setup time: 20
2025-04-10 16:25:19,876 - JSPGymEnvironment - INFO - Executed operation: Job J8, Op 5, Machine M2, Start: 5440.0, End: 5470.0, Setup: 20
2025-04-10 16:25:19,876 - JSPGymEnvironment - INFO - Job J8 completed at time 5470.0, deadline: 2762, met: False, priority: 5
2025-04-10 16:25:19,902 - JSPGymEnvironment - INFO - Material change on machine M2: Citybike_Fahrrad_endmontiert -> Racebike_Rahmen_nachbearbeitet, setup time: 20
2025-04-10 16:25:19,902 - JSPGymEnvironment - INFO - Executed operation: Job J7, Op 4, Machine M2, Start: 5490.0, End: 5516.0, Setup: 20
2025-04-10 16:25:19,930 - JSPGymEnvironment - INFO - Material change on machine M2: Racebike_Rahmen_nachbearbeitet -> Mountainbike_Fahrrad_endmontiert, setup time: 20
2025-04-10 16:25:19,930 - JSPGymEnvironment - INFO - Executed operation: Job J5, Op 5, Machine M2, Start: 5536.0, End: 5558.0, Setup: 20
2025-04-10 16:25:19,930 - JSPGymEnvironment - INFO - Job J5 completed at time 5558.0, deadline: 2880, met: False, priority: 1
2025-04-10 16:25:19,960 - JSPGymEnvironment - INFO - Material change on machine M2: Mountainbike_Fahrrad_endmontiert -> Racebike_Rahmen_nachbearbeitet, setup time: 20
2025-04-10 16:25:19,961 - JSPGymEnvironment - INFO - Executed operation: Job J7, Op 5, Machine M2, Start: 5578.0, End: 5596.0, Setup: 20
2025-04-10 16:25:19,987 - JSPGymEnvironment - INFO - Executed operation: Job J7, Op 6, Machine M2, Start: 5611.0, End: 5626.0, Setup: 15
2025-04-10 16:25:20,018 - JSPGymEnvironment - INFO - Material change on machine M2: Racebike_Rahmen_nachbearbeitet -> Racebike_Fahrrad_endmontiert, setup time: 20
2025-04-10 16:25:20,018 - JSPGymEnvironment - INFO - Executed operation: Job J7, Op 7, Machine M2, Start: 5646.0, End: 5671.0, Setup: 20
2025-04-10 16:25:20,018 - JSPGymEnvironment - INFO - Job J7 completed at time 5671.0, deadline: 2880, met: False, priority: 9
2025-04-10 16:25:20,199 - JSPGymEnvironment - INFO - Material change on machine M1: E-Bike_Hauptrahmen_zugeschnitten -> Mountainbike_Hauptrahmen_zugeschnitten, setup time: 40
2025-04-10 16:25:20,199 - JSPGymEnvironment - INFO - Executed operation: Job J12, Op 0, Machine M1, Start: 5711.0, End: 5742.0, Setup: 40
2025-04-10 16:25:20,226 - JSPGymEnvironment - INFO - Material change on machine M2: Racebike_Fahrrad_endmontiert -> Mountainbike_Schaltauge_bearbeitet, setup time: 20
2025-04-10 16:25:20,226 - JSPGymEnvironment - INFO - Executed operation: Job J12, Op 1, Machine M2, Start: 5762.0, End: 5784.0, Setup: 20
2025-04-10 16:25:20,252 - JSPGymEnvironment - INFO - Material change on machine M1: Mountainbike_Hauptrahmen_zugeschnitten -> Racebike_Hauptrahmen_zugeschnitten, setup time: 40
2025-04-10 16:25:20,252 - JSPGymEnvironment - INFO - Executed operation: Job J1, Op 0, Machine M1, Start: 5824.0, End: 5864.0, Setup: 40
2025-04-10 16:25:20,278 - JSPGymEnvironment - INFO - Material change on machine M3: Citybike_Fahrrad_endmontiert -> Mountainbike_Antrieb_installiert, setup time: 15
2025-04-10 16:25:20,278 - JSPGymEnvironment - INFO - Executed operation: Job J12, Op 2, Machine M3, Start: 5879.0, End: 5924.0, Setup: 15
2025-04-10 16:25:20,305 - JSPGymEnvironment - INFO - Material change on machine M2: Mountainbike_Schaltauge_bearbeitet -> Mountainbike_Bremsaufnahme_gebohrt, setup time: 20
2025-04-10 16:25:20,305 - JSPGymEnvironment - INFO - Executed operation: Job J12, Op 3, Machine M2, Start: 5944.0, End: 5970.0, Setup: 20
2025-04-10 16:25:20,331 - JSPGymEnvironment - INFO - Material change on machine M2: Mountainbike_Bremsaufnahme_gebohrt -> Mountainbike_Rahmen_nachbearbeitet, setup time: 20
2025-04-10 16:25:20,331 - JSPGymEnvironment - INFO - Executed operation: Job J12, Op 4, Machine M2, Start: 5990.0, End: 6018.0, Setup: 20
2025-04-10 16:25:20,361 - JSPGymEnvironment - INFO - Material change on machine M2: Mountainbike_Rahmen_nachbearbeitet -> Racebike_Schaltauge_bearbeitet, setup time: 20
2025-04-10 16:25:20,361 - JSPGymEnvironment - INFO - Executed operation: Job J1, Op 1, Machine M2, Start: 6038.0, End: 6054.0, Setup: 20
2025-04-10 16:25:20,389 - JSPGymEnvironment - INFO - Material change on machine M3: Mountainbike_Antrieb_installiert -> Racebike_Antrieb_installiert, setup time: 15
2025-04-10 16:25:20,389 - JSPGymEnvironment - INFO - Executed operation: Job J1, Op 2, Machine M3, Start: 6069.0, End: 6105.0, Setup: 15
2025-04-10 16:25:20,415 - JSPGymEnvironment - INFO - Material change on machine M2: Racebike_Schaltauge_bearbeitet -> Racebike_Bremsaufnahme_gebohrt, setup time: 20
2025-04-10 16:25:20,416 - JSPGymEnvironment - INFO - Executed operation: Job J1, Op 3, Machine M2, Start: 6125.0, End: 6143.0, Setup: 20
2025-04-10 16:25:20,442 - JSPGymEnvironment - INFO - Material change on machine M2: Racebike_Bremsaufnahme_gebohrt -> Racebike_Rahmen_nachbearbeitet, setup time: 20
2025-04-10 16:25:20,442 - JSPGymEnvironment - INFO - Executed operation: Job J1, Op 4, Machine M2, Start: 6163.0, End: 6185.0, Setup: 20
2025-04-10 16:25:20,468 - JSPGymEnvironment - INFO - Material change on machine M2: Racebike_Rahmen_nachbearbeitet -> Racebike_Fahrrad_endmontiert, setup time: 20
2025-04-10 16:25:20,468 - JSPGymEnvironment - INFO - Executed operation: Job J1, Op 5, Machine M2, Start: 6205.0, End: 6217.0, Setup: 20
2025-04-10 16:25:20,468 - JSPGymEnvironment - INFO - Job J1 completed at time 6217.0, deadline: 2790, met: False, priority: 7
2025-04-10 16:25:20,495 - JSPGymEnvironment - INFO - Material change on machine M2: Racebike_Fahrrad_endmontiert -> Mountainbike_Rahmen_nachbearbeitet, setup time: 20
2025-04-10 16:25:20,495 - JSPGymEnvironment - INFO - Executed operation: Job J12, Op 5, Machine M2, Start: 6237.0, End: 6265.0, Setup: 20
2025-04-10 16:25:20,521 - JSPGymEnvironment - INFO - Material change on machine M2: Mountainbike_Rahmen_nachbearbeitet -> Mountainbike_Fahrrad_endmontiert, setup time: 20
2025-04-10 16:25:20,521 - JSPGymEnvironment - INFO - Executed operation: Job J12, Op 6, Machine M2, Start: 6285.0, End: 6307.0, Setup: 20
2025-04-10 16:25:20,521 - JSPGymEnvironment - INFO - Job J12 completed at time 6307.0, deadline: 2863, met: False, priority: 2
2025-04-10 16:25:20,521 - JSPGymEnvironment - INFO - Reward-Funktion mit 67 Erkenntnissen aktualisiert
2025-04-10 16:25:20,522 - JSPGymEnvironment - INFO -   Materialwechsel auf kritischem Pfad bei Job 11 Operation 0 auf Maschine M1 (Schweregrad: 1.00)
2025-04-10 16:25:20,522 - JSPGymEnvironment - INFO -   Job mit niedriger Priorität (2) auf kritischem Pfad: Job 11 Operation 0 (Schweregrad: 0.60)
2025-04-10 16:25:20,522 - JSPGymEnvironment - INFO -   Materialwechsel auf kritischem Pfad bei Job 11 Operation 1 auf Maschine M2 (Schweregrad: 1.00)
2025-04-10 16:25:20,522 - JSPGymEnvironment - INFO -   Job mit niedriger Priorität (2) auf kritischem Pfad: Job 11 Operation 1 (Schweregrad: 0.60)
2025-04-10 16:25:20,522 - JSPGymEnvironment - INFO -   Materialwechsel auf kritischem Pfad bei Job 11 Operation 2 auf Maschine M3 (Schweregrad: 1.00)
2025-04-10 16:25:20,522 - JSPGymEnvironment - INFO -   Job mit niedriger Priorität (2) auf kritischem Pfad: Job 11 Operation 2 (Schweregrad: 0.60)
2025-04-10 16:25:20,522 - JSPGymEnvironment - INFO -   Materialwechsel auf kritischem Pfad bei Job 11 Operation 3 auf Maschine M2 (Schweregrad: 1.00)
2025-04-10 16:25:20,522 - JSPGymEnvironment - INFO -   Job mit niedriger Priorität (2) auf kritischem Pfad: Job 11 Operation 3 (Schweregrad: 0.60)
2025-04-10 16:25:20,522 - JSPGymEnvironment - INFO -   Materialwechsel auf kritischem Pfad bei Job 11 Operation 4 auf Maschine M2 (Schweregrad: 1.00)
2025-04-10 16:25:20,522 - JSPGymEnvironment - INFO -   Leerlaufzeit auf kritischem Pfad vor Job 11 Operation 4 auf Maschine M2 (Schweregrad: 0.71)
2025-04-10 16:25:20,522 - JSPGymEnvironment - INFO -   Job mit niedriger Priorität (2) auf kritischem Pfad: Job 11 Operation 4 (Schweregrad: 0.60)
2025-04-10 16:25:20,522 - JSPGymEnvironment - INFO -   Materialwechsel auf kritischem Pfad bei Job 11 Operation 5 auf Maschine M2 (Schweregrad: 1.00)
2025-04-10 16:25:20,522 - JSPGymEnvironment - INFO -   Leerlaufzeit auf kritischem Pfad vor Job 11 Operation 5 auf Maschine M2 (Schweregrad: 7.82)
2025-04-10 16:25:20,522 - JSPGymEnvironment - INFO -   Job mit niedriger Priorität (2) auf kritischem Pfad: Job 11 Operation 5 (Schweregrad: 0.60)
2025-04-10 16:25:20,522 - JSPGymEnvironment - INFO -   Materialwechsel auf kritischem Pfad bei Job 11 Operation 6 auf Maschine M2 (Schweregrad: 1.00)
2025-04-10 16:25:20,522 - JSPGymEnvironment - INFO -   Leerlaufzeit auf kritischem Pfad vor Job 11 Operation 6 auf Maschine M2 (Schweregrad: 0.91)
2025-04-10 16:25:20,522 - JSPGymEnvironment - INFO -   Job mit niedriger Priorität (2) auf kritischem Pfad: Job 11 Operation 6 (Schweregrad: 0.60)
2025-04-10 16:25:20,522 - JSPGymEnvironment - INFO -   Job mit hoher Priorität (9) nicht auf kritischem Pfad: Job 9 Operation 0 (Schweregrad: 0.67)
2025-04-10 16:25:20,522 - JSPGymEnvironment - INFO -   Job mit hoher Priorität (8) nicht auf kritischem Pfad: Job 8 Operation 0 (Schweregrad: 0.33)
2025-04-10 16:25:20,522 - JSPGymEnvironment - INFO -   Job mit hoher Priorität (8) nicht auf kritischem Pfad: Job 2 Operation 0 (Schweregrad: 0.33)
2025-04-10 16:25:20,522 - JSPGymEnvironment - INFO -   Job mit hoher Priorität (10) nicht auf kritischem Pfad: Job 14 Operation 0 (Schweregrad: 1.00)
2025-04-10 16:25:20,522 - JSPGymEnvironment - INFO -   Job mit hoher Priorität (10) nicht auf kritischem Pfad: Job 14 Operation 1 (Schweregrad: 1.00)
2025-04-10 16:25:20,522 - JSPGymEnvironment - INFO -   Job mit hoher Priorität (8) nicht auf kritischem Pfad: Job 2 Operation 1 (Schweregrad: 0.33)
2025-04-10 16:25:20,522 - JSPGymEnvironment - INFO -   Job mit hoher Priorität (8) nicht auf kritischem Pfad: Job 18 Operation 0 (Schweregrad: 0.33)
2025-04-10 16:25:20,522 - JSPGymEnvironment - INFO -   Job mit hoher Priorität (8) nicht auf kritischem Pfad: Job 2 Operation 2 (Schweregrad: 0.33)
2025-04-10 16:25:20,522 - JSPGymEnvironment - INFO -   Job mit hoher Priorität (8) nicht auf kritischem Pfad: Job 18 Operation 1 (Schweregrad: 0.33)
2025-04-10 16:25:20,522 - JSPGymEnvironment - INFO -   Job mit hoher Priorität (8) nicht auf kritischem Pfad: Job 18 Operation 2 (Schweregrad: 0.33)
2025-04-10 16:25:20,522 - JSPGymEnvironment - INFO -   Job mit hoher Priorität (8) nicht auf kritischem Pfad: Job 18 Operation 3 (Schweregrad: 0.33)
2025-04-10 16:25:20,523 - JSPGymEnvironment - INFO -   Job mit hoher Priorität (9) nicht auf kritischem Pfad: Job 9 Operation 1 (Schweregrad: 0.67)
2025-04-10 16:25:20,523 - JSPGymEnvironment - INFO -   Job mit hoher Priorität (10) nicht auf kritischem Pfad: Job 5 Operation 0 (Schweregrad: 1.00)
2025-04-10 16:25:20,523 - JSPGymEnvironment - INFO -   Job mit hoher Priorität (10) nicht auf kritischem Pfad: Job 5 Operation 1 (Schweregrad: 1.00)
2025-04-10 16:25:20,523 - JSPGymEnvironment - INFO -   Job mit hoher Priorität (9) nicht auf kritischem Pfad: Job 9 Operation 2 (Schweregrad: 0.67)
2025-04-10 16:25:20,523 - JSPGymEnvironment - INFO -   Job mit hoher Priorität (8) nicht auf kritischem Pfad: Job 2 Operation 3 (Schweregrad: 0.33)
2025-04-10 16:25:20,523 - JSPGymEnvironment - INFO -   Job mit hoher Priorität (10) nicht auf kritischem Pfad: Job 14 Operation 2 (Schweregrad: 1.00)
2025-04-10 16:25:20,523 - JSPGymEnvironment - INFO -   Job mit hoher Priorität (8) nicht auf kritischem Pfad: Job 2 Operation 4 (Schweregrad: 0.33)
2025-04-10 16:25:20,523 - JSPGymEnvironment - INFO -   Job mit hoher Priorität (8) nicht auf kritischem Pfad: Job 2 Operation 5 (Schweregrad: 0.33)
2025-04-10 16:25:20,523 - JSPGymEnvironment - INFO -   Job mit hoher Priorität (10) nicht auf kritischem Pfad: Job 14 Operation 3 (Schweregrad: 1.00)
2025-04-10 16:25:20,523 - JSPGymEnvironment - INFO -   Job mit hoher Priorität (8) nicht auf kritischem Pfad: Job 2 Operation 6 (Schweregrad: 0.33)
2025-04-10 16:25:20,523 - JSPGymEnvironment - INFO -   Job mit hoher Priorität (10) nicht auf kritischem Pfad: Job 14 Operation 4 (Schweregrad: 1.00)
2025-04-10 16:25:20,523 - JSPGymEnvironment - INFO -   Job mit hoher Priorität (9) nicht auf kritischem Pfad: Job 9 Operation 3 (Schweregrad: 0.67)
2025-04-10 16:25:20,523 - JSPGymEnvironment - INFO -   Job mit hoher Priorität (10) nicht auf kritischem Pfad: Job 14 Operation 5 (Schweregrad: 1.00)
2025-04-10 16:25:20,523 - JSPGymEnvironment - INFO -   Job mit hoher Priorität (8) nicht auf kritischem Pfad: Job 18 Operation 4 (Schweregrad: 0.33)
2025-04-10 16:25:20,523 - JSPGymEnvironment - INFO -   Job mit hoher Priorität (8) nicht auf kritischem Pfad: Job 18 Operation 5 (Schweregrad: 0.33)
2025-04-10 16:25:20,523 - JSPGymEnvironment - INFO -   Job mit hoher Priorität (8) nicht auf kritischem Pfad: Job 8 Operation 1 (Schweregrad: 0.33)
2025-04-10 16:25:20,523 - JSPGymEnvironment - INFO -   Job mit hoher Priorität (8) nicht auf kritischem Pfad: Job 18 Operation 6 (Schweregrad: 0.33)
2025-04-10 16:25:20,523 - JSPGymEnvironment - INFO -   Job mit hoher Priorität (8) nicht auf kritischem Pfad: Job 8 Operation 2 (Schweregrad: 0.33)
2025-04-10 16:25:20,523 - JSPGymEnvironment - INFO -   Job mit hoher Priorität (10) nicht auf kritischem Pfad: Job 14 Operation 6 (Schweregrad: 1.00)
2025-04-10 16:25:20,523 - JSPGymEnvironment - INFO -   Job mit hoher Priorität (10) nicht auf kritischem Pfad: Job 14 Operation 7 (Schweregrad: 1.00)
2025-04-10 16:25:20,523 - JSPGymEnvironment - INFO -   Job mit hoher Priorität (9) nicht auf kritischem Pfad: Job 9 Operation 4 (Schweregrad: 0.67)
2025-04-10 16:25:20,523 - JSPGymEnvironment - INFO -   Job mit hoher Priorität (8) nicht auf kritischem Pfad: Job 8 Operation 3 (Schweregrad: 0.33)
2025-04-10 16:25:20,523 - JSPGymEnvironment - INFO -   Job mit hoher Priorität (9) nicht auf kritischem Pfad: Job 9 Operation 5 (Schweregrad: 0.67)
2025-04-10 16:25:20,523 - JSPGymEnvironment - INFO -   Job mit hoher Priorität (10) nicht auf kritischem Pfad: Job 5 Operation 2 (Schweregrad: 1.00)
2025-04-10 16:25:20,523 - JSPGymEnvironment - INFO -   Job mit hoher Priorität (10) nicht auf kritischem Pfad: Job 5 Operation 3 (Schweregrad: 1.00)
2025-04-10 16:25:20,523 - JSPGymEnvironment - INFO -   Job mit hoher Priorität (10) nicht auf kritischem Pfad: Job 5 Operation 4 (Schweregrad: 1.00)
2025-04-10 16:25:20,523 - JSPGymEnvironment - INFO -   Job mit hoher Priorität (9) nicht auf kritischem Pfad: Job 9 Operation 6 (Schweregrad: 0.67)
2025-04-10 16:25:20,523 - JSPGymEnvironment - INFO -   Job mit hoher Priorität (8) nicht auf kritischem Pfad: Job 8 Operation 4 (Schweregrad: 0.33)
2025-04-10 16:25:20,523 - JSPGymEnvironment - INFO -   Job mit hoher Priorität (8) nicht auf kritischem Pfad: Job 8 Operation 5 (Schweregrad: 0.33)
2025-04-10 16:25:20,524 - JSPGymEnvironment - INFO -   Job mit hoher Priorität (9) nicht auf kritischem Pfad: Job 9 Operation 7 (Schweregrad: 0.67)
2025-04-10 16:25:20,524 - JSPGymEnvironment - INFO -   Job mit hoher Priorität (8) nicht auf kritischem Pfad: Job 8 Operation 6 (Schweregrad: 0.33)
2025-04-10 16:25:20,524 - JSPGymEnvironment - INFO -   Job mit hoher Priorität (9) nicht auf kritischem Pfad: Job 6 Operation 0 (Schweregrad: 0.67)
2025-04-10 16:25:20,524 - JSPGymEnvironment - INFO -   Job mit hoher Priorität (9) nicht auf kritischem Pfad: Job 6 Operation 1 (Schweregrad: 0.67)
2025-04-10 16:25:20,524 - JSPGymEnvironment - INFO -   Job mit hoher Priorität (9) nicht auf kritischem Pfad: Job 6 Operation 2 (Schweregrad: 0.67)
2025-04-10 16:25:20,524 - JSPGymEnvironment - INFO -   Job mit hoher Priorität (9) nicht auf kritischem Pfad: Job 6 Operation 3 (Schweregrad: 0.67)
2025-04-10 16:25:20,524 - JSPGymEnvironment - INFO -   Job mit hoher Priorität (9) nicht auf kritischem Pfad: Job 6 Operation 4 (Schweregrad: 0.67)
2025-04-10 16:25:20,524 - JSPGymEnvironment - INFO -   Job mit hoher Priorität (9) nicht auf kritischem Pfad: Job 6 Operation 5 (Schweregrad: 0.67)
2025-04-10 16:25:20,524 - JSPGymEnvironment - INFO -   Job mit hoher Priorität (9) nicht auf kritischem Pfad: Job 6 Operation 6 (Schweregrad: 0.67)
2025-04-10 16:25:20,524 - JSPGymEnvironment - INFO -   Job mit hoher Priorität (9) nicht auf kritischem Pfad: Job 6 Operation 7 (Schweregrad: 0.67)
2025-04-10 16:25:20,524 - JSPGymEnvironment - INFO - Episode abgeschlossen. Kritischer Pfad: 7 Operationen, Suboptimale Platzierungen: 67
