2025-04-13 19:47:59,237 - JSPGymEnvironment - INFO - Environment reset
2025-04-13 19:47:59,305 - JSPGymEnvironment - INFO - Environment reset
2025-04-13 19:47:59,344 - JSPGymEnvironment - INFO - Material change on machine M1:  -> Racebike_Hauptrahmen_zugeschnitten, setup time: 0
2025-04-13 19:47:59,344 - JSPGymEnvironment - INFO - Executed operation: Job J15, Op 0, Machine M1, Start: 0.0, End: 23.0, Setup: 0
2025-04-13 19:47:59,376 - JSPGymEnvironment - INFO - Material change on machine M2:  -> Racebike_Schaltauge_bearbeitet, setup time: 0
2025-04-13 19:47:59,376 - JSPGymEnvironment - INFO - Executed operation: Job J15, Op 1, Machine M2, Start: 23.0, End: 36.0, Setup: 0
2025-04-13 19:47:59,418 - JSPGymEnvironment - INFO - Material change on machine M3:  -> Racebike_Antrieb_installiert, setup time: 0
2025-04-13 19:47:59,419 - JSPGymEnvironment - INFO - Executed operation: Job J15, Op 2, Machine M3, Start: 36.0, End: 71.0, Setup: 0
2025-04-13 19:47:59,453 - JSPGymEnvironment - INFO - Executed operation: Job J16, Op 0, Machine M1, Start: 96.0, End: 122.0, Setup: 25
2025-04-13 19:47:59,487 - JSPGymEnvironment - INFO - Material change on machine M3: Racebike_Antrieb_installiert -> Racebike_Bremsen_justiert, setup time: 15
2025-04-13 19:47:59,488 - JSPGymEnvironment - INFO - Executed operation: Job J15, Op 3, Machine M3, Start: 137.0, End: 164.0, Setup: 15
2025-04-13 19:47:59,522 - JSPGymEnvironment - INFO - Executed operation: Job J16, Op 1, Machine M2, Start: 179.0, End: 194.0, Setup: 15
2025-04-13 19:47:59,555 - JSPGymEnvironment - INFO - Material change on machine M1: Racebike_Hauptrahmen_zugeschnitten -> E-Bike_Hauptrahmen_zugeschnitten, setup time: 40
2025-04-13 19:47:59,555 - JSPGymEnvironment - INFO - Executed operation: Job J19, Op 0, Machine M1, Start: 234.0, End: 249.0, Setup: 40
2025-04-13 19:47:59,587 - JSPGymEnvironment - INFO - Executed operation: Job J3, Op 0, Machine M1, Start: 274.0, End: 308.0, Setup: 25
2025-04-13 19:47:59,622 - JSPGymEnvironment - INFO - Material change on machine M2: Racebike_Schaltauge_bearbeitet -> Racebike_Rahmen_nachbearbeitet, setup time: 20
2025-04-13 19:47:59,622 - JSPGymEnvironment - INFO - Executed operation: Job J15, Op 4, Machine M2, Start: 328.0, End: 348.0, Setup: 20
2025-04-13 19:47:59,656 - JSPGymEnvironment - INFO - Executed operation: Job J15, Op 5, Machine M2, Start: 363.0, End: 386.0, Setup: 15
2025-04-13 19:47:59,913 - JSPGymEnvironment - INFO - Material change on machine M3: Racebike_Bremsen_justiert -> Racebike_Fahrrad_endmontiert, setup time: 15
2025-04-13 19:47:59,913 - JSPGymEnvironment - INFO - Executed operation: Job J15, Op 6, Machine M3, Start: 401.0, End: 428.0, Setup: 15
2025-04-13 19:47:59,955 - JSPGymEnvironment - INFO - Executed operation: Job J15, Op 7, Machine M3, Start: 438.0, End: 484.0, Setup: 10
2025-04-13 19:47:59,956 - JSPGymEnvironment - INFO - Job J15 completed at time 484.0, deadline: 2833, met: True, priority: 10
2025-04-13 19:47:59,989 - JSPGymEnvironment - INFO - Material change on machine M2: Racebike_Rahmen_nachbearbeitet -> E-Bike_Schaltauge_bearbeitet, setup time: 20
2025-04-13 19:47:59,990 - JSPGymEnvironment - INFO - Executed operation: Job J3, Op 1, Machine M2, Start: 504.0, End: 524.0, Setup: 20
2025-04-13 19:48:00,026 - JSPGymEnvironment - INFO - Material change on machine M1: E-Bike_Hauptrahmen_zugeschnitten -> Racebike_Hauptrahmen_zugeschnitten, setup time: 40
2025-04-13 19:48:00,026 - JSPGymEnvironment - INFO - Executed operation: Job J6, Op 0, Machine M1, Start: 564.0, End: 600.0, Setup: 40
2025-04-13 19:48:00,061 - JSPGymEnvironment - INFO - Material change on machine M3: Racebike_Fahrrad_endmontiert -> Racebike_Antrieb_installiert, setup time: 15
2025-04-13 19:48:00,062 - JSPGymEnvironment - INFO - Executed operation: Job J16, Op 2, Machine M3, Start: 615.0, End: 645.0, Setup: 15
2025-04-13 19:48:00,095 - JSPGymEnvironment - INFO - Material change on machine M2: E-Bike_Schaltauge_bearbeitet -> Racebike_Bremsaufnahme_gebohrt, setup time: 20
2025-04-13 19:48:00,095 - JSPGymEnvironment - INFO - Executed operation: Job J16, Op 3, Machine M2, Start: 665.0, End: 688.0, Setup: 20
2025-04-13 19:48:00,128 - JSPGymEnvironment - INFO - Material change on machine M1: Racebike_Hauptrahmen_zugeschnitten -> Mountainbike_Hauptrahmen_zugeschnitten, setup time: 40
2025-04-13 19:48:00,129 - JSPGymEnvironment - INFO - Executed operation: Job J5, Op 0, Machine M1, Start: 728.0, End: 764.0, Setup: 40
2025-04-13 19:48:00,160 - JSPGymEnvironment - INFO - Material change on machine M1: Mountainbike_Hauptrahmen_zugeschnitten -> Racebike_Hauptrahmen_zugeschnitten, setup time: 40
2025-04-13 19:48:00,160 - JSPGymEnvironment - INFO - Executed operation: Job J10, Op 0, Machine M1, Start: 804.0, End: 836.0, Setup: 40
2025-04-13 19:48:00,198 - JSPGymEnvironment - INFO - Material change on machine M1: Racebike_Hauptrahmen_zugeschnitten -> Mountainbike_Hauptrahmen_zugeschnitten, setup time: 40
2025-04-13 19:48:00,198 - JSPGymEnvironment - INFO - Executed operation: Job J12, Op 0, Machine M1, Start: 876.0, End: 907.0, Setup: 40
2025-04-13 19:48:00,235 - JSPGymEnvironment - INFO - Material change on machine M2: Racebike_Bremsaufnahme_gebohrt -> Racebike_Rahmen_nachbearbeitet, setup time: 20
2025-04-13 19:48:00,235 - JSPGymEnvironment - INFO - Executed operation: Job J16, Op 4, Machine M2, Start: 927.0, End: 941.0, Setup: 20
2025-04-13 19:48:00,274 - JSPGymEnvironment - INFO - Material change on machine M2: Racebike_Rahmen_nachbearbeitet -> Racebike_Fahrrad_endmontiert, setup time: 20
2025-04-13 19:48:00,274 - JSPGymEnvironment - INFO - Executed operation: Job J16, Op 5, Machine M2, Start: 961.0, End: 991.0, Setup: 20
2025-04-13 19:48:00,275 - JSPGymEnvironment - INFO - Job J16 completed at time 991.0, deadline: 2855, met: True, priority: 7
2025-04-13 19:48:00,311 - JSPGymEnvironment - INFO - Material change on machine M1: Mountainbike_Hauptrahmen_zugeschnitten -> E-Bike_Hauptrahmen_zugeschnitten, setup time: 40
2025-04-13 19:48:00,311 - JSPGymEnvironment - INFO - Executed operation: Job J13, Op 0, Machine M1, Start: 1031.0, End: 1072.0, Setup: 40
2025-04-13 19:48:00,350 - JSPGymEnvironment - INFO - Material change on machine M2: Racebike_Fahrrad_endmontiert -> E-Bike_Schaltauge_bearbeitet, setup time: 20
2025-04-13 19:48:00,350 - JSPGymEnvironment - INFO - Executed operation: Job J19, Op 1, Machine M2, Start: 1092.0, End: 1122.0, Setup: 20
2025-04-13 19:48:00,387 - JSPGymEnvironment - INFO - Material change on machine M2: E-Bike_Schaltauge_bearbeitet -> Mountainbike_Schaltauge_bearbeitet, setup time: 20
2025-04-13 19:48:00,387 - JSPGymEnvironment - INFO - Executed operation: Job J5, Op 1, Machine M2, Start: 1142.0, End: 1157.0, Setup: 20
2025-04-13 19:48:00,649 - JSPGymEnvironment - INFO - Material change on machine M1: E-Bike_Hauptrahmen_zugeschnitten -> Citybike_Hauptrahmen_zugeschnitten, setup time: 40
2025-04-13 19:48:00,650 - JSPGymEnvironment - INFO - Executed operation: Job J14, Op 0, Machine M1, Start: 1197.0, End: 1215.0, Setup: 40
2025-04-13 19:48:00,690 - JSPGymEnvironment - INFO - Material change on machine M2: Mountainbike_Schaltauge_bearbeitet -> Racebike_Schaltauge_bearbeitet, setup time: 20
2025-04-13 19:48:00,691 - JSPGymEnvironment - INFO - Executed operation: Job J6, Op 1, Machine M2, Start: 1235.0, End: 1248.0, Setup: 20
2025-04-13 19:48:00,723 - JSPGymEnvironment - INFO - Material change on machine M3: Racebike_Antrieb_installiert -> E-Bike_Antrieb_installiert, setup time: 15
2025-04-13 19:48:00,724 - JSPGymEnvironment - INFO - Executed operation: Job J19, Op 2, Machine M3, Start: 1263.0, End: 1285.0, Setup: 15
2025-04-13 19:48:00,757 - JSPGymEnvironment - INFO - Executed operation: Job J3, Op 2, Machine M3, Start: 1295.0, End: 1353.0, Setup: 10
2025-04-13 19:48:00,792 - JSPGymEnvironment - INFO - Material change on machine M3: E-Bike_Antrieb_installiert -> Mountainbike_Antrieb_installiert, setup time: 15
2025-04-13 19:48:00,793 - JSPGymEnvironment - INFO - Executed operation: Job J5, Op 2, Machine M3, Start: 1368.0, End: 1393.0, Setup: 15
2025-04-13 19:48:00,835 - JSPGymEnvironment - INFO - Material change on machine M2: Racebike_Schaltauge_bearbeitet -> E-Bike_Bremsaufnahme_gebohrt, setup time: 20
2025-04-13 19:48:00,835 - JSPGymEnvironment - INFO - Executed operation: Job J19, Op 3, Machine M2, Start: 1413.0, End: 1426.0, Setup: 20
2025-04-13 19:48:00,873 - JSPGymEnvironment - INFO - Executed operation: Job J17, Op 0, Machine M1, Start: 1451.0, End: 1489.0, Setup: 25
2025-04-13 19:48:00,910 - JSPGymEnvironment - INFO - Material change on machine M2: E-Bike_Bremsaufnahme_gebohrt -> E-Bike_Schaltauge_bearbeitet, setup time: 20
2025-04-13 19:48:00,910 - JSPGymEnvironment - INFO - Executed operation: Job J13, Op 1, Machine M2, Start: 1509.0, End: 1532.0, Setup: 20
2025-04-13 19:48:00,951 - JSPGymEnvironment - INFO - Material change on machine M2: E-Bike_Schaltauge_bearbeitet -> E-Bike_Bremsaufnahme_gebohrt, setup time: 20
2025-04-13 19:48:00,951 - JSPGymEnvironment - INFO - Executed operation: Job J3, Op 3, Machine M2, Start: 1552.0, End: 1582.0, Setup: 20
2025-04-13 19:48:00,992 - JSPGymEnvironment - INFO - Material change on machine M3: Mountainbike_Antrieb_installiert -> E-Bike_Antrieb_installiert, setup time: 15
2025-04-13 19:48:00,993 - JSPGymEnvironment - INFO - Executed operation: Job J13, Op 2, Machine M3, Start: 1597.0, End: 1650.0, Setup: 15
2025-04-13 19:48:01,028 - JSPGymEnvironment - INFO - Material change on machine M2: E-Bike_Bremsaufnahme_gebohrt -> Mountainbike_Schaltauge_bearbeitet, setup time: 20
2025-04-13 19:48:01,028 - JSPGymEnvironment - INFO - Executed operation: Job J12, Op 1, Machine M2, Start: 1670.0, End: 1692.0, Setup: 20
2025-04-13 19:48:01,063 - JSPGymEnvironment - INFO - Material change on machine M3: E-Bike_Antrieb_installiert -> Mountainbike_Antrieb_installiert, setup time: 15
2025-04-13 19:48:01,063 - JSPGymEnvironment - INFO - Executed operation: Job J12, Op 2, Machine M3, Start: 1707.0, End: 1752.0, Setup: 15
2025-04-13 19:48:01,099 - JSPGymEnvironment - INFO - Executed operation: Job J9, Op 0, Machine M1, Start: 1777.0, End: 1817.0, Setup: 25
2025-04-13 19:48:01,339 - JSPGymEnvironment - INFO - Material change on machine M2: Mountainbike_Schaltauge_bearbeitet -> Citybike_Schaltauge_bearbeitet, setup time: 20
2025-04-13 19:48:01,345 - JSPGymEnvironment - INFO - Executed operation: Job J14, Op 1, Machine M2, Start: 1837.0, End: 1853.0, Setup: 20
2025-04-13 19:48:01,390 - JSPGymEnvironment - INFO - Material change on machine M2: Citybike_Schaltauge_bearbeitet -> E-Bike_Rahmen_nachbearbeitet, setup time: 20
2025-04-13 19:48:01,390 - JSPGymEnvironment - INFO - Executed operation: Job J19, Op 4, Machine M2, Start: 1873.0, End: 1890.0, Setup: 20
2025-04-13 19:48:01,430 - JSPGymEnvironment - INFO - Material change on machine M2: E-Bike_Rahmen_nachbearbeitet -> Mountainbike_Bremsaufnahme_gebohrt, setup time: 20
2025-04-13 19:48:01,430 - JSPGymEnvironment - INFO - Executed operation: Job J12, Op 3, Machine M2, Start: 1910.0, End: 1936.0, Setup: 20
2025-04-13 19:48:01,469 - JSPGymEnvironment - INFO - Material change on machine M2: Mountainbike_Bremsaufnahme_gebohrt -> Mountainbike_Rahmen_nachbearbeitet, setup time: 20
2025-04-13 19:48:01,470 - JSPGymEnvironment - INFO - Executed operation: Job J12, Op 4, Machine M2, Start: 1956.0, End: 1984.0, Setup: 20
2025-04-13 19:48:01,506 - JSPGymEnvironment - INFO - Material change on machine M2: Mountainbike_Rahmen_nachbearbeitet -> Racebike_Schaltauge_bearbeitet, setup time: 20
2025-04-13 19:48:01,506 - JSPGymEnvironment - INFO - Executed operation: Job J10, Op 1, Machine M2, Start: 2004.0, End: 2029.0, Setup: 20
2025-04-13 19:48:01,542 - JSPGymEnvironment - INFO - Material change on machine M2: Racebike_Schaltauge_bearbeitet -> E-Bike_Rahmen_nachbearbeitet, setup time: 20
2025-04-13 19:48:01,542 - JSPGymEnvironment - INFO - Executed operation: Job J3, Op 4, Machine M2, Start: 2049.0, End: 2066.0, Setup: 20
2025-04-13 19:48:01,580 - JSPGymEnvironment - INFO - Material change on machine M2: E-Bike_Rahmen_nachbearbeitet -> Mountainbike_Rahmen_nachbearbeitet, setup time: 20
2025-04-13 19:48:01,580 - JSPGymEnvironment - INFO - Executed operation: Job J12, Op 5, Machine M2, Start: 2086.0, End: 2114.0, Setup: 20
2025-04-13 19:48:01,616 - JSPGymEnvironment - INFO - Material change on machine M2: Mountainbike_Rahmen_nachbearbeitet -> Mountainbike_Fahrrad_endmontiert, setup time: 20
2025-04-13 19:48:01,616 - JSPGymEnvironment - INFO - Executed operation: Job J12, Op 6, Machine M2, Start: 2134.0, End: 2156.0, Setup: 20
2025-04-13 19:48:01,616 - JSPGymEnvironment - INFO - Job J12 completed at time 2156.0, deadline: 2863, met: True, priority: 2
2025-04-13 19:48:01,653 - JSPGymEnvironment - INFO - Material change on machine M2: Mountainbike_Fahrrad_endmontiert -> E-Bike_Rahmen_nachbearbeitet, setup time: 20
2025-04-13 19:48:01,653 - JSPGymEnvironment - INFO - Executed operation: Job J3, Op 5, Machine M2, Start: 2176.0, End: 2197.0, Setup: 20
2025-04-13 19:48:01,687 - JSPGymEnvironment - INFO - Executed operation: Job J19, Op 5, Machine M2, Start: 2212.0, End: 2233.0, Setup: 15
2025-04-13 19:48:01,723 - JSPGymEnvironment - INFO - Material change on machine M3: Mountainbike_Antrieb_installiert -> Citybike_Antrieb_installiert, setup time: 15
2025-04-13 19:48:01,723 - JSPGymEnvironment - INFO - Executed operation: Job J14, Op 2, Machine M3, Start: 2248.0, End: 2270.0, Setup: 15
2025-04-13 19:48:01,757 - JSPGymEnvironment - INFO - Material change on machine M2: E-Bike_Rahmen_nachbearbeitet -> Citybike_Schaltauge_bearbeitet, setup time: 20
2025-04-13 19:48:01,758 - JSPGymEnvironment - INFO - Executed operation: Job J9, Op 1, Machine M2, Start: 2290.0, End: 2306.0, Setup: 20
2025-04-13 19:48:01,798 - JSPGymEnvironment - INFO - Material change on machine M2: Citybike_Schaltauge_bearbeitet -> Citybike_Bremsaufnahme_gebohrt, setup time: 20
2025-04-13 19:48:01,799 - JSPGymEnvironment - INFO - Executed operation: Job J14, Op 3, Machine M2, Start: 2326.0, End: 2344.0, Setup: 20
2025-04-13 19:48:02,075 - JSPGymEnvironment - INFO - Material change on machine M2: Citybike_Bremsaufnahme_gebohrt -> E-Bike_Fahrrad_endmontiert, setup time: 20
2025-04-13 19:48:02,075 - JSPGymEnvironment - INFO - Executed operation: Job J3, Op 6, Machine M2, Start: 2364.0, End: 2374.0, Setup: 20
2025-04-13 19:48:02,075 - JSPGymEnvironment - INFO - Job J3 completed at time 2374.0, deadline: 2862, met: True, priority: 8
2025-04-13 19:48:02,110 - JSPGymEnvironment - INFO - Executed operation: Job J19, Op 6, Machine M2, Start: 2389.0, End: 2414.0, Setup: 15
2025-04-13 19:48:02,111 - JSPGymEnvironment - INFO - Job J19 completed at time 2414.0, deadline: 2737, met: True, priority: 8
2025-04-13 19:48:02,147 - JSPGymEnvironment - INFO - Material change on machine M2: E-Bike_Fahrrad_endmontiert -> Mountainbike_Bremsaufnahme_gebohrt, setup time: 20
2025-04-13 19:48:02,147 - JSPGymEnvironment - INFO - Executed operation: Job J5, Op 3, Machine M2, Start: 2434.0, End: 2449.0, Setup: 20
2025-04-13 19:48:02,183 - JSPGymEnvironment - INFO - Material change on machine M2: Mountainbike_Bremsaufnahme_gebohrt -> E-Bike_Bremsaufnahme_gebohrt, setup time: 20
2025-04-13 19:48:02,183 - JSPGymEnvironment - INFO - Executed operation: Job J13, Op 3, Machine M2, Start: 2469.0, End: 2491.0, Setup: 20
2025-04-13 19:48:02,219 - JSPGymEnvironment - INFO - Executed operation: Job J9, Op 2, Machine M3, Start: 2501.0, End: 2555.0, Setup: 10
2025-04-13 19:48:02,254 - JSPGymEnvironment - INFO - Material change on machine M2: E-Bike_Bremsaufnahme_gebohrt -> Mountainbike_Rahmen_nachbearbeitet, setup time: 20
2025-04-13 19:48:02,254 - JSPGymEnvironment - INFO - Executed operation: Job J5, Op 4, Machine M2, Start: 2575.0, End: 2605.0, Setup: 20
2025-04-13 19:48:02,292 - JSPGymEnvironment - INFO - Material change on machine M2: Mountainbike_Rahmen_nachbearbeitet -> Citybike_Schaltauge_bearbeitet, setup time: 20
2025-04-13 19:48:02,293 - JSPGymEnvironment - INFO - Executed operation: Job J17, Op 1, Machine M2, Start: 2625.0, End: 2645.0, Setup: 20
2025-04-13 19:48:02,329 - JSPGymEnvironment - INFO - Material change on machine M1: Citybike_Hauptrahmen_zugeschnitten -> Racebike_Hauptrahmen_zugeschnitten, setup time: 40
2025-04-13 19:48:02,330 - JSPGymEnvironment - INFO - Executed operation: Job J1, Op 0, Machine M1, Start: 2685.0, End: 2725.0, Setup: 40
2025-04-13 19:48:02,366 - JSPGymEnvironment - INFO - Material change on machine M2: Citybike_Schaltauge_bearbeitet -> Mountainbike_Fahrrad_endmontiert, setup time: 20
2025-04-13 19:48:02,366 - JSPGymEnvironment - INFO - Executed operation: Job J5, Op 5, Machine M2, Start: 2745.0, End: 2767.0, Setup: 20
2025-04-13 19:48:02,366 - JSPGymEnvironment - INFO - Job J5 completed at time 2767.0, deadline: 2880, met: True, priority: 1
2025-04-13 19:48:02,407 - JSPGymEnvironment - INFO - Material change on machine M2: Mountainbike_Fahrrad_endmontiert -> Racebike_Schaltauge_bearbeitet, setup time: 20
2025-04-13 19:48:02,407 - JSPGymEnvironment - INFO - Executed operation: Job J1, Op 1, Machine M2, Start: 2787.0, End: 2803.0, Setup: 20
2025-04-13 19:48:02,441 - JSPGymEnvironment - INFO - Executed operation: Job J17, Op 2, Machine M3, Start: 2813.0, End: 2847.0, Setup: 10
2025-04-13 19:48:02,477 - JSPGymEnvironment - INFO - Material change on machine M2: Racebike_Schaltauge_bearbeitet -> Citybike_Bremsaufnahme_gebohrt, setup time: 20
2025-04-13 19:48:02,477 - JSPGymEnvironment - INFO - Executed operation: Job J9, Op 3, Machine M2, Start: 2867.0, End: 2890.0, Setup: 20
2025-04-13 19:48:02,516 - JSPGymEnvironment - INFO - Material change on machine M3: Citybike_Antrieb_installiert -> E-Bike_Fahrrad_endmontiert, setup time: 15
2025-04-13 19:48:02,516 - JSPGymEnvironment - INFO - Executed operation: Job J13, Op 4, Machine M3, Start: 2905.0, End: 2958.0, Setup: 15
2025-04-13 19:48:02,516 - JSPGymEnvironment - INFO - Job J13 completed at time 2958.0, deadline: 2863, met: False, priority: 7
2025-04-13 19:48:02,552 - JSPGymEnvironment - INFO - Material change on machine M2: Citybike_Bremsaufnahme_gebohrt -> Citybike_Rahmen_nachbearbeitet, setup time: 20
2025-04-13 19:48:02,553 - JSPGymEnvironment - INFO - Executed operation: Job J14, Op 4, Machine M2, Start: 2978.0, End: 3007.0, Setup: 20
2025-04-13 19:48:02,589 - JSPGymEnvironment - INFO - Executed operation: Job J9, Op 4, Machine M2, Start: 3022.0, End: 3034.0, Setup: 15
2025-04-13 19:48:02,846 - JSPGymEnvironment - INFO - Material change on machine M1: Racebike_Hauptrahmen_zugeschnitten -> Mountainbike_Hauptrahmen_zugeschnitten, setup time: 40
2025-04-13 19:48:02,846 - JSPGymEnvironment - INFO - Executed operation: Job J18, Op 0, Machine M1, Start: 3074.0, End: 3096.0, Setup: 40
2025-04-13 19:48:02,889 - JSPGymEnvironment - INFO - Material change on machine M3: E-Bike_Fahrrad_endmontiert -> Citybike_Bremsen_justiert, setup time: 15
2025-04-13 19:48:02,889 - JSPGymEnvironment - INFO - Executed operation: Job J17, Op 3, Machine M3, Start: 3111.0, End: 3137.0, Setup: 15
2025-04-13 19:48:02,927 - JSPGymEnvironment - INFO - Material change on machine M3: Citybike_Bremsen_justiert -> Racebike_Antrieb_installiert, setup time: 15
2025-04-13 19:48:02,927 - JSPGymEnvironment - INFO - Executed operation: Job J10, Op 2, Machine M3, Start: 3152.0, End: 3191.0, Setup: 15
2025-04-13 19:48:02,965 - JSPGymEnvironment - INFO - Executed operation: Job J14, Op 5, Machine M2, Start: 3206.0, End: 3236.0, Setup: 15
2025-04-13 19:48:03,001 - JSPGymEnvironment - INFO - Executed operation: Job J6, Op 2, Machine M3, Start: 3246.0, End: 3284.0, Setup: 10
2025-04-13 19:48:03,039 - JSPGymEnvironment - INFO - Executed operation: Job J1, Op 2, Machine M3, Start: 3294.0, End: 3330.0, Setup: 10
2025-04-13 19:48:03,077 - JSPGymEnvironment - INFO - Material change on machine M3: Racebike_Antrieb_installiert -> Citybike_Fahrrad_endmontiert, setup time: 15
2025-04-13 19:48:03,077 - JSPGymEnvironment - INFO - Executed operation: Job J17, Op 4, Machine M3, Start: 3345.0, End: 3395.0, Setup: 15
2025-04-13 19:48:03,115 - JSPGymEnvironment - INFO - Material change on machine M3: Citybike_Fahrrad_endmontiert -> Racebike_Bremsen_justiert, setup time: 15
2025-04-13 19:48:03,115 - JSPGymEnvironment - INFO - Executed operation: Job J6, Op 3, Machine M3, Start: 3410.0, End: 3468.0, Setup: 15
2025-04-13 19:48:03,156 - JSPGymEnvironment - INFO - Material change on machine M3: Racebike_Bremsen_justiert -> Citybike_Fahrrad_endmontiert, setup time: 15
2025-04-13 19:48:03,157 - JSPGymEnvironment - INFO - Executed operation: Job J17, Op 5, Machine M3, Start: 3483.0, End: 3542.0, Setup: 15
2025-04-13 19:48:03,196 - JSPGymEnvironment - INFO - Executed operation: Job J17, Op 6, Machine M3, Start: 3552.0, End: 3577.0, Setup: 10
2025-04-13 19:48:03,196 - JSPGymEnvironment - INFO - Job J17 completed at time 3577.0, deadline: 2880, met: False, priority: 6
2025-04-13 19:48:03,238 - JSPGymEnvironment - INFO - Material change on machine M3: Citybike_Fahrrad_endmontiert -> Racebike_Fahrrad_endmontiert, setup time: 15
2025-04-13 19:48:03,239 - JSPGymEnvironment - INFO - Executed operation: Job J6, Op 4, Machine M3, Start: 3592.0, End: 3633.0, Setup: 15
2025-04-13 19:48:03,239 - JSPGymEnvironment - INFO - Job J6 completed at time 3633.0, deadline: 2880, met: False, priority: 10
2025-04-13 19:48:03,278 - JSPGymEnvironment - INFO - Executed operation: Job J14, Op 6, Machine M2, Start: 3648.0, End: 3672.0, Setup: 15
2025-04-13 19:48:03,317 - JSPGymEnvironment - INFO - Material change on machine M2: Citybike_Rahmen_nachbearbeitet -> Citybike_Fahrrad_endmontiert, setup time: 20
2025-04-13 19:48:03,317 - JSPGymEnvironment - INFO - Executed operation: Job J14, Op 7, Machine M2, Start: 3692.0, End: 3713.0, Setup: 20
2025-04-13 19:48:03,318 - JSPGymEnvironment - INFO - Job J14 completed at time 3713.0, deadline: 2880, met: False, priority: 3
2025-04-13 19:48:03,367 - JSPGymEnvironment - INFO - Material change on machine M2: Citybike_Fahrrad_endmontiert -> Racebike_Bremsaufnahme_gebohrt, setup time: 20
2025-04-13 19:48:03,367 - JSPGymEnvironment - INFO - Executed operation: Job J1, Op 3, Machine M2, Start: 3733.0, End: 3751.0, Setup: 20
2025-04-13 19:48:03,892 - JSPGymEnvironment - INFO - Material change on machine M2: Racebike_Bremsaufnahme_gebohrt -> Racebike_Rahmen_nachbearbeitet, setup time: 20
2025-04-13 19:48:03,892 - JSPGymEnvironment - INFO - Executed operation: Job J1, Op 4, Machine M2, Start: 3771.0, End: 3793.0, Setup: 20
2025-04-13 19:48:03,990 - JSPGymEnvironment - INFO - Material change on machine M2: Racebike_Rahmen_nachbearbeitet -> Racebike_Fahrrad_endmontiert, setup time: 20
2025-04-13 19:48:03,990 - JSPGymEnvironment - INFO - Executed operation: Job J1, Op 5, Machine M2, Start: 3813.0, End: 3825.0, Setup: 20
2025-04-13 19:48:03,990 - JSPGymEnvironment - INFO - Job J1 completed at time 3825.0, deadline: 2790, met: False, priority: 7
2025-04-13 19:48:04,056 - JSPGymEnvironment - INFO - Material change on machine M2: Racebike_Fahrrad_endmontiert -> Racebike_Bremsaufnahme_gebohrt, setup time: 20
2025-04-13 19:48:04,056 - JSPGymEnvironment - INFO - Executed operation: Job J10, Op 3, Machine M2, Start: 3845.0, End: 3867.0, Setup: 20
2025-04-13 19:48:04,132 - JSPGymEnvironment - INFO - Executed operation: Job J20, Op 0, Machine M1, Start: 3892.0, End: 3911.0, Setup: 25
2025-04-13 19:48:04,204 - JSPGymEnvironment - INFO - Material change on machine M3: Racebike_Fahrrad_endmontiert -> Citybike_Fahrrad_endmontiert, setup time: 15
2025-04-13 19:48:04,205 - JSPGymEnvironment - INFO - Executed operation: Job J9, Op 5, Machine M3, Start: 3926.0, End: 3977.0, Setup: 15
2025-04-13 19:48:04,254 - JSPGymEnvironment - INFO - Material change on machine M2: Racebike_Bremsaufnahme_gebohrt -> Racebike_Rahmen_nachbearbeitet, setup time: 20
2025-04-13 19:48:04,254 - JSPGymEnvironment - INFO - Executed operation: Job J10, Op 4, Machine M2, Start: 3997.0, End: 4008.0, Setup: 20
2025-04-13 19:48:04,296 - JSPGymEnvironment - INFO - Executed operation: Job J9, Op 6, Machine M3, Start: 4018.0, End: 4041.0, Setup: 10
2025-04-13 19:48:04,296 - JSPGymEnvironment - INFO - Job J9 completed at time 4041.0, deadline: 2880, met: False, priority: 8
2025-04-13 19:48:04,340 - JSPGymEnvironment - INFO - Material change on machine M2: Racebike_Rahmen_nachbearbeitet -> Mountainbike_Schaltauge_bearbeitet, setup time: 20
2025-04-13 19:48:04,341 - JSPGymEnvironment - INFO - Executed operation: Job J20, Op 1, Machine M2, Start: 4061.0, End: 4086.0, Setup: 20
2025-04-13 19:48:04,567 - JSPGymEnvironment - INFO - Executed operation: Job J18, Op 1, Machine M2, Start: 4101.0, End: 4121.0, Setup: 15
2025-04-13 19:48:04,898 - JSPGymEnvironment - INFO - Material change on machine M1: Mountainbike_Hauptrahmen_zugeschnitten -> Citybike_Hauptrahmen_zugeschnitten, setup time: 40
2025-04-13 19:48:04,899 - JSPGymEnvironment - INFO - Executed operation: Job J2, Op 0, Machine M1, Start: 4161.0, End: 4177.0, Setup: 40
2025-04-13 19:48:05,083 - JSPGymEnvironment - INFO - Material change on machine M2: Mountainbike_Schaltauge_bearbeitet -> Racebike_Rahmen_nachbearbeitet, setup time: 20
2025-04-13 19:48:05,084 - JSPGymEnvironment - INFO - Executed operation: Job J10, Op 5, Machine M2, Start: 4197.0, End: 4215.0, Setup: 20
2025-04-13 19:48:05,182 - JSPGymEnvironment - INFO - Material change on machine M2: Racebike_Rahmen_nachbearbeitet -> Citybike_Schaltauge_bearbeitet, setup time: 20
2025-04-13 19:48:05,182 - JSPGymEnvironment - INFO - Executed operation: Job J2, Op 1, Machine M2, Start: 4235.0, End: 4245.0, Setup: 20
2025-04-13 19:48:05,251 - JSPGymEnvironment - INFO - Material change on machine M2: Citybike_Schaltauge_bearbeitet -> Racebike_Rahmen_nachbearbeitet, setup time: 20
2025-04-13 19:48:05,251 - JSPGymEnvironment - INFO - Executed operation: Job J10, Op 6, Machine M2, Start: 4265.0, End: 4276.0, Setup: 20
2025-04-13 19:48:05,303 - JSPGymEnvironment - INFO - Executed operation: Job J11, Op 0, Machine M1, Start: 4301.0, End: 4332.0, Setup: 25
2025-04-13 19:48:05,569 - JSPGymEnvironment - INFO - Material change on machine M2: Racebike_Rahmen_nachbearbeitet -> Racebike_Fahrrad_endmontiert, setup time: 20
2025-04-13 19:48:05,570 - JSPGymEnvironment - INFO - Executed operation: Job J10, Op 7, Machine M2, Start: 4352.0, End: 4364.0, Setup: 20
2025-04-13 19:48:05,571 - JSPGymEnvironment - INFO - Job J10 completed at time 4364.0, deadline: 2880, met: False, priority: 9
2025-04-13 19:48:05,627 - JSPGymEnvironment - INFO - Material change on machine M1: Citybike_Hauptrahmen_zugeschnitten -> Racebike_Hauptrahmen_zugeschnitten, setup time: 40
2025-04-13 19:48:05,627 - JSPGymEnvironment - INFO - Executed operation: Job J7, Op 0, Machine M1, Start: 4404.0, End: 4439.0, Setup: 40
2025-04-13 19:48:05,674 - JSPGymEnvironment - INFO - Material change on machine M3: Citybike_Fahrrad_endmontiert -> Mountainbike_Antrieb_installiert, setup time: 15
2025-04-13 19:48:05,674 - JSPGymEnvironment - INFO - Executed operation: Job J20, Op 2, Machine M3, Start: 4454.0, End: 4478.0, Setup: 15
2025-04-13 19:48:05,717 - JSPGymEnvironment - INFO - Material change on machine M2: Racebike_Fahrrad_endmontiert -> Racebike_Schaltauge_bearbeitet, setup time: 20
2025-04-13 19:48:05,717 - JSPGymEnvironment - INFO - Executed operation: Job J7, Op 1, Machine M2, Start: 4498.0, End: 4521.0, Setup: 20
2025-04-13 19:48:05,755 - JSPGymEnvironment - INFO - Material change on machine M3: Mountainbike_Antrieb_installiert -> Mountainbike_Bremsen_justiert, setup time: 15
2025-04-13 19:48:05,755 - JSPGymEnvironment - INFO - Executed operation: Job J20, Op 3, Machine M3, Start: 4536.0, End: 4577.0, Setup: 15
2025-04-13 19:48:05,794 - JSPGymEnvironment - INFO - Material change on machine M3: Mountainbike_Bremsen_justiert -> Mountainbike_Antrieb_installiert, setup time: 15
2025-04-13 19:48:05,795 - JSPGymEnvironment - INFO - Executed operation: Job J18, Op 2, Machine M3, Start: 4592.0, End: 4621.0, Setup: 15
2025-04-13 19:48:05,837 - JSPGymEnvironment - INFO - Material change on machine M3: Mountainbike_Antrieb_installiert -> Citybike_Antrieb_installiert, setup time: 15
2025-04-13 19:48:05,837 - JSPGymEnvironment - INFO - Executed operation: Job J2, Op 2, Machine M3, Start: 4636.0, End: 4664.0, Setup: 15
2025-04-13 19:48:05,879 - JSPGymEnvironment - INFO - Material change on machine M3: Citybike_Antrieb_installiert -> Mountainbike_Bremsen_justiert, setup time: 15
2025-04-13 19:48:05,879 - JSPGymEnvironment - INFO - Executed operation: Job J18, Op 3, Machine M3, Start: 4679.0, End: 4734.0, Setup: 15
2025-04-13 19:48:05,922 - JSPGymEnvironment - INFO - Material change on machine M2: Racebike_Schaltauge_bearbeitet -> Citybike_Bremsaufnahme_gebohrt, setup time: 20
2025-04-13 19:48:05,922 - JSPGymEnvironment - INFO - Executed operation: Job J2, Op 3, Machine M2, Start: 4754.0, End: 4775.0, Setup: 20
2025-04-13 19:48:05,976 - JSPGymEnvironment - INFO - Material change on machine M2: Citybike_Bremsaufnahme_gebohrt -> Mountainbike_Rahmen_nachbearbeitet, setup time: 20
2025-04-13 19:48:05,976 - JSPGymEnvironment - INFO - Executed operation: Job J20, Op 4, Machine M2, Start: 4795.0, End: 4812.0, Setup: 20
2025-04-13 19:48:06,025 - JSPGymEnvironment - INFO - Material change on machine M2: Mountainbike_Rahmen_nachbearbeitet -> Citybike_Rahmen_nachbearbeitet, setup time: 20
2025-04-13 19:48:06,026 - JSPGymEnvironment - INFO - Executed operation: Job J2, Op 4, Machine M2, Start: 4832.0, End: 4856.0, Setup: 20
2025-04-13 19:48:06,074 - JSPGymEnvironment - INFO - Material change on machine M3: Mountainbike_Bremsen_justiert -> Citybike_Fahrrad_endmontiert, setup time: 15
2025-04-13 19:48:06,074 - JSPGymEnvironment - INFO - Executed operation: Job J2, Op 5, Machine M3, Start: 4871.0, End: 4892.0, Setup: 15
2025-04-13 19:48:06,075 - JSPGymEnvironment - INFO - Job J2 completed at time 4892.0, deadline: 2880, met: False, priority: 3
2025-04-13 19:48:06,119 - JSPGymEnvironment - INFO - Material change on machine M3: Citybike_Fahrrad_endmontiert -> Mountainbike_Fahrrad_endmontiert, setup time: 15
2025-04-13 19:48:06,119 - JSPGymEnvironment - INFO - Executed operation: Job J20, Op 5, Machine M3, Start: 4907.0, End: 4932.0, Setup: 15
2025-04-13 19:48:06,352 - JSPGymEnvironment - INFO - Executed operation: Job J4, Op 0, Machine M1, Start: 4957.0, End: 4982.0, Setup: 25
2025-04-13 19:48:06,405 - JSPGymEnvironment - INFO - Material change on machine M3: Mountainbike_Fahrrad_endmontiert -> Racebike_Antrieb_installiert, setup time: 15
2025-04-13 19:48:06,405 - JSPGymEnvironment - INFO - Executed operation: Job J7, Op 2, Machine M3, Start: 4997.0, End: 5021.0, Setup: 15
2025-04-13 19:48:06,468 - JSPGymEnvironment - INFO - Material change on machine M3: Racebike_Antrieb_installiert -> Mountainbike_Fahrrad_endmontiert, setup time: 15
2025-04-13 19:48:06,468 - JSPGymEnvironment - INFO - Executed operation: Job J20, Op 6, Machine M3, Start: 5036.0, End: 5076.0, Setup: 15
2025-04-13 19:48:06,468 - JSPGymEnvironment - INFO - Job J20 completed at time 5076.0, deadline: 2744, met: False, priority: 3
2025-04-13 19:48:06,517 - JSPGymEnvironment - INFO - Material change on machine M2: Citybike_Rahmen_nachbearbeitet -> Racebike_Schaltauge_bearbeitet, setup time: 20
2025-04-13 19:48:06,518 - JSPGymEnvironment - INFO - Executed operation: Job J4, Op 1, Machine M2, Start: 5096.0, End: 5111.0, Setup: 20
2025-04-13 19:48:06,576 - JSPGymEnvironment - INFO - Material change on machine M3: Mountainbike_Fahrrad_endmontiert -> Racebike_Antrieb_installiert, setup time: 15
2025-04-13 19:48:06,576 - JSPGymEnvironment - INFO - Executed operation: Job J4, Op 2, Machine M3, Start: 5126.0, End: 5166.0, Setup: 15
2025-04-13 19:48:06,631 - JSPGymEnvironment - INFO - Material change on machine M2: Racebike_Schaltauge_bearbeitet -> Racebike_Bremsaufnahme_gebohrt, setup time: 20
2025-04-13 19:48:06,632 - JSPGymEnvironment - INFO - Executed operation: Job J7, Op 3, Machine M2, Start: 5186.0, End: 5209.0, Setup: 20
2025-04-13 19:48:06,691 - JSPGymEnvironment - INFO - Executed operation: Job J4, Op 3, Machine M2, Start: 5224.0, End: 5238.0, Setup: 15
2025-04-13 19:48:06,735 - JSPGymEnvironment - INFO - Material change on machine M2: Racebike_Bremsaufnahme_gebohrt -> Mountainbike_Fahrrad_endmontiert, setup time: 20
2025-04-13 19:48:06,735 - JSPGymEnvironment - INFO - Executed operation: Job J18, Op 4, Machine M2, Start: 5258.0, End: 5271.0, Setup: 20
2025-04-13 19:48:06,735 - JSPGymEnvironment - INFO - Job J18 completed at time 5271.0, deadline: 2880, met: False, priority: 6
2025-04-13 19:48:06,779 - JSPGymEnvironment - INFO - Material change on machine M2: Mountainbike_Fahrrad_endmontiert -> Racebike_Rahmen_nachbearbeitet, setup time: 20
2025-04-13 19:48:06,780 - JSPGymEnvironment - INFO - Executed operation: Job J7, Op 4, Machine M2, Start: 5291.0, End: 5317.0, Setup: 20
2025-04-13 19:48:06,819 - JSPGymEnvironment - INFO - Executed operation: Job J4, Op 4, Machine M2, Start: 5332.0, End: 5357.0, Setup: 15
2025-04-13 19:48:06,869 - JSPGymEnvironment - INFO - Executed operation: Job J7, Op 5, Machine M2, Start: 5372.0, End: 5390.0, Setup: 15
2025-04-13 19:48:06,916 - JSPGymEnvironment - INFO - Executed operation: Job J7, Op 6, Machine M2, Start: 5405.0, End: 5420.0, Setup: 15
2025-04-13 19:48:06,954 - JSPGymEnvironment - INFO - Executed operation: Job J4, Op 5, Machine M2, Start: 5435.0, End: 5459.0, Setup: 15
2025-04-13 19:48:06,994 - JSPGymEnvironment - INFO - Material change on machine M2: Racebike_Rahmen_nachbearbeitet -> Racebike_Fahrrad_endmontiert, setup time: 20
2025-04-13 19:48:06,994 - JSPGymEnvironment - INFO - Executed operation: Job J7, Op 7, Machine M2, Start: 5479.0, End: 5504.0, Setup: 20
2025-04-13 19:48:06,994 - JSPGymEnvironment - INFO - Job J7 completed at time 5504.0, deadline: 2880, met: False, priority: 9
2025-04-13 19:48:07,029 - JSPGymEnvironment - INFO - Material change on machine M3: Racebike_Antrieb_installiert -> Racebike_Fahrrad_endmontiert, setup time: 15
2025-04-13 19:48:07,030 - JSPGymEnvironment - INFO - Executed operation: Job J4, Op 6, Machine M3, Start: 5519.0, End: 5545.0, Setup: 15
2025-04-13 19:48:07,030 - JSPGymEnvironment - INFO - Job J4 completed at time 5545.0, deadline: 2757, met: False, priority: 7
2025-04-13 19:48:07,248 - JSPGymEnvironment - INFO - Material change on machine M2: Racebike_Fahrrad_endmontiert -> Citybike_Schaltauge_bearbeitet, setup time: 20
2025-04-13 19:48:07,248 - JSPGymEnvironment - INFO - Executed operation: Job J11, Op 1, Machine M2, Start: 5565.0, End: 5578.0, Setup: 20
2025-04-13 19:48:07,286 - JSPGymEnvironment - INFO - Material change on machine M1: Racebike_Hauptrahmen_zugeschnitten -> Citybike_Hauptrahmen_zugeschnitten, setup time: 40
2025-04-13 19:48:07,286 - JSPGymEnvironment - INFO - Executed operation: Job J8, Op 0, Machine M1, Start: 5618.0, End: 5637.0, Setup: 40
2025-04-13 19:48:07,328 - JSPGymEnvironment - INFO - Material change on machine M3: Racebike_Fahrrad_endmontiert -> Citybike_Antrieb_installiert, setup time: 15
2025-04-13 19:48:07,328 - JSPGymEnvironment - INFO - Executed operation: Job J11, Op 2, Machine M3, Start: 5652.0, End: 5694.0, Setup: 15
2025-04-13 19:48:07,375 - JSPGymEnvironment - INFO - Material change on machine M3: Citybike_Antrieb_installiert -> Citybike_Bremsen_justiert, setup time: 15
2025-04-13 19:48:07,376 - JSPGymEnvironment - INFO - Executed operation: Job J11, Op 3, Machine M3, Start: 5709.0, End: 5731.0, Setup: 15
2025-04-13 19:48:07,417 - JSPGymEnvironment - INFO - Executed operation: Job J8, Op 1, Machine M2, Start: 5746.0, End: 5759.0, Setup: 15
2025-04-13 19:48:07,463 - JSPGymEnvironment - INFO - Material change on machine M3: Citybike_Bremsen_justiert -> Citybike_Antrieb_installiert, setup time: 15
2025-04-13 19:48:07,463 - JSPGymEnvironment - INFO - Executed operation: Job J8, Op 2, Machine M3, Start: 5774.0, End: 5828.0, Setup: 15
2025-04-13 19:48:07,504 - JSPGymEnvironment - INFO - Material change on machine M3: Citybike_Antrieb_installiert -> Citybike_Fahrrad_endmontiert, setup time: 15
2025-04-13 19:48:07,504 - JSPGymEnvironment - INFO - Executed operation: Job J11, Op 4, Machine M3, Start: 5843.0, End: 5882.0, Setup: 15
2025-04-13 19:48:07,543 - JSPGymEnvironment - INFO - Material change on machine M2: Citybike_Schaltauge_bearbeitet -> Citybike_Rahmen_nachbearbeitet, setup time: 20
2025-04-13 19:48:07,544 - JSPGymEnvironment - INFO - Executed operation: Job J11, Op 5, Machine M2, Start: 5902.0, End: 5919.0, Setup: 20
2025-04-13 19:48:07,583 - JSPGymEnvironment - INFO - Material change on machine M3: Citybike_Fahrrad_endmontiert -> Citybike_Bremsen_justiert, setup time: 15
2025-04-13 19:48:07,583 - JSPGymEnvironment - INFO - Executed operation: Job J8, Op 3, Machine M3, Start: 5934.0, End: 5992.0, Setup: 15
2025-04-13 19:48:07,622 - JSPGymEnvironment - INFO - Executed operation: Job J11, Op 6, Machine M2, Start: 6007.0, End: 6029.0, Setup: 15
2025-04-13 19:48:07,661 - JSPGymEnvironment - INFO - Material change on machine M2: Citybike_Rahmen_nachbearbeitet -> Citybike_Fahrrad_endmontiert, setup time: 20
2025-04-13 19:48:07,661 - JSPGymEnvironment - INFO - Executed operation: Job J11, Op 7, Machine M2, Start: 6049.0, End: 6078.0, Setup: 20
2025-04-13 19:48:07,661 - JSPGymEnvironment - INFO - Job J11 completed at time 6078.0, deadline: 2880, met: False, priority: 7
2025-04-13 19:48:07,695 - JSPGymEnvironment - INFO - Material change on machine M3: Citybike_Bremsen_justiert -> Citybike_Fahrrad_endmontiert, setup time: 15
2025-04-13 19:48:07,696 - JSPGymEnvironment - INFO - Executed operation: Job J8, Op 4, Machine M3, Start: 6093.0, End: 6142.0, Setup: 15
2025-04-13 19:48:07,730 - JSPGymEnvironment - INFO - Executed operation: Job J8, Op 5, Machine M2, Start: 6157.0, End: 6187.0, Setup: 15
2025-04-13 19:48:07,730 - JSPGymEnvironment - INFO - Job J8 completed at time 6187.0, deadline: 2762, met: False, priority: 5
2025-04-13 19:48:07,731 - JSPGymEnvironment - INFO - Reward function updated with 56 insights
2025-04-13 19:48:07,731 - JSPGymEnvironment - INFO -   Material change on critical path at Job 7 Operation 0 on Machine M1 (Severity: 1.00)
2025-04-13 19:48:07,731 - JSPGymEnvironment - INFO -   Material change on critical path at Job 7 Operation 2 on Machine M3 (Severity: 1.00)
2025-04-13 19:48:07,731 - JSPGymEnvironment - INFO -   Material change on critical path at Job 7 Operation 3 on Machine M3 (Severity: 1.00)
2025-04-13 19:48:07,731 - JSPGymEnvironment - INFO -   Idle time on critical path before Job 7 Operation 3 on Machine M3 (Severity: 1.83)
2025-04-13 19:48:07,731 - JSPGymEnvironment - INFO -   Material change on critical path at Job 7 Operation 4 on Machine M3 (Severity: 1.00)
2025-04-13 19:48:07,731 - JSPGymEnvironment - INFO -   Idle time on critical path before Job 7 Operation 4 on Machine M3 (Severity: 2.06)
2025-04-13 19:48:07,731 - JSPGymEnvironment - INFO -   High priority (10) not on critical path: Job 14 Operation 0 (Severity: 1.00)
2025-04-13 19:48:07,731 - JSPGymEnvironment - INFO -   High priority (10) not on critical path: Job 14 Operation 1 (Severity: 1.00)
2025-04-13 19:48:07,732 - JSPGymEnvironment - INFO -   High priority (10) not on critical path: Job 14 Operation 2 (Severity: 1.00)
2025-04-13 19:48:07,732 - JSPGymEnvironment - INFO -   High priority (10) not on critical path: Job 14 Operation 3 (Severity: 1.00)
2025-04-13 19:48:07,732 - JSPGymEnvironment - INFO -   High priority (8) not on critical path: Job 18 Operation 0 (Severity: 0.33)
2025-04-13 19:48:07,732 - JSPGymEnvironment - INFO -   High priority (8) not on critical path: Job 2 Operation 0 (Severity: 0.33)
2025-04-13 19:48:07,732 - JSPGymEnvironment - INFO -   High priority (10) not on critical path: Job 14 Operation 4 (Severity: 1.00)
2025-04-13 19:48:07,732 - JSPGymEnvironment - INFO -   High priority (10) not on critical path: Job 14 Operation 5 (Severity: 1.00)
2025-04-13 19:48:07,732 - JSPGymEnvironment - INFO -   High priority (10) not on critical path: Job 14 Operation 6 (Severity: 1.00)
2025-04-13 19:48:07,732 - JSPGymEnvironment - INFO -   High priority (10) not on critical path: Job 14 Operation 7 (Severity: 1.00)
2025-04-13 19:48:07,732 - JSPGymEnvironment - INFO -   High priority (8) not on critical path: Job 2 Operation 1 (Severity: 0.33)
2025-04-13 19:48:07,732 - JSPGymEnvironment - INFO -   High priority (10) not on critical path: Job 5 Operation 0 (Severity: 1.00)
2025-04-13 19:48:07,732 - JSPGymEnvironment - INFO -   High priority (9) not on critical path: Job 9 Operation 0 (Severity: 0.67)
2025-04-13 19:48:07,732 - JSPGymEnvironment - INFO -   High priority (8) not on critical path: Job 18 Operation 1 (Severity: 0.33)
2025-04-13 19:48:07,732 - JSPGymEnvironment - INFO -   High priority (10) not on critical path: Job 5 Operation 1 (Severity: 1.00)
2025-04-13 19:48:07,732 - JSPGymEnvironment - INFO -   High priority (8) not on critical path: Job 18 Operation 2 (Severity: 0.33)
2025-04-13 19:48:07,732 - JSPGymEnvironment - INFO -   High priority (8) not on critical path: Job 2 Operation 2 (Severity: 0.33)
2025-04-13 19:48:07,732 - JSPGymEnvironment - INFO -   High priority (8) not on critical path: Job 18 Operation 3 (Severity: 0.33)
2025-04-13 19:48:07,732 - JSPGymEnvironment - INFO -   High priority (8) not on critical path: Job 2 Operation 3 (Severity: 0.33)
2025-04-13 19:48:07,732 - JSPGymEnvironment - INFO -   High priority (8) not on critical path: Job 8 Operation 0 (Severity: 0.33)
2025-04-13 19:48:07,732 - JSPGymEnvironment - INFO -   High priority (8) not on critical path: Job 18 Operation 4 (Severity: 0.33)
2025-04-13 19:48:07,732 - JSPGymEnvironment - INFO -   High priority (9) not on critical path: Job 9 Operation 1 (Severity: 0.67)
2025-04-13 19:48:07,732 - JSPGymEnvironment - INFO -   High priority (8) not on critical path: Job 2 Operation 4 (Severity: 0.33)
2025-04-13 19:48:07,733 - JSPGymEnvironment - INFO -   High priority (8) not on critical path: Job 2 Operation 5 (Severity: 0.33)
2025-04-13 19:48:07,733 - JSPGymEnvironment - INFO -   High priority (8) not on critical path: Job 18 Operation 5 (Severity: 0.33)
2025-04-13 19:48:07,733 - JSPGymEnvironment - INFO -   High priority (8) not on critical path: Job 8 Operation 1 (Severity: 0.33)
2025-04-13 19:48:07,733 - JSPGymEnvironment - INFO -   High priority (8) not on critical path: Job 2 Operation 6 (Severity: 0.33)
2025-04-13 19:48:07,733 - JSPGymEnvironment - INFO -   High priority (8) not on critical path: Job 18 Operation 6 (Severity: 0.33)
2025-04-13 19:48:07,733 - JSPGymEnvironment - INFO -   High priority (8) not on critical path: Job 8 Operation 2 (Severity: 0.33)
2025-04-13 19:48:07,733 - JSPGymEnvironment - INFO -   High priority (8) not on critical path: Job 8 Operation 3 (Severity: 0.33)
2025-04-13 19:48:07,733 - JSPGymEnvironment - INFO -   High priority (8) not on critical path: Job 8 Operation 4 (Severity: 0.33)
2025-04-13 19:48:07,733 - JSPGymEnvironment - INFO -   High priority (9) not on critical path: Job 9 Operation 2 (Severity: 0.67)
2025-04-13 19:48:07,733 - JSPGymEnvironment - INFO -   High priority (10) not on critical path: Job 5 Operation 2 (Severity: 1.00)
2025-04-13 19:48:07,733 - JSPGymEnvironment - INFO -   High priority (10) not on critical path: Job 5 Operation 3 (Severity: 1.00)
2025-04-13 19:48:07,733 - JSPGymEnvironment - INFO -   High priority (10) not on critical path: Job 5 Operation 4 (Severity: 1.00)
2025-04-13 19:48:07,733 - JSPGymEnvironment - INFO -   High priority (9) not on critical path: Job 9 Operation 3 (Severity: 0.67)
2025-04-13 19:48:07,733 - JSPGymEnvironment - INFO -   High priority (8) not on critical path: Job 8 Operation 5 (Severity: 0.33)
2025-04-13 19:48:07,733 - JSPGymEnvironment - INFO -   High priority (9) not on critical path: Job 9 Operation 4 (Severity: 0.67)
2025-04-13 19:48:07,733 - JSPGymEnvironment - INFO -   High priority (8) not on critical path: Job 8 Operation 6 (Severity: 0.33)
2025-04-13 19:48:07,733 - JSPGymEnvironment - INFO -   High priority (9) not on critical path: Job 9 Operation 5 (Severity: 0.67)
2025-04-13 19:48:07,733 - JSPGymEnvironment - INFO -   High priority (9) not on critical path: Job 9 Operation 6 (Severity: 0.67)
2025-04-13 19:48:07,734 - JSPGymEnvironment - INFO -   High priority (9) not on critical path: Job 9 Operation 7 (Severity: 0.67)
2025-04-13 19:48:07,734 - JSPGymEnvironment - INFO -   High priority (9) not on critical path: Job 6 Operation 0 (Severity: 0.67)
2025-04-13 19:48:07,734 - JSPGymEnvironment - INFO -   High priority (9) not on critical path: Job 6 Operation 1 (Severity: 0.67)
2025-04-13 19:48:07,734 - JSPGymEnvironment - INFO -   High priority (9) not on critical path: Job 6 Operation 2 (Severity: 0.67)
2025-04-13 19:48:07,734 - JSPGymEnvironment - INFO -   High priority (9) not on critical path: Job 6 Operation 3 (Severity: 0.67)
2025-04-13 19:48:07,734 - JSPGymEnvironment - INFO -   High priority (9) not on critical path: Job 6 Operation 4 (Severity: 0.67)
2025-04-13 19:48:07,734 - JSPGymEnvironment - INFO -   High priority (9) not on critical path: Job 6 Operation 5 (Severity: 0.67)
2025-04-13 19:48:07,734 - JSPGymEnvironment - INFO -   High priority (9) not on critical path: Job 6 Operation 6 (Severity: 0.67)
2025-04-13 19:48:07,734 - JSPGymEnvironment - INFO -   High priority (9) not on critical path: Job 6 Operation 7 (Severity: 0.67)
2025-04-13 19:48:07,735 - JSPGymEnvironment - INFO - Episode completed. Critical path: 6 operations, Suboptimal placements: 56
2025-04-13 19:48:07,735 - JSPGymEnvironment - INFO - Reward components: {'makespan_reward': -0.45, 'setup_reward': -7.5, 'idle_penalty': 0.0, 'deadline_reward': -6.200217233888487, 'priority_reward': 10.0, 'critical_job_reward': 0.0, 'global_progress_reward': 5.0, 'objective_reward': 0.0, 'placement_reward': 2.5, 'lookahead_reward': 0.0}
