2025-04-13 19:47:18,261 - JSPGymEnvironment - INFO - Environment reset
2025-04-13 19:47:18,353 - JSPGymEnvironment - INFO - Environment reset
2025-04-13 19:47:18,518 - JSPGymEnvironment - INFO - Material change on machine M1:  -> Citybike_Hauptrahmen_zugeschnitten, setup time: 0
2025-04-13 19:47:18,519 - JSPGymEnvironment - INFO - Executed operation: Job J14, Op 0, Machine M1, Start: 0.0, End: 18.0, Setup: 0
2025-04-13 19:47:18,554 - JSPGymEnvironment - INFO - Material change on machine M1: Citybike_Hauptrahmen_zugeschnitten -> Racebike_Hauptrahmen_zugeschnitten, setup time: 40
2025-04-13 19:47:18,555 - JSPGymEnvironment - INFO - Executed operation: Job J1, Op 0, Machine M1, Start: 58.0, End: 98.0, Setup: 40
2025-04-13 19:47:18,588 - JSPGymEnvironment - INFO - Material change on machine M1: Racebike_Hauptrahmen_zugeschnitten -> Citybike_Hauptrahmen_zugeschnitten, setup time: 40
2025-04-13 19:47:18,588 - JSPGymEnvironment - INFO - Executed operation: Job J9, Op 0, Machine M1, Start: 138.0, End: 178.0, Setup: 40
2025-04-13 19:47:18,628 - JSPGymEnvironment - INFO - Material change on machine M2:  -> Racebike_Schaltauge_bearbeitet, setup time: 0
2025-04-13 19:47:18,628 - JSPGymEnvironment - INFO - Executed operation: Job J1, Op 1, Machine M2, Start: 178.0, End: 194.0, Setup: 0
2025-04-13 19:47:18,665 - JSPGymEnvironment - INFO - Material change on machine M2: Racebike_Schaltauge_bearbeitet -> Citybike_Schaltauge_bearbeitet, setup time: 20
2025-04-13 19:47:18,665 - JSPGymEnvironment - INFO - Executed operation: Job J14, Op 1, Machine M2, Start: 214.0, End: 230.0, Setup: 20
2025-04-13 19:47:18,703 - JSPGymEnvironment - INFO - Material change on machine M1: Citybike_Hauptrahmen_zugeschnitten -> Racebike_Hauptrahmen_zugeschnitten, setup time: 40
2025-04-13 19:47:18,704 - JSPGymEnvironment - INFO - Executed operation: Job J7, Op 0, Machine M1, Start: 270.0, End: 305.0, Setup: 40
2025-04-13 19:47:18,741 - JSPGymEnvironment - INFO - Material change on machine M2: Citybike_Schaltauge_bearbeitet -> Racebike_Schaltauge_bearbeitet, setup time: 20
2025-04-13 19:47:18,741 - JSPGymEnvironment - INFO - Executed operation: Job J7, Op 1, Machine M2, Start: 325.0, End: 348.0, Setup: 20
2025-04-13 19:47:18,779 - JSPGymEnvironment - INFO - Material change on machine M3:  -> Citybike_Antrieb_installiert, setup time: 0
2025-04-13 19:47:18,780 - JSPGymEnvironment - INFO - Executed operation: Job J14, Op 2, Machine M3, Start: 348.0, End: 370.0, Setup: 0
2025-04-13 19:47:18,824 - JSPGymEnvironment - INFO - Material change on machine M2: Racebike_Schaltauge_bearbeitet -> Citybike_Schaltauge_bearbeitet, setup time: 20
2025-04-13 19:47:18,824 - JSPGymEnvironment - INFO - Executed operation: Job J9, Op 1, Machine M2, Start: 390.0, End: 406.0, Setup: 20
2025-04-13 19:47:18,863 - JSPGymEnvironment - INFO - Material change on machine M1: Racebike_Hauptrahmen_zugeschnitten -> Citybike_Hauptrahmen_zugeschnitten, setup time: 40
2025-04-13 19:47:18,863 - JSPGymEnvironment - INFO - Executed operation: Job J11, Op 0, Machine M1, Start: 446.0, End: 477.0, Setup: 40
2025-04-13 19:47:19,152 - JSPGymEnvironment - INFO - Material change on machine M1: Citybike_Hauptrahmen_zugeschnitten -> Racebike_Hauptrahmen_zugeschnitten, setup time: 40
2025-04-13 19:47:19,152 - JSPGymEnvironment - INFO - Executed operation: Job J4, Op 0, Machine M1, Start: 517.0, End: 542.0, Setup: 40
2025-04-13 19:47:19,186 - JSPGymEnvironment - INFO - Material change on machine M3: Citybike_Antrieb_installiert -> Racebike_Antrieb_installiert, setup time: 15
2025-04-13 19:47:19,186 - JSPGymEnvironment - INFO - Executed operation: Job J1, Op 2, Machine M3, Start: 557.0, End: 593.0, Setup: 15
2025-04-13 19:47:19,219 - JSPGymEnvironment - INFO - Material change on machine M1: Racebike_Hauptrahmen_zugeschnitten -> Mountainbike_Hauptrahmen_zugeschnitten, setup time: 40
2025-04-13 19:47:19,219 - JSPGymEnvironment - INFO - Executed operation: Job J12, Op 0, Machine M1, Start: 633.0, End: 664.0, Setup: 40
2025-04-13 19:47:19,257 - JSPGymEnvironment - INFO - Executed operation: Job J7, Op 2, Machine M3, Start: 674.0, End: 698.0, Setup: 10
2025-04-13 19:47:19,301 - JSPGymEnvironment - INFO - Material change on machine M2: Citybike_Schaltauge_bearbeitet -> Racebike_Bremsaufnahme_gebohrt, setup time: 20
2025-04-13 19:47:19,302 - JSPGymEnvironment - INFO - Executed operation: Job J7, Op 3, Machine M2, Start: 718.0, End: 741.0, Setup: 20
2025-04-13 19:47:19,346 - JSPGymEnvironment - INFO - Material change on machine M2: Racebike_Bremsaufnahme_gebohrt -> Citybike_Bremsaufnahme_gebohrt, setup time: 20
2025-04-13 19:47:19,347 - JSPGymEnvironment - INFO - Executed operation: Job J14, Op 3, Machine M2, Start: 761.0, End: 779.0, Setup: 20
2025-04-13 19:47:19,405 - JSPGymEnvironment - INFO - Material change on machine M2: Citybike_Bremsaufnahme_gebohrt -> Citybike_Rahmen_nachbearbeitet, setup time: 20
2025-04-13 19:47:19,406 - JSPGymEnvironment - INFO - Executed operation: Job J14, Op 4, Machine M2, Start: 799.0, End: 828.0, Setup: 20
2025-04-13 19:47:19,473 - JSPGymEnvironment - INFO - Material change on machine M2: Citybike_Rahmen_nachbearbeitet -> Racebike_Rahmen_nachbearbeitet, setup time: 20
2025-04-13 19:47:19,474 - JSPGymEnvironment - INFO - Executed operation: Job J7, Op 4, Machine M2, Start: 848.0, End: 874.0, Setup: 20
2025-04-13 19:47:19,532 - JSPGymEnvironment - INFO - Executed operation: Job J7, Op 5, Machine M2, Start: 889.0, End: 907.0, Setup: 15
2025-04-13 19:47:19,593 - JSPGymEnvironment - INFO - Material change on machine M2: Racebike_Rahmen_nachbearbeitet -> Citybike_Rahmen_nachbearbeitet, setup time: 20
2025-04-13 19:47:19,594 - JSPGymEnvironment - INFO - Executed operation: Job J14, Op 5, Machine M2, Start: 927.0, End: 957.0, Setup: 20
2025-04-13 19:47:19,646 - JSPGymEnvironment - INFO - Executed operation: Job J14, Op 6, Machine M2, Start: 972.0, End: 996.0, Setup: 15
2025-04-13 19:47:19,698 - JSPGymEnvironment - INFO - Material change on machine M2: Citybike_Rahmen_nachbearbeitet -> Racebike_Rahmen_nachbearbeitet, setup time: 20
2025-04-13 19:47:19,698 - JSPGymEnvironment - INFO - Executed operation: Job J7, Op 6, Machine M2, Start: 1016.0, End: 1031.0, Setup: 20
2025-04-13 19:47:19,747 - JSPGymEnvironment - INFO - Material change on machine M2: Racebike_Rahmen_nachbearbeitet -> Racebike_Fahrrad_endmontiert, setup time: 20
2025-04-13 19:47:19,747 - JSPGymEnvironment - INFO - Executed operation: Job J7, Op 7, Machine M2, Start: 1051.0, End: 1076.0, Setup: 20
2025-04-13 19:47:19,747 - JSPGymEnvironment - INFO - Job J7 completed at time 1076.0, deadline: 2880, met: True, priority: 9
2025-04-13 19:47:19,795 - JSPGymEnvironment - INFO - Material change on machine M2: Racebike_Fahrrad_endmontiert -> Citybike_Fahrrad_endmontiert, setup time: 20
2025-04-13 19:47:19,796 - JSPGymEnvironment - INFO - Executed operation: Job J14, Op 7, Machine M2, Start: 1096.0, End: 1117.0, Setup: 20
2025-04-13 19:47:19,796 - JSPGymEnvironment - INFO - Job J14 completed at time 1117.0, deadline: 2880, met: True, priority: 3
2025-04-13 19:47:20,055 - JSPGymEnvironment - INFO - Executed operation: Job J5, Op 0, Machine M1, Start: 1142.0, End: 1178.0, Setup: 25
2025-04-13 19:47:20,094 - JSPGymEnvironment - INFO - Material change on machine M2: Citybike_Fahrrad_endmontiert -> Racebike_Bremsaufnahme_gebohrt, setup time: 20
2025-04-13 19:47:20,094 - JSPGymEnvironment - INFO - Executed operation: Job J1, Op 3, Machine M2, Start: 1198.0, End: 1216.0, Setup: 20
2025-04-13 19:47:20,141 - JSPGymEnvironment - INFO - Material change on machine M2: Racebike_Bremsaufnahme_gebohrt -> Mountainbike_Schaltauge_bearbeitet, setup time: 20
2025-04-13 19:47:20,141 - JSPGymEnvironment - INFO - Executed operation: Job J12, Op 1, Machine M2, Start: 1236.0, End: 1258.0, Setup: 20
2025-04-13 19:47:20,183 - JSPGymEnvironment - INFO - Executed operation: Job J18, Op 0, Machine M1, Start: 1283.0, End: 1305.0, Setup: 25
2025-04-13 19:47:20,223 - JSPGymEnvironment - INFO - Material change on machine M1: Mountainbike_Hauptrahmen_zugeschnitten -> Racebike_Hauptrahmen_zugeschnitten, setup time: 40
2025-04-13 19:47:20,223 - JSPGymEnvironment - INFO - Executed operation: Job J6, Op 0, Machine M1, Start: 1345.0, End: 1381.0, Setup: 40
2025-04-13 19:47:20,267 - JSPGymEnvironment - INFO - Material change on machine M2: Mountainbike_Schaltauge_bearbeitet -> Racebike_Rahmen_nachbearbeitet, setup time: 20
2025-04-13 19:47:20,267 - JSPGymEnvironment - INFO - Executed operation: Job J1, Op 4, Machine M2, Start: 1401.0, End: 1423.0, Setup: 20
2025-04-13 19:47:20,304 - JSPGymEnvironment - INFO - Material change on machine M2: Racebike_Rahmen_nachbearbeitet -> Racebike_Schaltauge_bearbeitet, setup time: 20
2025-04-13 19:47:20,306 - JSPGymEnvironment - INFO - Executed operation: Job J6, Op 1, Machine M2, Start: 1443.0, End: 1456.0, Setup: 20
2025-04-13 19:47:20,349 - JSPGymEnvironment - INFO - Material change on machine M2: Racebike_Schaltauge_bearbeitet -> Racebike_Fahrrad_endmontiert, setup time: 20
2025-04-13 19:47:20,349 - JSPGymEnvironment - INFO - Executed operation: Job J1, Op 5, Machine M2, Start: 1476.0, End: 1488.0, Setup: 20
2025-04-13 19:47:20,349 - JSPGymEnvironment - INFO - Job J1 completed at time 1488.0, deadline: 2790, met: True, priority: 7
2025-04-13 19:47:20,389 - JSPGymEnvironment - INFO - Material change on machine M1: Racebike_Hauptrahmen_zugeschnitten -> Mountainbike_Hauptrahmen_zugeschnitten, setup time: 40
2025-04-13 19:47:20,390 - JSPGymEnvironment - INFO - Executed operation: Job J20, Op 0, Machine M1, Start: 1528.0, End: 1547.0, Setup: 40
2025-04-13 19:47:20,430 - JSPGymEnvironment - INFO - Material change on machine M1: Mountainbike_Hauptrahmen_zugeschnitten -> Racebike_Hauptrahmen_zugeschnitten, setup time: 40
2025-04-13 19:47:20,430 - JSPGymEnvironment - INFO - Executed operation: Job J15, Op 0, Machine M1, Start: 1587.0, End: 1610.0, Setup: 40
2025-04-13 19:47:20,474 - JSPGymEnvironment - INFO - Material change on machine M2: Racebike_Fahrrad_endmontiert -> Mountainbike_Schaltauge_bearbeitet, setup time: 20
2025-04-13 19:47:20,474 - JSPGymEnvironment - INFO - Executed operation: Job J20, Op 1, Machine M2, Start: 1630.0, End: 1655.0, Setup: 20
2025-04-13 19:47:20,515 - JSPGymEnvironment - INFO - Material change on machine M1: Racebike_Hauptrahmen_zugeschnitten -> E-Bike_Hauptrahmen_zugeschnitten, setup time: 40
2025-04-13 19:47:20,515 - JSPGymEnvironment - INFO - Executed operation: Job J13, Op 0, Machine M1, Start: 1695.0, End: 1736.0, Setup: 40
2025-04-13 19:47:20,551 - JSPGymEnvironment - INFO - Material change on machine M3: Racebike_Antrieb_installiert -> Citybike_Antrieb_installiert, setup time: 15
2025-04-13 19:47:20,552 - JSPGymEnvironment - INFO - Executed operation: Job J9, Op 2, Machine M3, Start: 1751.0, End: 1805.0, Setup: 15
2025-04-13 19:47:20,799 - JSPGymEnvironment - INFO - Material change on machine M3: Citybike_Antrieb_installiert -> Racebike_Antrieb_installiert, setup time: 15
2025-04-13 19:47:20,799 - JSPGymEnvironment - INFO - Executed operation: Job J6, Op 2, Machine M3, Start: 1820.0, End: 1858.0, Setup: 15
2025-04-13 19:47:20,841 - JSPGymEnvironment - INFO - Material change on machine M1: E-Bike_Hauptrahmen_zugeschnitten -> Citybike_Hauptrahmen_zugeschnitten, setup time: 40
2025-04-13 19:47:20,841 - JSPGymEnvironment - INFO - Executed operation: Job J8, Op 0, Machine M1, Start: 1898.0, End: 1917.0, Setup: 40
2025-04-13 19:47:20,875 - JSPGymEnvironment - INFO - Executed operation: Job J17, Op 0, Machine M1, Start: 1942.0, End: 1980.0, Setup: 25
2025-04-13 19:47:20,906 - JSPGymEnvironment - INFO - Material change on machine M3: Racebike_Antrieb_installiert -> Mountainbike_Antrieb_installiert, setup time: 15
2025-04-13 19:47:20,907 - JSPGymEnvironment - INFO - Executed operation: Job J12, Op 2, Machine M3, Start: 1995.0, End: 2040.0, Setup: 15
2025-04-13 19:47:20,940 - JSPGymEnvironment - INFO - Material change on machine M2: Mountainbike_Schaltauge_bearbeitet -> Racebike_Schaltauge_bearbeitet, setup time: 20
2025-04-13 19:47:20,940 - JSPGymEnvironment - INFO - Executed operation: Job J15, Op 1, Machine M2, Start: 2060.0, End: 2073.0, Setup: 20
2025-04-13 19:47:20,972 - JSPGymEnvironment - INFO - Material change on machine M2: Racebike_Schaltauge_bearbeitet -> Mountainbike_Schaltauge_bearbeitet, setup time: 20
2025-04-13 19:47:20,973 - JSPGymEnvironment - INFO - Executed operation: Job J18, Op 1, Machine M2, Start: 2093.0, End: 2113.0, Setup: 20
2025-04-13 19:47:21,005 - JSPGymEnvironment - INFO - Material change on machine M2: Mountainbike_Schaltauge_bearbeitet -> Racebike_Schaltauge_bearbeitet, setup time: 20
2025-04-13 19:47:21,006 - JSPGymEnvironment - INFO - Executed operation: Job J4, Op 1, Machine M2, Start: 2133.0, End: 2148.0, Setup: 20
2025-04-13 19:47:21,044 - JSPGymEnvironment - INFO - Executed operation: Job J20, Op 2, Machine M3, Start: 2158.0, End: 2182.0, Setup: 10
2025-04-13 19:47:21,082 - JSPGymEnvironment - INFO - Material change on machine M2: Racebike_Schaltauge_bearbeitet -> Citybike_Schaltauge_bearbeitet, setup time: 20
2025-04-13 19:47:21,082 - JSPGymEnvironment - INFO - Executed operation: Job J11, Op 1, Machine M2, Start: 2202.0, End: 2215.0, Setup: 20
2025-04-13 19:47:21,122 - JSPGymEnvironment - INFO - Executed operation: Job J18, Op 2, Machine M3, Start: 2225.0, End: 2254.0, Setup: 10
2025-04-13 19:47:21,158 - JSPGymEnvironment - INFO - Material change on machine M2: Citybike_Schaltauge_bearbeitet -> Mountainbike_Schaltauge_bearbeitet, setup time: 20
2025-04-13 19:47:21,158 - JSPGymEnvironment - INFO - Executed operation: Job J5, Op 1, Machine M2, Start: 2274.0, End: 2289.0, Setup: 20
2025-04-13 19:47:21,195 - JSPGymEnvironment - INFO - Material change on machine M2: Mountainbike_Schaltauge_bearbeitet -> Mountainbike_Bremsaufnahme_gebohrt, setup time: 20
2025-04-13 19:47:21,196 - JSPGymEnvironment - INFO - Executed operation: Job J12, Op 3, Machine M2, Start: 2309.0, End: 2335.0, Setup: 20
2025-04-13 19:47:21,228 - JSPGymEnvironment - INFO - Material change on machine M1: Citybike_Hauptrahmen_zugeschnitten -> E-Bike_Hauptrahmen_zugeschnitten, setup time: 40
2025-04-13 19:47:21,228 - JSPGymEnvironment - INFO - Executed operation: Job J19, Op 0, Machine M1, Start: 2375.0, End: 2390.0, Setup: 40
2025-04-13 19:47:21,460 - JSPGymEnvironment - INFO - Material change on machine M2: Mountainbike_Bremsaufnahme_gebohrt -> Citybike_Bremsaufnahme_gebohrt, setup time: 20
2025-04-13 19:47:21,460 - JSPGymEnvironment - INFO - Executed operation: Job J9, Op 3, Machine M2, Start: 2410.0, End: 2433.0, Setup: 20
2025-04-13 19:47:21,495 - JSPGymEnvironment - INFO - Material change on machine M3: Mountainbike_Antrieb_installiert -> Racebike_Antrieb_installiert, setup time: 15
2025-04-13 19:47:21,495 - JSPGymEnvironment - INFO - Executed operation: Job J4, Op 2, Machine M3, Start: 2448.0, End: 2488.0, Setup: 15
2025-04-13 19:47:21,526 - JSPGymEnvironment - INFO - Material change on machine M3: Racebike_Antrieb_installiert -> Mountainbike_Antrieb_installiert, setup time: 15
2025-04-13 19:47:21,527 - JSPGymEnvironment - INFO - Executed operation: Job J5, Op 2, Machine M3, Start: 2503.0, End: 2528.0, Setup: 15
2025-04-13 19:47:21,557 - JSPGymEnvironment - INFO - Material change on machine M3: Mountainbike_Antrieb_installiert -> Mountainbike_Bremsen_justiert, setup time: 15
2025-04-13 19:47:21,557 - JSPGymEnvironment - INFO - Executed operation: Job J18, Op 3, Machine M3, Start: 2543.0, End: 2598.0, Setup: 15
2025-04-13 19:47:21,587 - JSPGymEnvironment - INFO - Material change on machine M2: Citybike_Bremsaufnahme_gebohrt -> E-Bike_Schaltauge_bearbeitet, setup time: 20
2025-04-13 19:47:21,587 - JSPGymEnvironment - INFO - Executed operation: Job J13, Op 1, Machine M2, Start: 2618.0, End: 2641.0, Setup: 20
2025-04-13 19:47:21,620 - JSPGymEnvironment - INFO - Material change on machine M3: Mountainbike_Bremsen_justiert -> E-Bike_Antrieb_installiert, setup time: 15
2025-04-13 19:47:21,620 - JSPGymEnvironment - INFO - Executed operation: Job J13, Op 2, Machine M3, Start: 2656.0, End: 2709.0, Setup: 15
2025-04-13 19:47:21,653 - JSPGymEnvironment - INFO - Executed operation: Job J3, Op 0, Machine M1, Start: 2734.0, End: 2768.0, Setup: 25
2025-04-13 19:47:21,686 - JSPGymEnvironment - INFO - Material change on machine M3: E-Bike_Antrieb_installiert -> Citybike_Antrieb_installiert, setup time: 15
2025-04-13 19:47:21,686 - JSPGymEnvironment - INFO - Executed operation: Job J11, Op 2, Machine M3, Start: 2783.0, End: 2825.0, Setup: 15
2025-04-13 19:47:21,719 - JSPGymEnvironment - INFO - Material change on machine M2: E-Bike_Schaltauge_bearbeitet -> Citybike_Rahmen_nachbearbeitet, setup time: 20
2025-04-13 19:47:21,719 - JSPGymEnvironment - INFO - Executed operation: Job J9, Op 4, Machine M2, Start: 2845.0, End: 2857.0, Setup: 20
2025-04-13 19:47:21,751 - JSPGymEnvironment - INFO - Material change on machine M2: Citybike_Rahmen_nachbearbeitet -> Racebike_Bremsaufnahme_gebohrt, setup time: 20
2025-04-13 19:47:21,751 - JSPGymEnvironment - INFO - Executed operation: Job J4, Op 3, Machine M2, Start: 2877.0, End: 2891.0, Setup: 20
2025-04-13 19:47:21,783 - JSPGymEnvironment - INFO - Material change on machine M2: Racebike_Bremsaufnahme_gebohrt -> Racebike_Rahmen_nachbearbeitet, setup time: 20
2025-04-13 19:47:21,783 - JSPGymEnvironment - INFO - Executed operation: Job J4, Op 4, Machine M2, Start: 2911.0, End: 2936.0, Setup: 20
2025-04-13 19:47:21,815 - JSPGymEnvironment - INFO - Executed operation: Job J4, Op 5, Machine M2, Start: 2951.0, End: 2975.0, Setup: 15
2025-04-13 19:47:21,847 - JSPGymEnvironment - INFO - Material change on machine M3: Citybike_Antrieb_installiert -> Citybike_Fahrrad_endmontiert, setup time: 15
2025-04-13 19:47:21,847 - JSPGymEnvironment - INFO - Executed operation: Job J9, Op 5, Machine M3, Start: 2990.0, End: 3041.0, Setup: 15
2025-04-13 19:47:21,879 - JSPGymEnvironment - INFO - Material change on machine M3: Citybike_Fahrrad_endmontiert -> Citybike_Bremsen_justiert, setup time: 15
2025-04-13 19:47:21,880 - JSPGymEnvironment - INFO - Executed operation: Job J11, Op 3, Machine M3, Start: 3056.0, End: 3078.0, Setup: 15
2025-04-13 19:47:21,911 - JSPGymEnvironment - INFO - Material change on machine M2: Racebike_Rahmen_nachbearbeitet -> E-Bike_Schaltauge_bearbeitet, setup time: 20
2025-04-13 19:47:21,911 - JSPGymEnvironment - INFO - Executed operation: Job J19, Op 1, Machine M2, Start: 3098.0, End: 3128.0, Setup: 20
2025-04-13 19:47:22,165 - JSPGymEnvironment - INFO - Material change on machine M2: E-Bike_Schaltauge_bearbeitet -> Mountainbike_Bremsaufnahme_gebohrt, setup time: 20
2025-04-13 19:47:22,165 - JSPGymEnvironment - INFO - Executed operation: Job J5, Op 3, Machine M2, Start: 3148.0, End: 3163.0, Setup: 20
2025-04-13 19:47:22,201 - JSPGymEnvironment - INFO - Material change on machine M2: Mountainbike_Bremsaufnahme_gebohrt -> Mountainbike_Rahmen_nachbearbeitet, setup time: 20
2025-04-13 19:47:22,201 - JSPGymEnvironment - INFO - Executed operation: Job J5, Op 4, Machine M2, Start: 3183.0, End: 3213.0, Setup: 20
2025-04-13 19:47:22,239 - JSPGymEnvironment - INFO - Material change on machine M2: Mountainbike_Rahmen_nachbearbeitet -> E-Bike_Bremsaufnahme_gebohrt, setup time: 20
2025-04-13 19:47:22,240 - JSPGymEnvironment - INFO - Executed operation: Job J13, Op 3, Machine M2, Start: 3233.0, End: 3255.0, Setup: 20
2025-04-13 19:47:22,281 - JSPGymEnvironment - INFO - Material change on machine M2: E-Bike_Bremsaufnahme_gebohrt -> E-Bike_Schaltauge_bearbeitet, setup time: 20
2025-04-13 19:47:22,281 - JSPGymEnvironment - INFO - Executed operation: Job J3, Op 1, Machine M2, Start: 3275.0, End: 3295.0, Setup: 20
2025-04-13 19:47:22,325 - JSPGymEnvironment - INFO - Material change on machine M3: Citybike_Bremsen_justiert -> E-Bike_Antrieb_installiert, setup time: 15
2025-04-13 19:47:22,325 - JSPGymEnvironment - INFO - Executed operation: Job J19, Op 2, Machine M3, Start: 3310.0, End: 3332.0, Setup: 15
2025-04-13 19:47:22,371 - JSPGymEnvironment - INFO - Material change on machine M3: E-Bike_Antrieb_installiert -> Citybike_Fahrrad_endmontiert, setup time: 15
2025-04-13 19:47:22,372 - JSPGymEnvironment - INFO - Executed operation: Job J9, Op 6, Machine M3, Start: 3347.0, End: 3370.0, Setup: 15
2025-04-13 19:47:22,372 - JSPGymEnvironment - INFO - Job J9 completed at time 3370.0, deadline: 2880, met: False, priority: 8
2025-04-13 19:47:22,416 - JSPGymEnvironment - INFO - Material change on machine M1: E-Bike_Hauptrahmen_zugeschnitten -> Citybike_Hauptrahmen_zugeschnitten, setup time: 40
2025-04-13 19:47:22,417 - JSPGymEnvironment - INFO - Executed operation: Job J2, Op 0, Machine M1, Start: 3410.0, End: 3426.0, Setup: 40
2025-04-13 19:47:22,457 - JSPGymEnvironment - INFO - Material change on machine M2: E-Bike_Schaltauge_bearbeitet -> Mountainbike_Fahrrad_endmontiert, setup time: 20
2025-04-13 19:47:22,458 - JSPGymEnvironment - INFO - Executed operation: Job J5, Op 5, Machine M2, Start: 3446.0, End: 3468.0, Setup: 20
2025-04-13 19:47:22,458 - JSPGymEnvironment - INFO - Job J5 completed at time 3468.0, deadline: 2880, met: False, priority: 1
2025-04-13 19:47:22,501 - JSPGymEnvironment - INFO - Executed operation: Job J11, Op 4, Machine M3, Start: 3478.0, End: 3517.0, Setup: 10
2025-04-13 19:47:22,544 - JSPGymEnvironment - INFO - Material change on machine M3: Citybike_Fahrrad_endmontiert -> Racebike_Fahrrad_endmontiert, setup time: 15
2025-04-13 19:47:22,545 - JSPGymEnvironment - INFO - Executed operation: Job J4, Op 6, Machine M3, Start: 3532.0, End: 3558.0, Setup: 15
2025-04-13 19:47:22,545 - JSPGymEnvironment - INFO - Job J4 completed at time 3558.0, deadline: 2757, met: False, priority: 7
2025-04-13 19:47:22,586 - JSPGymEnvironment - INFO - Material change on machine M2: Mountainbike_Fahrrad_endmontiert -> Citybike_Rahmen_nachbearbeitet, setup time: 20
2025-04-13 19:47:22,586 - JSPGymEnvironment - INFO - Executed operation: Job J11, Op 5, Machine M2, Start: 3578.0, End: 3595.0, Setup: 20
2025-04-13 19:47:22,623 - JSPGymEnvironment - INFO - Material change on machine M3: Racebike_Fahrrad_endmontiert -> Racebike_Bremsen_justiert, setup time: 15
2025-04-13 19:47:22,623 - JSPGymEnvironment - INFO - Executed operation: Job J6, Op 3, Machine M3, Start: 3610.0, End: 3668.0, Setup: 15
2025-04-13 19:47:22,655 - JSPGymEnvironment - INFO - Material change on machine M2: Citybike_Rahmen_nachbearbeitet -> Mountainbike_Rahmen_nachbearbeitet, setup time: 20
2025-04-13 19:47:22,656 - JSPGymEnvironment - INFO - Executed operation: Job J12, Op 4, Machine M2, Start: 3688.0, End: 3716.0, Setup: 20
2025-04-13 19:47:22,692 - JSPGymEnvironment - INFO - Material change on machine M3: Racebike_Bremsen_justiert -> Racebike_Fahrrad_endmontiert, setup time: 15
2025-04-13 19:47:22,692 - JSPGymEnvironment - INFO - Executed operation: Job J6, Op 4, Machine M3, Start: 3731.0, End: 3772.0, Setup: 15
2025-04-13 19:47:22,692 - JSPGymEnvironment - INFO - Job J6 completed at time 3772.0, deadline: 2880, met: False, priority: 10
2025-04-13 19:47:22,935 - JSPGymEnvironment - INFO - Material change on machine M2: Mountainbike_Rahmen_nachbearbeitet -> Citybike_Rahmen_nachbearbeitet, setup time: 20
2025-04-13 19:47:22,935 - JSPGymEnvironment - INFO - Executed operation: Job J11, Op 6, Machine M2, Start: 3792.0, End: 3814.0, Setup: 20
2025-04-13 19:47:22,982 - JSPGymEnvironment - INFO - Material change on machine M2: Citybike_Rahmen_nachbearbeitet -> Citybike_Fahrrad_endmontiert, setup time: 20
2025-04-13 19:47:22,983 - JSPGymEnvironment - INFO - Executed operation: Job J11, Op 7, Machine M2, Start: 3834.0, End: 3863.0, Setup: 20
2025-04-13 19:47:22,983 - JSPGymEnvironment - INFO - Job J11 completed at time 3863.0, deadline: 2880, met: False, priority: 7
2025-04-13 19:47:23,028 - JSPGymEnvironment - INFO - Material change on machine M3: Racebike_Fahrrad_endmontiert -> E-Bike_Fahrrad_endmontiert, setup time: 15
2025-04-13 19:47:23,028 - JSPGymEnvironment - INFO - Executed operation: Job J13, Op 4, Machine M3, Start: 3878.0, End: 3931.0, Setup: 15
2025-04-13 19:47:23,028 - JSPGymEnvironment - INFO - Job J13 completed at time 3931.0, deadline: 2863, met: False, priority: 7
2025-04-13 19:47:23,091 - JSPGymEnvironment - INFO - Material change on machine M2: Citybike_Fahrrad_endmontiert -> Mountainbike_Fahrrad_endmontiert, setup time: 20
2025-04-13 19:47:23,091 - JSPGymEnvironment - INFO - Executed operation: Job J18, Op 4, Machine M2, Start: 3951.0, End: 3964.0, Setup: 20
2025-04-13 19:47:23,092 - JSPGymEnvironment - INFO - Job J18 completed at time 3964.0, deadline: 2880, met: False, priority: 6
2025-04-13 19:47:23,169 - JSPGymEnvironment - INFO - Material change on machine M2: Mountainbike_Fahrrad_endmontiert -> Mountainbike_Rahmen_nachbearbeitet, setup time: 20
2025-04-13 19:47:23,170 - JSPGymEnvironment - INFO - Executed operation: Job J12, Op 5, Machine M2, Start: 3984.0, End: 4012.0, Setup: 20
2025-04-13 19:47:23,231 - JSPGymEnvironment - INFO - Material change on machine M2: Mountainbike_Rahmen_nachbearbeitet -> E-Bike_Bremsaufnahme_gebohrt, setup time: 20
2025-04-13 19:47:23,231 - JSPGymEnvironment - INFO - Executed operation: Job J19, Op 3, Machine M2, Start: 4032.0, End: 4045.0, Setup: 20
2025-04-13 19:47:23,281 - JSPGymEnvironment - INFO - Material change on machine M3: E-Bike_Fahrrad_endmontiert -> Mountainbike_Bremsen_justiert, setup time: 15
2025-04-13 19:47:23,281 - JSPGymEnvironment - INFO - Executed operation: Job J20, Op 3, Machine M3, Start: 4060.0, End: 4101.0, Setup: 15
2025-04-13 19:47:23,350 - JSPGymEnvironment - INFO - Material change on machine M2: E-Bike_Bremsaufnahme_gebohrt -> E-Bike_Rahmen_nachbearbeitet, setup time: 20
2025-04-13 19:47:23,351 - JSPGymEnvironment - INFO - Executed operation: Job J19, Op 4, Machine M2, Start: 4121.0, End: 4138.0, Setup: 20
2025-04-13 19:47:23,405 - JSPGymEnvironment - INFO - Executed operation: Job J19, Op 5, Machine M2, Start: 4153.0, End: 4174.0, Setup: 15
2025-04-13 19:47:23,466 - JSPGymEnvironment - INFO - Material change on machine M3: Mountainbike_Bremsen_justiert -> Racebike_Antrieb_installiert, setup time: 15
2025-04-13 19:47:23,466 - JSPGymEnvironment - INFO - Executed operation: Job J15, Op 2, Machine M3, Start: 4189.0, End: 4224.0, Setup: 15
2025-04-13 19:47:23,512 - JSPGymEnvironment - INFO - Material change on machine M2: E-Bike_Rahmen_nachbearbeitet -> Mountainbike_Fahrrad_endmontiert, setup time: 20
2025-04-13 19:47:23,512 - JSPGymEnvironment - INFO - Executed operation: Job J12, Op 6, Machine M2, Start: 4244.0, End: 4266.0, Setup: 20
2025-04-13 19:47:23,513 - JSPGymEnvironment - INFO - Job J12 completed at time 4266.0, deadline: 2863, met: False, priority: 2
2025-04-13 19:47:23,560 - JSPGymEnvironment - INFO - Material change on machine M2: Mountainbike_Fahrrad_endmontiert -> Mountainbike_Rahmen_nachbearbeitet, setup time: 20
2025-04-13 19:47:23,560 - JSPGymEnvironment - INFO - Executed operation: Job J20, Op 4, Machine M2, Start: 4286.0, End: 4303.0, Setup: 20
2025-04-13 19:47:23,608 - JSPGymEnvironment - INFO - Material change on machine M2: Mountainbike_Rahmen_nachbearbeitet -> Citybike_Schaltauge_bearbeitet, setup time: 20
2025-04-13 19:47:23,608 - JSPGymEnvironment - INFO - Executed operation: Job J2, Op 1, Machine M2, Start: 4323.0, End: 4333.0, Setup: 20
2025-04-13 19:47:23,661 - JSPGymEnvironment - INFO - Executed operation: Job J8, Op 1, Machine M2, Start: 4348.0, End: 4361.0, Setup: 15
2025-04-13 19:47:23,949 - JSPGymEnvironment - INFO - Material change on machine M2: Citybike_Schaltauge_bearbeitet -> E-Bike_Fahrrad_endmontiert, setup time: 20
2025-04-13 19:47:23,949 - JSPGymEnvironment - INFO - Executed operation: Job J19, Op 6, Machine M2, Start: 4381.0, End: 4406.0, Setup: 20
2025-04-13 19:47:23,949 - JSPGymEnvironment - INFO - Job J19 completed at time 4406.0, deadline: 2737, met: False, priority: 8
2025-04-13 19:47:24,012 - JSPGymEnvironment - INFO - Material change on machine M3: Racebike_Antrieb_installiert -> Citybike_Antrieb_installiert, setup time: 15
2025-04-13 19:47:24,012 - JSPGymEnvironment - INFO - Executed operation: Job J2, Op 2, Machine M3, Start: 4421.0, End: 4449.0, Setup: 15
2025-04-13 19:47:24,063 - JSPGymEnvironment - INFO - Material change on machine M3: Citybike_Antrieb_installiert -> Racebike_Bremsen_justiert, setup time: 15
2025-04-13 19:47:24,064 - JSPGymEnvironment - INFO - Executed operation: Job J15, Op 3, Machine M3, Start: 4464.0, End: 4491.0, Setup: 15
2025-04-13 19:47:24,127 - JSPGymEnvironment - INFO - Material change on machine M2: E-Bike_Fahrrad_endmontiert -> Citybike_Schaltauge_bearbeitet, setup time: 20
2025-04-13 19:47:24,127 - JSPGymEnvironment - INFO - Executed operation: Job J17, Op 1, Machine M2, Start: 4511.0, End: 4531.0, Setup: 20
2025-04-13 19:47:24,186 - JSPGymEnvironment - INFO - Material change on machine M2: Citybike_Schaltauge_bearbeitet -> Citybike_Bremsaufnahme_gebohrt, setup time: 20
2025-04-13 19:47:24,186 - JSPGymEnvironment - INFO - Executed operation: Job J2, Op 3, Machine M2, Start: 4551.0, End: 4572.0, Setup: 20
2025-04-13 19:47:24,244 - JSPGymEnvironment - INFO - Material change on machine M3: Racebike_Bremsen_justiert -> Citybike_Antrieb_installiert, setup time: 15
2025-04-13 19:47:24,244 - JSPGymEnvironment - INFO - Executed operation: Job J8, Op 2, Machine M3, Start: 4587.0, End: 4641.0, Setup: 15
2025-04-13 19:47:24,300 - JSPGymEnvironment - INFO - Material change on machine M2: Citybike_Bremsaufnahme_gebohrt -> Racebike_Rahmen_nachbearbeitet, setup time: 20
2025-04-13 19:47:24,300 - JSPGymEnvironment - INFO - Executed operation: Job J15, Op 4, Machine M2, Start: 4661.0, End: 4681.0, Setup: 20
2025-04-13 19:47:24,352 - JSPGymEnvironment - INFO - Material change on machine M3: Citybike_Antrieb_installiert -> Mountainbike_Fahrrad_endmontiert, setup time: 15
2025-04-13 19:47:24,352 - JSPGymEnvironment - INFO - Executed operation: Job J20, Op 5, Machine M3, Start: 4696.0, End: 4721.0, Setup: 15
2025-04-13 19:47:24,425 - JSPGymEnvironment - INFO - Material change on machine M3: Mountainbike_Fahrrad_endmontiert -> Citybike_Bremsen_justiert, setup time: 15
2025-04-13 19:47:24,425 - JSPGymEnvironment - INFO - Executed operation: Job J8, Op 3, Machine M3, Start: 4736.0, End: 4794.0, Setup: 15
2025-04-13 19:47:24,476 - JSPGymEnvironment - INFO - Material change on machine M3: Citybike_Bremsen_justiert -> Citybike_Antrieb_installiert, setup time: 15
2025-04-13 19:47:24,476 - JSPGymEnvironment - INFO - Executed operation: Job J17, Op 2, Machine M3, Start: 4809.0, End: 4843.0, Setup: 15
2025-04-13 19:47:24,527 - JSPGymEnvironment - INFO - Material change on machine M1: Citybike_Hauptrahmen_zugeschnitten -> Racebike_Hauptrahmen_zugeschnitten, setup time: 40
2025-04-13 19:47:24,528 - JSPGymEnvironment - INFO - Executed operation: Job J16, Op 0, Machine M1, Start: 4883.0, End: 4909.0, Setup: 40
2025-04-13 19:47:24,576 - JSPGymEnvironment - INFO - Material change on machine M3: Citybike_Antrieb_installiert -> E-Bike_Antrieb_installiert, setup time: 15
2025-04-13 19:47:24,577 - JSPGymEnvironment - INFO - Executed operation: Job J3, Op 2, Machine M3, Start: 4924.0, End: 4982.0, Setup: 15
2025-04-13 19:47:24,633 - JSPGymEnvironment - INFO - Material change on machine M3: E-Bike_Antrieb_installiert -> Mountainbike_Fahrrad_endmontiert, setup time: 15
2025-04-13 19:47:24,633 - JSPGymEnvironment - INFO - Executed operation: Job J20, Op 6, Machine M3, Start: 4997.0, End: 5037.0, Setup: 15
2025-04-13 19:47:24,633 - JSPGymEnvironment - INFO - Job J20 completed at time 5037.0, deadline: 2744, met: False, priority: 3
2025-04-13 19:47:24,951 - JSPGymEnvironment - INFO - Executed operation: Job J10, Op 0, Machine M1, Start: 5062.0, End: 5094.0, Setup: 25
2025-04-13 19:47:24,998 - JSPGymEnvironment - INFO - Material change on machine M2: Racebike_Rahmen_nachbearbeitet -> E-Bike_Bremsaufnahme_gebohrt, setup time: 20
2025-04-13 19:47:24,999 - JSPGymEnvironment - INFO - Executed operation: Job J3, Op 3, Machine M2, Start: 5114.0, End: 5144.0, Setup: 20
2025-04-13 19:47:25,049 - JSPGymEnvironment - INFO - Material change on machine M2: E-Bike_Bremsaufnahme_gebohrt -> Citybike_Rahmen_nachbearbeitet, setup time: 20
2025-04-13 19:47:25,050 - JSPGymEnvironment - INFO - Executed operation: Job J2, Op 4, Machine M2, Start: 5164.0, End: 5188.0, Setup: 20
2025-04-13 19:47:25,107 - JSPGymEnvironment - INFO - Material change on machine M3: Mountainbike_Fahrrad_endmontiert -> Citybike_Fahrrad_endmontiert, setup time: 15
2025-04-13 19:47:25,108 - JSPGymEnvironment - INFO - Executed operation: Job J2, Op 5, Machine M3, Start: 5203.0, End: 5224.0, Setup: 15
2025-04-13 19:47:25,108 - JSPGymEnvironment - INFO - Job J2 completed at time 5224.0, deadline: 2880, met: False, priority: 3
2025-04-13 19:47:25,175 - JSPGymEnvironment - INFO - Material change on machine M2: Citybike_Rahmen_nachbearbeitet -> E-Bike_Rahmen_nachbearbeitet, setup time: 20
2025-04-13 19:47:25,176 - JSPGymEnvironment - INFO - Executed operation: Job J3, Op 4, Machine M2, Start: 5244.0, End: 5261.0, Setup: 20
2025-04-13 19:47:25,227 - JSPGymEnvironment - INFO - Executed operation: Job J3, Op 5, Machine M2, Start: 5276.0, End: 5297.0, Setup: 15
2025-04-13 19:47:25,274 - JSPGymEnvironment - INFO - Material change on machine M2: E-Bike_Rahmen_nachbearbeitet -> Racebike_Rahmen_nachbearbeitet, setup time: 20
2025-04-13 19:47:25,274 - JSPGymEnvironment - INFO - Executed operation: Job J15, Op 5, Machine M2, Start: 5317.0, End: 5340.0, Setup: 20
2025-04-13 19:47:25,321 - JSPGymEnvironment - INFO - Material change on machine M3: Citybike_Fahrrad_endmontiert -> Citybike_Bremsen_justiert, setup time: 15
2025-04-13 19:47:25,322 - JSPGymEnvironment - INFO - Executed operation: Job J17, Op 3, Machine M3, Start: 5355.0, End: 5381.0, Setup: 15
2025-04-13 19:47:25,387 - JSPGymEnvironment - INFO - Material change on machine M3: Citybike_Bremsen_justiert -> Citybike_Fahrrad_endmontiert, setup time: 15
2025-04-13 19:47:25,387 - JSPGymEnvironment - INFO - Executed operation: Job J17, Op 4, Machine M3, Start: 5396.0, End: 5446.0, Setup: 15
2025-04-13 19:47:25,453 - JSPGymEnvironment - INFO - Executed operation: Job J17, Op 5, Machine M3, Start: 5456.0, End: 5515.0, Setup: 10
2025-04-13 19:47:25,516 - JSPGymEnvironment - INFO - Material change on machine M3: Citybike_Fahrrad_endmontiert -> Racebike_Fahrrad_endmontiert, setup time: 15
2025-04-13 19:47:25,517 - JSPGymEnvironment - INFO - Executed operation: Job J15, Op 6, Machine M3, Start: 5530.0, End: 5557.0, Setup: 15
2025-04-13 19:47:25,756 - JSPGymEnvironment - INFO - Executed operation: Job J15, Op 7, Machine M3, Start: 5567.0, End: 5613.0, Setup: 10
2025-04-13 19:47:25,756 - JSPGymEnvironment - INFO - Job J15 completed at time 5613.0, deadline: 2833, met: False, priority: 10
2025-04-13 19:47:25,812 - JSPGymEnvironment - INFO - Material change on machine M2: Racebike_Rahmen_nachbearbeitet -> E-Bike_Fahrrad_endmontiert, setup time: 20
2025-04-13 19:47:25,812 - JSPGymEnvironment - INFO - Executed operation: Job J3, Op 6, Machine M2, Start: 5633.0, End: 5643.0, Setup: 20
2025-04-13 19:47:25,812 - JSPGymEnvironment - INFO - Job J3 completed at time 5643.0, deadline: 2862, met: False, priority: 8
2025-04-13 19:47:25,879 - JSPGymEnvironment - INFO - Material change on machine M3: Racebike_Fahrrad_endmontiert -> Citybike_Fahrrad_endmontiert, setup time: 15
2025-04-13 19:47:25,879 - JSPGymEnvironment - INFO - Executed operation: Job J8, Op 4, Machine M3, Start: 5658.0, End: 5707.0, Setup: 15
2025-04-13 19:47:25,935 - JSPGymEnvironment - INFO - Executed operation: Job J17, Op 6, Machine M3, Start: 5717.0, End: 5742.0, Setup: 10
2025-04-13 19:47:25,936 - JSPGymEnvironment - INFO - Job J17 completed at time 5742.0, deadline: 2880, met: False, priority: 6
2025-04-13 19:47:26,365 - JSPGymEnvironment - INFO - Material change on machine M2: E-Bike_Fahrrad_endmontiert -> Racebike_Schaltauge_bearbeitet, setup time: 20
2025-04-13 19:47:26,365 - JSPGymEnvironment - INFO - Executed operation: Job J10, Op 1, Machine M2, Start: 5762.0, End: 5787.0, Setup: 20
2025-04-13 19:47:26,488 - JSPGymEnvironment - INFO - Material change on machine M2: Racebike_Schaltauge_bearbeitet -> Citybike_Fahrrad_endmontiert, setup time: 20
2025-04-13 19:47:26,489 - JSPGymEnvironment - INFO - Executed operation: Job J8, Op 5, Machine M2, Start: 5807.0, End: 5837.0, Setup: 20
2025-04-13 19:47:26,489 - JSPGymEnvironment - INFO - Job J8 completed at time 5837.0, deadline: 2762, met: False, priority: 5
2025-04-13 19:47:26,553 - JSPGymEnvironment - INFO - Material change on machine M2: Citybike_Fahrrad_endmontiert -> Racebike_Schaltauge_bearbeitet, setup time: 20
2025-04-13 19:47:26,553 - JSPGymEnvironment - INFO - Executed operation: Job J16, Op 1, Machine M2, Start: 5857.0, End: 5872.0, Setup: 20
2025-04-13 19:47:26,612 - JSPGymEnvironment - INFO - Material change on machine M3: Citybike_Fahrrad_endmontiert -> Racebike_Antrieb_installiert, setup time: 15
2025-04-13 19:47:26,612 - JSPGymEnvironment - INFO - Executed operation: Job J16, Op 2, Machine M3, Start: 5887.0, End: 5917.0, Setup: 15
2025-04-13 19:47:26,663 - JSPGymEnvironment - INFO - Material change on machine M2: Racebike_Schaltauge_bearbeitet -> Racebike_Bremsaufnahme_gebohrt, setup time: 20
2025-04-13 19:47:26,664 - JSPGymEnvironment - INFO - Executed operation: Job J16, Op 3, Machine M2, Start: 5937.0, End: 5960.0, Setup: 20
2025-04-13 19:47:26,716 - JSPGymEnvironment - INFO - Material change on machine M2: Racebike_Bremsaufnahme_gebohrt -> Racebike_Rahmen_nachbearbeitet, setup time: 20
2025-04-13 19:47:26,718 - JSPGymEnvironment - INFO - Executed operation: Job J16, Op 4, Machine M2, Start: 5980.0, End: 5994.0, Setup: 20
2025-04-13 19:47:26,772 - JSPGymEnvironment - INFO - Material change on machine M2: Racebike_Rahmen_nachbearbeitet -> Racebike_Fahrrad_endmontiert, setup time: 20
2025-04-13 19:47:26,772 - JSPGymEnvironment - INFO - Executed operation: Job J16, Op 5, Machine M2, Start: 6014.0, End: 6044.0, Setup: 20
2025-04-13 19:47:26,773 - JSPGymEnvironment - INFO - Job J16 completed at time 6044.0, deadline: 2855, met: False, priority: 7
2025-04-13 19:47:26,822 - JSPGymEnvironment - INFO - Executed operation: Job J10, Op 2, Machine M3, Start: 6054.0, End: 6093.0, Setup: 10
2025-04-13 19:47:26,873 - JSPGymEnvironment - INFO - Material change on machine M2: Racebike_Fahrrad_endmontiert -> Racebike_Bremsaufnahme_gebohrt, setup time: 20
2025-04-13 19:47:26,874 - JSPGymEnvironment - INFO - Executed operation: Job J10, Op 3, Machine M2, Start: 6113.0, End: 6135.0, Setup: 20
2025-04-13 19:47:26,927 - JSPGymEnvironment - INFO - Material change on machine M2: Racebike_Bremsaufnahme_gebohrt -> Racebike_Rahmen_nachbearbeitet, setup time: 20
2025-04-13 19:47:26,928 - JSPGymEnvironment - INFO - Executed operation: Job J10, Op 4, Machine M2, Start: 6155.0, End: 6166.0, Setup: 20
2025-04-13 19:47:26,978 - JSPGymEnvironment - INFO - Executed operation: Job J10, Op 5, Machine M2, Start: 6181.0, End: 6199.0, Setup: 15
2025-04-13 19:47:27,038 - JSPGymEnvironment - INFO - Executed operation: Job J10, Op 6, Machine M2, Start: 6214.0, End: 6225.0, Setup: 15
2025-04-13 19:47:27,090 - JSPGymEnvironment - INFO - Material change on machine M2: Racebike_Rahmen_nachbearbeitet -> Racebike_Fahrrad_endmontiert, setup time: 20
2025-04-13 19:47:27,090 - JSPGymEnvironment - INFO - Executed operation: Job J10, Op 7, Machine M2, Start: 6245.0, End: 6257.0, Setup: 20
2025-04-13 19:47:27,090 - JSPGymEnvironment - INFO - Job J10 completed at time 6257.0, deadline: 2880, met: False, priority: 9
2025-04-13 19:47:27,093 - JSPGymEnvironment - INFO - Reward function updated with 50 insights
2025-04-13 19:47:27,093 - JSPGymEnvironment - INFO -   Material change on critical path at Job 9 Operation 1 on Machine M2 (Severity: 1.00)
2025-04-13 19:47:27,093 - JSPGymEnvironment - INFO -   Material change on critical path at Job 9 Operation 3 on Machine M2 (Severity: 1.00)
2025-04-13 19:47:27,094 - JSPGymEnvironment - INFO -   Material change on critical path at Job 9 Operation 4 on Machine M2 (Severity: 1.00)
2025-04-13 19:47:27,094 - JSPGymEnvironment - INFO -   Idle time on critical path before Job 9 Operation 4 on Machine M2 (Severity: 1.82)
2025-04-13 19:47:27,094 - JSPGymEnvironment - INFO -   Idle time on critical path before Job 9 Operation 5 on Machine M2 (Severity: 0.83)
2025-04-13 19:47:27,094 - JSPGymEnvironment - INFO -   Idle time on critical path before Job 9 Operation 6 on Machine M2 (Severity: 1.36)
2025-04-13 19:47:27,094 - JSPGymEnvironment - INFO -   Material change on critical path at Job 9 Operation 7 on Machine M2 (Severity: 1.00)
2025-04-13 19:47:27,094 - JSPGymEnvironment - INFO -   Idle time on critical path before Job 9 Operation 7 on Machine M2 (Severity: 1.67)
2025-04-13 19:47:27,094 - JSPGymEnvironment - INFO -   High priority (8) not on critical path: Job 8 Operation 0 (Severity: 0.33)
2025-04-13 19:47:27,094 - JSPGymEnvironment - INFO -   High priority (9) not on critical path: Job 6 Operation 0 (Severity: 0.67)
2025-04-13 19:47:27,094 - JSPGymEnvironment - INFO -   High priority (9) not on critical path: Job 6 Operation 1 (Severity: 0.67)
2025-04-13 19:47:27,094 - JSPGymEnvironment - INFO -   High priority (8) not on critical path: Job 8 Operation 1 (Severity: 0.33)
2025-04-13 19:47:27,095 - JSPGymEnvironment - INFO -   High priority (9) not on critical path: Job 6 Operation 2 (Severity: 0.67)
2025-04-13 19:47:27,095 - JSPGymEnvironment - INFO -   High priority (9) not on critical path: Job 6 Operation 3 (Severity: 0.67)
2025-04-13 19:47:27,095 - JSPGymEnvironment - INFO -   High priority (9) not on critical path: Job 6 Operation 4 (Severity: 0.67)
2025-04-13 19:47:27,095 - JSPGymEnvironment - INFO -   High priority (9) not on critical path: Job 6 Operation 5 (Severity: 0.67)
2025-04-13 19:47:27,095 - JSPGymEnvironment - INFO -   High priority (9) not on critical path: Job 6 Operation 6 (Severity: 0.67)
2025-04-13 19:47:27,095 - JSPGymEnvironment - INFO -   High priority (9) not on critical path: Job 6 Operation 7 (Severity: 0.67)
2025-04-13 19:47:27,095 - JSPGymEnvironment - INFO -   High priority (10) not on critical path: Job 5 Operation 0 (Severity: 1.00)
2025-04-13 19:47:27,095 - JSPGymEnvironment - INFO -   High priority (10) not on critical path: Job 5 Operation 1 (Severity: 1.00)
2025-04-13 19:47:27,095 - JSPGymEnvironment - INFO -   High priority (10) not on critical path: Job 14 Operation 0 (Severity: 1.00)
2025-04-13 19:47:27,095 - JSPGymEnvironment - INFO -   High priority (8) not on critical path: Job 8 Operation 2 (Severity: 0.33)
2025-04-13 19:47:27,095 - JSPGymEnvironment - INFO -   High priority (10) not on critical path: Job 5 Operation 2 (Severity: 1.00)
2025-04-13 19:47:27,095 - JSPGymEnvironment - INFO -   High priority (10) not on critical path: Job 14 Operation 1 (Severity: 1.00)
2025-04-13 19:47:27,095 - JSPGymEnvironment - INFO -   High priority (8) not on critical path: Job 18 Operation 0 (Severity: 0.33)
2025-04-13 19:47:27,095 - JSPGymEnvironment - INFO -   High priority (8) not on critical path: Job 8 Operation 3 (Severity: 0.33)
2025-04-13 19:47:27,095 - JSPGymEnvironment - INFO -   High priority (8) not on critical path: Job 2 Operation 0 (Severity: 0.33)
2025-04-13 19:47:27,095 - JSPGymEnvironment - INFO -   High priority (8) not on critical path: Job 8 Operation 4 (Severity: 0.33)
2025-04-13 19:47:27,096 - JSPGymEnvironment - INFO -   High priority (8) not on critical path: Job 8 Operation 5 (Severity: 0.33)
2025-04-13 19:47:27,096 - JSPGymEnvironment - INFO -   High priority (8) not on critical path: Job 18 Operation 1 (Severity: 0.33)
2025-04-13 19:47:27,096 - JSPGymEnvironment - INFO -   High priority (8) not on critical path: Job 2 Operation 1 (Severity: 0.33)
2025-04-13 19:47:27,096 - JSPGymEnvironment - INFO -   High priority (8) not on critical path: Job 18 Operation 2 (Severity: 0.33)
2025-04-13 19:47:27,096 - JSPGymEnvironment - INFO -   High priority (8) not on critical path: Job 8 Operation 6 (Severity: 0.33)
2025-04-13 19:47:27,096 - JSPGymEnvironment - INFO -   High priority (10) not on critical path: Job 5 Operation 3 (Severity: 1.00)
2025-04-13 19:47:27,096 - JSPGymEnvironment - INFO -   High priority (10) not on critical path: Job 5 Operation 4 (Severity: 1.00)
2025-04-13 19:47:27,096 - JSPGymEnvironment - INFO -   High priority (8) not on critical path: Job 18 Operation 3 (Severity: 0.33)
2025-04-13 19:47:27,096 - JSPGymEnvironment - INFO -   High priority (8) not on critical path: Job 18 Operation 4 (Severity: 0.33)
2025-04-13 19:47:27,096 - JSPGymEnvironment - INFO -   High priority (8) not on critical path: Job 18 Operation 5 (Severity: 0.33)
2025-04-13 19:47:27,096 - JSPGymEnvironment - INFO -   High priority (10) not on critical path: Job 14 Operation 2 (Severity: 1.00)
2025-04-13 19:47:27,096 - JSPGymEnvironment - INFO -   High priority (8) not on critical path: Job 18 Operation 6 (Severity: 0.33)
2025-04-13 19:47:27,097 - JSPGymEnvironment - INFO -   High priority (10) not on critical path: Job 14 Operation 3 (Severity: 1.00)
2025-04-13 19:47:27,097 - JSPGymEnvironment - INFO -   High priority (10) not on critical path: Job 14 Operation 4 (Severity: 1.00)
2025-04-13 19:47:27,097 - JSPGymEnvironment - INFO -   High priority (8) not on critical path: Job 2 Operation 2 (Severity: 0.33)
2025-04-13 19:47:27,097 - JSPGymEnvironment - INFO -   High priority (8) not on critical path: Job 2 Operation 3 (Severity: 0.33)
2025-04-13 19:47:27,097 - JSPGymEnvironment - INFO -   High priority (8) not on critical path: Job 2 Operation 4 (Severity: 0.33)
2025-04-13 19:47:27,097 - JSPGymEnvironment - INFO -   High priority (8) not on critical path: Job 2 Operation 5 (Severity: 0.33)
2025-04-13 19:47:27,097 - JSPGymEnvironment - INFO -   High priority (10) not on critical path: Job 14 Operation 5 (Severity: 1.00)
2025-04-13 19:47:27,097 - JSPGymEnvironment - INFO -   High priority (10) not on critical path: Job 14 Operation 6 (Severity: 1.00)
2025-04-13 19:47:27,097 - JSPGymEnvironment - INFO -   High priority (10) not on critical path: Job 14 Operation 7 (Severity: 1.00)
2025-04-13 19:47:27,097 - JSPGymEnvironment - INFO -   High priority (8) not on critical path: Job 2 Operation 6 (Severity: 0.33)
2025-04-13 19:47:27,097 - JSPGymEnvironment - INFO - Episode completed. Critical path: 8 operations, Suboptimal placements: 50
2025-04-13 19:47:27,097 - JSPGymEnvironment - INFO - Reward components: {'makespan_reward': -0.32, 'setup_reward': -10.0, 'idle_penalty': 0.0, 'deadline_reward': -5.862847222222222, 'priority_reward': 18.0, 'critical_job_reward': 15.0, 'global_progress_reward': 5.0, 'objective_reward': 0.0, 'placement_reward': 3.0, 'lookahead_reward': 0.0}
