2025-04-14 13:37:54,903 - JSPGymEnvironment - INFO - Environment reset
2025-04-14 13:37:54,929 - JSPGymEnvironment - INFO - Environment reset
2025-04-14 13:37:54,962 - JSPGymEnvironment - INFO - Material change on machine M1:  -> Racebike_Hauptrahmen_zugeschnitten, setup time: 0
2025-04-14 13:37:54,962 - JSPGymEnvironment - INFO - Executed operation: Job J15, Op 0, Machine M1, Start: 0.0, End: 23.0, Setup: 0
2025-04-14 13:37:54,990 - JSPGymEnvironment - INFO - Material change on machine M1: Racebike_Hauptrahmen_zugeschnitten -> Mountainbike_Hauptrahmen_zugeschnitten, setup time: 40
2025-04-14 13:37:54,990 - JSPGymEnvironment - INFO - Executed operation: Job J12, Op 0, Machine M1, Start: 63.0, End: 94.0, Setup: 40
2025-04-14 13:37:55,003 - JSPGymEnvironment - INFO - Executed operation: Job J20, Op 0, Machine M1, Start: 119.0, End: 138.0, Setup: 25
2025-04-14 13:37:55,016 - JSPGymEnvironment - INFO - Material change on machine M1: Mountainbike_Hauptrahmen_zugeschnitten -> Citybike_Hauptrahmen_zugeschnitten, setup time: 40
2025-04-14 13:37:55,016 - JSPGymEnvironment - INFO - Executed operation: Job J17, Op 0, Machine M1, Start: 178.0, End: 216.0, Setup: 40
2025-04-14 13:37:55,029 - JSPGymEnvironment - INFO - Material change on machine M2:  -> Citybike_Schaltauge_bearbeitet, setup time: 0
2025-04-14 13:37:55,030 - JSPGymEnvironment - INFO - Executed operation: Job J17, Op 1, Machine M2, Start: 216.0, End: 236.0, Setup: 0
2025-04-14 13:37:55,043 - JSPGymEnvironment - INFO - Material change on machine M1: Citybike_Hauptrahmen_zugeschnitten -> Racebike_Hauptrahmen_zugeschnitten, setup time: 40
2025-04-14 13:37:55,043 - JSPGymEnvironment - INFO - Executed operation: Job J1, Op 0, Machine M1, Start: 276.0, End: 316.0, Setup: 40
2025-04-14 13:37:55,054 - JSPGymEnvironment - INFO - Material change on machine M2: Citybike_Schaltauge_bearbeitet -> Mountainbike_Schaltauge_bearbeitet, setup time: 20
2025-04-14 13:37:55,054 - JSPGymEnvironment - INFO - Executed operation: Job J20, Op 1, Machine M2, Start: 336.0, End: 361.0, Setup: 20
2025-04-14 13:37:55,068 - JSPGymEnvironment - INFO - Material change on machine M1: Racebike_Hauptrahmen_zugeschnitten -> Mountainbike_Hauptrahmen_zugeschnitten, setup time: 40
2025-04-14 13:37:55,068 - JSPGymEnvironment - INFO - Executed operation: Job J18, Op 0, Machine M1, Start: 401.0, End: 423.0, Setup: 40
2025-04-14 13:37:55,080 - JSPGymEnvironment - INFO - Material change on machine M3:  -> Mountainbike_Antrieb_installiert, setup time: 0
2025-04-14 13:37:55,080 - JSPGymEnvironment - INFO - Executed operation: Job J20, Op 2, Machine M3, Start: 423.0, End: 447.0, Setup: 0
2025-04-14 13:37:55,092 - JSPGymEnvironment - INFO - Material change on machine M1: Mountainbike_Hauptrahmen_zugeschnitten -> E-Bike_Hauptrahmen_zugeschnitten, setup time: 40
2025-04-14 13:37:55,092 - JSPGymEnvironment - INFO - Executed operation: Job J13, Op 0, Machine M1, Start: 487.0, End: 528.0, Setup: 40
2025-04-14 13:37:55,105 - JSPGymEnvironment - INFO - Material change on machine M2: Mountainbike_Schaltauge_bearbeitet -> Racebike_Schaltauge_bearbeitet, setup time: 20
2025-04-14 13:37:55,105 - JSPGymEnvironment - INFO - Executed operation: Job J15, Op 1, Machine M2, Start: 548.0, End: 561.0, Setup: 20
2025-04-14 13:37:55,118 - JSPGymEnvironment - INFO - Material change on machine M3: Mountainbike_Antrieb_installiert -> Racebike_Antrieb_installiert, setup time: 15
2025-04-14 13:37:55,118 - JSPGymEnvironment - INFO - Executed operation: Job J15, Op 2, Machine M3, Start: 576.0, End: 611.0, Setup: 15
2025-04-14 13:37:55,135 - JSPGymEnvironment - INFO - Executed operation: Job J3, Op 0, Machine M1, Start: 636.0, End: 670.0, Setup: 25
2025-04-14 13:37:55,148 - JSPGymEnvironment - INFO - Material change on machine M1: E-Bike_Hauptrahmen_zugeschnitten -> Racebike_Hauptrahmen_zugeschnitten, setup time: 40
2025-04-14 13:37:55,148 - JSPGymEnvironment - INFO - Executed operation: Job J6, Op 0, Machine M1, Start: 710.0, End: 746.0, Setup: 40
2025-04-14 13:37:55,160 - JSPGymEnvironment - INFO - Executed operation: Job J7, Op 0, Machine M1, Start: 771.0, End: 806.0, Setup: 25
2025-04-14 13:37:55,246 - JSPGymEnvironment - INFO - Material change on machine M3: Racebike_Antrieb_installiert -> Racebike_Bremsen_justiert, setup time: 15
2025-04-14 13:37:55,246 - JSPGymEnvironment - INFO - Executed operation: Job J15, Op 3, Machine M3, Start: 821.0, End: 848.0, Setup: 15
2025-04-14 13:37:55,257 - JSPGymEnvironment - INFO - Material change on machine M3: Racebike_Bremsen_justiert -> Mountainbike_Bremsen_justiert, setup time: 15
2025-04-14 13:37:55,258 - JSPGymEnvironment - INFO - Executed operation: Job J20, Op 3, Machine M3, Start: 863.0, End: 904.0, Setup: 15
2025-04-14 13:37:55,269 - JSPGymEnvironment - INFO - Material change on machine M2: Racebike_Schaltauge_bearbeitet -> Racebike_Rahmen_nachbearbeitet, setup time: 20
2025-04-14 13:37:55,270 - JSPGymEnvironment - INFO - Executed operation: Job J15, Op 4, Machine M2, Start: 924.0, End: 944.0, Setup: 20
2025-04-14 13:37:55,281 - JSPGymEnvironment - INFO - Executed operation: Job J15, Op 5, Machine M2, Start: 959.0, End: 982.0, Setup: 15
2025-04-14 13:37:55,292 - JSPGymEnvironment - INFO - Material change on machine M3: Mountainbike_Bremsen_justiert -> Racebike_Fahrrad_endmontiert, setup time: 15
2025-04-14 13:37:55,292 - JSPGymEnvironment - INFO - Executed operation: Job J15, Op 6, Machine M3, Start: 997.0, End: 1024.0, Setup: 15
2025-04-14 13:37:55,304 - JSPGymEnvironment - INFO - Material change on machine M2: Racebike_Rahmen_nachbearbeitet -> Mountainbike_Rahmen_nachbearbeitet, setup time: 20
2025-04-14 13:37:55,304 - JSPGymEnvironment - INFO - Executed operation: Job J20, Op 4, Machine M2, Start: 1044.0, End: 1061.0, Setup: 20
2025-04-14 13:37:55,315 - JSPGymEnvironment - INFO - Executed operation: Job J15, Op 7, Machine M3, Start: 1071.0, End: 1117.0, Setup: 10
2025-04-14 13:37:55,315 - JSPGymEnvironment - INFO - Job J15 completed at time 1117.0, deadline: 2833, met: True, priority: 10
2025-04-14 13:37:55,326 - JSPGymEnvironment - INFO - Material change on machine M1: Racebike_Hauptrahmen_zugeschnitten -> Citybike_Hauptrahmen_zugeschnitten, setup time: 40
2025-04-14 13:37:55,326 - JSPGymEnvironment - INFO - Executed operation: Job J14, Op 0, Machine M1, Start: 1157.0, End: 1175.0, Setup: 40
2025-04-14 13:37:55,338 - JSPGymEnvironment - INFO - Material change on machine M2: Mountainbike_Rahmen_nachbearbeitet -> E-Bike_Schaltauge_bearbeitet, setup time: 20
2025-04-14 13:37:55,338 - JSPGymEnvironment - INFO - Executed operation: Job J3, Op 1, Machine M2, Start: 1195.0, End: 1215.0, Setup: 20
2025-04-14 13:37:55,351 - JSPGymEnvironment - INFO - Material change on machine M3: Racebike_Fahrrad_endmontiert -> Citybike_Antrieb_installiert, setup time: 15
2025-04-14 13:37:55,351 - JSPGymEnvironment - INFO - Executed operation: Job J17, Op 2, Machine M3, Start: 1230.0, End: 1264.0, Setup: 15
2025-04-14 13:37:55,363 - JSPGymEnvironment - INFO - Material change on machine M1: Citybike_Hauptrahmen_zugeschnitten -> Racebike_Hauptrahmen_zugeschnitten, setup time: 40
2025-04-14 13:37:55,363 - JSPGymEnvironment - INFO - Executed operation: Job J10, Op 0, Machine M1, Start: 1304.0, End: 1336.0, Setup: 40
2025-04-14 13:37:55,375 - JSPGymEnvironment - INFO - Material change on machine M2: E-Bike_Schaltauge_bearbeitet -> Mountainbike_Schaltauge_bearbeitet, setup time: 20
2025-04-14 13:37:55,375 - JSPGymEnvironment - INFO - Executed operation: Job J18, Op 1, Machine M2, Start: 1356.0, End: 1376.0, Setup: 20
2025-04-14 13:37:55,387 - JSPGymEnvironment - INFO - Material change on machine M2: Mountainbike_Schaltauge_bearbeitet -> Racebike_Schaltauge_bearbeitet, setup time: 20
2025-04-14 13:37:55,387 - JSPGymEnvironment - INFO - Executed operation: Job J6, Op 1, Machine M2, Start: 1396.0, End: 1409.0, Setup: 20
2025-04-14 13:37:55,399 - JSPGymEnvironment - INFO - Material change on machine M1: Racebike_Hauptrahmen_zugeschnitten -> Citybike_Hauptrahmen_zugeschnitten, setup time: 40
2025-04-14 13:37:55,399 - JSPGymEnvironment - INFO - Executed operation: Job J2, Op 0, Machine M1, Start: 1449.0, End: 1465.0, Setup: 40
2025-04-14 13:37:55,412 - JSPGymEnvironment - INFO - Material change on machine M3: Citybike_Antrieb_installiert -> Mountainbike_Antrieb_installiert, setup time: 15
2025-04-14 13:37:55,412 - JSPGymEnvironment - INFO - Executed operation: Job J18, Op 2, Machine M3, Start: 1480.0, End: 1509.0, Setup: 15
2025-04-14 13:37:55,425 - JSPGymEnvironment - INFO - Material change on machine M3: Mountainbike_Antrieb_installiert -> Citybike_Bremsen_justiert, setup time: 15
2025-04-14 13:37:55,425 - JSPGymEnvironment - INFO - Executed operation: Job J17, Op 3, Machine M3, Start: 1524.0, End: 1550.0, Setup: 15
2025-04-14 13:37:55,439 - JSPGymEnvironment - INFO - Executed operation: Job J8, Op 0, Machine M1, Start: 1575.0, End: 1594.0, Setup: 25
2025-04-14 13:37:55,451 - JSPGymEnvironment - INFO - Material change on machine M2: Racebike_Schaltauge_bearbeitet -> E-Bike_Schaltauge_bearbeitet, setup time: 20
2025-04-14 13:37:55,451 - JSPGymEnvironment - INFO - Executed operation: Job J13, Op 1, Machine M2, Start: 1614.0, End: 1637.0, Setup: 20
2025-04-14 13:37:55,464 - JSPGymEnvironment - INFO - Material change on machine M2: E-Bike_Schaltauge_bearbeitet -> Citybike_Schaltauge_bearbeitet, setup time: 20
2025-04-14 13:37:55,464 - JSPGymEnvironment - INFO - Executed operation: Job J14, Op 1, Machine M2, Start: 1657.0, End: 1673.0, Setup: 20
2025-04-14 13:37:55,558 - JSPGymEnvironment - INFO - Material change on machine M3: Citybike_Bremsen_justiert -> Mountainbike_Fahrrad_endmontiert, setup time: 15
2025-04-14 13:37:55,558 - JSPGymEnvironment - INFO - Executed operation: Job J20, Op 5, Machine M3, Start: 1688.0, End: 1713.0, Setup: 15
2025-04-14 13:37:55,570 - JSPGymEnvironment - INFO - Material change on machine M3: Mountainbike_Fahrrad_endmontiert -> Citybike_Antrieb_installiert, setup time: 15
2025-04-14 13:37:55,570 - JSPGymEnvironment - INFO - Executed operation: Job J14, Op 2, Machine M3, Start: 1728.0, End: 1750.0, Setup: 15
2025-04-14 13:37:55,582 - JSPGymEnvironment - INFO - Material change on machine M3: Citybike_Antrieb_installiert -> E-Bike_Antrieb_installiert, setup time: 15
2025-04-14 13:37:55,582 - JSPGymEnvironment - INFO - Executed operation: Job J3, Op 2, Machine M3, Start: 1765.0, End: 1823.0, Setup: 15
2025-04-14 13:37:55,593 - JSPGymEnvironment - INFO - Material change on machine M3: E-Bike_Antrieb_installiert -> Mountainbike_Bremsen_justiert, setup time: 15
2025-04-14 13:37:55,593 - JSPGymEnvironment - INFO - Executed operation: Job J18, Op 3, Machine M3, Start: 1838.0, End: 1893.0, Setup: 15
2025-04-14 13:37:55,604 - JSPGymEnvironment - INFO - Executed operation: Job J11, Op 0, Machine M1, Start: 1918.0, End: 1949.0, Setup: 25
2025-04-14 13:37:55,615 - JSPGymEnvironment - INFO - Material change on machine M3: Mountainbike_Bremsen_justiert -> Mountainbike_Fahrrad_endmontiert, setup time: 15
2025-04-14 13:37:55,615 - JSPGymEnvironment - INFO - Executed operation: Job J20, Op 6, Machine M3, Start: 1964.0, End: 2004.0, Setup: 15
2025-04-14 13:37:55,615 - JSPGymEnvironment - INFO - Job J20 completed at time 2004.0, deadline: 2744, met: True, priority: 3
2025-04-14 13:37:55,625 - JSPGymEnvironment - INFO - Executed operation: Job J11, Op 1, Machine M2, Start: 2019.0, End: 2032.0, Setup: 15
2025-04-14 13:37:55,638 - JSPGymEnvironment - INFO - Material change on machine M2: Citybike_Schaltauge_bearbeitet -> Mountainbike_Schaltauge_bearbeitet, setup time: 20
2025-04-14 13:37:55,638 - JSPGymEnvironment - INFO - Executed operation: Job J12, Op 1, Machine M2, Start: 2052.0, End: 2074.0, Setup: 20
2025-04-14 13:37:55,652 - JSPGymEnvironment - INFO - Material change on machine M2: Mountainbike_Schaltauge_bearbeitet -> Citybike_Schaltauge_bearbeitet, setup time: 20
2025-04-14 13:37:55,652 - JSPGymEnvironment - INFO - Executed operation: Job J8, Op 1, Machine M2, Start: 2094.0, End: 2107.0, Setup: 20
2025-04-14 13:37:55,669 - JSPGymEnvironment - INFO - Executed operation: Job J2, Op 1, Machine M2, Start: 2122.0, End: 2132.0, Setup: 15
2025-04-14 13:37:55,682 - JSPGymEnvironment - INFO - Material change on machine M3: Mountainbike_Fahrrad_endmontiert -> Racebike_Antrieb_installiert, setup time: 15
2025-04-14 13:37:55,682 - JSPGymEnvironment - INFO - Executed operation: Job J6, Op 2, Machine M3, Start: 2147.0, End: 2185.0, Setup: 15
2025-04-14 13:37:55,696 - JSPGymEnvironment - INFO - Material change on machine M3: Racebike_Antrieb_installiert -> Citybike_Antrieb_installiert, setup time: 15
2025-04-14 13:37:55,696 - JSPGymEnvironment - INFO - Executed operation: Job J8, Op 2, Machine M3, Start: 2200.0, End: 2254.0, Setup: 15
2025-04-14 13:37:55,708 - JSPGymEnvironment - INFO - Material change on machine M3: Citybike_Antrieb_installiert -> E-Bike_Antrieb_installiert, setup time: 15
2025-04-14 13:37:55,709 - JSPGymEnvironment - INFO - Executed operation: Job J13, Op 2, Machine M3, Start: 2269.0, End: 2322.0, Setup: 15
2025-04-14 13:37:55,720 - JSPGymEnvironment - INFO - Material change on machine M1: Citybike_Hauptrahmen_zugeschnitten -> Mountainbike_Hauptrahmen_zugeschnitten, setup time: 40
2025-04-14 13:37:55,721 - JSPGymEnvironment - INFO - Executed operation: Job J5, Op 0, Machine M1, Start: 2362.0, End: 2398.0, Setup: 40
2025-04-14 13:37:55,735 - JSPGymEnvironment - INFO - Material change on machine M3: E-Bike_Antrieb_installiert -> Citybike_Bremsen_justiert, setup time: 15
2025-04-14 13:37:55,735 - JSPGymEnvironment - INFO - Executed operation: Job J8, Op 3, Machine M3, Start: 2413.0, End: 2471.0, Setup: 15
2025-04-14 13:37:55,749 - JSPGymEnvironment - INFO - Material change on machine M3: Citybike_Bremsen_justiert -> Citybike_Antrieb_installiert, setup time: 15
2025-04-14 13:37:55,749 - JSPGymEnvironment - INFO - Executed operation: Job J11, Op 2, Machine M3, Start: 2486.0, End: 2528.0, Setup: 15
2025-04-14 13:37:55,764 - JSPGymEnvironment - INFO - Executed operation: Job J2, Op 2, Machine M3, Start: 2538.0, End: 2566.0, Setup: 10
2025-04-14 13:37:55,777 - JSPGymEnvironment - INFO - Material change on machine M2: Citybike_Schaltauge_bearbeitet -> E-Bike_Bremsaufnahme_gebohrt, setup time: 20
2025-04-14 13:37:55,777 - JSPGymEnvironment - INFO - Executed operation: Job J3, Op 3, Machine M2, Start: 2586.0, End: 2616.0, Setup: 20
2025-04-14 13:37:55,790 - JSPGymEnvironment - INFO - Material change on machine M3: Citybike_Antrieb_installiert -> Citybike_Fahrrad_endmontiert, setup time: 15
2025-04-14 13:37:55,790 - JSPGymEnvironment - INFO - Executed operation: Job J17, Op 4, Machine M3, Start: 2631.0, End: 2681.0, Setup: 15
2025-04-14 13:37:55,883 - JSPGymEnvironment - INFO - Material change on machine M2: E-Bike_Bremsaufnahme_gebohrt -> E-Bike_Rahmen_nachbearbeitet, setup time: 20
2025-04-14 13:37:55,883 - JSPGymEnvironment - INFO - Executed operation: Job J3, Op 4, Machine M2, Start: 2701.0, End: 2718.0, Setup: 20
2025-04-14 13:37:55,894 - JSPGymEnvironment - INFO - Executed operation: Job J8, Op 4, Machine M3, Start: 2728.0, End: 2777.0, Setup: 10
2025-04-14 13:37:55,906 - JSPGymEnvironment - INFO - Material change on machine M2: E-Bike_Rahmen_nachbearbeitet -> Mountainbike_Fahrrad_endmontiert, setup time: 20
2025-04-14 13:37:55,906 - JSPGymEnvironment - INFO - Executed operation: Job J18, Op 4, Machine M2, Start: 2797.0, End: 2810.0, Setup: 20
2025-04-14 13:37:55,906 - JSPGymEnvironment - INFO - Job J18 completed at time 2810.0, deadline: 2880, met: True, priority: 6
2025-04-14 13:37:55,919 - JSPGymEnvironment - INFO - Material change on machine M2: Mountainbike_Fahrrad_endmontiert -> E-Bike_Rahmen_nachbearbeitet, setup time: 20
2025-04-14 13:37:55,919 - JSPGymEnvironment - INFO - Executed operation: Job J3, Op 5, Machine M2, Start: 2830.0, End: 2851.0, Setup: 20
2025-04-14 13:37:55,931 - JSPGymEnvironment - INFO - Material change on machine M3: Citybike_Fahrrad_endmontiert -> Citybike_Bremsen_justiert, setup time: 15
2025-04-14 13:37:55,931 - JSPGymEnvironment - INFO - Executed operation: Job J11, Op 3, Machine M3, Start: 2866.0, End: 2888.0, Setup: 15
2025-04-14 13:37:55,944 - JSPGymEnvironment - INFO - Material change on machine M2: E-Bike_Rahmen_nachbearbeitet -> Mountainbike_Schaltauge_bearbeitet, setup time: 20
2025-04-14 13:37:55,944 - JSPGymEnvironment - INFO - Executed operation: Job J5, Op 1, Machine M2, Start: 2908.0, End: 2923.0, Setup: 20
2025-04-14 13:37:55,956 - JSPGymEnvironment - INFO - Material change on machine M2: Mountainbike_Schaltauge_bearbeitet -> Citybike_Bremsaufnahme_gebohrt, setup time: 20
2025-04-14 13:37:55,956 - JSPGymEnvironment - INFO - Executed operation: Job J2, Op 3, Machine M2, Start: 2943.0, End: 2964.0, Setup: 20
2025-04-14 13:37:55,968 - JSPGymEnvironment - INFO - Material change on machine M2: Citybike_Bremsaufnahme_gebohrt -> Citybike_Fahrrad_endmontiert, setup time: 20
2025-04-14 13:37:55,968 - JSPGymEnvironment - INFO - Executed operation: Job J8, Op 5, Machine M2, Start: 2984.0, End: 3014.0, Setup: 20
2025-04-14 13:37:55,968 - JSPGymEnvironment - INFO - Job J8 completed at time 3014.0, deadline: 2762, met: False, priority: 5
2025-04-14 13:37:55,979 - JSPGymEnvironment - INFO - Material change on machine M2: Citybike_Fahrrad_endmontiert -> E-Bike_Bremsaufnahme_gebohrt, setup time: 20
2025-04-14 13:37:55,979 - JSPGymEnvironment - INFO - Executed operation: Job J13, Op 3, Machine M2, Start: 3034.0, End: 3056.0, Setup: 20
2025-04-14 13:37:55,990 - JSPGymEnvironment - INFO - Material change on machine M2: E-Bike_Bremsaufnahme_gebohrt -> E-Bike_Fahrrad_endmontiert, setup time: 20
2025-04-14 13:37:55,990 - JSPGymEnvironment - INFO - Executed operation: Job J3, Op 6, Machine M2, Start: 3076.0, End: 3086.0, Setup: 20
2025-04-14 13:37:55,990 - JSPGymEnvironment - INFO - Job J3 completed at time 3086.0, deadline: 2862, met: False, priority: 8
2025-04-14 13:37:56,000 - JSPGymEnvironment - INFO - Material change on machine M3: Citybike_Bremsen_justiert -> Racebike_Bremsen_justiert, setup time: 15
2025-04-14 13:37:56,000 - JSPGymEnvironment - INFO - Executed operation: Job J6, Op 3, Machine M3, Start: 3101.0, End: 3159.0, Setup: 15
2025-04-14 13:37:56,012 - JSPGymEnvironment - INFO - Material change on machine M2: E-Bike_Fahrrad_endmontiert -> Racebike_Schaltauge_bearbeitet, setup time: 20
2025-04-14 13:37:56,012 - JSPGymEnvironment - INFO - Executed operation: Job J10, Op 1, Machine M2, Start: 3179.0, End: 3204.0, Setup: 20
2025-04-14 13:37:56,026 - JSPGymEnvironment - INFO - Material change on machine M3: Racebike_Bremsen_justiert -> Citybike_Fahrrad_endmontiert, setup time: 15
2025-04-14 13:37:56,026 - JSPGymEnvironment - INFO - Executed operation: Job J17, Op 5, Machine M3, Start: 3219.0, End: 3278.0, Setup: 15
2025-04-14 13:37:56,039 - JSPGymEnvironment - INFO - Material change on machine M2: Racebike_Schaltauge_bearbeitet -> Citybike_Rahmen_nachbearbeitet, setup time: 20
2025-04-14 13:37:56,039 - JSPGymEnvironment - INFO - Executed operation: Job J2, Op 4, Machine M2, Start: 3298.0, End: 3322.0, Setup: 20
2025-04-14 13:37:56,051 - JSPGymEnvironment - INFO - Executed operation: Job J2, Op 5, Machine M3, Start: 3332.0, End: 3353.0, Setup: 10
2025-04-14 13:37:56,051 - JSPGymEnvironment - INFO - Job J2 completed at time 3353.0, deadline: 2880, met: False, priority: 3
2025-04-14 13:37:56,064 - JSPGymEnvironment - INFO - Material change on machine M2: Citybike_Rahmen_nachbearbeitet -> Racebike_Schaltauge_bearbeitet, setup time: 20
2025-04-14 13:37:56,064 - JSPGymEnvironment - INFO - Executed operation: Job J1, Op 1, Machine M2, Start: 3373.0, End: 3389.0, Setup: 20
2025-04-14 13:37:56,079 - JSPGymEnvironment - INFO - Material change on machine M2: Racebike_Schaltauge_bearbeitet -> Citybike_Bremsaufnahme_gebohrt, setup time: 20
2025-04-14 13:37:56,079 - JSPGymEnvironment - INFO - Executed operation: Job J14, Op 3, Machine M2, Start: 3409.0, End: 3427.0, Setup: 20
2025-04-14 13:37:56,094 - JSPGymEnvironment - INFO - Executed operation: Job J11, Op 4, Machine M3, Start: 3437.0, End: 3476.0, Setup: 10
2025-04-14 13:37:56,106 - JSPGymEnvironment - INFO - Executed operation: Job J17, Op 6, Machine M3, Start: 3486.0, End: 3511.0, Setup: 10
2025-04-14 13:37:56,106 - JSPGymEnvironment - INFO - Job J17 completed at time 3511.0, deadline: 2880, met: False, priority: 6
2025-04-14 13:37:56,200 - JSPGymEnvironment - INFO - Material change on machine M1: Mountainbike_Hauptrahmen_zugeschnitten -> Citybike_Hauptrahmen_zugeschnitten, setup time: 40
2025-04-14 13:37:56,200 - JSPGymEnvironment - INFO - Executed operation: Job J9, Op 0, Machine M1, Start: 3551.0, End: 3591.0, Setup: 40
2025-04-14 13:37:56,213 - JSPGymEnvironment - INFO - Material change on machine M2: Citybike_Bremsaufnahme_gebohrt -> Racebike_Schaltauge_bearbeitet, setup time: 20
2025-04-14 13:37:56,213 - JSPGymEnvironment - INFO - Executed operation: Job J7, Op 1, Machine M2, Start: 3611.0, End: 3634.0, Setup: 20
2025-04-14 13:37:56,225 - JSPGymEnvironment - INFO - Material change on machine M2: Racebike_Schaltauge_bearbeitet -> Citybike_Rahmen_nachbearbeitet, setup time: 20
2025-04-14 13:37:56,225 - JSPGymEnvironment - INFO - Executed operation: Job J11, Op 5, Machine M2, Start: 3654.0, End: 3671.0, Setup: 20
2025-04-14 13:37:56,237 - JSPGymEnvironment - INFO - Material change on machine M3: Citybike_Fahrrad_endmontiert -> Mountainbike_Antrieb_installiert, setup time: 15
2025-04-14 13:37:56,237 - JSPGymEnvironment - INFO - Executed operation: Job J12, Op 2, Machine M3, Start: 3686.0, End: 3731.0, Setup: 15
2025-04-14 13:37:56,249 - JSPGymEnvironment - INFO - Material change on machine M3: Mountainbike_Antrieb_installiert -> Racebike_Fahrrad_endmontiert, setup time: 15
2025-04-14 13:37:56,249 - JSPGymEnvironment - INFO - Executed operation: Job J6, Op 4, Machine M3, Start: 3746.0, End: 3787.0, Setup: 15
2025-04-14 13:37:56,249 - JSPGymEnvironment - INFO - Job J6 completed at time 3787.0, deadline: 2880, met: False, priority: 10
2025-04-14 13:37:56,261 - JSPGymEnvironment - INFO - Material change on machine M3: Racebike_Fahrrad_endmontiert -> Racebike_Antrieb_installiert, setup time: 15
2025-04-14 13:37:56,261 - JSPGymEnvironment - INFO - Executed operation: Job J10, Op 2, Machine M3, Start: 3802.0, End: 3841.0, Setup: 15
2025-04-14 13:37:56,273 - JSPGymEnvironment - INFO - Executed operation: Job J11, Op 6, Machine M2, Start: 3856.0, End: 3878.0, Setup: 15
2025-04-14 13:37:56,286 - JSPGymEnvironment - INFO - Material change on machine M2: Citybike_Rahmen_nachbearbeitet -> Racebike_Bremsaufnahme_gebohrt, setup time: 20
2025-04-14 13:37:56,286 - JSPGymEnvironment - INFO - Executed operation: Job J10, Op 3, Machine M2, Start: 3898.0, End: 3920.0, Setup: 20
2025-04-14 13:37:56,298 - JSPGymEnvironment - INFO - Material change on machine M2: Racebike_Bremsaufnahme_gebohrt -> Mountainbike_Bremsaufnahme_gebohrt, setup time: 20
2025-04-14 13:37:56,299 - JSPGymEnvironment - INFO - Executed operation: Job J12, Op 3, Machine M2, Start: 3940.0, End: 3966.0, Setup: 20
2025-04-14 13:37:56,311 - JSPGymEnvironment - INFO - Material change on machine M2: Mountainbike_Bremsaufnahme_gebohrt -> Mountainbike_Rahmen_nachbearbeitet, setup time: 20
2025-04-14 13:37:56,311 - JSPGymEnvironment - INFO - Executed operation: Job J12, Op 4, Machine M2, Start: 3986.0, End: 4014.0, Setup: 20
2025-04-14 13:37:56,324 - JSPGymEnvironment - INFO - Material change on machine M2: Mountainbike_Rahmen_nachbearbeitet -> Citybike_Rahmen_nachbearbeitet, setup time: 20
2025-04-14 13:37:56,324 - JSPGymEnvironment - INFO - Executed operation: Job J14, Op 4, Machine M2, Start: 4034.0, End: 4063.0, Setup: 20
2025-04-14 13:37:56,336 - JSPGymEnvironment - INFO - Material change on machine M3: Racebike_Antrieb_installiert -> Mountainbike_Antrieb_installiert, setup time: 15
2025-04-14 13:37:56,336 - JSPGymEnvironment - INFO - Executed operation: Job J5, Op 2, Machine M3, Start: 4078.0, End: 4103.0, Setup: 15
2025-04-14 13:37:56,349 - JSPGymEnvironment - INFO - Material change on machine M2: Citybike_Rahmen_nachbearbeitet -> Citybike_Schaltauge_bearbeitet, setup time: 20
2025-04-14 13:37:56,349 - JSPGymEnvironment - INFO - Executed operation: Job J9, Op 1, Machine M2, Start: 4123.0, End: 4139.0, Setup: 20
2025-04-14 13:37:56,377 - JSPGymEnvironment - INFO - Material change on machine M3: Mountainbike_Antrieb_installiert -> Racebike_Antrieb_installiert, setup time: 15
2025-04-14 13:37:56,377 - JSPGymEnvironment - INFO - Executed operation: Job J7, Op 2, Machine M3, Start: 4154.0, End: 4178.0, Setup: 15
2025-04-14 13:37:56,391 - JSPGymEnvironment - INFO - Material change on machine M2: Citybike_Schaltauge_bearbeitet -> Racebike_Rahmen_nachbearbeitet, setup time: 20
2025-04-14 13:37:56,391 - JSPGymEnvironment - INFO - Executed operation: Job J10, Op 4, Machine M2, Start: 4198.0, End: 4209.0, Setup: 20
2025-04-14 13:37:56,407 - JSPGymEnvironment - INFO - Executed operation: Job J10, Op 5, Machine M2, Start: 4224.0, End: 4242.0, Setup: 15
2025-04-14 13:37:56,421 - JSPGymEnvironment - INFO - Executed operation: Job J1, Op 2, Machine M3, Start: 4252.0, End: 4288.0, Setup: 10
2025-04-14 13:37:56,436 - JSPGymEnvironment - INFO - Material change on machine M2: Racebike_Rahmen_nachbearbeitet -> Citybike_Fahrrad_endmontiert, setup time: 20
2025-04-14 13:37:56,436 - JSPGymEnvironment - INFO - Executed operation: Job J11, Op 7, Machine M2, Start: 4308.0, End: 4337.0, Setup: 20
2025-04-14 13:37:56,437 - JSPGymEnvironment - INFO - Job J11 completed at time 4337.0, deadline: 2880, met: False, priority: 7
2025-04-14 13:37:56,450 - JSPGymEnvironment - INFO - Material change on machine M3: Racebike_Antrieb_installiert -> Citybike_Antrieb_installiert, setup time: 15
2025-04-14 13:37:56,450 - JSPGymEnvironment - INFO - Executed operation: Job J9, Op 2, Machine M3, Start: 4352.0, End: 4406.0, Setup: 15
2025-04-14 13:37:56,533 - JSPGymEnvironment - INFO - Material change on machine M2: Citybike_Fahrrad_endmontiert -> Mountainbike_Rahmen_nachbearbeitet, setup time: 20
2025-04-14 13:37:56,533 - JSPGymEnvironment - INFO - Executed operation: Job J12, Op 5, Machine M2, Start: 4426.0, End: 4454.0, Setup: 20
2025-04-14 13:37:56,544 - JSPGymEnvironment - INFO - Material change on machine M2: Mountainbike_Rahmen_nachbearbeitet -> Racebike_Rahmen_nachbearbeitet, setup time: 20
2025-04-14 13:37:56,544 - JSPGymEnvironment - INFO - Executed operation: Job J10, Op 6, Machine M2, Start: 4474.0, End: 4485.0, Setup: 20
2025-04-14 13:37:56,556 - JSPGymEnvironment - INFO - Material change on machine M2: Racebike_Rahmen_nachbearbeitet -> Racebike_Fahrrad_endmontiert, setup time: 20
2025-04-14 13:37:56,556 - JSPGymEnvironment - INFO - Executed operation: Job J10, Op 7, Machine M2, Start: 4505.0, End: 4517.0, Setup: 20
2025-04-14 13:37:56,556 - JSPGymEnvironment - INFO - Job J10 completed at time 4517.0, deadline: 2880, met: False, priority: 9
2025-04-14 13:37:56,569 - JSPGymEnvironment - INFO - Material change on machine M1: Citybike_Hauptrahmen_zugeschnitten -> E-Bike_Hauptrahmen_zugeschnitten, setup time: 40
2025-04-14 13:37:56,569 - JSPGymEnvironment - INFO - Executed operation: Job J19, Op 0, Machine M1, Start: 4557.0, End: 4572.0, Setup: 40
2025-04-14 13:37:56,581 - JSPGymEnvironment - INFO - Material change on machine M2: Racebike_Fahrrad_endmontiert -> Citybike_Rahmen_nachbearbeitet, setup time: 20
2025-04-14 13:37:56,581 - JSPGymEnvironment - INFO - Executed operation: Job J14, Op 5, Machine M2, Start: 4592.0, End: 4622.0, Setup: 20
2025-04-14 13:37:56,595 - JSPGymEnvironment - INFO - Material change on machine M2: Citybike_Rahmen_nachbearbeitet -> Mountainbike_Fahrrad_endmontiert, setup time: 20
2025-04-14 13:37:56,595 - JSPGymEnvironment - INFO - Executed operation: Job J12, Op 6, Machine M2, Start: 4642.0, End: 4664.0, Setup: 20
2025-04-14 13:37:56,595 - JSPGymEnvironment - INFO - Job J12 completed at time 4664.0, deadline: 2863, met: False, priority: 2
2025-04-14 13:37:56,608 - JSPGymEnvironment - INFO - Material change on machine M2: Mountainbike_Fahrrad_endmontiert -> Racebike_Bremsaufnahme_gebohrt, setup time: 20
2025-04-14 13:37:56,608 - JSPGymEnvironment - INFO - Executed operation: Job J7, Op 3, Machine M2, Start: 4684.0, End: 4707.0, Setup: 20
2025-04-14 13:37:56,622 - JSPGymEnvironment - INFO - Material change on machine M2: Racebike_Bremsaufnahme_gebohrt -> Racebike_Rahmen_nachbearbeitet, setup time: 20
2025-04-14 13:37:56,622 - JSPGymEnvironment - INFO - Executed operation: Job J7, Op 4, Machine M2, Start: 4727.0, End: 4753.0, Setup: 20
2025-04-14 13:37:56,636 - JSPGymEnvironment - INFO - Material change on machine M2: Racebike_Rahmen_nachbearbeitet -> Racebike_Bremsaufnahme_gebohrt, setup time: 20
2025-04-14 13:37:56,636 - JSPGymEnvironment - INFO - Executed operation: Job J1, Op 3, Machine M2, Start: 4773.0, End: 4791.0, Setup: 20
2025-04-14 13:37:56,648 - JSPGymEnvironment - INFO - Material change on machine M2: Racebike_Bremsaufnahme_gebohrt -> Racebike_Rahmen_nachbearbeitet, setup time: 20
2025-04-14 13:37:56,649 - JSPGymEnvironment - INFO - Executed operation: Job J1, Op 4, Machine M2, Start: 4811.0, End: 4833.0, Setup: 20
2025-04-14 13:37:56,661 - JSPGymEnvironment - INFO - Material change on machine M1: E-Bike_Hauptrahmen_zugeschnitten -> Racebike_Hauptrahmen_zugeschnitten, setup time: 40
2025-04-14 13:37:56,661 - JSPGymEnvironment - INFO - Executed operation: Job J4, Op 0, Machine M1, Start: 4873.0, End: 4898.0, Setup: 40
2025-04-14 13:37:56,673 - JSPGymEnvironment - INFO - Material change on machine M2: Racebike_Rahmen_nachbearbeitet -> Racebike_Schaltauge_bearbeitet, setup time: 20
2025-04-14 13:37:56,673 - JSPGymEnvironment - INFO - Executed operation: Job J4, Op 1, Machine M2, Start: 4918.0, End: 4933.0, Setup: 20
2025-04-14 13:37:56,686 - JSPGymEnvironment - INFO - Material change on machine M2: Racebike_Schaltauge_bearbeitet -> Citybike_Bremsaufnahme_gebohrt, setup time: 20
2025-04-14 13:37:56,686 - JSPGymEnvironment - INFO - Executed operation: Job J9, Op 3, Machine M2, Start: 4953.0, End: 4976.0, Setup: 20
2025-04-14 13:37:56,698 - JSPGymEnvironment - INFO - Material change on machine M2: Citybike_Bremsaufnahme_gebohrt -> Citybike_Rahmen_nachbearbeitet, setup time: 20
2025-04-14 13:37:56,698 - JSPGymEnvironment - INFO - Executed operation: Job J9, Op 4, Machine M2, Start: 4996.0, End: 5008.0, Setup: 20
2025-04-14 13:37:56,712 - JSPGymEnvironment - INFO - Executed operation: Job J14, Op 6, Machine M2, Start: 5023.0, End: 5047.0, Setup: 15
2025-04-14 13:37:56,730 - JSPGymEnvironment - INFO - Material change on machine M2: Citybike_Rahmen_nachbearbeitet -> Racebike_Fahrrad_endmontiert, setup time: 20
2025-04-14 13:37:56,730 - JSPGymEnvironment - INFO - Executed operation: Job J1, Op 5, Machine M2, Start: 5067.0, End: 5079.0, Setup: 20
2025-04-14 13:37:56,730 - JSPGymEnvironment - INFO - Job J1 completed at time 5079.0, deadline: 2790, met: False, priority: 7
2025-04-14 13:37:56,744 - JSPGymEnvironment - INFO - Material change on machine M2: Racebike_Fahrrad_endmontiert -> Citybike_Fahrrad_endmontiert, setup time: 20
2025-04-14 13:37:56,744 - JSPGymEnvironment - INFO - Executed operation: Job J14, Op 7, Machine M2, Start: 5099.0, End: 5120.0, Setup: 20
2025-04-14 13:37:56,744 - JSPGymEnvironment - INFO - Job J14 completed at time 5120.0, deadline: 2880, met: False, priority: 3
2025-04-14 13:37:56,759 - JSPGymEnvironment - INFO - Material change on machine M2: Citybike_Fahrrad_endmontiert -> Mountainbike_Bremsaufnahme_gebohrt, setup time: 20
2025-04-14 13:37:56,759 - JSPGymEnvironment - INFO - Executed operation: Job J5, Op 3, Machine M2, Start: 5140.0, End: 5155.0, Setup: 20
2025-04-14 13:37:56,773 - JSPGymEnvironment - INFO - Material change on machine M3: Citybike_Antrieb_installiert -> E-Bike_Fahrrad_endmontiert, setup time: 15
2025-04-14 13:37:56,773 - JSPGymEnvironment - INFO - Executed operation: Job J13, Op 4, Machine M3, Start: 5170.0, End: 5223.0, Setup: 15
2025-04-14 13:37:56,773 - JSPGymEnvironment - INFO - Job J13 completed at time 5223.0, deadline: 2863, met: False, priority: 7
2025-04-14 13:37:56,864 - JSPGymEnvironment - INFO - Material change on machine M3: E-Bike_Fahrrad_endmontiert -> Racebike_Antrieb_installiert, setup time: 15
2025-04-14 13:37:56,864 - JSPGymEnvironment - INFO - Executed operation: Job J4, Op 2, Machine M3, Start: 5238.0, End: 5278.0, Setup: 15
2025-04-14 13:37:56,877 - JSPGymEnvironment - INFO - Material change on machine M2: Mountainbike_Bremsaufnahme_gebohrt -> Racebike_Bremsaufnahme_gebohrt, setup time: 20
2025-04-14 13:37:56,877 - JSPGymEnvironment - INFO - Executed operation: Job J4, Op 3, Machine M2, Start: 5298.0, End: 5312.0, Setup: 20
2025-04-14 13:37:56,890 - JSPGymEnvironment - INFO - Material change on machine M3: Racebike_Antrieb_installiert -> Citybike_Fahrrad_endmontiert, setup time: 15
2025-04-14 13:37:56,890 - JSPGymEnvironment - INFO - Executed operation: Job J9, Op 5, Machine M3, Start: 5327.0, End: 5378.0, Setup: 15
2025-04-14 13:37:56,902 - JSPGymEnvironment - INFO - Material change on machine M2: Racebike_Bremsaufnahme_gebohrt -> Racebike_Rahmen_nachbearbeitet, setup time: 20
2025-04-14 13:37:56,902 - JSPGymEnvironment - INFO - Executed operation: Job J4, Op 4, Machine M2, Start: 5398.0, End: 5423.0, Setup: 20
2025-04-14 13:37:56,914 - JSPGymEnvironment - INFO - Material change on machine M2: Racebike_Rahmen_nachbearbeitet -> E-Bike_Schaltauge_bearbeitet, setup time: 20
2025-04-14 13:37:56,915 - JSPGymEnvironment - INFO - Executed operation: Job J19, Op 1, Machine M2, Start: 5443.0, End: 5473.0, Setup: 20
2025-04-14 13:37:56,927 - JSPGymEnvironment - INFO - Material change on machine M2: E-Bike_Schaltauge_bearbeitet -> Racebike_Rahmen_nachbearbeitet, setup time: 20
2025-04-14 13:37:56,927 - JSPGymEnvironment - INFO - Executed operation: Job J7, Op 5, Machine M2, Start: 5493.0, End: 5511.0, Setup: 20
2025-04-14 13:37:56,938 - JSPGymEnvironment - INFO - Executed operation: Job J7, Op 6, Machine M2, Start: 5526.0, End: 5541.0, Setup: 15
2025-04-14 13:37:56,951 - JSPGymEnvironment - INFO - Executed operation: Job J4, Op 5, Machine M2, Start: 5556.0, End: 5580.0, Setup: 15
2025-04-14 13:37:56,966 - JSPGymEnvironment - INFO - Material change on machine M2: Racebike_Rahmen_nachbearbeitet -> Mountainbike_Rahmen_nachbearbeitet, setup time: 20
2025-04-14 13:37:56,966 - JSPGymEnvironment - INFO - Executed operation: Job J5, Op 4, Machine M2, Start: 5600.0, End: 5630.0, Setup: 20
2025-04-14 13:37:56,979 - JSPGymEnvironment - INFO - Material change on machine M2: Mountainbike_Rahmen_nachbearbeitet -> Mountainbike_Fahrrad_endmontiert, setup time: 20
2025-04-14 13:37:56,979 - JSPGymEnvironment - INFO - Executed operation: Job J5, Op 5, Machine M2, Start: 5650.0, End: 5672.0, Setup: 20
2025-04-14 13:37:56,979 - JSPGymEnvironment - INFO - Job J5 completed at time 5672.0, deadline: 2880, met: False, priority: 1
2025-04-14 13:37:56,993 - JSPGymEnvironment - INFO - Material change on machine M2: Mountainbike_Fahrrad_endmontiert -> Racebike_Fahrrad_endmontiert, setup time: 20
2025-04-14 13:37:56,993 - JSPGymEnvironment - INFO - Executed operation: Job J7, Op 7, Machine M2, Start: 5692.0, End: 5717.0, Setup: 20
2025-04-14 13:37:56,993 - JSPGymEnvironment - INFO - Job J7 completed at time 5717.0, deadline: 2880, met: False, priority: 9
2025-04-14 13:37:57,006 - JSPGymEnvironment - INFO - Material change on machine M3: Citybike_Fahrrad_endmontiert -> E-Bike_Antrieb_installiert, setup time: 15
2025-04-14 13:37:57,006 - JSPGymEnvironment - INFO - Executed operation: Job J19, Op 2, Machine M3, Start: 5732.0, End: 5754.0, Setup: 15
2025-04-14 13:37:57,019 - JSPGymEnvironment - INFO - Material change on machine M2: Racebike_Fahrrad_endmontiert -> E-Bike_Bremsaufnahme_gebohrt, setup time: 20
2025-04-14 13:37:57,019 - JSPGymEnvironment - INFO - Executed operation: Job J19, Op 3, Machine M2, Start: 5774.0, End: 5787.0, Setup: 20
2025-04-14 13:37:57,031 - JSPGymEnvironment - INFO - Material change on machine M3: E-Bike_Antrieb_installiert -> Citybike_Fahrrad_endmontiert, setup time: 15
2025-04-14 13:37:57,031 - JSPGymEnvironment - INFO - Executed operation: Job J9, Op 6, Machine M3, Start: 5802.0, End: 5825.0, Setup: 15
2025-04-14 13:37:57,031 - JSPGymEnvironment - INFO - Job J9 completed at time 5825.0, deadline: 2880, met: False, priority: 8
2025-04-14 13:37:57,043 - JSPGymEnvironment - INFO - Material change on machine M3: Citybike_Fahrrad_endmontiert -> Racebike_Fahrrad_endmontiert, setup time: 15
2025-04-14 13:37:57,043 - JSPGymEnvironment - INFO - Executed operation: Job J4, Op 6, Machine M3, Start: 5840.0, End: 5866.0, Setup: 15
2025-04-14 13:37:57,043 - JSPGymEnvironment - INFO - Job J4 completed at time 5866.0, deadline: 2757, met: False, priority: 7
2025-04-14 13:37:57,055 - JSPGymEnvironment - INFO - Material change on machine M2: E-Bike_Bremsaufnahme_gebohrt -> E-Bike_Rahmen_nachbearbeitet, setup time: 20
2025-04-14 13:37:57,056 - JSPGymEnvironment - INFO - Executed operation: Job J19, Op 4, Machine M2, Start: 5886.0, End: 5903.0, Setup: 20
2025-04-14 13:37:57,068 - JSPGymEnvironment - INFO - Executed operation: Job J19, Op 5, Machine M2, Start: 5918.0, End: 5939.0, Setup: 15
2025-04-14 13:37:57,081 - JSPGymEnvironment - INFO - Material change on machine M2: E-Bike_Rahmen_nachbearbeitet -> E-Bike_Fahrrad_endmontiert, setup time: 20
2025-04-14 13:37:57,081 - JSPGymEnvironment - INFO - Executed operation: Job J19, Op 6, Machine M2, Start: 5959.0, End: 5984.0, Setup: 20
2025-04-14 13:37:57,081 - JSPGymEnvironment - INFO - Job J19 completed at time 5984.0, deadline: 2737, met: False, priority: 8
2025-04-14 13:37:57,092 - JSPGymEnvironment - INFO - Executed operation: Job J16, Op 0, Machine M1, Start: 6009.0, End: 6035.0, Setup: 25
2025-04-14 13:37:57,186 - JSPGymEnvironment - INFO - Material change on machine M2: E-Bike_Fahrrad_endmontiert -> Racebike_Schaltauge_bearbeitet, setup time: 20
2025-04-14 13:37:57,186 - JSPGymEnvironment - INFO - Executed operation: Job J16, Op 1, Machine M2, Start: 6055.0, End: 6070.0, Setup: 20
2025-04-14 13:37:57,198 - JSPGymEnvironment - INFO - Material change on machine M3: Racebike_Fahrrad_endmontiert -> Racebike_Antrieb_installiert, setup time: 15
2025-04-14 13:37:57,198 - JSPGymEnvironment - INFO - Executed operation: Job J16, Op 2, Machine M3, Start: 6085.0, End: 6115.0, Setup: 15
2025-04-14 13:37:57,211 - JSPGymEnvironment - INFO - Material change on machine M2: Racebike_Schaltauge_bearbeitet -> Racebike_Bremsaufnahme_gebohrt, setup time: 20
2025-04-14 13:37:57,211 - JSPGymEnvironment - INFO - Executed operation: Job J16, Op 3, Machine M2, Start: 6135.0, End: 6158.0, Setup: 20
2025-04-14 13:37:57,222 - JSPGymEnvironment - INFO - Material change on machine M2: Racebike_Bremsaufnahme_gebohrt -> Racebike_Rahmen_nachbearbeitet, setup time: 20
2025-04-14 13:37:57,222 - JSPGymEnvironment - INFO - Executed operation: Job J16, Op 4, Machine M2, Start: 6178.0, End: 6192.0, Setup: 20
2025-04-14 13:37:57,236 - JSPGymEnvironment - INFO - Material change on machine M2: Racebike_Rahmen_nachbearbeitet -> Racebike_Fahrrad_endmontiert, setup time: 20
2025-04-14 13:37:57,236 - JSPGymEnvironment - INFO - Executed operation: Job J16, Op 5, Machine M2, Start: 6212.0, End: 6242.0, Setup: 20
2025-04-14 13:37:57,236 - JSPGymEnvironment - INFO - Job J16 completed at time 6242.0, deadline: 2855, met: False, priority: 7
2025-04-14 13:37:57,236 - JSPGymEnvironment - INFO - Reward function updated with 57 insights
2025-04-14 13:37:57,236 - JSPGymEnvironment - INFO -   Material change on critical path at Job 15 Operation 1 on Machine M2 (Severity: 1.00)
2025-04-14 13:37:57,236 - JSPGymEnvironment - INFO -   Material change on critical path at Job 15 Operation 2 on Machine M3 (Severity: 1.00)
2025-04-14 13:37:57,236 - JSPGymEnvironment - INFO -   Material change on critical path at Job 15 Operation 3 on Machine M2 (Severity: 1.00)
2025-04-14 13:37:57,236 - JSPGymEnvironment - INFO -   Material change on critical path at Job 15 Operation 4 on Machine M2 (Severity: 1.00)
2025-04-14 13:37:57,236 - JSPGymEnvironment - INFO -   Idle time on critical path before Job 15 Operation 4 on Machine M2 (Severity: 1.43)
2025-04-14 13:37:57,236 - JSPGymEnvironment - INFO -   Material change on critical path at Job 15 Operation 5 on Machine M2 (Severity: 1.00)
2025-04-14 13:37:57,236 - JSPGymEnvironment - INFO -   Idle time on critical path before Job 15 Operation 5 on Machine M2 (Severity: 0.67)
2025-04-14 13:37:57,236 - JSPGymEnvironment - INFO -   High priority (10) not on critical path: Job 14 Operation 0 (Severity: 1.00)
2025-04-14 13:37:57,236 - JSPGymEnvironment - INFO -   High priority (10) not on critical path: Job 14 Operation 1 (Severity: 1.00)
2025-04-14 13:37:57,236 - JSPGymEnvironment - INFO -   High priority (10) not on critical path: Job 14 Operation 2 (Severity: 1.00)
2025-04-14 13:37:57,236 - JSPGymEnvironment - INFO -   High priority (8) not on critical path: Job 2 Operation 0 (Severity: 0.33)
2025-04-14 13:37:57,236 - JSPGymEnvironment - INFO -   High priority (10) not on critical path: Job 5 Operation 0 (Severity: 1.00)
2025-04-14 13:37:57,236 - JSPGymEnvironment - INFO -   High priority (9) not on critical path: Job 6 Operation 0 (Severity: 0.67)
2025-04-14 13:37:57,236 - JSPGymEnvironment - INFO -   High priority (10) not on critical path: Job 14 Operation 3 (Severity: 1.00)
2025-04-14 13:37:57,236 - JSPGymEnvironment - INFO -   High priority (10) not on critical path: Job 14 Operation 4 (Severity: 1.00)
2025-04-14 13:37:57,236 - JSPGymEnvironment - INFO -   High priority (10) not on critical path: Job 14 Operation 5 (Severity: 1.00)
2025-04-14 13:37:57,236 - JSPGymEnvironment - INFO -   High priority (10) not on critical path: Job 14 Operation 6 (Severity: 1.00)
2025-04-14 13:37:57,236 - JSPGymEnvironment - INFO -   High priority (10) not on critical path: Job 14 Operation 7 (Severity: 1.00)
2025-04-14 13:37:57,236 - JSPGymEnvironment - INFO -   High priority (8) not on critical path: Job 2 Operation 1 (Severity: 0.33)
2025-04-14 13:37:57,236 - JSPGymEnvironment - INFO -   High priority (9) not on critical path: Job 9 Operation 0 (Severity: 0.67)
2025-04-14 13:37:57,236 - JSPGymEnvironment - INFO -   High priority (10) not on critical path: Job 5 Operation 1 (Severity: 1.00)
2025-04-14 13:37:57,236 - JSPGymEnvironment - INFO -   High priority (8) not on critical path: Job 2 Operation 2 (Severity: 0.33)
2025-04-14 13:37:57,236 - JSPGymEnvironment - INFO -   High priority (10) not on critical path: Job 5 Operation 2 (Severity: 1.00)
2025-04-14 13:37:57,236 - JSPGymEnvironment - INFO -   High priority (8) not on critical path: Job 2 Operation 3 (Severity: 0.33)
2025-04-14 13:37:57,236 - JSPGymEnvironment - INFO -   High priority (8) not on critical path: Job 2 Operation 4 (Severity: 0.33)
2025-04-14 13:37:57,236 - JSPGymEnvironment - INFO -   High priority (8) not on critical path: Job 2 Operation 5 (Severity: 0.33)
2025-04-14 13:37:57,236 - JSPGymEnvironment - INFO -   High priority (8) not on critical path: Job 2 Operation 6 (Severity: 0.33)
2025-04-14 13:37:57,236 - JSPGymEnvironment - INFO -   High priority (10) not on critical path: Job 5 Operation 3 (Severity: 1.00)
2025-04-14 13:37:57,236 - JSPGymEnvironment - INFO -   High priority (9) not on critical path: Job 9 Operation 1 (Severity: 0.67)
2025-04-14 13:37:57,236 - JSPGymEnvironment - INFO -   High priority (8) not on critical path: Job 8 Operation 0 (Severity: 0.33)
2025-04-14 13:37:57,236 - JSPGymEnvironment - INFO -   High priority (9) not on critical path: Job 6 Operation 1 (Severity: 0.67)
2025-04-14 13:37:57,236 - JSPGymEnvironment - INFO -   High priority (10) not on critical path: Job 5 Operation 4 (Severity: 1.00)
2025-04-14 13:37:57,236 - JSPGymEnvironment - INFO -   High priority (9) not on critical path: Job 9 Operation 2 (Severity: 0.67)
2025-04-14 13:37:57,236 - JSPGymEnvironment - INFO -   High priority (9) not on critical path: Job 9 Operation 3 (Severity: 0.67)
2025-04-14 13:37:57,236 - JSPGymEnvironment - INFO -   High priority (8) not on critical path: Job 8 Operation 1 (Severity: 0.33)
2025-04-14 13:37:57,236 - JSPGymEnvironment - INFO -   High priority (9) not on critical path: Job 6 Operation 2 (Severity: 0.67)
2025-04-14 13:37:57,236 - JSPGymEnvironment - INFO -   High priority (9) not on critical path: Job 9 Operation 4 (Severity: 0.67)
2025-04-14 13:37:57,236 - JSPGymEnvironment - INFO -   High priority (9) not on critical path: Job 9 Operation 5 (Severity: 0.67)
2025-04-14 13:37:57,236 - JSPGymEnvironment - INFO -   High priority (8) not on critical path: Job 8 Operation 2 (Severity: 0.33)
2025-04-14 13:37:57,236 - JSPGymEnvironment - INFO -   High priority (9) not on critical path: Job 9 Operation 6 (Severity: 0.67)
2025-04-14 13:37:57,236 - JSPGymEnvironment - INFO -   High priority (9) not on critical path: Job 9 Operation 7 (Severity: 0.67)
2025-04-14 13:37:57,236 - JSPGymEnvironment - INFO -   High priority (8) not on critical path: Job 18 Operation 0 (Severity: 0.33)
2025-04-14 13:37:57,236 - JSPGymEnvironment - INFO -   High priority (9) not on critical path: Job 6 Operation 3 (Severity: 0.67)
2025-04-14 13:37:57,236 - JSPGymEnvironment - INFO -   High priority (9) not on critical path: Job 6 Operation 4 (Severity: 0.67)
2025-04-14 13:37:57,236 - JSPGymEnvironment - INFO -   High priority (8) not on critical path: Job 8 Operation 3 (Severity: 0.33)
2025-04-14 13:37:57,237 - JSPGymEnvironment - INFO -   High priority (8) not on critical path: Job 8 Operation 4 (Severity: 0.33)
2025-04-14 13:37:57,237 - JSPGymEnvironment - INFO -   High priority (8) not on critical path: Job 8 Operation 5 (Severity: 0.33)
2025-04-14 13:37:57,237 - JSPGymEnvironment - INFO -   High priority (8) not on critical path: Job 18 Operation 1 (Severity: 0.33)
2025-04-14 13:37:57,237 - JSPGymEnvironment - INFO -   High priority (9) not on critical path: Job 6 Operation 5 (Severity: 0.67)
2025-04-14 13:37:57,237 - JSPGymEnvironment - INFO -   High priority (9) not on critical path: Job 6 Operation 6 (Severity: 0.67)
2025-04-14 13:37:57,237 - JSPGymEnvironment - INFO -   High priority (9) not on critical path: Job 6 Operation 7 (Severity: 0.67)
2025-04-14 13:37:57,237 - JSPGymEnvironment - INFO -   High priority (8) not on critical path: Job 18 Operation 2 (Severity: 0.33)
2025-04-14 13:37:57,237 - JSPGymEnvironment - INFO -   High priority (8) not on critical path: Job 18 Operation 3 (Severity: 0.33)
2025-04-14 13:37:57,237 - JSPGymEnvironment - INFO -   High priority (8) not on critical path: Job 8 Operation 6 (Severity: 0.33)
2025-04-14 13:37:57,237 - JSPGymEnvironment - INFO -   High priority (8) not on critical path: Job 18 Operation 4 (Severity: 0.33)
2025-04-14 13:37:57,237 - JSPGymEnvironment - INFO -   High priority (8) not on critical path: Job 18 Operation 5 (Severity: 0.33)
2025-04-14 13:37:57,237 - JSPGymEnvironment - INFO -   High priority (8) not on critical path: Job 18 Operation 6 (Severity: 0.33)
2025-04-14 13:37:57,237 - JSPGymEnvironment - INFO - Episode completed. Critical path: 6 operations, Suboptimal placements: 57
2025-04-14 13:37:57,237 - JSPGymEnvironment - INFO - Reward components: {'makespan_reward': np.float32(-0.25), 'setup_reward': -5.0, 'idle_penalty': 0.0, 'deadline_reward': np.float32(-2.9658494), 'priority_reward': 28.0, 'critical_job_reward': 0.0, 'global_progress_reward': 10.0, 'objective_reward': 0.0, 'placement_reward': 6.0, 'lookahead_reward': 0.0, 'timeliness_reward': 0.0}
