2025-06-19 11:20:15,340 - JSPGymEnvironment - INFO - Environment reset
2025-06-19 11:20:15,508 - JSPGymEnvironment - INFO - Environment reset
2025-06-19 11:20:15,647 - JSPGymEnvironment - INFO - Material change on machine M3:  -> E-Bike_Rahmen_lackiert, setup time: 0
2025-06-19 11:20:15,647 - JSPGymEnvironment - INFO - Executed operation: Job J16, Op 0, Machine M3, Start: 0, End: 30, Setup: 0
2025-06-19 11:20:15,648 - JSPGymEnvironment - INFO - 
===== REWARD DETAILS FOR STEP 1 =====
Job: J16, Operation: 0, Job Completed: False
Current Time: 0.00 -> 30.00, Setup Time: 0.00
Processing Time: 30.00, Idle Time: 0.00
Completed Jobs: 0/20
Machine: M3, Material: E-Bike_Rahmen_lackiert

REWARD COMPONENTS:
- makespan_reward: -0.1500
- setup_reward: 0.0000
- deadline_reward: 0.0000
- priority_reward: 0.0000
- critical_job_reward: 0.5000
- placement_reward: 0.0000
- timeliness_reward: 9.1718
- machine_idle_penalty: -0.8500

TOTAL REWARD: 8.6718

CUMULATIVE REWARD COMPONENTS:
- makespan_reward: -0.1500
- setup_reward: 0.0000
- deadline_reward: 0.0000
- priority_reward: 0.0000
- critical_job_reward: 0.5000
- placement_reward: 0.0000
- timeliness_reward: 9.1718
- machine_idle_penalty: -0.8500

CUMULATIVE TOTAL: 8.6718

CRITICAL STATE INFO:
- Valid actions: ['J1', 'J2', 'J3', 'J4', 'J5', 'J6', 'J7', 'J8', 'J9', 'J10', 'J11', 'J12', 'J13', 'J14', 'J15', 'J16', 'J17', 'J18', 'J19', 'J20']
- Machine states:
  - Machine M1: Time=0.00, Idle=30.00, Material=None
  - Machine M2: Time=0.00, Idle=30.00, Material=None
  - Machine M3: Time=30.00, Idle=0.00, Material=E-Bike_Rahmen_lackiert
==================================================

2025-06-19 11:20:15,784 - JSPGymEnvironment - INFO - Material change on machine M2:  -> Mountainbike_Tretlager_gefraest, setup time: 0
2025-06-19 11:20:15,784 - JSPGymEnvironment - INFO - Executed operation: Job J11, Op 0, Machine M2, Start: 30, End: 53, Setup: 0
2025-06-19 11:20:15,785 - JSPGymEnvironment - INFO - 
===== REWARD DETAILS FOR STEP 2 =====
Job: J11, Operation: 0, Job Completed: False
Current Time: 30.00 -> 53.00, Setup Time: 0.00
Processing Time: 23.00, Idle Time: 0.00
Completed Jobs: 0/20
Machine: M2, Material: Mountainbike_Tretlager_gefraest

REWARD COMPONENTS:
- makespan_reward: -0.1150
- setup_reward: 0.0000
- deadline_reward: 0.0000
- priority_reward: 0.0000
- critical_job_reward: 0.0000
- placement_reward: 0.0000
- timeliness_reward: 9.1778
- machine_idle_penalty: -1.0500

TOTAL REWARD: 8.0128

CUMULATIVE REWARD COMPONENTS:
- makespan_reward: -0.2650
- setup_reward: 0.0000
- deadline_reward: 0.0000
- priority_reward: 0.0000
- critical_job_reward: 0.5000
- placement_reward: 0.0000
- timeliness_reward: 18.3496
- machine_idle_penalty: -1.9000

CUMULATIVE TOTAL: 16.6846

CRITICAL STATE INFO:
- Valid actions: ['J1', 'J2', 'J3', 'J4', 'J5', 'J6', 'J7', 'J8', 'J9', 'J10', 'J11', 'J12', 'J13', 'J14', 'J15', 'J16', 'J17', 'J18', 'J19', 'J20']
- Machine states:
  - Machine M1: Time=0.00, Idle=53.00, Material=None
  - Machine M2: Time=53.00, Idle=0.00, Material=Mountainbike_Tretlager_gefraest
  - Machine M3: Time=30.00, Idle=23.00, Material=E-Bike_Rahmen_lackiert
==================================================

2025-06-19 11:20:15,827 - JSPGymEnvironment - INFO - Material change on machine M3: E-Bike_Rahmen_lackiert -> Racebike_Laufraeder_montiert, setup time: 22
2025-06-19 11:20:15,827 - JSPGymEnvironment - INFO - Executed operation: Job J13, Op 0, Machine M3, Start: 75, End: 102, Setup: 22
2025-06-19 11:20:15,828 - JSPGymEnvironment - INFO - 
===== REWARD DETAILS FOR STEP 3 =====
Job: J13, Operation: 0, Job Completed: False
Current Time: 53.00 -> 102.00, Setup Time: 22.00
Processing Time: 27.00, Idle Time: 0.00
Completed Jobs: 0/20
Machine: M3, Material: Racebike_Laufraeder_montiert

REWARD COMPONENTS:
- makespan_reward: -0.2450
- setup_reward: -5.5000
- deadline_reward: 0.0000
- priority_reward: 0.0000
- critical_job_reward: 0.0000
- placement_reward: 0.0000
- timeliness_reward: 9.1934
- machine_idle_penalty: -1.9875

TOTAL REWARD: 1.4609

CUMULATIVE REWARD COMPONENTS:
- makespan_reward: -0.5100
- setup_reward: -5.5000
- deadline_reward: 0.0000
- priority_reward: 0.0000
- critical_job_reward: 0.5000
- placement_reward: 0.0000
- timeliness_reward: 27.5431
- machine_idle_penalty: -3.8875

CUMULATIVE TOTAL: 18.1456

CRITICAL STATE INFO:
- Valid actions: ['J1', 'J2', 'J3', 'J4', 'J5', 'J6', 'J7', 'J8', 'J9', 'J10', 'J11', 'J12', 'J13', 'J14', 'J15', 'J16', 'J17', 'J18', 'J19', 'J20']
- Machine states:
  - Machine M1: Time=0.00, Idle=102.00, Material=None
  - Machine M2: Time=53.00, Idle=49.00, Material=Mountainbike_Tretlager_gefraest
  - Machine M3: Time=102.00, Idle=0.00, Material=Racebike_Laufraeder_montiert
==================================================

2025-06-19 11:20:15,870 - JSPGymEnvironment - INFO - Material change on machine M3: Racebike_Laufraeder_montiert -> Racebike_Tretlager_gefraest, setup time: 15
2025-06-19 11:20:15,870 - JSPGymEnvironment - INFO - Executed operation: Job J9, Op 0, Machine M3, Start: 117, End: 144, Setup: 15
2025-06-19 11:20:15,871 - JSPGymEnvironment - INFO - 
===== REWARD DETAILS FOR STEP 4 =====
Job: J9, Operation: 0, Job Completed: False
Current Time: 102.00 -> 144.00, Setup Time: 15.00
Processing Time: 27.00, Idle Time: 0.00
Completed Jobs: 0/20
Machine: M3, Material: Racebike_Tretlager_gefraest

REWARD COMPONENTS:
- makespan_reward: -0.2100
- setup_reward: -3.7500
- deadline_reward: 0.0000
- priority_reward: 0.0000
- critical_job_reward: 0.5000
- placement_reward: 0.0000
- timeliness_reward: 9.2073
- machine_idle_penalty: -3.0375

TOTAL REWARD: 2.7098

CUMULATIVE REWARD COMPONENTS:
- makespan_reward: -0.7200
- setup_reward: -9.2500
- deadline_reward: 0.0000
- priority_reward: 0.0000
- critical_job_reward: 1.0000
- placement_reward: 0.0000
- timeliness_reward: 36.7504
- machine_idle_penalty: -6.9250

CUMULATIVE TOTAL: 20.8554

CRITICAL STATE INFO:
- Valid actions: ['J1', 'J2', 'J3', 'J4', 'J5', 'J6', 'J7', 'J8', 'J9', 'J10', 'J11', 'J12', 'J13', 'J14', 'J15', 'J16', 'J17', 'J18', 'J19', 'J20']
- Machine states:
  - Machine M1: Time=0.00, Idle=144.00, Material=None
  - Machine M2: Time=53.00, Idle=91.00, Material=Mountainbike_Tretlager_gefraest
  - Machine M3: Time=144.00, Idle=0.00, Material=Racebike_Tretlager_gefraest
==================================================

2025-06-19 11:20:15,912 - JSPGymEnvironment - INFO - Material change on machine M3: Racebike_Tretlager_gefraest -> E-Bike_Fahrrad_endmontiert, setup time: 21
2025-06-19 11:20:15,913 - JSPGymEnvironment - INFO - Executed operation: Job J1, Op 0, Machine M3, Start: 165, End: 190, Setup: 21
2025-06-19 11:20:15,913 - JSPGymEnvironment - INFO - 
===== REWARD DETAILS FOR STEP 5 =====
Job: J1, Operation: 0, Job Completed: False
Current Time: 144.00 -> 190.00, Setup Time: 21.00
Processing Time: 25.00, Idle Time: 0.00
Completed Jobs: 0/20
Machine: M3, Material: E-Bike_Fahrrad_endmontiert

REWARD COMPONENTS:
- makespan_reward: -0.2300
- setup_reward: -5.2500
- deadline_reward: 0.0000
- priority_reward: 0.0000
- critical_job_reward: 0.0000
- placement_reward: 0.0000
- timeliness_reward: 9.2201
- machine_idle_penalty: -4.1875

TOTAL REWARD: -0.4474

CUMULATIVE REWARD COMPONENTS:
- makespan_reward: -0.9500
- setup_reward: -14.5000
- deadline_reward: 0.0000
- priority_reward: 0.0000
- critical_job_reward: 1.0000
- placement_reward: 0.0000
- timeliness_reward: 45.9704
- machine_idle_penalty: -11.1125

CUMULATIVE TOTAL: 20.4079

CRITICAL STATE INFO:
- Valid actions: ['J1', 'J2', 'J3', 'J4', 'J5', 'J6', 'J7', 'J8', 'J9', 'J10', 'J11', 'J12', 'J13', 'J14', 'J15', 'J16', 'J17', 'J18', 'J19', 'J20']
- Machine states:
  - Machine M1: Time=0.00, Idle=190.00, Material=None
  - Machine M2: Time=53.00, Idle=137.00, Material=Mountainbike_Tretlager_gefraest
  - Machine M3: Time=190.00, Idle=0.00, Material=E-Bike_Fahrrad_endmontiert
==================================================

2025-06-19 11:20:15,950 - JSPGymEnvironment - INFO - Material change on machine M2: Mountainbike_Tretlager_gefraest -> E-Bike_Laufraeder_montiert, setup time: 29
2025-06-19 11:20:15,950 - JSPGymEnvironment - INFO - Executed operation: Job J1, Op 1, Machine M2, Start: 219, End: 230, Setup: 29
2025-06-19 11:20:15,950 - JSPGymEnvironment - INFO - 
===== REWARD DETAILS FOR STEP 6 =====
Job: J1, Operation: 1, Job Completed: False
Current Time: 190.00 -> 230.00, Setup Time: 29.00
Processing Time: 11.00, Idle Time: 0.00
Completed Jobs: 0/20
Machine: M2, Material: E-Bike_Laufraeder_montiert

REWARD COMPONENTS:
- makespan_reward: -0.2000
- setup_reward: -7.2500
- deadline_reward: 0.0000
- priority_reward: 0.0000
- critical_job_reward: 0.0000
- placement_reward: 0.0000
- timeliness_reward: 9.2315
- machine_idle_penalty: -3.4250

TOTAL REWARD: -1.6435

CUMULATIVE REWARD COMPONENTS:
- makespan_reward: -1.1500
- setup_reward: -21.7500
- deadline_reward: 0.0000
- priority_reward: 0.0000
- critical_job_reward: 1.0000
- placement_reward: 0.0000
- timeliness_reward: 55.2019
- machine_idle_penalty: -14.5375

CUMULATIVE TOTAL: 18.7644

CRITICAL STATE INFO:
- Valid actions: ['J1', 'J2', 'J3', 'J4', 'J5', 'J6', 'J7', 'J8', 'J9', 'J10', 'J11', 'J12', 'J13', 'J14', 'J15', 'J16', 'J17', 'J18', 'J19', 'J20']
- Machine states:
  - Machine M1: Time=0.00, Idle=230.00, Material=None
  - Machine M2: Time=230.00, Idle=0.00, Material=E-Bike_Laufraeder_montiert
  - Machine M3: Time=190.00, Idle=40.00, Material=E-Bike_Fahrrad_endmontiert
==================================================

2025-06-19 11:20:15,987 - JSPGymEnvironment - INFO - Material change on machine M3: E-Bike_Fahrrad_endmontiert -> Racebike_Bremsaufnahme_gebohrt, setup time: 22
2025-06-19 11:20:15,987 - JSPGymEnvironment - INFO - Executed operation: Job J10, Op 0, Machine M3, Start: 252, End: 289, Setup: 22
2025-06-19 11:20:15,987 - JSPGymEnvironment - INFO - 
===== REWARD DETAILS FOR STEP 7 =====
Job: J10, Operation: 0, Job Completed: False
Current Time: 230.00 -> 289.00, Setup Time: 22.00
Processing Time: 37.00, Idle Time: 0.00
Completed Jobs: 0/20
Machine: M3, Material: Racebike_Bremsaufnahme_gebohrt

REWARD COMPONENTS:
- makespan_reward: -0.2950
- setup_reward: -5.5000
- deadline_reward: 0.0000
- priority_reward: 0.0000
- critical_job_reward: 0.5000
- placement_reward: 0.0000
- timeliness_reward: 9.2476
- machine_idle_penalty: -4.4000

TOTAL REWARD: -0.4474

CUMULATIVE REWARD COMPONENTS:
- makespan_reward: -1.4450
- setup_reward: -27.2500
- deadline_reward: 0.0000
- priority_reward: 0.0000
- critical_job_reward: 1.5000
- placement_reward: 0.0000
- timeliness_reward: 64.4495
- machine_idle_penalty: -18.9375

CUMULATIVE TOTAL: 18.3170

CRITICAL STATE INFO:
- Valid actions: ['J1', 'J2', 'J3', 'J4', 'J5', 'J6', 'J7', 'J8', 'J9', 'J10', 'J11', 'J12', 'J13', 'J14', 'J15', 'J16', 'J17', 'J18', 'J19', 'J20']
- Machine states:
  - Machine M1: Time=0.00, Idle=289.00, Material=None
  - Machine M2: Time=230.00, Idle=59.00, Material=E-Bike_Laufraeder_montiert
  - Machine M3: Time=289.00, Idle=0.00, Material=Racebike_Bremsaufnahme_gebohrt
==================================================

2025-06-19 11:20:16,023 - JSPGymEnvironment - INFO - Material change on machine M1:  -> Racebike_Rahmen_nachbearbeitet, setup time: 0
2025-06-19 11:20:16,023 - JSPGymEnvironment - INFO - Executed operation: Job J13, Op 1, Machine M1, Start: 289, End: 329, Setup: 0
2025-06-19 11:20:16,024 - JSPGymEnvironment - INFO - 
===== REWARD DETAILS FOR STEP 8 =====
Job: J13, Operation: 1, Job Completed: False
Current Time: 289.00 -> 329.00, Setup Time: 0.00
Processing Time: 40.00, Idle Time: 0.00
Completed Jobs: 0/20
Machine: M1, Material: Racebike_Rahmen_nachbearbeitet

REWARD COMPONENTS:
- makespan_reward: -0.2000
- setup_reward: 0.0000
- deadline_reward: 0.0000
- priority_reward: 0.0000
- critical_job_reward: 0.0000
- placement_reward: 0.0000
- timeliness_reward: 9.2578
- machine_idle_penalty: -1.7375

TOTAL REWARD: 7.3203

CUMULATIVE REWARD COMPONENTS:
- makespan_reward: -1.6450
- setup_reward: -27.2500
- deadline_reward: 0.0000
- priority_reward: 0.0000
- critical_job_reward: 1.5000
- placement_reward: 0.0000
- timeliness_reward: 73.7073
- machine_idle_penalty: -20.6750

CUMULATIVE TOTAL: 25.6373

CRITICAL STATE INFO:
- Valid actions: ['J1', 'J2', 'J3', 'J4', 'J5', 'J6', 'J7', 'J8', 'J9', 'J10', 'J11', 'J12', 'J13', 'J14', 'J15', 'J16', 'J17', 'J18', 'J19', 'J20']
- Machine states:
  - Machine M1: Time=329.00, Idle=0.00, Material=Racebike_Rahmen_nachbearbeitet
  - Machine M2: Time=230.00, Idle=99.00, Material=E-Bike_Laufraeder_montiert
  - Machine M3: Time=289.00, Idle=40.00, Material=Racebike_Bremsaufnahme_gebohrt
==================================================

2025-06-19 11:20:16,112 - JSPGymEnvironment - INFO - Material change on machine M2: E-Bike_Laufraeder_montiert -> E-Bike_Rahmen_komplettiert, setup time: 20
2025-06-19 11:20:16,112 - JSPGymEnvironment - INFO - Executed operation: Job J1, Op 2, Machine M2, Start: 349, End: 378, Setup: 20
2025-06-19 11:20:16,112 - JSPGymEnvironment - INFO - 
===== REWARD DETAILS FOR STEP 9 =====
Job: J1, Operation: 2, Job Completed: False
Current Time: 329.00 -> 378.00, Setup Time: 20.00
Processing Time: 29.00, Idle Time: 0.00
Completed Jobs: 0/20
Machine: M2, Material: E-Bike_Rahmen_komplettiert

REWARD COMPONENTS:
- makespan_reward: -0.2450
- setup_reward: -5.0000
- deadline_reward: 0.0000
- priority_reward: 0.0000
- critical_job_reward: 0.0000
- placement_reward: 0.0000
- timeliness_reward: 9.2696
- machine_idle_penalty: -1.7250

TOTAL REWARD: 2.2996

CUMULATIVE REWARD COMPONENTS:
- makespan_reward: -1.8900
- setup_reward: -32.2500
- deadline_reward: 0.0000
- priority_reward: 0.0000
- critical_job_reward: 1.5000
- placement_reward: 0.0000
- timeliness_reward: 82.9769
- machine_idle_penalty: -22.4000

CUMULATIVE TOTAL: 27.9369

CRITICAL STATE INFO:
- Valid actions: ['J1', 'J2', 'J3', 'J4', 'J5', 'J6', 'J7', 'J8', 'J9', 'J10', 'J11', 'J12', 'J13', 'J14', 'J15', 'J16', 'J17', 'J18', 'J19', 'J20']
- Machine states:
  - Machine M1: Time=329.00, Idle=49.00, Material=Racebike_Rahmen_nachbearbeitet
  - Machine M2: Time=378.00, Idle=0.00, Material=E-Bike_Rahmen_komplettiert
  - Machine M3: Time=289.00, Idle=89.00, Material=Racebike_Bremsaufnahme_gebohrt
==================================================

2025-06-19 11:20:16,150 - JSPGymEnvironment - INFO - Material change on machine M1: Racebike_Rahmen_nachbearbeitet -> Citybike_Tretlageraufnahme_geschweisst, setup time: 41
2025-06-19 11:20:16,150 - JSPGymEnvironment - INFO - Executed operation: Job J14, Op 0, Machine M1, Start: 419, End: 461, Setup: 41
2025-06-19 11:20:16,150 - JSPGymEnvironment - INFO - 
===== REWARD DETAILS FOR STEP 10 =====
Job: J14, Operation: 0, Job Completed: False
Current Time: 378.00 -> 461.00, Setup Time: 41.00
Processing Time: 42.00, Idle Time: 0.00
Completed Jobs: 0/20
Machine: M1, Material: Citybike_Tretlageraufnahme_geschweisst

REWARD COMPONENTS:
- makespan_reward: -0.4150
- setup_reward: -10.2500
- deadline_reward: 0.0000
- priority_reward: 0.0000
- critical_job_reward: 0.0000
- placement_reward: 0.0000
- timeliness_reward: 9.2930
- machine_idle_penalty: -3.1875

TOTAL REWARD: -4.5595

CUMULATIVE REWARD COMPONENTS:
- makespan_reward: -2.3050
- setup_reward: -42.5000
- deadline_reward: 0.0000
- priority_reward: 0.0000
- critical_job_reward: 1.5000
- placement_reward: 0.0000
- timeliness_reward: 92.2699
- machine_idle_penalty: -25.5875

CUMULATIVE TOTAL: 23.3774

CRITICAL STATE INFO:
- Valid actions: ['J1', 'J2', 'J3', 'J4', 'J5', 'J6', 'J7', 'J8', 'J9', 'J10', 'J11', 'J12', 'J13', 'J14', 'J15', 'J16', 'J17', 'J18', 'J19', 'J20']
- Machine states:
  - Machine M1: Time=461.00, Idle=0.00, Material=Citybike_Tretlageraufnahme_geschweisst
  - Machine M2: Time=378.00, Idle=83.00, Material=E-Bike_Rahmen_komplettiert
  - Machine M3: Time=289.00, Idle=172.00, Material=Racebike_Bremsaufnahme_gebohrt
==================================================

2025-06-19 11:20:16,186 - JSPGymEnvironment - INFO - Material change on machine M1: Citybike_Tretlageraufnahme_geschweisst -> E-Bike_Hinterbau_vorbereitet, setup time: 50
2025-06-19 11:20:16,186 - JSPGymEnvironment - INFO - Executed operation: Job J5, Op 0, Machine M1, Start: 511, End: 547, Setup: 50
2025-06-19 11:20:16,186 - JSPGymEnvironment - INFO - 
===== REWARD DETAILS FOR STEP 11 =====
Job: J5, Operation: 0, Job Completed: False
Current Time: 461.00 -> 547.00, Setup Time: 50.00
Processing Time: 36.00, Idle Time: 0.00
Completed Jobs: 0/20
Machine: M1, Material: E-Bike_Hinterbau_vorbereitet

REWARD COMPONENTS:
- makespan_reward: -0.4300
- setup_reward: -12.5000
- deadline_reward: 0.0000
- priority_reward: 0.0000
- critical_job_reward: 0.5000
- placement_reward: 0.0000
- timeliness_reward: 9.3025
- machine_idle_penalty: -5.3875

TOTAL REWARD: -8.5150

CUMULATIVE REWARD COMPONENTS:
- makespan_reward: -2.7350
- setup_reward: -55.0000
- deadline_reward: 0.0000
- priority_reward: 0.0000
- critical_job_reward: 2.0000
- placement_reward: 0.0000
- timeliness_reward: 101.5724
- machine_idle_penalty: -30.9750

CUMULATIVE TOTAL: 14.8624

CRITICAL STATE INFO:
- Valid actions: ['J1', 'J2', 'J3', 'J4', 'J5', 'J6', 'J7', 'J8', 'J9', 'J10', 'J11', 'J12', 'J13', 'J14', 'J15', 'J16', 'J17', 'J18', 'J19', 'J20']
- Machine states:
  - Machine M1: Time=547.00, Idle=0.00, Material=E-Bike_Hinterbau_vorbereitet
  - Machine M2: Time=378.00, Idle=169.00, Material=E-Bike_Rahmen_komplettiert
  - Machine M3: Time=289.00, Idle=258.00, Material=Racebike_Bremsaufnahme_gebohrt
==================================================

2025-06-19 11:20:16,222 - JSPGymEnvironment - INFO - Material change on machine M3: Racebike_Bremsaufnahme_gebohrt -> Citybike_Rahmen_nachbearbeitet, setup time: 12
2025-06-19 11:20:16,222 - JSPGymEnvironment - INFO - Executed operation: Job J18, Op 0, Machine M3, Start: 559, End: 598, Setup: 12
2025-06-19 11:20:16,222 - JSPGymEnvironment - INFO - 
===== REWARD DETAILS FOR STEP 12 =====
Job: J18, Operation: 0, Job Completed: False
Current Time: 547.00 -> 598.00, Setup Time: 12.00
Processing Time: 39.00, Idle Time: 0.00
Completed Jobs: 0/20
Machine: M3, Material: Citybike_Rahmen_nachbearbeitet

REWARD COMPONENTS:
- makespan_reward: -0.2550
- setup_reward: -3.0000
- deadline_reward: 0.0000
- priority_reward: 0.0000
- critical_job_reward: 0.0000
- placement_reward: 0.0000
- timeliness_reward: 9.3095
- machine_idle_penalty: -3.3875

TOTAL REWARD: 2.6670

CUMULATIVE REWARD COMPONENTS:
- makespan_reward: -2.9900
- setup_reward: -58.0000
- deadline_reward: 0.0000
- priority_reward: 0.0000
- critical_job_reward: 2.0000
- placement_reward: 0.0000
- timeliness_reward: 110.8819
- machine_idle_penalty: -34.3625

CUMULATIVE TOTAL: 17.5294

CRITICAL STATE INFO:
- Valid actions: ['J1', 'J2', 'J3', 'J4', 'J5', 'J6', 'J7', 'J8', 'J9', 'J10', 'J11', 'J12', 'J13', 'J14', 'J15', 'J16', 'J17', 'J18', 'J19', 'J20']
- Machine states:
  - Machine M1: Time=547.00, Idle=51.00, Material=E-Bike_Hinterbau_vorbereitet
  - Machine M2: Time=378.00, Idle=220.00, Material=E-Bike_Rahmen_komplettiert
  - Machine M3: Time=598.00, Idle=0.00, Material=Citybike_Rahmen_nachbearbeitet
==================================================

2025-06-19 11:20:16,258 - JSPGymEnvironment - INFO - Material change on machine M1: E-Bike_Hinterbau_vorbereitet -> Racebike_Bremsen_justiert, setup time: 56
2025-06-19 11:20:16,258 - JSPGymEnvironment - INFO - Executed operation: Job J13, Op 2, Machine M1, Start: 654, End: 675, Setup: 56
2025-06-19 11:20:16,258 - JSPGymEnvironment - INFO - 
===== REWARD DETAILS FOR STEP 13 =====
Job: J13, Operation: 2, Job Completed: False
Current Time: 598.00 -> 675.00, Setup Time: 56.00
Processing Time: 21.00, Idle Time: 0.00
Completed Jobs: 0/20
Machine: M1, Material: Racebike_Bremsen_justiert

REWARD COMPONENTS:
- makespan_reward: -0.3850
- setup_reward: -14.0000
- deadline_reward: 0.0000
- priority_reward: 0.0000
- critical_job_reward: 0.0000
- placement_reward: 0.0000
- timeliness_reward: 9.3171
- machine_idle_penalty: -4.7250

TOTAL REWARD: -9.7929

CUMULATIVE REWARD COMPONENTS:
- makespan_reward: -3.3750
- setup_reward: -72.0000
- deadline_reward: 0.0000
- priority_reward: 0.0000
- critical_job_reward: 2.0000
- placement_reward: 0.0000
- timeliness_reward: 120.1990
- machine_idle_penalty: -39.0875

CUMULATIVE TOTAL: 7.7365

CRITICAL STATE INFO:
- Valid actions: ['J1', 'J2', 'J3', 'J4', 'J5', 'J6', 'J7', 'J8', 'J9', 'J10', 'J11', 'J12', 'J13', 'J14', 'J15', 'J16', 'J17', 'J18', 'J19', 'J20']
- Machine states:
  - Machine M1: Time=675.00, Idle=0.00, Material=Racebike_Bremsen_justiert
  - Machine M2: Time=378.00, Idle=297.00, Material=E-Bike_Rahmen_komplettiert
  - Machine M3: Time=598.00, Idle=77.00, Material=Citybike_Rahmen_nachbearbeitet
==================================================

2025-06-19 11:20:16,294 - JSPGymEnvironment - INFO - Material change on machine M2: E-Bike_Rahmen_komplettiert -> Citybike_Rahmen_komplettiert, setup time: 21
2025-06-19 11:20:16,294 - JSPGymEnvironment - INFO - Executed operation: Job J14, Op 1, Machine M2, Start: 696, End: 721, Setup: 21
2025-06-19 11:20:16,294 - JSPGymEnvironment - INFO - 
===== REWARD DETAILS FOR STEP 14 =====
Job: J14, Operation: 1, Job Completed: False
Current Time: 675.00 -> 721.00, Setup Time: 21.00
Processing Time: 25.00, Idle Time: 0.00
Completed Jobs: 0/20
Machine: M2, Material: Citybike_Rahmen_komplettiert

REWARD COMPONENTS:
- makespan_reward: -0.2300
- setup_reward: -5.2500
- deadline_reward: 0.0000
- priority_reward: 0.0000
- critical_job_reward: 0.0000
- placement_reward: 0.0000
- timeliness_reward: 9.3285
- machine_idle_penalty: -2.1125

TOTAL REWARD: 1.7360

CUMULATIVE REWARD COMPONENTS:
- makespan_reward: -3.6050
- setup_reward: -77.2500
- deadline_reward: 0.0000
- priority_reward: 0.0000
- critical_job_reward: 2.0000
- placement_reward: 0.0000
- timeliness_reward: 129.5275
- machine_idle_penalty: -41.2000

CUMULATIVE TOTAL: 9.4725

CRITICAL STATE INFO:
- Valid actions: ['J1', 'J2', 'J3', 'J4', 'J5', 'J6', 'J7', 'J8', 'J9', 'J10', 'J11', 'J12', 'J13', 'J14', 'J15', 'J16', 'J17', 'J18', 'J19', 'J20']
- Machine states:
  - Machine M1: Time=675.00, Idle=46.00, Material=Racebike_Bremsen_justiert
  - Machine M2: Time=721.00, Idle=0.00, Material=Citybike_Rahmen_komplettiert
  - Machine M3: Time=598.00, Idle=123.00, Material=Citybike_Rahmen_nachbearbeitet
==================================================

2025-06-19 11:20:16,365 - JSPGymEnvironment - INFO - Material change on machine M2: Citybike_Rahmen_komplettiert -> Citybike_Fahrrad_endmontiert, setup time: 20
2025-06-19 11:20:16,366 - JSPGymEnvironment - INFO - Executed operation: Job J14, Op 2, Machine M2, Start: 741, End: 751, Setup: 20
2025-06-19 11:20:16,368 - JSPGymEnvironment - INFO - 
===== REWARD DETAILS FOR STEP 15 =====
Job: J14, Operation: 2, Job Completed: False
Current Time: 721.00 -> 751.00, Setup Time: 20.00
Processing Time: 10.00, Idle Time: 0.00
Completed Jobs: 0/20
Machine: M2, Material: Citybike_Fahrrad_endmontiert

REWARD COMPONENTS:
- makespan_reward: -0.1500
- setup_reward: -5.0000
- deadline_reward: 0.0000
- priority_reward: 0.0000
- critical_job_reward: 0.0000
- placement_reward: 0.0000
- timeliness_reward: 9.3296
- machine_idle_penalty: -2.8625

TOTAL REWARD: 1.3171

CUMULATIVE REWARD COMPONENTS:
- makespan_reward: -3.7550
- setup_reward: -82.2500
- deadline_reward: 0.0000
- priority_reward: 0.0000
- critical_job_reward: 2.0000
- placement_reward: 0.0000
- timeliness_reward: 138.8571
- machine_idle_penalty: -44.0625

CUMULATIVE TOTAL: 10.7896

CRITICAL STATE INFO:
- Valid actions: ['J1', 'J2', 'J3', 'J4', 'J5', 'J6', 'J7', 'J8', 'J9', 'J10', 'J11', 'J12', 'J13', 'J14', 'J15', 'J16', 'J17', 'J18', 'J19', 'J20']
- Machine states:
  - Machine M1: Time=675.00, Idle=76.00, Material=Racebike_Bremsen_justiert
  - Machine M2: Time=751.00, Idle=0.00, Material=Citybike_Fahrrad_endmontiert
  - Machine M3: Time=598.00, Idle=153.00, Material=Citybike_Rahmen_nachbearbeitet
==================================================

2025-06-19 11:20:16,425 - JSPGymEnvironment - INFO - Material change on machine M3: Citybike_Rahmen_nachbearbeitet -> Racebike_Rahmen_komplettiert, setup time: 12
2025-06-19 11:20:16,425 - JSPGymEnvironment - INFO - Executed operation: Job J13, Op 3, Machine M3, Start: 763, End: 802, Setup: 12
2025-06-19 11:20:16,425 - JSPGymEnvironment - INFO - 
===== REWARD DETAILS FOR STEP 16 =====
Job: J13, Operation: 3, Job Completed: False
Current Time: 751.00 -> 802.00, Setup Time: 12.00
Processing Time: 39.00, Idle Time: 0.00
Completed Jobs: 0/20
Machine: M3, Material: Racebike_Rahmen_komplettiert

REWARD COMPONENTS:
- makespan_reward: -0.2550
- setup_reward: -3.0000
- deadline_reward: 0.0000
- priority_reward: 0.0000
- critical_job_reward: 0.0000
- placement_reward: 0.0000
- timeliness_reward: 9.3200
- machine_idle_penalty: -2.2250

TOTAL REWARD: 3.8400

CUMULATIVE REWARD COMPONENTS:
- makespan_reward: -4.0100
- setup_reward: -85.2500
- deadline_reward: 0.0000
- priority_reward: 0.0000
- critical_job_reward: 2.0000
- placement_reward: 0.0000
- timeliness_reward: 148.1771
- machine_idle_penalty: -46.2875

CUMULATIVE TOTAL: 14.6296

CRITICAL STATE INFO:
- Valid actions: ['J1', 'J2', 'J3', 'J4', 'J5', 'J6', 'J7', 'J8', 'J9', 'J10', 'J11', 'J12', 'J13', 'J14', 'J15', 'J16', 'J17', 'J18', 'J19', 'J20']
- Machine states:
  - Machine M1: Time=675.00, Idle=127.00, Material=Racebike_Bremsen_justiert
  - Machine M2: Time=751.00, Idle=51.00, Material=Citybike_Fahrrad_endmontiert
  - Machine M3: Time=802.00, Idle=0.00, Material=Racebike_Rahmen_komplettiert
==================================================

2025-06-19 11:20:16,479 - JSPGymEnvironment - INFO - Material change on machine M2: Citybike_Fahrrad_endmontiert -> Citybike_Antrieb_installiert, setup time: 20
2025-06-19 11:20:16,479 - JSPGymEnvironment - INFO - Executed operation: Job J14, Op 3, Machine M2, Start: 822, End: 836, Setup: 20
2025-06-19 11:20:16,479 - JSPGymEnvironment - INFO - 
===== REWARD DETAILS FOR STEP 17 =====
Job: J14, Operation: 3, Job Completed: False
Current Time: 802.00 -> 836.00, Setup Time: 20.00
Processing Time: 14.00, Idle Time: 0.00
Completed Jobs: 0/20
Machine: M2, Material: Citybike_Antrieb_installiert

REWARD COMPONENTS:
- makespan_reward: -0.1700
- setup_reward: -5.0000
- deadline_reward: 0.0000
- priority_reward: 0.0000
- critical_job_reward: 0.0000
- placement_reward: 0.0000
- timeliness_reward: 9.3286
- machine_idle_penalty: -2.4375

TOTAL REWARD: 1.7211

CUMULATIVE REWARD COMPONENTS:
- makespan_reward: -4.1800
- setup_reward: -90.2500
- deadline_reward: 0.0000
- priority_reward: 0.0000
- critical_job_reward: 2.0000
- placement_reward: 0.0000
- timeliness_reward: 157.5057
- machine_idle_penalty: -48.7250

CUMULATIVE TOTAL: 16.3507

CRITICAL STATE INFO:
- Valid actions: ['J1', 'J2', 'J3', 'J4', 'J5', 'J6', 'J7', 'J8', 'J9', 'J10', 'J11', 'J12', 'J13', 'J14', 'J15', 'J16', 'J17', 'J18', 'J19', 'J20']
- Machine states:
  - Machine M1: Time=675.00, Idle=161.00, Material=Racebike_Bremsen_justiert
  - Machine M2: Time=836.00, Idle=0.00, Material=Citybike_Antrieb_installiert
  - Machine M3: Time=802.00, Idle=34.00, Material=Racebike_Rahmen_komplettiert
==================================================

2025-06-19 11:20:16,674 - JSPGymEnvironment - INFO - Material change on machine M1: Racebike_Bremsen_justiert -> E-Bike_Bremsen_justiert, setup time: 51
2025-06-19 11:20:16,674 - JSPGymEnvironment - INFO - Executed operation: Job J1, Op 3, Machine M1, Start: 887, End: 904, Setup: 51
2025-06-19 11:20:16,675 - JSPGymEnvironment - INFO - 
===== REWARD DETAILS FOR STEP 18 =====
Job: J1, Operation: 3, Job Completed: False
Current Time: 836.00 -> 904.00, Setup Time: 51.00
Processing Time: 17.00, Idle Time: 0.00
Completed Jobs: 0/20
Machine: M1, Material: E-Bike_Bremsen_justiert

REWARD COMPONENTS:
- makespan_reward: -0.3400
- setup_reward: -12.7500
- deadline_reward: 0.0000
- priority_reward: 0.0000
- critical_job_reward: 0.0000
- placement_reward: 0.0000
- timeliness_reward: 9.3117
- machine_idle_penalty: -2.1250

TOTAL REWARD: -5.9033

CUMULATIVE REWARD COMPONENTS:
- makespan_reward: -4.5200
- setup_reward: -103.0000
- deadline_reward: 0.0000
- priority_reward: 0.0000
- critical_job_reward: 2.0000
- placement_reward: 0.0000
- timeliness_reward: 166.8175
- machine_idle_penalty: -50.8500

CUMULATIVE TOTAL: 10.4475

CRITICAL STATE INFO:
- Valid actions: ['J1', 'J2', 'J3', 'J4', 'J5', 'J6', 'J7', 'J8', 'J9', 'J10', 'J11', 'J12', 'J13', 'J14', 'J15', 'J16', 'J17', 'J18', 'J19', 'J20']
- Machine states:
  - Machine M1: Time=904.00, Idle=0.00, Material=E-Bike_Bremsen_justiert
  - Machine M2: Time=836.00, Idle=68.00, Material=Citybike_Antrieb_installiert
  - Machine M3: Time=802.00, Idle=102.00, Material=Racebike_Rahmen_komplettiert
==================================================

2025-06-19 11:20:16,722 - JSPGymEnvironment - INFO - Material change on machine M2: Citybike_Antrieb_installiert -> Citybike_Schaltauge_bearbeitet, setup time: 20
2025-06-19 11:20:16,723 - JSPGymEnvironment - INFO - Executed operation: Job J14, Op 4, Machine M2, Start: 924, End: 949, Setup: 20
2025-06-19 11:20:16,723 - JSPGymEnvironment - INFO - 
===== REWARD DETAILS FOR STEP 19 =====
Job: J14, Operation: 4, Job Completed: False
Current Time: 904.00 -> 949.00, Setup Time: 20.00
Processing Time: 25.00, Idle Time: 0.00
Completed Jobs: 0/20
Machine: M2, Material: Citybike_Schaltauge_bearbeitet

REWARD COMPONENTS:
- makespan_reward: -0.2250
- setup_reward: -5.0000
- deadline_reward: 0.0000
- priority_reward: 0.0000
- critical_job_reward: 0.0000
- placement_reward: 0.0000
- timeliness_reward: 9.3160
- machine_idle_penalty: -2.4000

TOTAL REWARD: 1.6910

CUMULATIVE REWARD COMPONENTS:
- makespan_reward: -4.7450
- setup_reward: -108.0000
- deadline_reward: 0.0000
- priority_reward: 0.0000
- critical_job_reward: 2.0000
- placement_reward: 0.0000
- timeliness_reward: 176.1335
- machine_idle_penalty: -53.2500

CUMULATIVE TOTAL: 12.1385

CRITICAL STATE INFO:
- Valid actions: ['J1', 'J2', 'J3', 'J4', 'J5', 'J6', 'J7', 'J8', 'J9', 'J10', 'J11', 'J12', 'J13', 'J14', 'J15', 'J16', 'J17', 'J18', 'J19', 'J20']
- Machine states:
  - Machine M1: Time=904.00, Idle=45.00, Material=E-Bike_Bremsen_justiert
  - Machine M2: Time=949.00, Idle=0.00, Material=Citybike_Schaltauge_bearbeitet
  - Machine M3: Time=802.00, Idle=147.00, Material=Racebike_Rahmen_komplettiert
==================================================

2025-06-19 11:20:16,766 - JSPGymEnvironment - INFO - Material change on machine M1: E-Bike_Bremsen_justiert -> Mountainbike_Rahmen_lackiert, setup time: 47
2025-06-19 11:20:16,766 - JSPGymEnvironment - INFO - Executed operation: Job J11, Op 1, Machine M1, Start: 996, End: 1020, Setup: 47
2025-06-19 11:20:16,767 - JSPGymEnvironment - INFO - 
===== REWARD DETAILS FOR STEP 20 =====
Job: J11, Operation: 1, Job Completed: False
Current Time: 949.00 -> 1020.00, Setup Time: 47.00
Processing Time: 24.00, Idle Time: 0.00
Completed Jobs: 0/20
Machine: M1, Material: Mountainbike_Rahmen_lackiert

REWARD COMPONENTS:
- makespan_reward: -0.3550
- setup_reward: -11.7500
- deadline_reward: 0.0000
- priority_reward: 0.0000
- critical_job_reward: 0.0000
- placement_reward: 0.0000
- timeliness_reward: 9.2878
- machine_idle_penalty: -3.6125

TOTAL REWARD: -6.4297

CUMULATIVE REWARD COMPONENTS:
- makespan_reward: -5.1000
- setup_reward: -119.7500
- deadline_reward: 0.0000
- priority_reward: 0.0000
- critical_job_reward: 2.0000
- placement_reward: 0.0000
- timeliness_reward: 185.4213
- machine_idle_penalty: -56.8625

CUMULATIVE TOTAL: 5.7088

CRITICAL STATE INFO:
- Valid actions: ['J1', 'J2', 'J3', 'J4', 'J5', 'J6', 'J7', 'J8', 'J9', 'J10', 'J11', 'J12', 'J13', 'J14', 'J15', 'J16', 'J17', 'J18', 'J19', 'J20']
- Machine states:
  - Machine M1: Time=1020.00, Idle=0.00, Material=Mountainbike_Rahmen_lackiert
  - Machine M2: Time=949.00, Idle=71.00, Material=Citybike_Schaltauge_bearbeitet
  - Machine M3: Time=802.00, Idle=218.00, Material=Racebike_Rahmen_komplettiert
==================================================

2025-06-19 11:20:16,804 - JSPGymEnvironment - INFO - Material change on machine M1: Mountainbike_Rahmen_lackiert -> Racebike_Tretlager_gefraest, setup time: 43
2025-06-19 11:20:16,804 - JSPGymEnvironment - INFO - Executed operation: Job J13, Op 4, Machine M1, Start: 1063, End: 1098, Setup: 43
2025-06-19 11:20:16,804 - JSPGymEnvironment - INFO - Job J13 completed at time 1098, deadline: 2880, met: True, priority: 7
2025-06-19 11:20:16,804 - JSPGymEnvironment - INFO - 
===== REWARD DETAILS FOR STEP 21 =====
Job: J13, Operation: 4, Job Completed: True
Current Time: 1020.00 -> 1098.00, Setup Time: 43.00
Processing Time: 35.00, Idle Time: 0.00
Completed Jobs: 1/20
Machine: M1, Material: Racebike_Tretlager_gefraest
Job Deadline: 2880.00 (Met), Priority: 7

REWARD COMPONENTS:
- makespan_reward: -0.3900
- setup_reward: -10.7500
- deadline_reward: 20.0000
- priority_reward: 28.0000
- critical_job_reward: 0.0000
- placement_reward: 0.0000
- timeliness_reward: 9.2605
- machine_idle_penalty: -5.5625

TOTAL REWARD: 40.5580

CUMULATIVE REWARD COMPONENTS:
- makespan_reward: -5.4900
- setup_reward: -130.5000
- deadline_reward: 20.0000
- priority_reward: 28.0000
- critical_job_reward: 2.0000
- placement_reward: 0.0000
- timeliness_reward: 194.6819
- machine_idle_penalty: -62.4250

CUMULATIVE TOTAL: 46.2669

CRITICAL STATE INFO:
- Valid actions: ['J1', 'J2', 'J3', 'J4', 'J5', 'J6', 'J7', 'J8', 'J9', 'J10', 'J11', 'J12', 'J14', 'J15', 'J16', 'J17', 'J18', 'J19', 'J20']
- Machine states:
  - Machine M1: Time=1098.00, Idle=0.00, Material=Racebike_Tretlager_gefraest
  - Machine M2: Time=949.00, Idle=149.00, Material=Citybike_Schaltauge_bearbeitet
  - Machine M3: Time=802.00, Idle=296.00, Material=Racebike_Rahmen_komplettiert
==================================================

2025-06-19 11:20:16,804 - JSPGymEnvironment - INFO - Retro-Bonus für Job J13: +10.0
2025-06-19 11:20:16,843 - JSPGymEnvironment - INFO - Executed operation: Job J12, Op 0, Machine M3, Start: 1108, End: 1162, Setup: 10
2025-06-19 11:20:16,843 - JSPGymEnvironment - INFO - 
===== REWARD DETAILS FOR STEP 22 =====
Job: J12, Operation: 0, Job Completed: False
Current Time: 1098.00 -> 1162.00, Setup Time: 10.00
Processing Time: 54.00, Idle Time: 0.00
Completed Jobs: 1/20
Machine: M3, Material: Racebike_Rahmen_komplettiert

REWARD COMPONENTS:
- makespan_reward: -0.3200
- setup_reward: -2.5000
- deadline_reward: 0.0000
- priority_reward: 0.0000
- critical_job_reward: 0.5000
- placement_reward: 0.0000
- timeliness_reward: 9.2495
- machine_idle_penalty: -3.4625

TOTAL REWARD: 3.4670

CUMULATIVE REWARD COMPONENTS:
- makespan_reward: -5.8100
- setup_reward: -133.0000
- deadline_reward: 20.0000
- priority_reward: 28.0000
- critical_job_reward: 2.5000
- placement_reward: 0.0000
- timeliness_reward: 203.9314
- machine_idle_penalty: -65.8875

CUMULATIVE TOTAL: 49.7339

CRITICAL STATE INFO:
- Valid actions: ['J1', 'J2', 'J3', 'J4', 'J5', 'J6', 'J7', 'J8', 'J9', 'J10', 'J11', 'J12', 'J14', 'J15', 'J16', 'J17', 'J18', 'J19', 'J20']
- Machine states:
  - Machine M1: Time=1098.00, Idle=64.00, Material=Racebike_Tretlager_gefraest
  - Machine M2: Time=949.00, Idle=213.00, Material=Citybike_Schaltauge_bearbeitet
  - Machine M3: Time=1162.00, Idle=0.00, Material=Racebike_Rahmen_komplettiert
==================================================

2025-06-19 11:20:16,881 - JSPGymEnvironment - INFO - Material change on machine M3: Racebike_Rahmen_komplettiert -> Mountainbike_Rahmen_komplettiert, setup time: 18
2025-06-19 11:20:16,881 - JSPGymEnvironment - INFO - Executed operation: Job J11, Op 2, Machine M3, Start: 1180, End: 1231, Setup: 18
2025-06-19 11:20:16,881 - JSPGymEnvironment - INFO - 
===== REWARD DETAILS FOR STEP 23 =====
Job: J11, Operation: 2, Job Completed: False
Current Time: 1162.00 -> 1231.00, Setup Time: 18.00
Processing Time: 51.00, Idle Time: 0.00
Completed Jobs: 1/20
Machine: M3, Material: Mountainbike_Rahmen_komplettiert

REWARD COMPONENTS:
- makespan_reward: -0.3450
- setup_reward: -4.5000
- deadline_reward: 0.0000
- priority_reward: 0.0000
- critical_job_reward: 0.0000
- placement_reward: 0.0000
- timeliness_reward: 9.1910
- machine_idle_penalty: -5.1875

TOTAL REWARD: -0.8415

CUMULATIVE REWARD COMPONENTS:
- makespan_reward: -6.1550
- setup_reward: -137.5000
- deadline_reward: 20.0000
- priority_reward: 28.0000
- critical_job_reward: 2.5000
- placement_reward: 0.0000
- timeliness_reward: 213.1223
- machine_idle_penalty: -71.0750

CUMULATIVE TOTAL: 48.8923

CRITICAL STATE INFO:
- Valid actions: ['J1', 'J2', 'J3', 'J4', 'J5', 'J6', 'J7', 'J8', 'J9', 'J10', 'J11', 'J12', 'J14', 'J15', 'J16', 'J17', 'J18', 'J19', 'J20']
- Machine states:
  - Machine M1: Time=1098.00, Idle=133.00, Material=Racebike_Tretlager_gefraest
  - Machine M2: Time=949.00, Idle=282.00, Material=Citybike_Schaltauge_bearbeitet
  - Machine M3: Time=1231.00, Idle=0.00, Material=Mountainbike_Rahmen_komplettiert
==================================================

2025-06-19 11:20:16,918 - JSPGymEnvironment - INFO - Material change on machine M1: Racebike_Tretlager_gefraest -> Citybike_Laufraeder_montiert, setup time: 41
2025-06-19 11:20:16,918 - JSPGymEnvironment - INFO - Executed operation: Job J18, Op 1, Machine M1, Start: 1272, End: 1300, Setup: 41
2025-06-19 11:20:16,918 - JSPGymEnvironment - INFO - 
===== REWARD DETAILS FOR STEP 24 =====
Job: J18, Operation: 1, Job Completed: False
Current Time: 1231.00 -> 1300.00, Setup Time: 41.00
Processing Time: 28.00, Idle Time: 0.00
Completed Jobs: 1/20
Machine: M1, Material: Citybike_Laufraeder_montiert

REWARD COMPONENTS:
- makespan_reward: -0.3450
- setup_reward: -10.2500
- deadline_reward: 0.0000
- priority_reward: 0.0000
- critical_job_reward: 0.0000
- placement_reward: 0.0000
- timeliness_reward: 9.1407
- machine_idle_penalty: -5.2500

TOTAL REWARD: -6.7043

CUMULATIVE REWARD COMPONENTS:
- makespan_reward: -6.5000
- setup_reward: -147.7500
- deadline_reward: 20.0000
- priority_reward: 28.0000
- critical_job_reward: 2.5000
- placement_reward: 0.0000
- timeliness_reward: 222.2630
- machine_idle_penalty: -76.3250

CUMULATIVE TOTAL: 42.1880

CRITICAL STATE INFO:
- Valid actions: ['J1', 'J2', 'J3', 'J4', 'J5', 'J6', 'J7', 'J8', 'J9', 'J10', 'J11', 'J12', 'J14', 'J15', 'J16', 'J17', 'J18', 'J19', 'J20']
- Machine states:
  - Machine M1: Time=1300.00, Idle=0.00, Material=Citybike_Laufraeder_montiert
  - Machine M2: Time=949.00, Idle=351.00, Material=Citybike_Schaltauge_bearbeitet
  - Machine M3: Time=1231.00, Idle=69.00, Material=Mountainbike_Rahmen_komplettiert
==================================================

2025-06-19 11:20:16,954 - JSPGymEnvironment - INFO - Material change on machine M2: Citybike_Schaltauge_bearbeitet -> E-Bike_Rahmen_lackiert, setup time: 21
2025-06-19 11:20:16,954 - JSPGymEnvironment - INFO - Executed operation: Job J1, Op 4, Machine M2, Start: 1321, End: 1341, Setup: 21
2025-06-19 11:20:16,955 - JSPGymEnvironment - INFO - 
===== REWARD DETAILS FOR STEP 25 =====
Job: J1, Operation: 4, Job Completed: False
Current Time: 1300.00 -> 1341.00, Setup Time: 21.00
Processing Time: 20.00, Idle Time: 0.00
Completed Jobs: 1/20
Machine: M2, Material: E-Bike_Rahmen_lackiert

REWARD COMPONENTS:
- makespan_reward: -0.2050
- setup_reward: -5.2500
- deadline_reward: 0.0000
- priority_reward: 0.0000
- critical_job_reward: 0.0000
- placement_reward: 0.0000
- timeliness_reward: 9.1055
- machine_idle_penalty: -1.8875

TOTAL REWARD: 1.7630

CUMULATIVE REWARD COMPONENTS:
- makespan_reward: -6.7050
- setup_reward: -153.0000
- deadline_reward: 20.0000
- priority_reward: 28.0000
- critical_job_reward: 2.5000
- placement_reward: 0.0000
- timeliness_reward: 231.3684
- machine_idle_penalty: -78.2125

CUMULATIVE TOTAL: 43.9509

CRITICAL STATE INFO:
- Valid actions: ['J1', 'J2', 'J3', 'J4', 'J5', 'J6', 'J7', 'J8', 'J9', 'J10', 'J11', 'J12', 'J14', 'J15', 'J16', 'J17', 'J18', 'J19', 'J20']
- Machine states:
  - Machine M1: Time=1300.00, Idle=41.00, Material=Citybike_Laufraeder_montiert
  - Machine M2: Time=1341.00, Idle=0.00, Material=E-Bike_Rahmen_lackiert
  - Machine M3: Time=1231.00, Idle=110.00, Material=Mountainbike_Rahmen_komplettiert
==================================================

2025-06-19 11:20:16,995 - JSPGymEnvironment - INFO - Material change on machine M3: Mountainbike_Rahmen_komplettiert -> Citybike_Hauptrahmen_zugeschnitten, setup time: 12
2025-06-19 11:20:16,995 - JSPGymEnvironment - INFO - Executed operation: Job J18, Op 2, Machine M3, Start: 1353, End: 1400, Setup: 12
2025-06-19 11:20:16,996 - JSPGymEnvironment - INFO - 
===== REWARD DETAILS FOR STEP 26 =====
Job: J18, Operation: 2, Job Completed: False
Current Time: 1341.00 -> 1400.00, Setup Time: 12.00
Processing Time: 47.00, Idle Time: 0.00
Completed Jobs: 1/20
Machine: M3, Material: Citybike_Hauptrahmen_zugeschnitten

REWARD COMPONENTS:
- makespan_reward: -0.2950
- setup_reward: -3.0000
- deadline_reward: 0.0000
- priority_reward: 0.0000
- critical_job_reward: 0.0000
- placement_reward: 0.0000
- timeliness_reward: 9.0471
- machine_idle_penalty: -1.9875

TOTAL REWARD: 3.7646

CUMULATIVE REWARD COMPONENTS:
- makespan_reward: -7.0000
- setup_reward: -156.0000
- deadline_reward: 20.0000
- priority_reward: 28.0000
- critical_job_reward: 2.5000
- placement_reward: 0.0000
- timeliness_reward: 240.4155
- machine_idle_penalty: -80.2000

CUMULATIVE TOTAL: 47.7155

CRITICAL STATE INFO:
- Valid actions: ['J1', 'J2', 'J3', 'J4', 'J5', 'J6', 'J7', 'J8', 'J9', 'J10', 'J11', 'J12', 'J14', 'J15', 'J16', 'J17', 'J18', 'J19', 'J20']
- Machine states:
  - Machine M1: Time=1300.00, Idle=100.00, Material=Citybike_Laufraeder_montiert
  - Machine M2: Time=1341.00, Idle=59.00, Material=E-Bike_Rahmen_lackiert
  - Machine M3: Time=1400.00, Idle=0.00, Material=Citybike_Hauptrahmen_zugeschnitten
==================================================

2025-06-19 11:20:17,096 - JSPGymEnvironment - INFO - Material change on machine M3: Citybike_Hauptrahmen_zugeschnitten -> Citybike_Bremsaufnahme_gebohrt, setup time: 15
2025-06-19 11:20:17,096 - JSPGymEnvironment - INFO - Executed operation: Job J14, Op 5, Machine M3, Start: 1415, End: 1444, Setup: 15
2025-06-19 11:20:17,097 - JSPGymEnvironment - INFO - 
===== REWARD DETAILS FOR STEP 27 =====
Job: J14, Operation: 5, Job Completed: False
Current Time: 1400.00 -> 1444.00, Setup Time: 15.00
Processing Time: 29.00, Idle Time: 0.00
Completed Jobs: 1/20
Machine: M3, Material: Citybike_Bremsaufnahme_gebohrt

REWARD COMPONENTS:
- makespan_reward: -0.2200
- setup_reward: -3.7500
- deadline_reward: 0.0000
- priority_reward: 0.0000
- critical_job_reward: 0.0000
- placement_reward: 0.0000
- timeliness_reward: 9.0148
- machine_idle_penalty: -3.0875

TOTAL REWARD: 1.9573

CUMULATIVE REWARD COMPONENTS:
- makespan_reward: -7.2200
- setup_reward: -159.7500
- deadline_reward: 20.0000
- priority_reward: 28.0000
- critical_job_reward: 2.5000
- placement_reward: 0.0000
- timeliness_reward: 249.4304
- machine_idle_penalty: -83.2875

CUMULATIVE TOTAL: 49.6729

CRITICAL STATE INFO:
- Valid actions: ['J1', 'J2', 'J3', 'J4', 'J5', 'J6', 'J7', 'J8', 'J9', 'J10', 'J11', 'J12', 'J14', 'J15', 'J16', 'J17', 'J18', 'J19', 'J20']
- Machine states:
  - Machine M1: Time=1300.00, Idle=144.00, Material=Citybike_Laufraeder_montiert
  - Machine M2: Time=1341.00, Idle=103.00, Material=E-Bike_Rahmen_lackiert
  - Machine M3: Time=1444.00, Idle=0.00, Material=Citybike_Bremsaufnahme_gebohrt
==================================================

2025-06-19 11:20:17,135 - JSPGymEnvironment - INFO - Material change on machine M2: E-Bike_Rahmen_lackiert -> Racebike_Fahrrad_endmontiert, setup time: 29
2025-06-19 11:20:17,135 - JSPGymEnvironment - INFO - Executed operation: Job J12, Op 1, Machine M2, Start: 1473, End: 1484, Setup: 29
2025-06-19 11:20:17,135 - JSPGymEnvironment - INFO - 
===== REWARD DETAILS FOR STEP 28 =====
Job: J12, Operation: 1, Job Completed: False
Current Time: 1444.00 -> 1484.00, Setup Time: 29.00
Processing Time: 11.00, Idle Time: 0.00
Completed Jobs: 1/20
Machine: M2, Material: Racebike_Fahrrad_endmontiert

REWARD COMPONENTS:
- makespan_reward: -0.2000
- setup_reward: -7.2500
- deadline_reward: 0.0000
- priority_reward: 0.0000
- critical_job_reward: 0.5000
- placement_reward: 0.0000
- timeliness_reward: 8.9701
- machine_idle_penalty: -2.8000

TOTAL REWARD: -0.7799

CUMULATIVE REWARD COMPONENTS:
- makespan_reward: -7.4200
- setup_reward: -167.0000
- deadline_reward: 20.0000
- priority_reward: 28.0000
- critical_job_reward: 3.0000
- placement_reward: 0.0000
- timeliness_reward: 258.4004
- machine_idle_penalty: -86.0875

CUMULATIVE TOTAL: 48.8929

CRITICAL STATE INFO:
- Valid actions: ['J1', 'J2', 'J3', 'J4', 'J5', 'J6', 'J7', 'J8', 'J9', 'J10', 'J11', 'J12', 'J14', 'J15', 'J16', 'J17', 'J18', 'J19', 'J20']
- Machine states:
  - Machine M1: Time=1300.00, Idle=184.00, Material=Citybike_Laufraeder_montiert
  - Machine M2: Time=1484.00, Idle=0.00, Material=Racebike_Fahrrad_endmontiert
  - Machine M3: Time=1444.00, Idle=40.00, Material=Citybike_Bremsaufnahme_gebohrt
==================================================

2025-06-19 11:20:17,173 - JSPGymEnvironment - INFO - Material change on machine M1: Citybike_Laufraeder_montiert -> Racebike_Rahmen_nachbearbeitet, setup time: 30
2025-06-19 11:20:17,174 - JSPGymEnvironment - INFO - Executed operation: Job J20, Op 0, Machine M1, Start: 1514, End: 1539, Setup: 30
2025-06-19 11:20:17,174 - JSPGymEnvironment - INFO - 
===== REWARD DETAILS FOR STEP 29 =====
Job: J20, Operation: 0, Job Completed: False
Current Time: 1484.00 -> 1539.00, Setup Time: 30.00
Processing Time: 25.00, Idle Time: 0.00
Completed Jobs: 1/20
Machine: M1, Material: Racebike_Rahmen_nachbearbeitet

REWARD COMPONENTS:
- makespan_reward: -0.2750
- setup_reward: -7.5000
- deadline_reward: 0.0000
- priority_reward: 0.0000
- critical_job_reward: 0.5000
- placement_reward: 0.0000
- timeliness_reward: 8.8778
- machine_idle_penalty: -1.8750

TOTAL REWARD: -0.2722

CUMULATIVE REWARD COMPONENTS:
- makespan_reward: -7.6950
- setup_reward: -174.5000
- deadline_reward: 20.0000
- priority_reward: 28.0000
- critical_job_reward: 3.5000
- placement_reward: 0.0000
- timeliness_reward: 267.2782
- machine_idle_penalty: -87.9625

CUMULATIVE TOTAL: 48.6207

CRITICAL STATE INFO:
- Valid actions: ['J1', 'J2', 'J3', 'J4', 'J5', 'J6', 'J7', 'J8', 'J9', 'J10', 'J11', 'J12', 'J14', 'J15', 'J16', 'J17', 'J18', 'J19', 'J20']
- Machine states:
  - Machine M1: Time=1539.00, Idle=0.00, Material=Racebike_Rahmen_nachbearbeitet
  - Machine M2: Time=1484.00, Idle=55.00, Material=Racebike_Fahrrad_endmontiert
  - Machine M3: Time=1444.00, Idle=95.00, Material=Citybike_Bremsaufnahme_gebohrt
==================================================

2025-06-19 11:20:17,208 - JSPGymEnvironment - INFO - Material change on machine M2: Racebike_Fahrrad_endmontiert -> E-Bike_Steuerrohr_montiert, setup time: 24
2025-06-19 11:20:17,208 - JSPGymEnvironment - INFO - Executed operation: Job J1, Op 5, Machine M2, Start: 1563, End: 1578, Setup: 24
2025-06-19 11:20:17,209 - JSPGymEnvironment - INFO - 
===== REWARD DETAILS FOR STEP 30 =====
Job: J1, Operation: 5, Job Completed: False
Current Time: 1539.00 -> 1578.00, Setup Time: 24.00
Processing Time: 15.00, Idle Time: 0.00
Completed Jobs: 1/20
Machine: M2, Material: E-Bike_Steuerrohr_montiert

REWARD COMPONENTS:
- makespan_reward: -0.1950
- setup_reward: -6.0000
- deadline_reward: 0.0000
- priority_reward: 0.0000
- critical_job_reward: 0.0000
- placement_reward: 0.0000
- timeliness_reward: 8.8066
- machine_idle_penalty: -2.1625

TOTAL REWARD: 0.4491

CUMULATIVE REWARD COMPONENTS:
- makespan_reward: -7.8900
- setup_reward: -180.5000
- deadline_reward: 20.0000
- priority_reward: 28.0000
- critical_job_reward: 3.5000
- placement_reward: 0.0000
- timeliness_reward: 276.0849
- machine_idle_penalty: -90.1250

CUMULATIVE TOTAL: 49.0699

CRITICAL STATE INFO:
- Valid actions: ['J1', 'J2', 'J3', 'J4', 'J5', 'J6', 'J7', 'J8', 'J9', 'J10', 'J11', 'J12', 'J14', 'J15', 'J16', 'J17', 'J18', 'J19', 'J20']
- Machine states:
  - Machine M1: Time=1539.00, Idle=39.00, Material=Racebike_Rahmen_nachbearbeitet
  - Machine M2: Time=1578.00, Idle=0.00, Material=E-Bike_Steuerrohr_montiert
  - Machine M3: Time=1444.00, Idle=134.00, Material=Citybike_Bremsaufnahme_gebohrt
==================================================

2025-06-19 11:20:17,244 - JSPGymEnvironment - INFO - Material change on machine M1: Racebike_Rahmen_nachbearbeitet -> E-Bike_Hauptrahmen_zugeschnitten, setup time: 51
2025-06-19 11:20:17,244 - JSPGymEnvironment - INFO - Executed operation: Job J1, Op 6, Machine M1, Start: 1629, End: 1662, Setup: 51
2025-06-19 11:20:17,244 - JSPGymEnvironment - INFO - 
===== REWARD DETAILS FOR STEP 31 =====
Job: J1, Operation: 6, Job Completed: False
Current Time: 1578.00 -> 1662.00, Setup Time: 51.00
Processing Time: 33.00, Idle Time: 0.00
Completed Jobs: 1/20
Machine: M1, Material: E-Bike_Hauptrahmen_zugeschnitten

REWARD COMPONENTS:
- makespan_reward: -0.4200
- setup_reward: -12.7500
- deadline_reward: 0.0000
- priority_reward: 0.0000
- critical_job_reward: 0.0000
- placement_reward: 0.0000
- timeliness_reward: 8.6532
- machine_idle_penalty: -3.7750

TOTAL REWARD: -8.2918

CUMULATIVE REWARD COMPONENTS:
- makespan_reward: -8.3100
- setup_reward: -193.2500
- deadline_reward: 20.0000
- priority_reward: 28.0000
- critical_job_reward: 3.5000
- placement_reward: 0.0000
- timeliness_reward: 284.7381
- machine_idle_penalty: -93.9000

CUMULATIVE TOTAL: 40.7781

CRITICAL STATE INFO:
- Valid actions: ['J1', 'J2', 'J3', 'J4', 'J5', 'J6', 'J7', 'J8', 'J9', 'J10', 'J11', 'J12', 'J14', 'J15', 'J16', 'J17', 'J18', 'J19', 'J20']
- Machine states:
  - Machine M1: Time=1662.00, Idle=0.00, Material=E-Bike_Hauptrahmen_zugeschnitten
  - Machine M2: Time=1578.00, Idle=84.00, Material=E-Bike_Steuerrohr_montiert
  - Machine M3: Time=1444.00, Idle=218.00, Material=Citybike_Bremsaufnahme_gebohrt
==================================================

2025-06-19 11:20:17,279 - JSPGymEnvironment - INFO - Material change on machine M3: Citybike_Bremsaufnahme_gebohrt -> Citybike_Schaltauge_bearbeitet, setup time: 15
2025-06-19 11:20:17,279 - JSPGymEnvironment - INFO - Executed operation: Job J19, Op 0, Machine M3, Start: 1677, End: 1718, Setup: 15
2025-06-19 11:20:17,280 - JSPGymEnvironment - INFO - 
===== REWARD DETAILS FOR STEP 32 =====
Job: J19, Operation: 0, Job Completed: False
Current Time: 1662.00 -> 1718.00, Setup Time: 15.00
Processing Time: 41.00, Idle Time: 0.00
Completed Jobs: 1/20
Machine: M3, Material: Citybike_Schaltauge_bearbeitet

REWARD COMPONENTS:
- makespan_reward: -0.2800
- setup_reward: -3.7500
- deadline_reward: 0.0000
- priority_reward: 0.0000
- critical_job_reward: 0.0000
- placement_reward: 0.0000
- timeliness_reward: 8.5343
- machine_idle_penalty: -2.4500

TOTAL REWARD: 2.0543

CUMULATIVE REWARD COMPONENTS:
- makespan_reward: -8.5900
- setup_reward: -197.0000
- deadline_reward: 20.0000
- priority_reward: 28.0000
- critical_job_reward: 3.5000
- placement_reward: 0.0000
- timeliness_reward: 293.2725
- machine_idle_penalty: -96.3500

CUMULATIVE TOTAL: 42.8325

CRITICAL STATE INFO:
- Valid actions: ['J1', 'J2', 'J3', 'J4', 'J5', 'J6', 'J7', 'J8', 'J9', 'J10', 'J11', 'J12', 'J14', 'J15', 'J16', 'J17', 'J18', 'J19', 'J20']
- Machine states:
  - Machine M1: Time=1662.00, Idle=56.00, Material=E-Bike_Hauptrahmen_zugeschnitten
  - Machine M2: Time=1578.00, Idle=140.00, Material=E-Bike_Steuerrohr_montiert
  - Machine M3: Time=1718.00, Idle=0.00, Material=Citybike_Schaltauge_bearbeitet
==================================================

2025-06-19 11:20:17,317 - JSPGymEnvironment - INFO - Material change on machine M2: E-Bike_Steuerrohr_montiert -> Citybike_Fahrrad_endmontiert, setup time: 21
2025-06-19 11:20:17,317 - JSPGymEnvironment - INFO - Executed operation: Job J15, Op 0, Machine M2, Start: 1739, End: 1755, Setup: 21
2025-06-19 11:20:17,318 - JSPGymEnvironment - INFO - 
===== REWARD DETAILS FOR STEP 33 =====
Job: J15, Operation: 0, Job Completed: False
Current Time: 1718.00 -> 1755.00, Setup Time: 21.00
Processing Time: 16.00, Idle Time: 0.00
Completed Jobs: 1/20
Machine: M2, Material: Citybike_Fahrrad_endmontiert

REWARD COMPONENTS:
- makespan_reward: -0.1850
- setup_reward: -5.2500
- deadline_reward: 0.0000
- priority_reward: 0.0000
- critical_job_reward: 0.0000
- placement_reward: 0.0000
- timeliness_reward: 8.4584
- machine_idle_penalty: -1.6250

TOTAL REWARD: 1.3984

CUMULATIVE REWARD COMPONENTS:
- makespan_reward: -8.7750
- setup_reward: -202.2500
- deadline_reward: 20.0000
- priority_reward: 28.0000
- critical_job_reward: 3.5000
- placement_reward: 0.0000
- timeliness_reward: 301.7309
- machine_idle_penalty: -97.9750

CUMULATIVE TOTAL: 44.2309

CRITICAL STATE INFO:
- Valid actions: ['J1', 'J2', 'J3', 'J4', 'J5', 'J6', 'J7', 'J8', 'J9', 'J10', 'J11', 'J12', 'J14', 'J15', 'J16', 'J17', 'J18', 'J19', 'J20']
- Machine states:
  - Machine M1: Time=1662.00, Idle=93.00, Material=E-Bike_Hauptrahmen_zugeschnitten
  - Machine M2: Time=1755.00, Idle=0.00, Material=Citybike_Fahrrad_endmontiert
  - Machine M3: Time=1718.00, Idle=37.00, Material=Citybike_Schaltauge_bearbeitet
==================================================

2025-06-19 11:20:17,356 - JSPGymEnvironment - INFO - Material change on machine M2: Citybike_Fahrrad_endmontiert -> E-Bike_Hinterbau_vorbereitet, setup time: 21
2025-06-19 11:20:17,356 - JSPGymEnvironment - INFO - Executed operation: Job J16, Op 1, Machine M2, Start: 1776, End: 1793, Setup: 21
2025-06-19 11:20:17,356 - JSPGymEnvironment - INFO - 
===== REWARD DETAILS FOR STEP 34 =====
Job: J16, Operation: 1, Job Completed: False
Current Time: 1755.00 -> 1793.00, Setup Time: 21.00
Processing Time: 17.00, Idle Time: 0.00
Completed Jobs: 1/20
Machine: M2, Material: E-Bike_Hinterbau_vorbereitet

REWARD COMPONENTS:
- makespan_reward: -0.1900
- setup_reward: -5.2500
- deadline_reward: 0.0000
- priority_reward: 0.0000
- critical_job_reward: 0.5000
- placement_reward: 0.0000
- timeliness_reward: 8.4396
- machine_idle_penalty: -2.5750

TOTAL REWARD: 0.9246

CUMULATIVE REWARD COMPONENTS:
- makespan_reward: -8.9650
- setup_reward: -207.5000
- deadline_reward: 20.0000
- priority_reward: 28.0000
- critical_job_reward: 4.0000
- placement_reward: 0.0000
- timeliness_reward: 310.1705
- machine_idle_penalty: -100.5500

CUMULATIVE TOTAL: 45.1555

CRITICAL STATE INFO:
- Valid actions: ['J1', 'J2', 'J3', 'J4', 'J5', 'J6', 'J7', 'J8', 'J9', 'J10', 'J11', 'J12', 'J14', 'J15', 'J16', 'J17', 'J18', 'J19', 'J20']
- Machine states:
  - Machine M1: Time=1662.00, Idle=131.00, Material=E-Bike_Hauptrahmen_zugeschnitten
  - Machine M2: Time=1793.00, Idle=0.00, Material=E-Bike_Hinterbau_vorbereitet
  - Machine M3: Time=1718.00, Idle=75.00, Material=Citybike_Schaltauge_bearbeitet
==================================================

2025-06-19 11:20:17,392 - JSPGymEnvironment - INFO - Material change on machine M2: E-Bike_Hinterbau_vorbereitet -> Racebike_Bremsen_justiert, setup time: 29
2025-06-19 11:20:17,392 - JSPGymEnvironment - INFO - Executed operation: Job J12, Op 2, Machine M2, Start: 1822, End: 1842, Setup: 29
2025-06-19 11:20:17,392 - JSPGymEnvironment - INFO - 
===== REWARD DETAILS FOR STEP 35 =====
Job: J12, Operation: 2, Job Completed: False
Current Time: 1793.00 -> 1842.00, Setup Time: 29.00
Processing Time: 20.00, Idle Time: 0.00
Completed Jobs: 1/20
Machine: M2, Material: Racebike_Bremsen_justiert

REWARD COMPONENTS:
- makespan_reward: -0.2450
- setup_reward: -7.2500
- deadline_reward: 0.0000
- priority_reward: 0.0000
- critical_job_reward: 0.5000
- placement_reward: 0.0000
- timeliness_reward: 8.2468
- machine_idle_penalty: -3.8000

TOTAL REWARD: -2.5482

CUMULATIVE REWARD COMPONENTS:
- makespan_reward: -9.2100
- setup_reward: -214.7500
- deadline_reward: 20.0000
- priority_reward: 28.0000
- critical_job_reward: 4.5000
- placement_reward: 0.0000
- timeliness_reward: 318.4173
- machine_idle_penalty: -104.3500

CUMULATIVE TOTAL: 42.6073

CRITICAL STATE INFO:
- Valid actions: ['J1', 'J2', 'J3', 'J4', 'J5', 'J6', 'J7', 'J8', 'J9', 'J10', 'J11', 'J12', 'J14', 'J15', 'J16', 'J17', 'J18', 'J19', 'J20']
- Machine states:
  - Machine M1: Time=1662.00, Idle=180.00, Material=E-Bike_Hauptrahmen_zugeschnitten
  - Machine M2: Time=1842.00, Idle=0.00, Material=Racebike_Bremsen_justiert
  - Machine M3: Time=1718.00, Idle=124.00, Material=Citybike_Schaltauge_bearbeitet
==================================================

