2025-04-14 17:38:22,427 - JSPGymEnvironment - INFO - Environment reset
2025-04-14 17:38:22,470 - JSPGymEnvironment - INFO - Environment reset
2025-04-14 17:38:22,515 - JSPGymEnvironment - INFO - Material change on machine M1:  -> Racebike_Hauptrahmen_zugeschnitten, setup time: 0
2025-04-14 17:38:22,515 - JSPGymEnvironment - INFO - Executed operation: Job J7, Op 0, Machine M1, Start: 0.0, End: 35.0, Setup: 0
2025-04-14 17:38:22,528 - JSPGymEnvironment - INFO - Material change on machine M1: Racebike_Hauptrahmen_zugeschnitten -> Mountainbike_Hauptrahmen_zugeschnitten, setup time: 40
2025-04-14 17:38:22,528 - JSPGymEnvironment - INFO - Executed operation: Job J5, Op 0, Machine M1, Start: 75.0, End: 111.0, Setup: 40
2025-04-14 17:38:22,541 - JSPGymEnvironment - INFO - Executed operation: Job J20, Op 0, Machine M1, Start: 136.0, End: 155.0, Setup: 25
2025-04-14 17:38:22,554 - JSPGymEnvironment - INFO - Material change on machine M1: Mountainbike_Hauptrahmen_zugeschnitten -> Citybike_Hauptrahmen_zugeschnitten, setup time: 40
2025-04-14 17:38:22,554 - JSPGymEnvironment - INFO - Executed operation: Job J8, Op 0, Machine M1, Start: 195.0, End: 214.0, Setup: 40
2025-04-14 17:38:22,567 - JSPGymEnvironment - INFO - Executed operation: Job J14, Op 0, Machine M1, Start: 239.0, End: 257.0, Setup: 25
2025-04-14 17:38:22,579 - JSPGymEnvironment - INFO - Material change on machine M2:  -> Citybike_Schaltauge_bearbeitet, setup time: 0
2025-04-14 17:38:22,579 - JSPGymEnvironment - INFO - Executed operation: Job J8, Op 1, Machine M2, Start: 257.0, End: 270.0, Setup: 0
2025-04-14 17:38:22,592 - JSPGymEnvironment - INFO - Executed operation: Job J2, Op 0, Machine M1, Start: 295.0, End: 311.0, Setup: 25
2025-04-14 17:38:22,605 - JSPGymEnvironment - INFO - Material change on machine M2: Citybike_Schaltauge_bearbeitet -> Racebike_Schaltauge_bearbeitet, setup time: 20
2025-04-14 17:38:22,605 - JSPGymEnvironment - INFO - Executed operation: Job J7, Op 1, Machine M2, Start: 331.0, End: 354.0, Setup: 20
2025-04-14 17:38:22,619 - JSPGymEnvironment - INFO - Material change on machine M3:  -> Citybike_Antrieb_installiert, setup time: 0
2025-04-14 17:38:22,619 - JSPGymEnvironment - INFO - Executed operation: Job J8, Op 2, Machine M3, Start: 354.0, End: 408.0, Setup: 0
2025-04-14 17:38:22,633 - JSPGymEnvironment - INFO - Material change on machine M1: Citybike_Hauptrahmen_zugeschnitten -> Racebike_Hauptrahmen_zugeschnitten, setup time: 40
2025-04-14 17:38:22,633 - JSPGymEnvironment - INFO - Executed operation: Job J10, Op 0, Machine M1, Start: 448.0, End: 480.0, Setup: 40
2025-04-14 17:38:22,646 - JSPGymEnvironment - INFO - Material change on machine M3: Citybike_Antrieb_installiert -> Racebike_Antrieb_installiert, setup time: 15
2025-04-14 17:38:22,646 - JSPGymEnvironment - INFO - Executed operation: Job J7, Op 2, Machine M3, Start: 495.0, End: 519.0, Setup: 15
2025-04-14 17:38:22,658 - JSPGymEnvironment - INFO - Executed operation: Job J10, Op 1, Machine M2, Start: 534.0, End: 559.0, Setup: 15
2025-04-14 17:38:22,670 - JSPGymEnvironment - INFO - Executed operation: Job J10, Op 2, Machine M3, Start: 569.0, End: 608.0, Setup: 10
2025-04-14 17:38:22,681 - JSPGymEnvironment - INFO - Material change on machine M1: Racebike_Hauptrahmen_zugeschnitten -> E-Bike_Hauptrahmen_zugeschnitten, setup time: 40
2025-04-14 17:38:22,681 - JSPGymEnvironment - INFO - Executed operation: Job J3, Op 0, Machine M1, Start: 648.0, End: 682.0, Setup: 40
2025-04-14 17:38:22,693 - JSPGymEnvironment - INFO - Material change on machine M2: Racebike_Schaltauge_bearbeitet -> Mountainbike_Schaltauge_bearbeitet, setup time: 20
2025-04-14 17:38:22,693 - JSPGymEnvironment - INFO - Executed operation: Job J5, Op 1, Machine M2, Start: 702.0, End: 717.0, Setup: 20
2025-04-14 17:38:22,774 - JSPGymEnvironment - INFO - Material change on machine M2: Mountainbike_Schaltauge_bearbeitet -> Racebike_Bremsaufnahme_gebohrt, setup time: 20
2025-04-14 17:38:22,774 - JSPGymEnvironment - INFO - Executed operation: Job J10, Op 3, Machine M2, Start: 737.0, End: 759.0, Setup: 20
2025-04-14 17:38:22,787 - JSPGymEnvironment - INFO - Executed operation: Job J19, Op 0, Machine M1, Start: 784.0, End: 799.0, Setup: 25
2025-04-14 17:38:22,803 - JSPGymEnvironment - INFO - Material change on machine M2: Racebike_Bremsaufnahme_gebohrt -> Citybike_Schaltauge_bearbeitet, setup time: 20
2025-04-14 17:38:22,803 - JSPGymEnvironment - INFO - Executed operation: Job J2, Op 1, Machine M2, Start: 819.0, End: 829.0, Setup: 20
2025-04-14 17:38:22,815 - JSPGymEnvironment - INFO - Material change on machine M2: Citybike_Schaltauge_bearbeitet -> Racebike_Bremsaufnahme_gebohrt, setup time: 20
2025-04-14 17:38:22,816 - JSPGymEnvironment - INFO - Executed operation: Job J7, Op 3, Machine M2, Start: 849.0, End: 872.0, Setup: 20
2025-04-14 17:38:22,827 - JSPGymEnvironment - INFO - Material change on machine M3: Racebike_Antrieb_installiert -> Citybike_Antrieb_installiert, setup time: 15
2025-04-14 17:38:22,828 - JSPGymEnvironment - INFO - Executed operation: Job J2, Op 2, Machine M3, Start: 887.0, End: 915.0, Setup: 15
2025-04-14 17:38:22,839 - JSPGymEnvironment - INFO - Material change on machine M2: Racebike_Bremsaufnahme_gebohrt -> Citybike_Bremsaufnahme_gebohrt, setup time: 20
2025-04-14 17:38:22,839 - JSPGymEnvironment - INFO - Executed operation: Job J2, Op 3, Machine M2, Start: 935.0, End: 956.0, Setup: 20
2025-04-14 17:38:22,850 - JSPGymEnvironment - INFO - Material change on machine M2: Citybike_Bremsaufnahme_gebohrt -> Racebike_Rahmen_nachbearbeitet, setup time: 20
2025-04-14 17:38:22,850 - JSPGymEnvironment - INFO - Executed operation: Job J10, Op 4, Machine M2, Start: 976.0, End: 987.0, Setup: 20
2025-04-14 17:38:22,862 - JSPGymEnvironment - INFO - Executed operation: Job J10, Op 5, Machine M2, Start: 1002.0, End: 1020.0, Setup: 15
2025-04-14 17:38:22,874 - JSPGymEnvironment - INFO - Material change on machine M3: Citybike_Antrieb_installiert -> Citybike_Bremsen_justiert, setup time: 15
2025-04-14 17:38:22,874 - JSPGymEnvironment - INFO - Executed operation: Job J8, Op 3, Machine M3, Start: 1035.0, End: 1093.0, Setup: 15
2025-04-14 17:38:22,886 - JSPGymEnvironment - INFO - Material change on machine M2: Racebike_Rahmen_nachbearbeitet -> E-Bike_Schaltauge_bearbeitet, setup time: 20
2025-04-14 17:38:22,886 - JSPGymEnvironment - INFO - Executed operation: Job J19, Op 1, Machine M2, Start: 1113.0, End: 1143.0, Setup: 20
2025-04-14 17:38:22,897 - JSPGymEnvironment - INFO - Material change on machine M3: Citybike_Bremsen_justiert -> Mountainbike_Antrieb_installiert, setup time: 15
2025-04-14 17:38:22,897 - JSPGymEnvironment - INFO - Executed operation: Job J5, Op 2, Machine M3, Start: 1158.0, End: 1183.0, Setup: 15
2025-04-14 17:38:22,908 - JSPGymEnvironment - INFO - Material change on machine M2: E-Bike_Schaltauge_bearbeitet -> Racebike_Rahmen_nachbearbeitet, setup time: 20
2025-04-14 17:38:22,908 - JSPGymEnvironment - INFO - Executed operation: Job J10, Op 6, Machine M2, Start: 1203.0, End: 1214.0, Setup: 20
2025-04-14 17:38:22,919 - JSPGymEnvironment - INFO - Material change on machine M2: Racebike_Rahmen_nachbearbeitet -> Mountainbike_Schaltauge_bearbeitet, setup time: 20
2025-04-14 17:38:22,919 - JSPGymEnvironment - INFO - Executed operation: Job J20, Op 1, Machine M2, Start: 1234.0, End: 1259.0, Setup: 20
2025-04-14 17:38:22,931 - JSPGymEnvironment - INFO - Material change on machine M2: Mountainbike_Schaltauge_bearbeitet -> Racebike_Rahmen_nachbearbeitet, setup time: 20
2025-04-14 17:38:22,931 - JSPGymEnvironment - INFO - Executed operation: Job J7, Op 4, Machine M2, Start: 1279.0, End: 1305.0, Setup: 20
2025-04-14 17:38:22,942 - JSPGymEnvironment - INFO - Executed operation: Job J20, Op 2, Machine M3, Start: 1315.0, End: 1339.0, Setup: 10
2025-04-14 17:38:22,954 - JSPGymEnvironment - INFO - Material change on machine M2: Racebike_Rahmen_nachbearbeitet -> Racebike_Fahrrad_endmontiert, setup time: 20
2025-04-14 17:38:22,954 - JSPGymEnvironment - INFO - Executed operation: Job J10, Op 7, Machine M2, Start: 1359.0, End: 1371.0, Setup: 20
2025-04-14 17:38:22,954 - JSPGymEnvironment - INFO - Job J10 completed at time 1371.0, deadline: 2880, met: True, priority: 9
2025-04-14 17:38:22,965 - JSPGymEnvironment - INFO - Material change on machine M3: Mountainbike_Antrieb_installiert -> Mountainbike_Bremsen_justiert, setup time: 15
2025-04-14 17:38:22,965 - JSPGymEnvironment - INFO - Executed operation: Job J20, Op 3, Machine M3, Start: 1386.0, End: 1427.0, Setup: 15
2025-04-14 17:38:22,975 - JSPGymEnvironment - INFO - Material change on machine M2: Racebike_Fahrrad_endmontiert -> Mountainbike_Rahmen_nachbearbeitet, setup time: 20
2025-04-14 17:38:22,975 - JSPGymEnvironment - INFO - Executed operation: Job J20, Op 4, Machine M2, Start: 1447.0, End: 1464.0, Setup: 20
2025-04-14 17:38:22,987 - JSPGymEnvironment - INFO - Material change on machine M2: Mountainbike_Rahmen_nachbearbeitet -> Mountainbike_Bremsaufnahme_gebohrt, setup time: 20
2025-04-14 17:38:22,987 - JSPGymEnvironment - INFO - Executed operation: Job J5, Op 3, Machine M2, Start: 1484.0, End: 1499.0, Setup: 20
2025-04-14 17:38:22,997 - JSPGymEnvironment - INFO - Material change on machine M3: Mountainbike_Bremsen_justiert -> Citybike_Fahrrad_endmontiert, setup time: 15
2025-04-14 17:38:22,997 - JSPGymEnvironment - INFO - Executed operation: Job J8, Op 4, Machine M3, Start: 1514.0, End: 1563.0, Setup: 15
2025-04-14 17:38:23,008 - JSPGymEnvironment - INFO - Executed operation: Job J13, Op 0, Machine M1, Start: 1588.0, End: 1629.0, Setup: 25
2025-04-14 17:38:23,086 - JSPGymEnvironment - INFO - Material change on machine M3: Citybike_Fahrrad_endmontiert -> E-Bike_Antrieb_installiert, setup time: 15
2025-04-14 17:38:23,086 - JSPGymEnvironment - INFO - Executed operation: Job J19, Op 2, Machine M3, Start: 1644.0, End: 1666.0, Setup: 15
2025-04-14 17:38:23,102 - JSPGymEnvironment - INFO - Material change on machine M2: Mountainbike_Bremsaufnahme_gebohrt -> Mountainbike_Rahmen_nachbearbeitet, setup time: 20
2025-04-14 17:38:23,102 - JSPGymEnvironment - INFO - Executed operation: Job J5, Op 4, Machine M2, Start: 1686.0, End: 1716.0, Setup: 20
2025-04-14 17:38:23,113 - JSPGymEnvironment - INFO - Material change on machine M1: E-Bike_Hauptrahmen_zugeschnitten -> Mountainbike_Hauptrahmen_zugeschnitten, setup time: 40
2025-04-14 17:38:23,113 - JSPGymEnvironment - INFO - Executed operation: Job J12, Op 0, Machine M1, Start: 1756.0, End: 1787.0, Setup: 40
2025-04-14 17:38:23,124 - JSPGymEnvironment - INFO - Material change on machine M2: Mountainbike_Rahmen_nachbearbeitet -> Citybike_Fahrrad_endmontiert, setup time: 20
2025-04-14 17:38:23,124 - JSPGymEnvironment - INFO - Executed operation: Job J8, Op 5, Machine M2, Start: 1807.0, End: 1837.0, Setup: 20
2025-04-14 17:38:23,124 - JSPGymEnvironment - INFO - Job J8 completed at time 1837.0, deadline: 2762, met: True, priority: 5
2025-04-14 17:38:23,135 - JSPGymEnvironment - INFO - Material change on machine M2: Citybike_Fahrrad_endmontiert -> Mountainbike_Schaltauge_bearbeitet, setup time: 20
2025-04-14 17:38:23,135 - JSPGymEnvironment - INFO - Executed operation: Job J12, Op 1, Machine M2, Start: 1857.0, End: 1879.0, Setup: 20
2025-04-14 17:38:23,146 - JSPGymEnvironment - INFO - Executed operation: Job J18, Op 0, Machine M1, Start: 1904.0, End: 1926.0, Setup: 25
2025-04-14 17:38:23,157 - JSPGymEnvironment - INFO - Material change on machine M2: Mountainbike_Schaltauge_bearbeitet -> Citybike_Schaltauge_bearbeitet, setup time: 20
2025-04-14 17:38:23,157 - JSPGymEnvironment - INFO - Executed operation: Job J14, Op 1, Machine M2, Start: 1946.0, End: 1962.0, Setup: 20
2025-04-14 17:38:23,168 - JSPGymEnvironment - INFO - Material change on machine M1: Mountainbike_Hauptrahmen_zugeschnitten -> Racebike_Hauptrahmen_zugeschnitten, setup time: 40
2025-04-14 17:38:23,168 - JSPGymEnvironment - INFO - Executed operation: Job J15, Op 0, Machine M1, Start: 2002.0, End: 2025.0, Setup: 40
2025-04-14 17:38:23,179 - JSPGymEnvironment - INFO - Material change on machine M2: Citybike_Schaltauge_bearbeitet -> Mountainbike_Schaltauge_bearbeitet, setup time: 20
2025-04-14 17:38:23,179 - JSPGymEnvironment - INFO - Executed operation: Job J18, Op 1, Machine M2, Start: 2045.0, End: 2065.0, Setup: 20
2025-04-14 17:38:23,194 - JSPGymEnvironment - INFO - Material change on machine M2: Mountainbike_Schaltauge_bearbeitet -> Citybike_Rahmen_nachbearbeitet, setup time: 20
2025-04-14 17:38:23,194 - JSPGymEnvironment - INFO - Executed operation: Job J2, Op 4, Machine M2, Start: 2085.0, End: 2109.0, Setup: 20
2025-04-14 17:38:23,204 - JSPGymEnvironment - INFO - Material change on machine M2: Citybike_Rahmen_nachbearbeitet -> Mountainbike_Fahrrad_endmontiert, setup time: 20
2025-04-14 17:38:23,205 - JSPGymEnvironment - INFO - Executed operation: Job J5, Op 5, Machine M2, Start: 2129.0, End: 2151.0, Setup: 20
2025-04-14 17:38:23,205 - JSPGymEnvironment - INFO - Job J5 completed at time 2151.0, deadline: 2880, met: True, priority: 1
2025-04-14 17:38:23,216 - JSPGymEnvironment - INFO - Material change on machine M2: Mountainbike_Fahrrad_endmontiert -> E-Bike_Bremsaufnahme_gebohrt, setup time: 20
2025-04-14 17:38:23,216 - JSPGymEnvironment - INFO - Executed operation: Job J19, Op 3, Machine M2, Start: 2171.0, End: 2184.0, Setup: 20
2025-04-14 17:38:23,227 - JSPGymEnvironment - INFO - Material change on machine M3: E-Bike_Antrieb_installiert -> Mountainbike_Fahrrad_endmontiert, setup time: 15
2025-04-14 17:38:23,227 - JSPGymEnvironment - INFO - Executed operation: Job J20, Op 5, Machine M3, Start: 2199.0, End: 2224.0, Setup: 15
2025-04-14 17:38:23,238 - JSPGymEnvironment - INFO - Material change on machine M2: E-Bike_Bremsaufnahme_gebohrt -> Racebike_Schaltauge_bearbeitet, setup time: 20
2025-04-14 17:38:23,238 - JSPGymEnvironment - INFO - Executed operation: Job J15, Op 1, Machine M2, Start: 2244.0, End: 2257.0, Setup: 20
2025-04-14 17:38:23,252 - JSPGymEnvironment - INFO - Material change on machine M2: Racebike_Schaltauge_bearbeitet -> E-Bike_Rahmen_nachbearbeitet, setup time: 20
2025-04-14 17:38:23,252 - JSPGymEnvironment - INFO - Executed operation: Job J19, Op 4, Machine M2, Start: 2277.0, End: 2294.0, Setup: 20
2025-04-14 17:38:23,263 - JSPGymEnvironment - INFO - Material change on machine M3: Mountainbike_Fahrrad_endmontiert -> Citybike_Antrieb_installiert, setup time: 15
2025-04-14 17:38:23,263 - JSPGymEnvironment - INFO - Executed operation: Job J14, Op 2, Machine M3, Start: 2309.0, End: 2331.0, Setup: 15
2025-04-14 17:38:23,275 - JSPGymEnvironment - INFO - Material change on machine M3: Citybike_Antrieb_installiert -> Mountainbike_Antrieb_installiert, setup time: 15
2025-04-14 17:38:23,275 - JSPGymEnvironment - INFO - Executed operation: Job J18, Op 2, Machine M3, Start: 2346.0, End: 2375.0, Setup: 15
2025-04-14 17:38:23,286 - JSPGymEnvironment - INFO - Material change on machine M3: Mountainbike_Antrieb_installiert -> Mountainbike_Fahrrad_endmontiert, setup time: 15
2025-04-14 17:38:23,286 - JSPGymEnvironment - INFO - Executed operation: Job J20, Op 6, Machine M3, Start: 2390.0, End: 2430.0, Setup: 15
2025-04-14 17:38:23,286 - JSPGymEnvironment - INFO - Job J20 completed at time 2430.0, deadline: 2744, met: True, priority: 3
2025-04-14 17:38:23,297 - JSPGymEnvironment - INFO - Material change on machine M3: Mountainbike_Fahrrad_endmontiert -> Mountainbike_Bremsen_justiert, setup time: 15
2025-04-14 17:38:23,297 - JSPGymEnvironment - INFO - Executed operation: Job J18, Op 3, Machine M3, Start: 2445.0, End: 2500.0, Setup: 15
2025-04-14 17:38:23,375 - JSPGymEnvironment - INFO - Material change on machine M2: E-Bike_Rahmen_nachbearbeitet -> Racebike_Rahmen_nachbearbeitet, setup time: 20
2025-04-14 17:38:23,375 - JSPGymEnvironment - INFO - Executed operation: Job J7, Op 5, Machine M2, Start: 2520.0, End: 2538.0, Setup: 20
2025-04-14 17:38:23,385 - JSPGymEnvironment - INFO - Material change on machine M3: Mountainbike_Bremsen_justiert -> Citybike_Fahrrad_endmontiert, setup time: 15
2025-04-14 17:38:23,385 - JSPGymEnvironment - INFO - Executed operation: Job J2, Op 5, Machine M3, Start: 2553.0, End: 2574.0, Setup: 15
2025-04-14 17:38:23,385 - JSPGymEnvironment - INFO - Job J2 completed at time 2574.0, deadline: 2880, met: True, priority: 3
2025-04-14 17:38:23,398 - JSPGymEnvironment - INFO - Material change on machine M1: Racebike_Hauptrahmen_zugeschnitten -> Citybike_Hauptrahmen_zugeschnitten, setup time: 40
2025-04-14 17:38:23,399 - JSPGymEnvironment - INFO - Executed operation: Job J17, Op 0, Machine M1, Start: 2614.0, End: 2652.0, Setup: 40
2025-04-14 17:38:23,414 - JSPGymEnvironment - INFO - Material change on machine M3: Citybike_Fahrrad_endmontiert -> Racebike_Antrieb_installiert, setup time: 15
2025-04-14 17:38:23,414 - JSPGymEnvironment - INFO - Executed operation: Job J15, Op 2, Machine M3, Start: 2667.0, End: 2702.0, Setup: 15
2025-04-14 17:38:23,427 - JSPGymEnvironment - INFO - Material change on machine M2: Racebike_Rahmen_nachbearbeitet -> E-Bike_Schaltauge_bearbeitet, setup time: 20
2025-04-14 17:38:23,427 - JSPGymEnvironment - INFO - Executed operation: Job J3, Op 1, Machine M2, Start: 2722.0, End: 2742.0, Setup: 20
2025-04-14 17:38:23,440 - JSPGymEnvironment - INFO - Material change on machine M2: E-Bike_Schaltauge_bearbeitet -> E-Bike_Rahmen_nachbearbeitet, setup time: 20
2025-04-14 17:38:23,440 - JSPGymEnvironment - INFO - Executed operation: Job J19, Op 5, Machine M2, Start: 2762.0, End: 2783.0, Setup: 20
2025-04-14 17:38:23,453 - JSPGymEnvironment - INFO - Material change on machine M2: E-Bike_Rahmen_nachbearbeitet -> E-Bike_Fahrrad_endmontiert, setup time: 20
2025-04-14 17:38:23,453 - JSPGymEnvironment - INFO - Executed operation: Job J19, Op 6, Machine M2, Start: 2803.0, End: 2828.0, Setup: 20
2025-04-14 17:38:23,453 - JSPGymEnvironment - INFO - Job J19 completed at time 2828.0, deadline: 2737, met: False, priority: 8
2025-04-14 17:38:23,453 - JSPGymEnvironment - INFO - CREDIT_ASSIGNMENT_PROBLEM: Scheduled penalty of -0.12 for step 61 due to missed_deadline at step 62
2025-04-14 17:38:23,463 - JSPGymEnvironment - INFO - Material change on machine M3: Racebike_Antrieb_installiert -> Racebike_Bremsen_justiert, setup time: 15
2025-04-14 17:38:23,463 - JSPGymEnvironment - INFO - Executed operation: Job J15, Op 3, Machine M3, Start: 2843.0, End: 2870.0, Setup: 15
2025-04-14 17:38:23,475 - JSPGymEnvironment - INFO - Material change on machine M2: E-Bike_Fahrrad_endmontiert -> Citybike_Bremsaufnahme_gebohrt, setup time: 20
2025-04-14 17:38:23,475 - JSPGymEnvironment - INFO - Executed operation: Job J14, Op 3, Machine M2, Start: 2890.0, End: 2908.0, Setup: 20
2025-04-14 17:38:23,486 - JSPGymEnvironment - INFO - Material change on machine M2: Citybike_Bremsaufnahme_gebohrt -> Racebike_Rahmen_nachbearbeitet, setup time: 20
2025-04-14 17:38:23,486 - JSPGymEnvironment - INFO - Executed operation: Job J15, Op 4, Machine M2, Start: 2928.0, End: 2948.0, Setup: 20
2025-04-14 17:38:23,497 - JSPGymEnvironment - INFO - Material change on machine M3: Racebike_Bremsen_justiert -> E-Bike_Antrieb_installiert, setup time: 15
2025-04-14 17:38:23,497 - JSPGymEnvironment - INFO - Executed operation: Job J3, Op 2, Machine M3, Start: 2963.0, End: 3021.0, Setup: 15
2025-04-14 17:38:23,513 - JSPGymEnvironment - INFO - Material change on machine M2: Racebike_Rahmen_nachbearbeitet -> E-Bike_Bremsaufnahme_gebohrt, setup time: 20
2025-04-14 17:38:23,513 - JSPGymEnvironment - INFO - Executed operation: Job J3, Op 3, Machine M2, Start: 3041.0, End: 3071.0, Setup: 20
2025-04-14 17:38:23,524 - JSPGymEnvironment - INFO - Material change on machine M3: E-Bike_Antrieb_installiert -> Mountainbike_Antrieb_installiert, setup time: 15
2025-04-14 17:38:23,524 - JSPGymEnvironment - INFO - Executed operation: Job J12, Op 2, Machine M3, Start: 3086.0, End: 3131.0, Setup: 15
2025-04-14 17:38:23,536 - JSPGymEnvironment - INFO - Material change on machine M2: E-Bike_Bremsaufnahme_gebohrt -> Mountainbike_Fahrrad_endmontiert, setup time: 20
2025-04-14 17:38:23,536 - JSPGymEnvironment - INFO - Executed operation: Job J18, Op 4, Machine M2, Start: 3151.0, End: 3164.0, Setup: 20
2025-04-14 17:38:23,536 - JSPGymEnvironment - INFO - Job J18 completed at time 3164.0, deadline: 2880, met: False, priority: 6
2025-04-14 17:38:23,546 - JSPGymEnvironment - INFO - Material change on machine M1: Citybike_Hauptrahmen_zugeschnitten -> Racebike_Hauptrahmen_zugeschnitten, setup time: 40
2025-04-14 17:38:23,546 - JSPGymEnvironment - INFO - Executed operation: Job J16, Op 0, Machine M1, Start: 3204.0, End: 3230.0, Setup: 40
2025-04-14 17:38:23,558 - JSPGymEnvironment - INFO - Material change on machine M2: Mountainbike_Fahrrad_endmontiert -> Racebike_Schaltauge_bearbeitet, setup time: 20
2025-04-14 17:38:23,558 - JSPGymEnvironment - INFO - Executed operation: Job J16, Op 1, Machine M2, Start: 3250.0, End: 3265.0, Setup: 20
2025-04-14 17:38:23,569 - JSPGymEnvironment - INFO - Executed operation: Job J4, Op 0, Machine M1, Start: 3290.0, End: 3315.0, Setup: 25
2025-04-14 17:38:23,581 - JSPGymEnvironment - INFO - Material change on machine M2: Racebike_Schaltauge_bearbeitet -> Racebike_Rahmen_nachbearbeitet, setup time: 20
2025-04-14 17:38:23,581 - JSPGymEnvironment - INFO - Executed operation: Job J15, Op 5, Machine M2, Start: 3335.0, End: 3358.0, Setup: 20
2025-04-14 17:38:23,593 - JSPGymEnvironment - INFO - Executed operation: Job J7, Op 6, Machine M2, Start: 3373.0, End: 3388.0, Setup: 15
2025-04-14 17:38:23,676 - JSPGymEnvironment - INFO - Material change on machine M3: Mountainbike_Antrieb_installiert -> Racebike_Fahrrad_endmontiert, setup time: 15
2025-04-14 17:38:23,676 - JSPGymEnvironment - INFO - Executed operation: Job J15, Op 6, Machine M3, Start: 3403.0, End: 3430.0, Setup: 15
2025-04-14 17:38:23,687 - JSPGymEnvironment - INFO - Material change on machine M2: Racebike_Rahmen_nachbearbeitet -> Racebike_Schaltauge_bearbeitet, setup time: 20
2025-04-14 17:38:23,687 - JSPGymEnvironment - INFO - Executed operation: Job J4, Op 1, Machine M2, Start: 3450.0, End: 3465.0, Setup: 20
2025-04-14 17:38:23,700 - JSPGymEnvironment - INFO - Material change on machine M2: Racebike_Schaltauge_bearbeitet -> Racebike_Fahrrad_endmontiert, setup time: 20
2025-04-14 17:38:23,700 - JSPGymEnvironment - INFO - Executed operation: Job J7, Op 7, Machine M2, Start: 3485.0, End: 3510.0, Setup: 20
2025-04-14 17:38:23,700 - JSPGymEnvironment - INFO - Job J7 completed at time 3510.0, deadline: 2880, met: False, priority: 9
2025-04-14 17:38:23,701 - JSPGymEnvironment - INFO - CREDIT_ASSIGNMENT_PROBLEM: Scheduled penalty of -0.77 for step 74 due to missed_deadline at step 77
2025-04-14 17:38:23,714 - JSPGymEnvironment - INFO - Material change on machine M3: Racebike_Fahrrad_endmontiert -> Racebike_Antrieb_installiert, setup time: 15
2025-04-14 17:38:23,714 - JSPGymEnvironment - INFO - Executed operation: Job J4, Op 2, Machine M3, Start: 3525.0, End: 3565.0, Setup: 15
2025-04-14 17:38:23,725 - JSPGymEnvironment - INFO - Material change on machine M2: Racebike_Fahrrad_endmontiert -> Mountainbike_Bremsaufnahme_gebohrt, setup time: 20
2025-04-14 17:38:23,725 - JSPGymEnvironment - INFO - Executed operation: Job J12, Op 3, Machine M2, Start: 3585.0, End: 3611.0, Setup: 20
2025-04-14 17:38:23,737 - JSPGymEnvironment - INFO - Material change on machine M2: Mountainbike_Bremsaufnahme_gebohrt -> E-Bike_Rahmen_nachbearbeitet, setup time: 20
2025-04-14 17:38:23,737 - JSPGymEnvironment - INFO - Executed operation: Job J3, Op 4, Machine M2, Start: 3631.0, End: 3648.0, Setup: 20
2025-04-14 17:38:23,748 - JSPGymEnvironment - INFO - Material change on machine M1: Racebike_Hauptrahmen_zugeschnitten -> Citybike_Hauptrahmen_zugeschnitten, setup time: 40
2025-04-14 17:38:23,748 - JSPGymEnvironment - INFO - Executed operation: Job J11, Op 0, Machine M1, Start: 3688.0, End: 3719.0, Setup: 40
2025-04-14 17:38:23,761 - JSPGymEnvironment - INFO - Material change on machine M2: E-Bike_Rahmen_nachbearbeitet -> Mountainbike_Rahmen_nachbearbeitet, setup time: 20
2025-04-14 17:38:23,761 - JSPGymEnvironment - INFO - Executed operation: Job J12, Op 4, Machine M2, Start: 3739.0, End: 3767.0, Setup: 20
2025-04-14 17:38:23,773 - JSPGymEnvironment - INFO - Material change on machine M3: Racebike_Antrieb_installiert -> Racebike_Fahrrad_endmontiert, setup time: 15
2025-04-14 17:38:23,773 - JSPGymEnvironment - INFO - Executed operation: Job J15, Op 7, Machine M3, Start: 3782.0, End: 3828.0, Setup: 15
2025-04-14 17:38:23,773 - JSPGymEnvironment - INFO - Job J15 completed at time 3828.0, deadline: 2833, met: False, priority: 10
2025-04-14 17:38:23,773 - JSPGymEnvironment - INFO - CREDIT_ASSIGNMENT_PROBLEM: Scheduled penalty of -1.23 for step 75 due to missed_deadline at step 83
2025-04-14 17:38:23,784 - JSPGymEnvironment - INFO - Material change on machine M1: Citybike_Hauptrahmen_zugeschnitten -> Racebike_Hauptrahmen_zugeschnitten, setup time: 40
2025-04-14 17:38:23,784 - JSPGymEnvironment - INFO - Executed operation: Job J6, Op 0, Machine M1, Start: 3868.0, End: 3904.0, Setup: 40
2025-04-14 17:38:23,795 - JSPGymEnvironment - INFO - Material change on machine M2: Mountainbike_Rahmen_nachbearbeitet -> E-Bike_Schaltauge_bearbeitet, setup time: 20
2025-04-14 17:38:23,795 - JSPGymEnvironment - INFO - Executed operation: Job J13, Op 1, Machine M2, Start: 3924.0, End: 3947.0, Setup: 20
2025-04-14 17:38:23,811 - JSPGymEnvironment - INFO - Material change on machine M2: E-Bike_Schaltauge_bearbeitet -> Citybike_Schaltauge_bearbeitet, setup time: 20
2025-04-14 17:38:23,811 - JSPGymEnvironment - INFO - Executed operation: Job J17, Op 1, Machine M2, Start: 3967.0, End: 3987.0, Setup: 20
2025-04-14 17:38:23,823 - JSPGymEnvironment - INFO - Executed operation: Job J11, Op 1, Machine M2, Start: 4002.0, End: 4015.0, Setup: 15
2025-04-14 17:38:23,834 - JSPGymEnvironment - INFO - Material change on machine M2: Citybike_Schaltauge_bearbeitet -> Citybike_Rahmen_nachbearbeitet, setup time: 20
2025-04-14 17:38:23,834 - JSPGymEnvironment - INFO - Executed operation: Job J14, Op 4, Machine M2, Start: 4035.0, End: 4064.0, Setup: 20
2025-04-14 17:38:23,844 - JSPGymEnvironment - INFO - Executed operation: Job J1, Op 0, Machine M1, Start: 4089.0, End: 4129.0, Setup: 25
2025-04-14 17:38:23,856 - JSPGymEnvironment - INFO - Executed operation: Job J14, Op 5, Machine M2, Start: 4144.0, End: 4174.0, Setup: 15
2025-04-14 17:38:23,867 - JSPGymEnvironment - INFO - Material change on machine M3: Racebike_Fahrrad_endmontiert -> E-Bike_Antrieb_installiert, setup time: 15
2025-04-14 17:38:23,867 - JSPGymEnvironment - INFO - Executed operation: Job J13, Op 2, Machine M3, Start: 4189.0, End: 4242.0, Setup: 15
2025-04-14 17:38:23,878 - JSPGymEnvironment - INFO - Material change on machine M2: Citybike_Rahmen_nachbearbeitet -> E-Bike_Bremsaufnahme_gebohrt, setup time: 20
2025-04-14 17:38:23,878 - JSPGymEnvironment - INFO - Executed operation: Job J13, Op 3, Machine M2, Start: 4262.0, End: 4284.0, Setup: 20
2025-04-14 17:38:23,890 - JSPGymEnvironment - INFO - Material change on machine M3: E-Bike_Antrieb_installiert -> Racebike_Antrieb_installiert, setup time: 15
2025-04-14 17:38:23,890 - JSPGymEnvironment - INFO - Executed operation: Job J16, Op 2, Machine M3, Start: 4299.0, End: 4329.0, Setup: 15
2025-04-14 17:38:23,973 - JSPGymEnvironment - INFO - Material change on machine M2: E-Bike_Bremsaufnahme_gebohrt -> Mountainbike_Rahmen_nachbearbeitet, setup time: 20
2025-04-14 17:38:23,973 - JSPGymEnvironment - INFO - Executed operation: Job J12, Op 5, Machine M2, Start: 4349.0, End: 4377.0, Setup: 20
2025-04-14 17:38:23,985 - JSPGymEnvironment - INFO - Material change on machine M2: Mountainbike_Rahmen_nachbearbeitet -> Mountainbike_Fahrrad_endmontiert, setup time: 20
2025-04-14 17:38:23,985 - JSPGymEnvironment - INFO - Executed operation: Job J12, Op 6, Machine M2, Start: 4397.0, End: 4419.0, Setup: 20
2025-04-14 17:38:23,985 - JSPGymEnvironment - INFO - Job J12 completed at time 4419.0, deadline: 2863, met: False, priority: 2
2025-04-14 17:38:23,985 - JSPGymEnvironment - INFO - CREDIT_ASSIGNMENT_PROBLEM: Scheduled penalty of -1.90 for step 94 due to missed_deadline at step 95
2025-04-14 17:38:23,996 - JSPGymEnvironment - INFO - Material change on machine M2: Mountainbike_Fahrrad_endmontiert -> Racebike_Bremsaufnahme_gebohrt, setup time: 20
2025-04-14 17:38:23,996 - JSPGymEnvironment - INFO - Executed operation: Job J16, Op 3, Machine M2, Start: 4439.0, End: 4462.0, Setup: 20
2025-04-14 17:38:24,007 - JSPGymEnvironment - INFO - Material change on machine M2: Racebike_Bremsaufnahme_gebohrt -> Citybike_Rahmen_nachbearbeitet, setup time: 20
2025-04-14 17:38:24,007 - JSPGymEnvironment - INFO - Executed operation: Job J14, Op 6, Machine M2, Start: 4482.0, End: 4506.0, Setup: 20
2025-04-14 17:38:24,019 - JSPGymEnvironment - INFO - Material change on machine M3: Racebike_Antrieb_installiert -> Citybike_Antrieb_installiert, setup time: 15
2025-04-14 17:38:24,019 - JSPGymEnvironment - INFO - Executed operation: Job J11, Op 2, Machine M3, Start: 4521.0, End: 4563.0, Setup: 15
2025-04-14 17:38:24,030 - JSPGymEnvironment - INFO - Material change on machine M2: Citybike_Rahmen_nachbearbeitet -> E-Bike_Rahmen_nachbearbeitet, setup time: 20
2025-04-14 17:38:24,030 - JSPGymEnvironment - INFO - Executed operation: Job J3, Op 5, Machine M2, Start: 4583.0, End: 4604.0, Setup: 20
2025-04-14 17:38:24,042 - JSPGymEnvironment - INFO - Material change on machine M2: E-Bike_Rahmen_nachbearbeitet -> Racebike_Rahmen_nachbearbeitet, setup time: 20
2025-04-14 17:38:24,042 - JSPGymEnvironment - INFO - Executed operation: Job J16, Op 4, Machine M2, Start: 4624.0, End: 4638.0, Setup: 20
2025-04-14 17:38:24,053 - JSPGymEnvironment - INFO - Material change on machine M3: Citybike_Antrieb_installiert -> E-Bike_Fahrrad_endmontiert, setup time: 15
2025-04-14 17:38:24,053 - JSPGymEnvironment - INFO - Executed operation: Job J13, Op 4, Machine M3, Start: 4653.0, End: 4706.0, Setup: 15
2025-04-14 17:38:24,053 - JSPGymEnvironment - INFO - Job J13 completed at time 4706.0, deadline: 2863, met: False, priority: 7
2025-04-14 17:38:24,053 - JSPGymEnvironment - INFO - CREDIT_ASSIGNMENT_PROBLEM: Scheduled penalty of -2.25 for step 92 due to missed_deadline at step 101
2025-04-14 17:38:24,064 - JSPGymEnvironment - INFO - Material change on machine M3: E-Bike_Fahrrad_endmontiert -> Citybike_Bremsen_justiert, setup time: 15
2025-04-14 17:38:24,064 - JSPGymEnvironment - INFO - Executed operation: Job J11, Op 3, Machine M3, Start: 4721.0, End: 4743.0, Setup: 15
2025-04-14 17:38:24,075 - JSPGymEnvironment - INFO - Material change on machine M2: Racebike_Rahmen_nachbearbeitet -> Racebike_Fahrrad_endmontiert, setup time: 20
2025-04-14 17:38:24,076 - JSPGymEnvironment - INFO - Executed operation: Job J16, Op 5, Machine M2, Start: 4763.0, End: 4793.0, Setup: 20
2025-04-14 17:38:24,076 - JSPGymEnvironment - INFO - Job J16 completed at time 4793.0, deadline: 2855, met: False, priority: 7
2025-04-14 17:38:24,076 - JSPGymEnvironment - INFO - CREDIT_ASSIGNMENT_PROBLEM: Scheduled penalty of -2.38 for step 100 due to missed_deadline at step 103
2025-04-14 17:38:24,076 - JSPGymEnvironment - INFO - CREDIT_ASSIGNMENT_PROBLEM: Scheduled penalty of -1.66 for step 96 due to missed_deadline at step 103
2025-04-14 17:38:24,086 - JSPGymEnvironment - INFO - Material change on machine M2: Racebike_Fahrrad_endmontiert -> E-Bike_Fahrrad_endmontiert, setup time: 20
2025-04-14 17:38:24,086 - JSPGymEnvironment - INFO - Executed operation: Job J3, Op 6, Machine M2, Start: 4813.0, End: 4823.0, Setup: 20
2025-04-14 17:38:24,086 - JSPGymEnvironment - INFO - Job J3 completed at time 4823.0, deadline: 2862, met: False, priority: 8
2025-04-14 17:38:24,086 - JSPGymEnvironment - INFO - CREDIT_ASSIGNMENT_PROBLEM: Scheduled penalty of -2.40 for step 99 due to missed_deadline at step 104
2025-04-14 17:38:24,097 - JSPGymEnvironment - INFO - Material change on machine M3: Citybike_Bremsen_justiert -> Citybike_Fahrrad_endmontiert, setup time: 15
2025-04-14 17:38:24,097 - JSPGymEnvironment - INFO - Executed operation: Job J11, Op 4, Machine M3, Start: 4838.0, End: 4877.0, Setup: 15
2025-04-14 17:38:24,108 - JSPGymEnvironment - INFO - Material change on machine M2: E-Bike_Fahrrad_endmontiert -> Citybike_Fahrrad_endmontiert, setup time: 20
2025-04-14 17:38:24,108 - JSPGymEnvironment - INFO - Executed operation: Job J14, Op 7, Machine M2, Start: 4897.0, End: 4918.0, Setup: 20
2025-04-14 17:38:24,108 - JSPGymEnvironment - INFO - Job J14 completed at time 4918.0, deadline: 2880, met: False, priority: 3
2025-04-14 17:38:24,108 - JSPGymEnvironment - INFO - CREDIT_ASSIGNMENT_PROBLEM: Scheduled penalty of -2.48 for step 97 due to missed_deadline at step 106
2025-04-14 17:38:24,120 - JSPGymEnvironment - INFO - Material change on machine M2: Citybike_Fahrrad_endmontiert -> Citybike_Rahmen_nachbearbeitet, setup time: 20
2025-04-14 17:38:24,120 - JSPGymEnvironment - INFO - Executed operation: Job J11, Op 5, Machine M2, Start: 4938.0, End: 4955.0, Setup: 20
2025-04-14 17:38:24,134 - JSPGymEnvironment - INFO - Executed operation: Job J11, Op 6, Machine M2, Start: 4970.0, End: 4992.0, Setup: 15
2025-04-14 17:38:24,147 - JSPGymEnvironment - INFO - Material change on machine M3: Citybike_Fahrrad_endmontiert -> Citybike_Antrieb_installiert, setup time: 15
2025-04-14 17:38:24,147 - JSPGymEnvironment - INFO - Executed operation: Job J17, Op 2, Machine M3, Start: 5007.0, End: 5041.0, Setup: 15
2025-04-14 17:38:24,158 - JSPGymEnvironment - INFO - Material change on machine M2: Citybike_Rahmen_nachbearbeitet -> Citybike_Fahrrad_endmontiert, setup time: 20
2025-04-14 17:38:24,158 - JSPGymEnvironment - INFO - Executed operation: Job J11, Op 7, Machine M2, Start: 5061.0, End: 5090.0, Setup: 20
2025-04-14 17:38:24,158 - JSPGymEnvironment - INFO - Job J11 completed at time 5090.0, deadline: 2880, met: False, priority: 7
2025-04-14 17:38:24,158 - JSPGymEnvironment - INFO - CREDIT_ASSIGNMENT_PROBLEM: Scheduled penalty of -2.69 for step 108 due to missed_deadline at step 110
2025-04-14 17:38:24,158 - JSPGymEnvironment - INFO - CREDIT_ASSIGNMENT_PROBLEM: Scheduled penalty of -1.88 for step 107 due to missed_deadline at step 110
2025-04-14 17:38:24,158 - JSPGymEnvironment - INFO - CREDIT_ASSIGNMENT_PROBLEM: Scheduled penalty of -1.32 for step 105 due to missed_deadline at step 110
2025-04-14 17:38:24,158 - JSPGymEnvironment - INFO - CREDIT_ASSIGNMENT_PROBLEM: Scheduled penalty of -0.92 for step 102 due to missed_deadline at step 110
2025-04-14 17:38:24,172 - JSPGymEnvironment - INFO - Material change on machine M2: Citybike_Fahrrad_endmontiert -> Racebike_Bremsaufnahme_gebohrt, setup time: 20
2025-04-14 17:38:24,173 - JSPGymEnvironment - INFO - Executed operation: Job J4, Op 3, Machine M2, Start: 5110.0, End: 5124.0, Setup: 20
2025-04-14 17:38:24,184 - JSPGymEnvironment - INFO - Material change on machine M3: Citybike_Antrieb_installiert -> Citybike_Bremsen_justiert, setup time: 15
2025-04-14 17:38:24,184 - JSPGymEnvironment - INFO - Executed operation: Job J17, Op 3, Machine M3, Start: 5139.0, End: 5165.0, Setup: 15
2025-04-14 17:38:24,264 - JSPGymEnvironment - INFO - Material change on machine M3: Citybike_Bremsen_justiert -> Citybike_Fahrrad_endmontiert, setup time: 15
2025-04-14 17:38:24,264 - JSPGymEnvironment - INFO - Executed operation: Job J17, Op 4, Machine M3, Start: 5180.0, End: 5230.0, Setup: 15
2025-04-14 17:38:24,275 - JSPGymEnvironment - INFO - Executed operation: Job J17, Op 5, Machine M3, Start: 5240.0, End: 5299.0, Setup: 10
2025-04-14 17:38:24,285 - JSPGymEnvironment - INFO - Executed operation: Job J17, Op 6, Machine M3, Start: 5309.0, End: 5334.0, Setup: 10
2025-04-14 17:38:24,285 - JSPGymEnvironment - INFO - Job J17 completed at time 5334.0, deadline: 2880, met: False, priority: 6
2025-04-14 17:38:24,285 - JSPGymEnvironment - INFO - CREDIT_ASSIGNMENT_PROBLEM: Scheduled penalty of -2.98 for step 114 due to missed_deadline at step 115
2025-04-14 17:38:24,285 - JSPGymEnvironment - INFO - CREDIT_ASSIGNMENT_PROBLEM: Scheduled penalty of -2.09 for step 113 due to missed_deadline at step 115
2025-04-14 17:38:24,285 - JSPGymEnvironment - INFO - CREDIT_ASSIGNMENT_PROBLEM: Scheduled penalty of -1.46 for step 112 due to missed_deadline at step 115
2025-04-14 17:38:24,286 - JSPGymEnvironment - INFO - CREDIT_ASSIGNMENT_PROBLEM: Scheduled penalty of -1.02 for step 109 due to missed_deadline at step 115
2025-04-14 17:38:24,297 - JSPGymEnvironment - INFO - Material change on machine M2: Racebike_Bremsaufnahme_gebohrt -> Racebike_Rahmen_nachbearbeitet, setup time: 20
2025-04-14 17:38:24,297 - JSPGymEnvironment - INFO - Executed operation: Job J4, Op 4, Machine M2, Start: 5354.0, End: 5379.0, Setup: 20
2025-04-14 17:38:24,307 - JSPGymEnvironment - INFO - Executed operation: Job J4, Op 5, Machine M2, Start: 5394.0, End: 5418.0, Setup: 15
2025-04-14 17:38:24,318 - JSPGymEnvironment - INFO - Material change on machine M2: Racebike_Rahmen_nachbearbeitet -> Racebike_Schaltauge_bearbeitet, setup time: 20
2025-04-14 17:38:24,319 - JSPGymEnvironment - INFO - Executed operation: Job J1, Op 1, Machine M2, Start: 5438.0, End: 5454.0, Setup: 20
2025-04-14 17:38:24,331 - JSPGymEnvironment - INFO - Material change on machine M3: Citybike_Fahrrad_endmontiert -> Racebike_Antrieb_installiert, setup time: 15
2025-04-14 17:38:24,331 - JSPGymEnvironment - INFO - Executed operation: Job J1, Op 2, Machine M3, Start: 5469.0, End: 5505.0, Setup: 15
2025-04-14 17:38:24,375 - JSPGymEnvironment - INFO - Material change on machine M3: Racebike_Antrieb_installiert -> Racebike_Fahrrad_endmontiert, setup time: 15
2025-04-14 17:38:24,375 - JSPGymEnvironment - INFO - Executed operation: Job J4, Op 6, Machine M3, Start: 5520.0, End: 5546.0, Setup: 15
2025-04-14 17:38:24,375 - JSPGymEnvironment - INFO - Job J4 completed at time 5546.0, deadline: 2757, met: False, priority: 7
2025-04-14 17:38:24,375 - JSPGymEnvironment - INFO - CREDIT_ASSIGNMENT_PROBLEM: Scheduled penalty of -3.54 for step 117 due to missed_deadline at step 120
2025-04-14 17:38:24,375 - JSPGymEnvironment - INFO - CREDIT_ASSIGNMENT_PROBLEM: Scheduled penalty of -2.48 for step 116 due to missed_deadline at step 120
2025-04-14 17:38:24,375 - JSPGymEnvironment - INFO - CREDIT_ASSIGNMENT_PROBLEM: Scheduled penalty of -1.73 for step 111 due to missed_deadline at step 120
2025-04-14 17:38:24,388 - JSPGymEnvironment - INFO - Material change on machine M2: Racebike_Schaltauge_bearbeitet -> Racebike_Bremsaufnahme_gebohrt, setup time: 20
2025-04-14 17:38:24,388 - JSPGymEnvironment - INFO - Executed operation: Job J1, Op 3, Machine M2, Start: 5566.0, End: 5584.0, Setup: 20
2025-04-14 17:38:24,401 - JSPGymEnvironment - INFO - Material change on machine M2: Racebike_Bremsaufnahme_gebohrt -> Racebike_Rahmen_nachbearbeitet, setup time: 20
2025-04-14 17:38:24,401 - JSPGymEnvironment - INFO - Executed operation: Job J1, Op 4, Machine M2, Start: 5604.0, End: 5626.0, Setup: 20
2025-04-14 17:38:24,415 - JSPGymEnvironment - INFO - Material change on machine M2: Racebike_Rahmen_nachbearbeitet -> Racebike_Fahrrad_endmontiert, setup time: 20
2025-04-14 17:38:24,415 - JSPGymEnvironment - INFO - Executed operation: Job J1, Op 5, Machine M2, Start: 5646.0, End: 5658.0, Setup: 20
2025-04-14 17:38:24,415 - JSPGymEnvironment - INFO - Job J1 completed at time 5658.0, deadline: 2790, met: False, priority: 7
2025-04-14 17:38:24,415 - JSPGymEnvironment - INFO - CREDIT_ASSIGNMENT_PROBLEM: Scheduled penalty of -3.60 for step 122 due to missed_deadline at step 123
2025-04-14 17:38:24,415 - JSPGymEnvironment - INFO - CREDIT_ASSIGNMENT_PROBLEM: Scheduled penalty of -2.52 for step 121 due to missed_deadline at step 123
2025-04-14 17:38:24,415 - JSPGymEnvironment - INFO - CREDIT_ASSIGNMENT_PROBLEM: Scheduled penalty of -1.76 for step 119 due to missed_deadline at step 123
2025-04-14 17:38:24,415 - JSPGymEnvironment - INFO - CREDIT_ASSIGNMENT_PROBLEM: Scheduled penalty of -1.23 for step 118 due to missed_deadline at step 123
2025-04-14 17:38:24,426 - JSPGymEnvironment - INFO - Material change on machine M1: Racebike_Hauptrahmen_zugeschnitten -> Citybike_Hauptrahmen_zugeschnitten, setup time: 40
2025-04-14 17:38:24,426 - JSPGymEnvironment - INFO - Executed operation: Job J9, Op 0, Machine M1, Start: 5698.0, End: 5738.0, Setup: 40
2025-04-14 17:38:24,442 - JSPGymEnvironment - INFO - Material change on machine M2: Racebike_Fahrrad_endmontiert -> Citybike_Schaltauge_bearbeitet, setup time: 20
2025-04-14 17:38:24,442 - JSPGymEnvironment - INFO - Executed operation: Job J9, Op 1, Machine M2, Start: 5758.0, End: 5774.0, Setup: 20
2025-04-14 17:38:24,499 - JSPGymEnvironment - INFO - Material change on machine M3: Racebike_Fahrrad_endmontiert -> Citybike_Antrieb_installiert, setup time: 15
2025-04-14 17:38:24,499 - JSPGymEnvironment - INFO - Executed operation: Job J9, Op 2, Machine M3, Start: 5789.0, End: 5843.0, Setup: 15
2025-04-14 17:38:24,520 - JSPGymEnvironment - INFO - Material change on machine M2: Citybike_Schaltauge_bearbeitet -> Racebike_Schaltauge_bearbeitet, setup time: 20
2025-04-14 17:38:24,520 - JSPGymEnvironment - INFO - Executed operation: Job J6, Op 1, Machine M2, Start: 5863.0, End: 5876.0, Setup: 20
2025-04-14 17:38:24,536 - JSPGymEnvironment - INFO - Material change on machine M2: Racebike_Schaltauge_bearbeitet -> Citybike_Bremsaufnahme_gebohrt, setup time: 20
2025-04-14 17:38:24,536 - JSPGymEnvironment - INFO - Executed operation: Job J9, Op 3, Machine M2, Start: 5896.0, End: 5919.0, Setup: 20
2025-04-14 17:38:24,548 - JSPGymEnvironment - INFO - Material change on machine M2: Citybike_Bremsaufnahme_gebohrt -> Citybike_Rahmen_nachbearbeitet, setup time: 20
2025-04-14 17:38:24,548 - JSPGymEnvironment - INFO - Executed operation: Job J9, Op 4, Machine M2, Start: 5939.0, End: 5951.0, Setup: 20
2025-04-14 17:38:24,561 - JSPGymEnvironment - INFO - Material change on machine M3: Citybike_Antrieb_installiert -> Citybike_Fahrrad_endmontiert, setup time: 15
2025-04-14 17:38:24,561 - JSPGymEnvironment - INFO - Executed operation: Job J9, Op 5, Machine M3, Start: 5966.0, End: 6017.0, Setup: 15
2025-04-14 17:38:24,572 - JSPGymEnvironment - INFO - Executed operation: Job J9, Op 6, Machine M3, Start: 6027.0, End: 6050.0, Setup: 10
2025-04-14 17:38:24,572 - JSPGymEnvironment - INFO - Job J9 completed at time 6050.0, deadline: 2880, met: False, priority: 8
2025-04-14 17:38:24,572 - JSPGymEnvironment - INFO - CREDIT_ASSIGNMENT_PROBLEM: Scheduled penalty of -3.85 for step 130 due to missed_deadline at step 131
2025-04-14 17:38:24,572 - JSPGymEnvironment - INFO - CREDIT_ASSIGNMENT_PROBLEM: Scheduled penalty of -2.70 for step 129 due to missed_deadline at step 131
2025-04-14 17:38:24,572 - JSPGymEnvironment - INFO - CREDIT_ASSIGNMENT_PROBLEM: Scheduled penalty of -1.89 for step 128 due to missed_deadline at step 131
2025-04-14 17:38:24,572 - JSPGymEnvironment - INFO - CREDIT_ASSIGNMENT_PROBLEM: Scheduled penalty of -1.32 for step 126 due to missed_deadline at step 131
2025-04-14 17:38:24,572 - JSPGymEnvironment - INFO - CREDIT_ASSIGNMENT_PROBLEM: Scheduled penalty of -0.92 for step 125 due to missed_deadline at step 131
2025-04-14 17:38:24,572 - JSPGymEnvironment - INFO - CREDIT_ASSIGNMENT_PROBLEM: Scheduled penalty of -0.65 for step 124 due to missed_deadline at step 131
2025-04-14 17:38:24,657 - JSPGymEnvironment - INFO - Material change on machine M3: Citybike_Fahrrad_endmontiert -> Racebike_Antrieb_installiert, setup time: 15
2025-04-14 17:38:24,657 - JSPGymEnvironment - INFO - Executed operation: Job J6, Op 2, Machine M3, Start: 6065.0, End: 6103.0, Setup: 15
2025-04-14 17:38:24,669 - JSPGymEnvironment - INFO - Material change on machine M3: Racebike_Antrieb_installiert -> Racebike_Bremsen_justiert, setup time: 15
2025-04-14 17:38:24,669 - JSPGymEnvironment - INFO - Executed operation: Job J6, Op 3, Machine M3, Start: 6118.0, End: 6176.0, Setup: 15
2025-04-14 17:38:24,680 - JSPGymEnvironment - INFO - Material change on machine M3: Racebike_Bremsen_justiert -> Racebike_Fahrrad_endmontiert, setup time: 15
2025-04-14 17:38:24,680 - JSPGymEnvironment - INFO - Executed operation: Job J6, Op 4, Machine M3, Start: 6191.0, End: 6232.0, Setup: 15
2025-04-14 17:38:24,680 - JSPGymEnvironment - INFO - Job J6 completed at time 6232.0, deadline: 2880, met: False, priority: 10
2025-04-14 17:38:24,680 - JSPGymEnvironment - INFO - CREDIT_ASSIGNMENT_PROBLEM: Scheduled penalty of -4.07 for step 133 due to missed_deadline at step 134
2025-04-14 17:38:24,680 - JSPGymEnvironment - INFO - CREDIT_ASSIGNMENT_PROBLEM: Scheduled penalty of -2.85 for step 132 due to missed_deadline at step 134
2025-04-14 17:38:24,680 - JSPGymEnvironment - INFO - CREDIT_ASSIGNMENT_PROBLEM: Scheduled penalty of -2.00 for step 127 due to missed_deadline at step 134
2025-04-14 17:38:24,680 - JSPGymEnvironment - INFO - Reward function updated with 52 insights
2025-04-14 17:38:24,680 - JSPGymEnvironment - INFO -   Material change on critical path at Job 5 Operation 0 on Machine M1 (Severity: 1.00)
2025-04-14 17:38:24,680 - JSPGymEnvironment - INFO -   Material change on critical path at Job 5 Operation 1 on Machine M2 (Severity: 1.00)
2025-04-14 17:38:24,681 - JSPGymEnvironment - INFO -   Material change on critical path at Job 5 Operation 2 on Machine M3 (Severity: 1.00)
2025-04-14 17:38:24,681 - JSPGymEnvironment - INFO -   Material change on critical path at Job 5 Operation 3 on Machine M3 (Severity: 1.00)
2025-04-14 17:38:24,681 - JSPGymEnvironment - INFO -   Idle time on critical path before Job 5 Operation 3 on Machine M3 (Severity: 0.26)
2025-04-14 17:38:24,681 - JSPGymEnvironment - INFO -   Material change on critical path at Job 5 Operation 4 on Machine M3 (Severity: 1.00)
2025-04-14 17:38:24,681 - JSPGymEnvironment - INFO -   Idle time on critical path before Job 5 Operation 4 on Machine M3 (Severity: 0.37)
2025-04-14 17:38:24,681 - JSPGymEnvironment - INFO -   High priority (9) not on critical path: Job 6 Operation 0 (Severity: 0.67)
2025-04-14 17:38:24,681 - JSPGymEnvironment - INFO -   High priority (9) not on critical path: Job 6 Operation 1 (Severity: 0.67)
2025-04-14 17:38:24,681 - JSPGymEnvironment - INFO -   High priority (9) not on critical path: Job 9 Operation 0 (Severity: 0.67)
2025-04-14 17:38:24,681 - JSPGymEnvironment - INFO -   High priority (9) not on critical path: Job 6 Operation 2 (Severity: 0.67)
2025-04-14 17:38:24,681 - JSPGymEnvironment - INFO -   High priority (9) not on critical path: Job 9 Operation 1 (Severity: 0.67)
2025-04-14 17:38:24,681 - JSPGymEnvironment - INFO -   High priority (9) not on critical path: Job 9 Operation 2 (Severity: 0.67)
2025-04-14 17:38:24,681 - JSPGymEnvironment - INFO -   High priority (8) not on critical path: Job 2 Operation 0 (Severity: 0.33)
2025-04-14 17:38:24,681 - JSPGymEnvironment - INFO -   High priority (9) not on critical path: Job 9 Operation 3 (Severity: 0.67)
2025-04-14 17:38:24,681 - JSPGymEnvironment - INFO -   High priority (8) not on critical path: Job 18 Operation 0 (Severity: 0.33)
2025-04-14 17:38:24,681 - JSPGymEnvironment - INFO -   High priority (9) not on critical path: Job 6 Operation 3 (Severity: 0.67)
2025-04-14 17:38:24,681 - JSPGymEnvironment - INFO -   High priority (9) not on critical path: Job 9 Operation 4 (Severity: 0.67)
2025-04-14 17:38:24,681 - JSPGymEnvironment - INFO -   High priority (9) not on critical path: Job 9 Operation 5 (Severity: 0.67)
2025-04-14 17:38:24,681 - JSPGymEnvironment - INFO -   High priority (8) not on critical path: Job 18 Operation 1 (Severity: 0.33)
2025-04-14 17:38:24,681 - JSPGymEnvironment - INFO -   High priority (9) not on critical path: Job 9 Operation 6 (Severity: 0.67)
2025-04-14 17:38:24,681 - JSPGymEnvironment - INFO -   High priority (9) not on critical path: Job 6 Operation 4 (Severity: 0.67)
2025-04-14 17:38:24,681 - JSPGymEnvironment - INFO -   High priority (9) not on critical path: Job 9 Operation 7 (Severity: 0.67)
2025-04-14 17:38:24,681 - JSPGymEnvironment - INFO -   High priority (8) not on critical path: Job 18 Operation 2 (Severity: 0.33)
2025-04-14 17:38:24,681 - JSPGymEnvironment - INFO -   High priority (10) not on critical path: Job 14 Operation 0 (Severity: 1.00)
2025-04-14 17:38:24,681 - JSPGymEnvironment - INFO -   High priority (8) not on critical path: Job 18 Operation 3 (Severity: 0.33)
2025-04-14 17:38:24,681 - JSPGymEnvironment - INFO -   High priority (10) not on critical path: Job 14 Operation 1 (Severity: 1.00)
2025-04-14 17:38:24,681 - JSPGymEnvironment - INFO -   High priority (8) not on critical path: Job 18 Operation 4 (Severity: 0.33)
2025-04-14 17:38:24,681 - JSPGymEnvironment - INFO -   High priority (9) not on critical path: Job 6 Operation 5 (Severity: 0.67)
2025-04-14 17:38:24,681 - JSPGymEnvironment - INFO -   High priority (10) not on critical path: Job 14 Operation 2 (Severity: 1.00)
2025-04-14 17:38:24,681 - JSPGymEnvironment - INFO -   High priority (8) not on critical path: Job 2 Operation 1 (Severity: 0.33)
2025-04-14 17:38:24,681 - JSPGymEnvironment - INFO -   High priority (8) not on critical path: Job 18 Operation 5 (Severity: 0.33)
2025-04-14 17:38:24,681 - JSPGymEnvironment - INFO -   High priority (8) not on critical path: Job 18 Operation 6 (Severity: 0.33)
2025-04-14 17:38:24,681 - JSPGymEnvironment - INFO -   High priority (10) not on critical path: Job 14 Operation 3 (Severity: 1.00)
2025-04-14 17:38:24,681 - JSPGymEnvironment - INFO -   High priority (10) not on critical path: Job 14 Operation 4 (Severity: 1.00)
2025-04-14 17:38:24,681 - JSPGymEnvironment - INFO -   High priority (8) not on critical path: Job 2 Operation 2 (Severity: 0.33)
2025-04-14 17:38:24,681 - JSPGymEnvironment - INFO -   High priority (8) not on critical path: Job 2 Operation 3 (Severity: 0.33)
2025-04-14 17:38:24,681 - JSPGymEnvironment - INFO -   High priority (10) not on critical path: Job 14 Operation 5 (Severity: 1.00)
2025-04-14 17:38:24,681 - JSPGymEnvironment - INFO -   High priority (9) not on critical path: Job 6 Operation 6 (Severity: 0.67)
2025-04-14 17:38:24,681 - JSPGymEnvironment - INFO -   High priority (10) not on critical path: Job 14 Operation 6 (Severity: 1.00)
2025-04-14 17:38:24,681 - JSPGymEnvironment - INFO -   High priority (9) not on critical path: Job 6 Operation 7 (Severity: 0.67)
2025-04-14 17:38:24,681 - JSPGymEnvironment - INFO -   High priority (8) not on critical path: Job 2 Operation 4 (Severity: 0.33)
2025-04-14 17:38:24,681 - JSPGymEnvironment - INFO -   High priority (10) not on critical path: Job 14 Operation 7 (Severity: 1.00)
2025-04-14 17:38:24,681 - JSPGymEnvironment - INFO -   High priority (8) not on critical path: Job 2 Operation 5 (Severity: 0.33)
2025-04-14 17:38:24,681 - JSPGymEnvironment - INFO -   High priority (8) not on critical path: Job 2 Operation 6 (Severity: 0.33)
2025-04-14 17:38:24,681 - JSPGymEnvironment - INFO -   High priority (8) not on critical path: Job 8 Operation 0 (Severity: 0.33)
2025-04-14 17:38:24,681 - JSPGymEnvironment - INFO -   High priority (8) not on critical path: Job 8 Operation 1 (Severity: 0.33)
2025-04-14 17:38:24,681 - JSPGymEnvironment - INFO -   High priority (8) not on critical path: Job 8 Operation 2 (Severity: 0.33)
2025-04-14 17:38:24,681 - JSPGymEnvironment - INFO -   High priority (8) not on critical path: Job 8 Operation 3 (Severity: 0.33)
2025-04-14 17:38:24,681 - JSPGymEnvironment - INFO -   High priority (8) not on critical path: Job 8 Operation 4 (Severity: 0.33)
2025-04-14 17:38:24,681 - JSPGymEnvironment - INFO -   High priority (8) not on critical path: Job 8 Operation 5 (Severity: 0.33)
2025-04-14 17:38:24,681 - JSPGymEnvironment - INFO -   High priority (8) not on critical path: Job 8 Operation 6 (Severity: 0.33)
2025-04-14 17:38:24,681 - JSPGymEnvironment - INFO - Episode completed. Critical path: 5 operations, Suboptimal placements: 52
2025-04-14 17:38:24,681 - JSPGymEnvironment - INFO - Reward components: {'makespan_reward': np.float32(-0.28), 'setup_reward': -3.75, 'idle_penalty': 0.0, 'deadline_reward': np.float32(-2.9097223), 'priority_reward': 40.0, 'critical_job_reward': 30.0, 'global_progress_reward': 10.0, 'objective_reward': 0.0, 'placement_reward': 6.0, 'lookahead_reward': 0.0, 'timeliness_reward': 0.0, 'machine_idle_penalty': np.float32(-58.125004), 'credit_assignment_penalty': 0.0}
