2025-04-13 16:25:46,703 - JSPGymEnvironment - INFO - Environment reset
2025-04-13 16:25:46,780 - JSPGymEnvironment - INFO - Environment reset
2025-04-13 16:25:46,831 - JSPGymEnvironment - INFO - Material change on machine M1:  -> E-Bike_Hauptrahmen_zugeschnitten, setup time: 0
2025-04-13 16:25:46,832 - JSPGymEnvironment - INFO - Executed operation: Job J13, Op 0, Machine M1, Start: 0.0, End: 41.0, Setup: 0
2025-04-13 16:25:46,876 - JSPGymEnvironment - INFO - Material change on machine M1: E-Bike_Hauptrahmen_zugeschnitten -> Racebike_Hauptrahmen_zugeschnitten, setup time: 40
2025-04-13 16:25:46,876 - JSPGymEnvironment - INFO - Executed operation: Job J10, Op 0, Machine M1, Start: 81.0, End: 113.0, Setup: 40
2025-04-13 16:25:46,915 - JSPGymEnvironment - INFO - Material change on machine M2:  -> E-Bike_Schaltauge_bearbeitet, setup time: 0
2025-04-13 16:25:46,915 - JSPGymEnvironment - INFO - Executed operation: Job J13, Op 1, Machine M2, Start: 113.0, End: 136.0, Setup: 0
2025-04-13 16:25:46,952 - JSPGymEnvironment - INFO - Material change on machine M3:  -> E-Bike_Antrieb_installiert, setup time: 0
2025-04-13 16:25:46,952 - JSPGymEnvironment - INFO - Executed operation: Job J13, Op 2, Machine M3, Start: 136.0, End: 189.0, Setup: 0
2025-04-13 16:25:46,986 - JSPGymEnvironment - INFO - Material change on machine M2: E-Bike_Schaltauge_bearbeitet -> E-Bike_Bremsaufnahme_gebohrt, setup time: 20
2025-04-13 16:25:46,986 - JSPGymEnvironment - INFO - Executed operation: Job J13, Op 3, Machine M2, Start: 209.0, End: 231.0, Setup: 20
2025-04-13 16:25:47,018 - JSPGymEnvironment - INFO - Material change on machine M1: Racebike_Hauptrahmen_zugeschnitten -> Citybike_Hauptrahmen_zugeschnitten, setup time: 40
2025-04-13 16:25:47,018 - JSPGymEnvironment - INFO - Executed operation: Job J2, Op 0, Machine M1, Start: 271.0, End: 287.0, Setup: 40
2025-04-13 16:25:47,050 - JSPGymEnvironment - INFO - Material change on machine M3: E-Bike_Antrieb_installiert -> E-Bike_Fahrrad_endmontiert, setup time: 15
2025-04-13 16:25:47,050 - JSPGymEnvironment - INFO - Executed operation: Job J13, Op 4, Machine M3, Start: 302.0, End: 355.0, Setup: 15
2025-04-13 16:25:47,050 - JSPGymEnvironment - INFO - Job J13 completed at time 355.0, deadline: 2863, met: True, priority: 7
2025-04-13 16:25:47,082 - JSPGymEnvironment - INFO - Material change on machine M1: Citybike_Hauptrahmen_zugeschnitten -> Mountainbike_Hauptrahmen_zugeschnitten, setup time: 40
2025-04-13 16:25:47,082 - JSPGymEnvironment - INFO - Executed operation: Job J20, Op 0, Machine M1, Start: 395.0, End: 414.0, Setup: 40
2025-04-13 16:25:47,116 - JSPGymEnvironment - INFO - Material change on machine M1: Mountainbike_Hauptrahmen_zugeschnitten -> Racebike_Hauptrahmen_zugeschnitten, setup time: 40
2025-04-13 16:25:47,116 - JSPGymEnvironment - INFO - Executed operation: Job J4, Op 0, Machine M1, Start: 454.0, End: 479.0, Setup: 40
2025-04-13 16:25:47,149 - JSPGymEnvironment - INFO - Material change on machine M2: E-Bike_Bremsaufnahme_gebohrt -> Racebike_Schaltauge_bearbeitet, setup time: 20
2025-04-13 16:25:47,149 - JSPGymEnvironment - INFO - Executed operation: Job J10, Op 1, Machine M2, Start: 499.0, End: 524.0, Setup: 20
2025-04-13 16:25:47,415 - JSPGymEnvironment - INFO - Material change on machine M2: Racebike_Schaltauge_bearbeitet -> Citybike_Schaltauge_bearbeitet, setup time: 20
2025-04-13 16:25:47,416 - JSPGymEnvironment - INFO - Executed operation: Job J2, Op 1, Machine M2, Start: 544.0, End: 554.0, Setup: 20
2025-04-13 16:25:47,463 - JSPGymEnvironment - INFO - Material change on machine M1: Racebike_Hauptrahmen_zugeschnitten -> Citybike_Hauptrahmen_zugeschnitten, setup time: 40
2025-04-13 16:25:47,463 - JSPGymEnvironment - INFO - Executed operation: Job J11, Op 0, Machine M1, Start: 594.0, End: 625.0, Setup: 40
2025-04-13 16:25:47,502 - JSPGymEnvironment - INFO - Material change on machine M1: Citybike_Hauptrahmen_zugeschnitten -> Mountainbike_Hauptrahmen_zugeschnitten, setup time: 40
2025-04-13 16:25:47,503 - JSPGymEnvironment - INFO - Executed operation: Job J18, Op 0, Machine M1, Start: 665.0, End: 687.0, Setup: 40
2025-04-13 16:25:47,536 - JSPGymEnvironment - INFO - Material change on machine M2: Citybike_Schaltauge_bearbeitet -> Mountainbike_Schaltauge_bearbeitet, setup time: 20
2025-04-13 16:25:47,536 - JSPGymEnvironment - INFO - Executed operation: Job J18, Op 1, Machine M2, Start: 707.0, End: 727.0, Setup: 20
2025-04-13 16:25:47,569 - JSPGymEnvironment - INFO - Material change on machine M2: Mountainbike_Schaltauge_bearbeitet -> Racebike_Schaltauge_bearbeitet, setup time: 20
2025-04-13 16:25:47,569 - JSPGymEnvironment - INFO - Executed operation: Job J4, Op 1, Machine M2, Start: 747.0, End: 762.0, Setup: 20
2025-04-13 16:25:47,604 - JSPGymEnvironment - INFO - Material change on machine M1: Mountainbike_Hauptrahmen_zugeschnitten -> Racebike_Hauptrahmen_zugeschnitten, setup time: 40
2025-04-13 16:25:47,605 - JSPGymEnvironment - INFO - Executed operation: Job J1, Op 0, Machine M1, Start: 802.0, End: 842.0, Setup: 40
2025-04-13 16:25:47,635 - JSPGymEnvironment - INFO - Material change on machine M3: E-Bike_Fahrrad_endmontiert -> Racebike_Antrieb_installiert, setup time: 15
2025-04-13 16:25:47,636 - JSPGymEnvironment - INFO - Executed operation: Job J4, Op 2, Machine M3, Start: 857.0, End: 897.0, Setup: 15
2025-04-13 16:25:47,667 - JSPGymEnvironment - INFO - Executed operation: Job J10, Op 2, Machine M3, Start: 907.0, End: 946.0, Setup: 10
2025-04-13 16:25:47,700 - JSPGymEnvironment - INFO - Executed operation: Job J7, Op 0, Machine M1, Start: 971.0, End: 1006.0, Setup: 25
2025-04-13 16:25:47,733 - JSPGymEnvironment - INFO - Executed operation: Job J1, Op 1, Machine M2, Start: 1021.0, End: 1037.0, Setup: 15
2025-04-13 16:25:47,768 - JSPGymEnvironment - INFO - Material change on machine M1: Racebike_Hauptrahmen_zugeschnitten -> Citybike_Hauptrahmen_zugeschnitten, setup time: 40
2025-04-13 16:25:47,768 - JSPGymEnvironment - INFO - Executed operation: Job J14, Op 0, Machine M1, Start: 1077.0, End: 1095.0, Setup: 40
2025-04-13 16:25:47,802 - JSPGymEnvironment - INFO - Material change on machine M1: Citybike_Hauptrahmen_zugeschnitten -> Racebike_Hauptrahmen_zugeschnitten, setup time: 40
2025-04-13 16:25:47,802 - JSPGymEnvironment - INFO - Executed operation: Job J16, Op 0, Machine M1, Start: 1135.0, End: 1161.0, Setup: 40
2025-04-13 16:25:47,833 - JSPGymEnvironment - INFO - Material change on machine M1: Racebike_Hauptrahmen_zugeschnitten -> Citybike_Hauptrahmen_zugeschnitten, setup time: 40
2025-04-13 16:25:47,834 - JSPGymEnvironment - INFO - Executed operation: Job J8, Op 0, Machine M1, Start: 1201.0, End: 1220.0, Setup: 40
2025-04-13 16:25:47,865 - JSPGymEnvironment - INFO - Material change on machine M1: Citybike_Hauptrahmen_zugeschnitten -> Racebike_Hauptrahmen_zugeschnitten, setup time: 40
2025-04-13 16:25:47,866 - JSPGymEnvironment - INFO - Executed operation: Job J15, Op 0, Machine M1, Start: 1260.0, End: 1283.0, Setup: 40
2025-04-13 16:25:48,145 - JSPGymEnvironment - INFO - Executed operation: Job J15, Op 1, Machine M2, Start: 1298.0, End: 1311.0, Setup: 15
2025-04-13 16:25:48,183 - JSPGymEnvironment - INFO - Material change on machine M2: Racebike_Schaltauge_bearbeitet -> Racebike_Bremsaufnahme_gebohrt, setup time: 20
2025-04-13 16:25:48,183 - JSPGymEnvironment - INFO - Executed operation: Job J10, Op 3, Machine M2, Start: 1331.0, End: 1353.0, Setup: 20
2025-04-13 16:25:48,220 - JSPGymEnvironment - INFO - Material change on machine M3: Racebike_Antrieb_installiert -> Citybike_Antrieb_installiert, setup time: 15
2025-04-13 16:25:48,220 - JSPGymEnvironment - INFO - Executed operation: Job J2, Op 2, Machine M3, Start: 1368.0, End: 1396.0, Setup: 15
2025-04-13 16:25:48,256 - JSPGymEnvironment - INFO - Material change on machine M2: Racebike_Bremsaufnahme_gebohrt -> Racebike_Schaltauge_bearbeitet, setup time: 20
2025-04-13 16:25:48,256 - JSPGymEnvironment - INFO - Executed operation: Job J16, Op 1, Machine M2, Start: 1416.0, End: 1431.0, Setup: 20
2025-04-13 16:25:48,288 - JSPGymEnvironment - INFO - Material change on machine M2: Racebike_Schaltauge_bearbeitet -> Racebike_Bremsaufnahme_gebohrt, setup time: 20
2025-04-13 16:25:48,288 - JSPGymEnvironment - INFO - Executed operation: Job J4, Op 3, Machine M2, Start: 1451.0, End: 1465.0, Setup: 20
2025-04-13 16:25:48,320 - JSPGymEnvironment - INFO - Executed operation: Job J6, Op 0, Machine M1, Start: 1490.0, End: 1526.0, Setup: 25
2025-04-13 16:25:48,356 - JSPGymEnvironment - INFO - Material change on machine M3: Citybike_Antrieb_installiert -> Mountainbike_Antrieb_installiert, setup time: 15
2025-04-13 16:25:48,357 - JSPGymEnvironment - INFO - Executed operation: Job J18, Op 2, Machine M3, Start: 1541.0, End: 1570.0, Setup: 15
2025-04-13 16:25:48,389 - JSPGymEnvironment - INFO - Material change on machine M2: Racebike_Bremsaufnahme_gebohrt -> Racebike_Rahmen_nachbearbeitet, setup time: 20
2025-04-13 16:25:48,389 - JSPGymEnvironment - INFO - Executed operation: Job J4, Op 4, Machine M2, Start: 1590.0, End: 1615.0, Setup: 20
2025-04-13 16:25:48,434 - JSPGymEnvironment - INFO - Material change on machine M2: Racebike_Rahmen_nachbearbeitet -> Citybike_Schaltauge_bearbeitet, setup time: 20
2025-04-13 16:25:48,434 - JSPGymEnvironment - INFO - Executed operation: Job J14, Op 1, Machine M2, Start: 1635.0, End: 1651.0, Setup: 20
2025-04-13 16:25:48,484 - JSPGymEnvironment - INFO - Material change on machine M2: Citybike_Schaltauge_bearbeitet -> Mountainbike_Schaltauge_bearbeitet, setup time: 20
2025-04-13 16:25:48,484 - JSPGymEnvironment - INFO - Executed operation: Job J20, Op 1, Machine M2, Start: 1671.0, End: 1696.0, Setup: 20
2025-04-13 16:25:48,531 - JSPGymEnvironment - INFO - Material change on machine M3: Mountainbike_Antrieb_installiert -> Racebike_Antrieb_installiert, setup time: 15
2025-04-13 16:25:48,531 - JSPGymEnvironment - INFO - Executed operation: Job J1, Op 2, Machine M3, Start: 1711.0, End: 1747.0, Setup: 15
2025-04-13 16:25:48,577 - JSPGymEnvironment - INFO - Material change on machine M3: Racebike_Antrieb_installiert -> Mountainbike_Bremsen_justiert, setup time: 15
2025-04-13 16:25:48,577 - JSPGymEnvironment - INFO - Executed operation: Job J18, Op 3, Machine M3, Start: 1762.0, End: 1817.0, Setup: 15
2025-04-13 16:25:48,620 - JSPGymEnvironment - INFO - Material change on machine M2: Mountainbike_Schaltauge_bearbeitet -> Citybike_Bremsaufnahme_gebohrt, setup time: 20
2025-04-13 16:25:48,620 - JSPGymEnvironment - INFO - Executed operation: Job J2, Op 3, Machine M2, Start: 1837.0, End: 1858.0, Setup: 20
2025-04-13 16:25:48,895 - JSPGymEnvironment - INFO - Material change on machine M2: Citybike_Bremsaufnahme_gebohrt -> Racebike_Schaltauge_bearbeitet, setup time: 20
2025-04-13 16:25:48,895 - JSPGymEnvironment - INFO - Executed operation: Job J6, Op 1, Machine M2, Start: 1878.0, End: 1891.0, Setup: 20
2025-04-13 16:25:48,933 - JSPGymEnvironment - INFO - Material change on machine M2: Racebike_Schaltauge_bearbeitet -> Mountainbike_Fahrrad_endmontiert, setup time: 20
2025-04-13 16:25:48,933 - JSPGymEnvironment - INFO - Executed operation: Job J18, Op 4, Machine M2, Start: 1911.0, End: 1924.0, Setup: 20
2025-04-13 16:25:48,933 - JSPGymEnvironment - INFO - Job J18 completed at time 1924.0, deadline: 2880, met: True, priority: 6
2025-04-13 16:25:48,974 - JSPGymEnvironment - INFO - Material change on machine M2: Mountainbike_Fahrrad_endmontiert -> Racebike_Rahmen_nachbearbeitet, setup time: 20
2025-04-13 16:25:48,975 - JSPGymEnvironment - INFO - Executed operation: Job J4, Op 5, Machine M2, Start: 1944.0, End: 1968.0, Setup: 20
2025-04-13 16:25:49,021 - JSPGymEnvironment - INFO - Material change on machine M2: Racebike_Rahmen_nachbearbeitet -> Racebike_Bremsaufnahme_gebohrt, setup time: 20
2025-04-13 16:25:49,022 - JSPGymEnvironment - INFO - Executed operation: Job J1, Op 3, Machine M2, Start: 1988.0, End: 2006.0, Setup: 20
2025-04-13 16:25:49,067 - JSPGymEnvironment - INFO - Material change on machine M1: Racebike_Hauptrahmen_zugeschnitten -> Citybike_Hauptrahmen_zugeschnitten, setup time: 40
2025-04-13 16:25:49,067 - JSPGymEnvironment - INFO - Executed operation: Job J9, Op 0, Machine M1, Start: 2046.0, End: 2086.0, Setup: 40
2025-04-13 16:25:49,101 - JSPGymEnvironment - INFO - Material change on machine M2: Racebike_Bremsaufnahme_gebohrt -> Racebike_Rahmen_nachbearbeitet, setup time: 20
2025-04-13 16:25:49,101 - JSPGymEnvironment - INFO - Executed operation: Job J10, Op 4, Machine M2, Start: 2106.0, End: 2117.0, Setup: 20
2025-04-13 16:25:49,137 - JSPGymEnvironment - INFO - Material change on machine M2: Racebike_Rahmen_nachbearbeitet -> Citybike_Rahmen_nachbearbeitet, setup time: 20
2025-04-13 16:25:49,137 - JSPGymEnvironment - INFO - Executed operation: Job J2, Op 4, Machine M2, Start: 2137.0, End: 2161.0, Setup: 20
2025-04-13 16:25:49,169 - JSPGymEnvironment - INFO - Material change on machine M3: Mountainbike_Bremsen_justiert -> Citybike_Antrieb_installiert, setup time: 15
2025-04-13 16:25:49,170 - JSPGymEnvironment - INFO - Executed operation: Job J14, Op 2, Machine M3, Start: 2176.0, End: 2198.0, Setup: 15
2025-04-13 16:25:49,207 - JSPGymEnvironment - INFO - Material change on machine M3: Citybike_Antrieb_installiert -> Racebike_Fahrrad_endmontiert, setup time: 15
2025-04-13 16:25:49,207 - JSPGymEnvironment - INFO - Executed operation: Job J4, Op 6, Machine M3, Start: 2213.0, End: 2239.0, Setup: 15
2025-04-13 16:25:49,207 - JSPGymEnvironment - INFO - Job J4 completed at time 2239.0, deadline: 2757, met: True, priority: 7
2025-04-13 16:25:49,244 - JSPGymEnvironment - INFO - Material change on machine M2: Citybike_Rahmen_nachbearbeitet -> Citybike_Bremsaufnahme_gebohrt, setup time: 20
2025-04-13 16:25:49,244 - JSPGymEnvironment - INFO - Executed operation: Job J14, Op 3, Machine M2, Start: 2259.0, End: 2277.0, Setup: 20
2025-04-13 16:25:49,282 - JSPGymEnvironment - INFO - Material change on machine M3: Racebike_Fahrrad_endmontiert -> Mountainbike_Antrieb_installiert, setup time: 15
2025-04-13 16:25:49,283 - JSPGymEnvironment - INFO - Executed operation: Job J20, Op 2, Machine M3, Start: 2292.0, End: 2316.0, Setup: 15
2025-04-13 16:25:49,321 - JSPGymEnvironment - INFO - Material change on machine M1: Citybike_Hauptrahmen_zugeschnitten -> E-Bike_Hauptrahmen_zugeschnitten, setup time: 40
2025-04-13 16:25:49,321 - JSPGymEnvironment - INFO - Executed operation: Job J19, Op 0, Machine M1, Start: 2356.0, End: 2371.0, Setup: 40
2025-04-13 16:25:49,362 - JSPGymEnvironment - INFO - Material change on machine M2: Citybike_Bremsaufnahme_gebohrt -> Racebike_Rahmen_nachbearbeitet, setup time: 20
2025-04-13 16:25:49,362 - JSPGymEnvironment - INFO - Executed operation: Job J1, Op 4, Machine M2, Start: 2391.0, End: 2413.0, Setup: 20
2025-04-13 16:25:49,606 - JSPGymEnvironment - INFO - Material change on machine M2: Racebike_Rahmen_nachbearbeitet -> Racebike_Fahrrad_endmontiert, setup time: 20
2025-04-13 16:25:49,607 - JSPGymEnvironment - INFO - Executed operation: Job J1, Op 5, Machine M2, Start: 2433.0, End: 2445.0, Setup: 20
2025-04-13 16:25:49,607 - JSPGymEnvironment - INFO - Job J1 completed at time 2445.0, deadline: 2790, met: True, priority: 7
2025-04-13 16:25:49,644 - JSPGymEnvironment - INFO - Executed operation: Job J3, Op 0, Machine M1, Start: 2470.0, End: 2504.0, Setup: 25
2025-04-13 16:25:49,678 - JSPGymEnvironment - INFO - Material change on machine M3: Mountainbike_Antrieb_installiert -> Racebike_Antrieb_installiert, setup time: 15
2025-04-13 16:25:49,678 - JSPGymEnvironment - INFO - Executed operation: Job J16, Op 2, Machine M3, Start: 2519.0, End: 2549.0, Setup: 15
2025-04-13 16:25:49,713 - JSPGymEnvironment - INFO - Executed operation: Job J15, Op 2, Machine M3, Start: 2559.0, End: 2594.0, Setup: 10
2025-04-13 16:25:49,750 - JSPGymEnvironment - INFO - Material change on machine M2: Racebike_Fahrrad_endmontiert -> Racebike_Bremsaufnahme_gebohrt, setup time: 20
2025-04-13 16:25:49,750 - JSPGymEnvironment - INFO - Executed operation: Job J16, Op 3, Machine M2, Start: 2614.0, End: 2637.0, Setup: 20
2025-04-13 16:25:49,790 - JSPGymEnvironment - INFO - Material change on machine M1: E-Bike_Hauptrahmen_zugeschnitten -> Mountainbike_Hauptrahmen_zugeschnitten, setup time: 40
2025-04-13 16:25:49,790 - JSPGymEnvironment - INFO - Executed operation: Job J12, Op 0, Machine M1, Start: 2677.0, End: 2708.0, Setup: 40
2025-04-13 16:25:49,828 - JSPGymEnvironment - INFO - Material change on machine M2: Racebike_Bremsaufnahme_gebohrt -> E-Bike_Schaltauge_bearbeitet, setup time: 20
2025-04-13 16:25:49,828 - JSPGymEnvironment - INFO - Executed operation: Job J19, Op 1, Machine M2, Start: 2728.0, End: 2758.0, Setup: 20
2025-04-13 16:25:49,863 - JSPGymEnvironment - INFO - Material change on machine M2: E-Bike_Schaltauge_bearbeitet -> Racebike_Rahmen_nachbearbeitet, setup time: 20
2025-04-13 16:25:49,863 - JSPGymEnvironment - INFO - Executed operation: Job J10, Op 5, Machine M2, Start: 2778.0, End: 2796.0, Setup: 20
2025-04-13 16:25:49,900 - JSPGymEnvironment - INFO - Material change on machine M1: Mountainbike_Hauptrahmen_zugeschnitten -> Citybike_Hauptrahmen_zugeschnitten, setup time: 40
2025-04-13 16:25:49,900 - JSPGymEnvironment - INFO - Executed operation: Job J17, Op 0, Machine M1, Start: 2836.0, End: 2874.0, Setup: 40
2025-04-13 16:25:49,936 - JSPGymEnvironment - INFO - Material change on machine M3: Racebike_Antrieb_installiert -> Racebike_Bremsen_justiert, setup time: 15
2025-04-13 16:25:49,937 - JSPGymEnvironment - INFO - Executed operation: Job J15, Op 3, Machine M3, Start: 2889.0, End: 2916.0, Setup: 15
2025-04-13 16:25:49,971 - JSPGymEnvironment - INFO - Material change on machine M3: Racebike_Bremsen_justiert -> E-Bike_Antrieb_installiert, setup time: 15
2025-04-13 16:25:49,971 - JSPGymEnvironment - INFO - Executed operation: Job J19, Op 2, Machine M3, Start: 2931.0, End: 2953.0, Setup: 15
2025-04-13 16:25:50,006 - JSPGymEnvironment - INFO - Executed operation: Job J16, Op 4, Machine M2, Start: 2968.0, End: 2982.0, Setup: 15
2025-04-13 16:25:50,041 - JSPGymEnvironment - INFO - Material change on machine M3: E-Bike_Antrieb_installiert -> Racebike_Antrieb_installiert, setup time: 15
2025-04-13 16:25:50,041 - JSPGymEnvironment - INFO - Executed operation: Job J6, Op 2, Machine M3, Start: 2997.0, End: 3035.0, Setup: 15
2025-04-13 16:25:50,078 - JSPGymEnvironment - INFO - Material change on machine M2: Racebike_Rahmen_nachbearbeitet -> Citybike_Schaltauge_bearbeitet, setup time: 20
2025-04-13 16:25:50,078 - JSPGymEnvironment - INFO - Executed operation: Job J9, Op 1, Machine M2, Start: 3055.0, End: 3071.0, Setup: 20
2025-04-13 16:25:50,114 - JSPGymEnvironment - INFO - Material change on machine M3: Racebike_Antrieb_installiert -> Citybike_Antrieb_installiert, setup time: 15
2025-04-13 16:25:50,114 - JSPGymEnvironment - INFO - Executed operation: Job J9, Op 2, Machine M3, Start: 3086.0, End: 3140.0, Setup: 15
2025-04-13 16:25:50,354 - JSPGymEnvironment - INFO - Material change on machine M2: Citybike_Schaltauge_bearbeitet -> Citybike_Bremsaufnahme_gebohrt, setup time: 20
2025-04-13 16:25:50,354 - JSPGymEnvironment - INFO - Executed operation: Job J9, Op 3, Machine M2, Start: 3160.0, End: 3183.0, Setup: 20
2025-04-13 16:25:50,391 - JSPGymEnvironment - INFO - Material change on machine M2: Citybike_Bremsaufnahme_gebohrt -> Citybike_Schaltauge_bearbeitet, setup time: 20
2025-04-13 16:25:50,391 - JSPGymEnvironment - INFO - Executed operation: Job J17, Op 1, Machine M2, Start: 3203.0, End: 3223.0, Setup: 20
2025-04-13 16:25:50,434 - JSPGymEnvironment - INFO - Material change on machine M3: Citybike_Antrieb_installiert -> Mountainbike_Bremsen_justiert, setup time: 15
2025-04-13 16:25:50,434 - JSPGymEnvironment - INFO - Executed operation: Job J20, Op 3, Machine M3, Start: 3238.0, End: 3279.0, Setup: 15
2025-04-13 16:25:50,475 - JSPGymEnvironment - INFO - Executed operation: Job J8, Op 1, Machine M2, Start: 3294.0, End: 3307.0, Setup: 15
2025-04-13 16:25:50,515 - JSPGymEnvironment - INFO - Material change on machine M2: Citybike_Schaltauge_bearbeitet -> Racebike_Fahrrad_endmontiert, setup time: 20
2025-04-13 16:25:50,516 - JSPGymEnvironment - INFO - Executed operation: Job J16, Op 5, Machine M2, Start: 3327.0, End: 3357.0, Setup: 20
2025-04-13 16:25:50,516 - JSPGymEnvironment - INFO - Job J16 completed at time 3357.0, deadline: 2855, met: False, priority: 7
2025-04-13 16:25:50,557 - JSPGymEnvironment - INFO - Material change on machine M3: Mountainbike_Bremsen_justiert -> Racebike_Bremsen_justiert, setup time: 15
2025-04-13 16:25:50,557 - JSPGymEnvironment - INFO - Executed operation: Job J6, Op 3, Machine M3, Start: 3372.0, End: 3430.0, Setup: 15
2025-04-13 16:25:50,601 - JSPGymEnvironment - INFO - Material change on machine M2: Racebike_Fahrrad_endmontiert -> Racebike_Rahmen_nachbearbeitet, setup time: 20
2025-04-13 16:25:50,601 - JSPGymEnvironment - INFO - Executed operation: Job J15, Op 4, Machine M2, Start: 3450.0, End: 3470.0, Setup: 20
2025-04-13 16:25:50,648 - JSPGymEnvironment - INFO - Material change on machine M2: Racebike_Rahmen_nachbearbeitet -> E-Bike_Schaltauge_bearbeitet, setup time: 20
2025-04-13 16:25:50,648 - JSPGymEnvironment - INFO - Executed operation: Job J3, Op 1, Machine M2, Start: 3490.0, End: 3510.0, Setup: 20
2025-04-13 16:25:50,688 - JSPGymEnvironment - INFO - Material change on machine M3: Racebike_Bremsen_justiert -> Citybike_Fahrrad_endmontiert, setup time: 15
2025-04-13 16:25:50,689 - JSPGymEnvironment - INFO - Executed operation: Job J2, Op 5, Machine M3, Start: 3525.0, End: 3546.0, Setup: 15
2025-04-13 16:25:50,689 - JSPGymEnvironment - INFO - Job J2 completed at time 3546.0, deadline: 2880, met: False, priority: 3
2025-04-13 16:25:50,725 - JSPGymEnvironment - INFO - Material change on machine M2: E-Bike_Schaltauge_bearbeitet -> Citybike_Rahmen_nachbearbeitet, setup time: 20
2025-04-13 16:25:50,725 - JSPGymEnvironment - INFO - Executed operation: Job J14, Op 4, Machine M2, Start: 3566.0, End: 3595.0, Setup: 20
2025-04-13 16:25:50,763 - JSPGymEnvironment - INFO - Material change on machine M2: Citybike_Rahmen_nachbearbeitet -> Mountainbike_Rahmen_nachbearbeitet, setup time: 20
2025-04-13 16:25:50,763 - JSPGymEnvironment - INFO - Executed operation: Job J20, Op 4, Machine M2, Start: 3615.0, End: 3632.0, Setup: 20
2025-04-13 16:25:50,799 - JSPGymEnvironment - INFO - Material change on machine M2: Mountainbike_Rahmen_nachbearbeitet -> E-Bike_Bremsaufnahme_gebohrt, setup time: 20
2025-04-13 16:25:50,799 - JSPGymEnvironment - INFO - Executed operation: Job J19, Op 3, Machine M2, Start: 3652.0, End: 3665.0, Setup: 20
2025-04-13 16:25:50,835 - JSPGymEnvironment - INFO - Material change on machine M2: E-Bike_Bremsaufnahme_gebohrt -> Citybike_Rahmen_nachbearbeitet, setup time: 20
2025-04-13 16:25:50,836 - JSPGymEnvironment - INFO - Executed operation: Job J14, Op 5, Machine M2, Start: 3685.0, End: 3715.0, Setup: 20
2025-04-13 16:25:50,874 - JSPGymEnvironment - INFO - Executed operation: Job J9, Op 4, Machine M2, Start: 3730.0, End: 3742.0, Setup: 15
2025-04-13 16:25:51,129 - JSPGymEnvironment - INFO - Material change on machine M2: Citybike_Rahmen_nachbearbeitet -> Racebike_Rahmen_nachbearbeitet, setup time: 20
2025-04-13 16:25:51,129 - JSPGymEnvironment - INFO - Executed operation: Job J15, Op 5, Machine M2, Start: 3762.0, End: 3785.0, Setup: 20
2025-04-13 16:25:51,171 - JSPGymEnvironment - INFO - Executed operation: Job J10, Op 6, Machine M2, Start: 3800.0, End: 3811.0, Setup: 15
2025-04-13 16:25:51,215 - JSPGymEnvironment - INFO - Material change on machine M2: Racebike_Rahmen_nachbearbeitet -> E-Bike_Rahmen_nachbearbeitet, setup time: 20
2025-04-13 16:25:51,215 - JSPGymEnvironment - INFO - Executed operation: Job J19, Op 4, Machine M2, Start: 3831.0, End: 3848.0, Setup: 20
2025-04-13 16:25:51,265 - JSPGymEnvironment - INFO - Material change on machine M2: E-Bike_Rahmen_nachbearbeitet -> Citybike_Schaltauge_bearbeitet, setup time: 20
2025-04-13 16:25:51,265 - JSPGymEnvironment - INFO - Executed operation: Job J11, Op 1, Machine M2, Start: 3868.0, End: 3881.0, Setup: 20
2025-04-13 16:25:51,313 - JSPGymEnvironment - INFO - Material change on machine M3: Citybike_Fahrrad_endmontiert -> Citybike_Antrieb_installiert, setup time: 15
2025-04-13 16:25:51,314 - JSPGymEnvironment - INFO - Executed operation: Job J17, Op 2, Machine M3, Start: 3896.0, End: 3930.0, Setup: 15
2025-04-13 16:25:51,360 - JSPGymEnvironment - INFO - Material change on machine M3: Citybike_Antrieb_installiert -> Racebike_Fahrrad_endmontiert, setup time: 15
2025-04-13 16:25:51,361 - JSPGymEnvironment - INFO - Executed operation: Job J6, Op 4, Machine M3, Start: 3945.0, End: 3986.0, Setup: 15
2025-04-13 16:25:51,361 - JSPGymEnvironment - INFO - Job J6 completed at time 3986.0, deadline: 2880, met: False, priority: 10
2025-04-13 16:25:51,398 - JSPGymEnvironment - INFO - Material change on machine M3: Racebike_Fahrrad_endmontiert -> Citybike_Fahrrad_endmontiert, setup time: 15
2025-04-13 16:25:51,398 - JSPGymEnvironment - INFO - Executed operation: Job J9, Op 5, Machine M3, Start: 4001.0, End: 4052.0, Setup: 15
2025-04-13 16:25:51,437 - JSPGymEnvironment - INFO - Executed operation: Job J9, Op 6, Machine M3, Start: 4062.0, End: 4085.0, Setup: 10
2025-04-13 16:25:51,437 - JSPGymEnvironment - INFO - Job J9 completed at time 4085.0, deadline: 2880, met: False, priority: 8
2025-04-13 16:25:51,480 - JSPGymEnvironment - INFO - Material change on machine M2: Citybike_Schaltauge_bearbeitet -> Citybike_Rahmen_nachbearbeitet, setup time: 20
2025-04-13 16:25:51,480 - JSPGymEnvironment - INFO - Executed operation: Job J14, Op 6, Machine M2, Start: 4105.0, End: 4129.0, Setup: 20
2025-04-13 16:25:51,519 - JSPGymEnvironment - INFO - Material change on machine M2: Citybike_Rahmen_nachbearbeitet -> Racebike_Schaltauge_bearbeitet, setup time: 20
2025-04-13 16:25:51,519 - JSPGymEnvironment - INFO - Executed operation: Job J7, Op 1, Machine M2, Start: 4149.0, End: 4172.0, Setup: 20
2025-04-13 16:25:51,555 - JSPGymEnvironment - INFO - Material change on machine M2: Racebike_Schaltauge_bearbeitet -> Racebike_Fahrrad_endmontiert, setup time: 20
2025-04-13 16:25:51,555 - JSPGymEnvironment - INFO - Executed operation: Job J10, Op 7, Machine M2, Start: 4192.0, End: 4204.0, Setup: 20
2025-04-13 16:25:51,555 - JSPGymEnvironment - INFO - Job J10 completed at time 4204.0, deadline: 2880, met: False, priority: 9
2025-04-13 16:25:51,593 - JSPGymEnvironment - INFO - Material change on machine M3: Citybike_Fahrrad_endmontiert -> Citybike_Bremsen_justiert, setup time: 15
2025-04-13 16:25:51,593 - JSPGymEnvironment - INFO - Executed operation: Job J17, Op 3, Machine M3, Start: 4219.0, End: 4245.0, Setup: 15
2025-04-13 16:25:51,633 - JSPGymEnvironment - INFO - Material change on machine M3: Citybike_Bremsen_justiert -> Racebike_Fahrrad_endmontiert, setup time: 15
2025-04-13 16:25:51,634 - JSPGymEnvironment - INFO - Executed operation: Job J15, Op 6, Machine M3, Start: 4260.0, End: 4287.0, Setup: 15
2025-04-13 16:25:51,678 - JSPGymEnvironment - INFO - Material change on machine M3: Racebike_Fahrrad_endmontiert -> Racebike_Antrieb_installiert, setup time: 15
2025-04-13 16:25:51,678 - JSPGymEnvironment - INFO - Executed operation: Job J7, Op 2, Machine M3, Start: 4302.0, End: 4326.0, Setup: 15
2025-04-13 16:25:52,061 - JSPGymEnvironment - INFO - Material change on machine M3: Racebike_Antrieb_installiert -> Mountainbike_Fahrrad_endmontiert, setup time: 15
2025-04-13 16:25:52,062 - JSPGymEnvironment - INFO - Executed operation: Job J20, Op 5, Machine M3, Start: 4341.0, End: 4366.0, Setup: 15
2025-04-13 16:25:52,121 - JSPGymEnvironment - INFO - Material change on machine M3: Mountainbike_Fahrrad_endmontiert -> Citybike_Antrieb_installiert, setup time: 15
2025-04-13 16:25:52,122 - JSPGymEnvironment - INFO - Executed operation: Job J11, Op 2, Machine M3, Start: 4381.0, End: 4423.0, Setup: 15
2025-04-13 16:25:52,191 - JSPGymEnvironment - INFO - Material change on machine M3: Citybike_Antrieb_installiert -> Citybike_Bremsen_justiert, setup time: 15
2025-04-13 16:25:52,192 - JSPGymEnvironment - INFO - Executed operation: Job J11, Op 3, Machine M3, Start: 4438.0, End: 4460.0, Setup: 15
2025-04-13 16:25:52,260 - JSPGymEnvironment - INFO - Material change on machine M3: Citybike_Bremsen_justiert -> Racebike_Fahrrad_endmontiert, setup time: 15
2025-04-13 16:25:52,260 - JSPGymEnvironment - INFO - Executed operation: Job J15, Op 7, Machine M3, Start: 4475.0, End: 4521.0, Setup: 15
2025-04-13 16:25:52,260 - JSPGymEnvironment - INFO - Job J15 completed at time 4521.0, deadline: 2833, met: False, priority: 10
2025-04-13 16:25:52,322 - JSPGymEnvironment - INFO - Material change on machine M2: Racebike_Fahrrad_endmontiert -> Racebike_Bremsaufnahme_gebohrt, setup time: 20
2025-04-13 16:25:52,322 - JSPGymEnvironment - INFO - Executed operation: Job J7, Op 3, Machine M2, Start: 4541.0, End: 4564.0, Setup: 20
2025-04-13 16:25:52,381 - JSPGymEnvironment - INFO - Material change on machine M2: Racebike_Bremsaufnahme_gebohrt -> E-Bike_Rahmen_nachbearbeitet, setup time: 20
2025-04-13 16:25:52,381 - JSPGymEnvironment - INFO - Executed operation: Job J19, Op 5, Machine M2, Start: 4584.0, End: 4605.0, Setup: 20
2025-04-13 16:25:52,430 - JSPGymEnvironment - INFO - Material change on machine M3: Racebike_Fahrrad_endmontiert -> Citybike_Antrieb_installiert, setup time: 15
2025-04-13 16:25:52,430 - JSPGymEnvironment - INFO - Executed operation: Job J8, Op 2, Machine M3, Start: 4620.0, End: 4674.0, Setup: 15
2025-04-13 16:25:52,472 - JSPGymEnvironment - INFO - Material change on machine M3: Citybike_Antrieb_installiert -> Mountainbike_Fahrrad_endmontiert, setup time: 15
2025-04-13 16:25:52,472 - JSPGymEnvironment - INFO - Executed operation: Job J20, Op 6, Machine M3, Start: 4689.0, End: 4729.0, Setup: 15
2025-04-13 16:25:52,472 - JSPGymEnvironment - INFO - Job J20 completed at time 4729.0, deadline: 2744, met: False, priority: 3
2025-04-13 16:25:52,518 - JSPGymEnvironment - INFO - Material change on machine M2: E-Bike_Rahmen_nachbearbeitet -> Citybike_Fahrrad_endmontiert, setup time: 20
2025-04-13 16:25:52,519 - JSPGymEnvironment - INFO - Executed operation: Job J14, Op 7, Machine M2, Start: 4749.0, End: 4770.0, Setup: 20
2025-04-13 16:25:52,519 - JSPGymEnvironment - INFO - Job J14 completed at time 4770.0, deadline: 2880, met: False, priority: 3
2025-04-13 16:25:52,571 - JSPGymEnvironment - INFO - Material change on machine M2: Citybike_Fahrrad_endmontiert -> Racebike_Rahmen_nachbearbeitet, setup time: 20
2025-04-13 16:25:52,571 - JSPGymEnvironment - INFO - Executed operation: Job J7, Op 4, Machine M2, Start: 4790.0, End: 4816.0, Setup: 20
2025-04-13 16:25:52,621 - JSPGymEnvironment - INFO - Material change on machine M2: Racebike_Rahmen_nachbearbeitet -> E-Bike_Fahrrad_endmontiert, setup time: 20
2025-04-13 16:25:52,621 - JSPGymEnvironment - INFO - Executed operation: Job J19, Op 6, Machine M2, Start: 4836.0, End: 4861.0, Setup: 20
2025-04-13 16:25:52,621 - JSPGymEnvironment - INFO - Job J19 completed at time 4861.0, deadline: 2737, met: False, priority: 8
2025-04-13 16:25:52,682 - JSPGymEnvironment - INFO - Material change on machine M3: Mountainbike_Fahrrad_endmontiert -> E-Bike_Antrieb_installiert, setup time: 15
2025-04-13 16:25:52,682 - JSPGymEnvironment - INFO - Executed operation: Job J3, Op 2, Machine M3, Start: 4876.0, End: 4934.0, Setup: 15
2025-04-13 16:25:52,734 - JSPGymEnvironment - INFO - Material change on machine M3: E-Bike_Antrieb_installiert -> Citybike_Bremsen_justiert, setup time: 15
2025-04-13 16:25:52,734 - JSPGymEnvironment - INFO - Executed operation: Job J8, Op 3, Machine M3, Start: 4949.0, End: 5007.0, Setup: 15
2025-04-13 16:25:53,111 - JSPGymEnvironment - INFO - Material change on machine M3: Citybike_Bremsen_justiert -> Citybike_Fahrrad_endmontiert, setup time: 15
2025-04-13 16:25:53,111 - JSPGymEnvironment - INFO - Executed operation: Job J11, Op 4, Machine M3, Start: 5022.0, End: 5061.0, Setup: 15
2025-04-13 16:25:53,172 - JSPGymEnvironment - INFO - Executed operation: Job J8, Op 4, Machine M3, Start: 5071.0, End: 5120.0, Setup: 10
2025-04-13 16:25:53,224 - JSPGymEnvironment - INFO - Material change on machine M2: E-Bike_Fahrrad_endmontiert -> E-Bike_Bremsaufnahme_gebohrt, setup time: 20
2025-04-13 16:25:53,225 - JSPGymEnvironment - INFO - Executed operation: Job J3, Op 3, Machine M2, Start: 5140.0, End: 5170.0, Setup: 20
2025-04-13 16:25:53,277 - JSPGymEnvironment - INFO - Material change on machine M2: E-Bike_Bremsaufnahme_gebohrt -> Citybike_Rahmen_nachbearbeitet, setup time: 20
2025-04-13 16:25:53,278 - JSPGymEnvironment - INFO - Executed operation: Job J11, Op 5, Machine M2, Start: 5190.0, End: 5207.0, Setup: 20
2025-04-13 16:25:53,327 - JSPGymEnvironment - INFO - Executed operation: Job J17, Op 4, Machine M3, Start: 5217.0, End: 5267.0, Setup: 10
2025-04-13 16:25:53,384 - JSPGymEnvironment - INFO - Executed operation: Job J17, Op 5, Machine M3, Start: 5277.0, End: 5336.0, Setup: 10
2025-04-13 16:25:53,455 - JSPGymEnvironment - INFO - Material change on machine M2: Citybike_Rahmen_nachbearbeitet -> Racebike_Rahmen_nachbearbeitet, setup time: 20
2025-04-13 16:25:53,455 - JSPGymEnvironment - INFO - Executed operation: Job J7, Op 5, Machine M2, Start: 5356.0, End: 5374.0, Setup: 20
2025-04-13 16:25:53,555 - JSPGymEnvironment - INFO - Material change on machine M2: Racebike_Rahmen_nachbearbeitet -> E-Bike_Rahmen_nachbearbeitet, setup time: 20
2025-04-13 16:25:53,555 - JSPGymEnvironment - INFO - Executed operation: Job J3, Op 4, Machine M2, Start: 5394.0, End: 5411.0, Setup: 20
2025-04-13 16:25:53,634 - JSPGymEnvironment - INFO - Executed operation: Job J17, Op 6, Machine M3, Start: 5421.0, End: 5446.0, Setup: 10
2025-04-13 16:25:53,634 - JSPGymEnvironment - INFO - Job J17 completed at time 5446.0, deadline: 2880, met: False, priority: 6
2025-04-13 16:25:53,820 - JSPGymEnvironment - INFO - Material change on machine M2: E-Bike_Rahmen_nachbearbeitet -> Citybike_Rahmen_nachbearbeitet, setup time: 20
2025-04-13 16:25:53,820 - JSPGymEnvironment - INFO - Executed operation: Job J11, Op 6, Machine M2, Start: 5466.0, End: 5488.0, Setup: 20
2025-04-13 16:25:53,903 - JSPGymEnvironment - INFO - Material change on machine M2: Citybike_Rahmen_nachbearbeitet -> Citybike_Fahrrad_endmontiert, setup time: 20
2025-04-13 16:25:53,903 - JSPGymEnvironment - INFO - Executed operation: Job J8, Op 5, Machine M2, Start: 5508.0, End: 5538.0, Setup: 20
2025-04-13 16:25:53,903 - JSPGymEnvironment - INFO - Job J8 completed at time 5538.0, deadline: 2762, met: False, priority: 5
2025-04-13 16:25:53,996 - JSPGymEnvironment - INFO - Material change on machine M1: Citybike_Hauptrahmen_zugeschnitten -> Mountainbike_Hauptrahmen_zugeschnitten, setup time: 40
2025-04-13 16:25:53,996 - JSPGymEnvironment - INFO - Executed operation: Job J5, Op 0, Machine M1, Start: 5578.0, End: 5614.0, Setup: 40
2025-04-13 16:25:54,064 - JSPGymEnvironment - INFO - Material change on machine M2: Citybike_Fahrrad_endmontiert -> E-Bike_Rahmen_nachbearbeitet, setup time: 20
2025-04-13 16:25:54,064 - JSPGymEnvironment - INFO - Executed operation: Job J3, Op 5, Machine M2, Start: 5634.0, End: 5655.0, Setup: 20
2025-04-13 16:25:54,136 - JSPGymEnvironment - INFO - Material change on machine M2: E-Bike_Rahmen_nachbearbeitet -> Racebike_Rahmen_nachbearbeitet, setup time: 20
2025-04-13 16:25:54,136 - JSPGymEnvironment - INFO - Executed operation: Job J7, Op 6, Machine M2, Start: 5675.0, End: 5690.0, Setup: 20
2025-04-13 16:25:54,236 - JSPGymEnvironment - INFO - Material change on machine M2: Racebike_Rahmen_nachbearbeitet -> Citybike_Fahrrad_endmontiert, setup time: 20
2025-04-13 16:25:54,236 - JSPGymEnvironment - INFO - Executed operation: Job J11, Op 7, Machine M2, Start: 5710.0, End: 5739.0, Setup: 20
2025-04-13 16:25:54,236 - JSPGymEnvironment - INFO - Job J11 completed at time 5739.0, deadline: 2880, met: False, priority: 7
2025-04-13 16:25:54,620 - JSPGymEnvironment - INFO - Material change on machine M2: Citybike_Fahrrad_endmontiert -> Racebike_Fahrrad_endmontiert, setup time: 20
2025-04-13 16:25:54,621 - JSPGymEnvironment - INFO - Executed operation: Job J7, Op 7, Machine M2, Start: 5759.0, End: 5784.0, Setup: 20
2025-04-13 16:25:54,621 - JSPGymEnvironment - INFO - Job J7 completed at time 5784.0, deadline: 2880, met: False, priority: 9
2025-04-13 16:25:54,676 - JSPGymEnvironment - INFO - Material change on machine M2: Racebike_Fahrrad_endmontiert -> E-Bike_Fahrrad_endmontiert, setup time: 20
2025-04-13 16:25:54,677 - JSPGymEnvironment - INFO - Executed operation: Job J3, Op 6, Machine M2, Start: 5804.0, End: 5814.0, Setup: 20
2025-04-13 16:25:54,678 - JSPGymEnvironment - INFO - Job J3 completed at time 5814.0, deadline: 2862, met: False, priority: 8
2025-04-13 16:25:54,740 - JSPGymEnvironment - INFO - Material change on machine M2: E-Bike_Fahrrad_endmontiert -> Mountainbike_Schaltauge_bearbeitet, setup time: 20
2025-04-13 16:25:54,740 - JSPGymEnvironment - INFO - Executed operation: Job J5, Op 1, Machine M2, Start: 5834.0, End: 5849.0, Setup: 20
2025-04-13 16:25:54,802 - JSPGymEnvironment - INFO - Executed operation: Job J12, Op 1, Machine M2, Start: 5864.0, End: 5886.0, Setup: 15
2025-04-13 16:25:54,855 - JSPGymEnvironment - INFO - Material change on machine M3: Citybike_Fahrrad_endmontiert -> Mountainbike_Antrieb_installiert, setup time: 15
2025-04-13 16:25:54,855 - JSPGymEnvironment - INFO - Executed operation: Job J12, Op 2, Machine M3, Start: 5901.0, End: 5946.0, Setup: 15
2025-04-13 16:25:54,907 - JSPGymEnvironment - INFO - Material change on machine M2: Mountainbike_Schaltauge_bearbeitet -> Mountainbike_Bremsaufnahme_gebohrt, setup time: 20
2025-04-13 16:25:54,907 - JSPGymEnvironment - INFO - Executed operation: Job J12, Op 3, Machine M2, Start: 5966.0, End: 5992.0, Setup: 20
2025-04-13 16:25:54,958 - JSPGymEnvironment - INFO - Material change on machine M2: Mountainbike_Bremsaufnahme_gebohrt -> Mountainbike_Rahmen_nachbearbeitet, setup time: 20
2025-04-13 16:25:54,958 - JSPGymEnvironment - INFO - Executed operation: Job J12, Op 4, Machine M2, Start: 6012.0, End: 6040.0, Setup: 20
2025-04-13 16:25:55,007 - JSPGymEnvironment - INFO - Executed operation: Job J12, Op 5, Machine M2, Start: 6055.0, End: 6083.0, Setup: 15
2025-04-13 16:25:55,068 - JSPGymEnvironment - INFO - Material change on machine M2: Mountainbike_Rahmen_nachbearbeitet -> Mountainbike_Fahrrad_endmontiert, setup time: 20
2025-04-13 16:25:55,068 - JSPGymEnvironment - INFO - Executed operation: Job J12, Op 6, Machine M2, Start: 6103.0, End: 6125.0, Setup: 20
2025-04-13 16:25:55,068 - JSPGymEnvironment - INFO - Job J12 completed at time 6125.0, deadline: 2863, met: False, priority: 2
2025-04-13 16:25:55,126 - JSPGymEnvironment - INFO - Executed operation: Job J5, Op 2, Machine M3, Start: 6135.0, End: 6160.0, Setup: 10
2025-04-13 16:25:55,181 - JSPGymEnvironment - INFO - Material change on machine M2: Mountainbike_Fahrrad_endmontiert -> Mountainbike_Bremsaufnahme_gebohrt, setup time: 20
2025-04-13 16:25:55,182 - JSPGymEnvironment - INFO - Executed operation: Job J5, Op 3, Machine M2, Start: 6180.0, End: 6195.0, Setup: 20
2025-04-13 16:25:55,257 - JSPGymEnvironment - INFO - Material change on machine M2: Mountainbike_Bremsaufnahme_gebohrt -> Mountainbike_Rahmen_nachbearbeitet, setup time: 20
2025-04-13 16:25:55,258 - JSPGymEnvironment - INFO - Executed operation: Job J5, Op 4, Machine M2, Start: 6215.0, End: 6245.0, Setup: 20
2025-04-13 16:25:55,334 - JSPGymEnvironment - INFO - Material change on machine M2: Mountainbike_Rahmen_nachbearbeitet -> Mountainbike_Fahrrad_endmontiert, setup time: 20
2025-04-13 16:25:55,334 - JSPGymEnvironment - INFO - Executed operation: Job J5, Op 5, Machine M2, Start: 6265.0, End: 6287.0, Setup: 20
2025-04-13 16:25:55,334 - JSPGymEnvironment - INFO - Job J5 completed at time 6287.0, deadline: 2880, met: False, priority: 1
2025-04-13 16:25:55,336 - JSPGymEnvironment - INFO - Reward function updated with 63 insights
2025-04-13 16:25:55,337 - JSPGymEnvironment - INFO -   Material change on critical path at Job 4 Operation 0 on Machine M1 (Severity: 1.00)
2025-04-13 16:25:55,337 - JSPGymEnvironment - INFO -   Low priority (1) on critical path: Job 4 Operation 0 (Severity: 0.80)
2025-04-13 16:25:55,337 - JSPGymEnvironment - INFO -   Material change on critical path at Job 4 Operation 1 on Machine M2 (Severity: 1.00)
2025-04-13 16:25:55,337 - JSPGymEnvironment - INFO -   Low priority (1) on critical path: Job 4 Operation 1 (Severity: 0.80)
2025-04-13 16:25:55,337 - JSPGymEnvironment - INFO -   Low priority (1) on critical path: Job 4 Operation 2 (Severity: 0.80)
2025-04-13 16:25:55,337 - JSPGymEnvironment - INFO -   Material change on critical path at Job 4 Operation 3 on Machine M2 (Severity: 1.00)
2025-04-13 16:25:55,337 - JSPGymEnvironment - INFO -   Low priority (1) on critical path: Job 4 Operation 3 (Severity: 0.80)
2025-04-13 16:25:55,337 - JSPGymEnvironment - INFO -   Material change on critical path at Job 4 Operation 4 on Machine M2 (Severity: 1.00)
2025-04-13 16:25:55,337 - JSPGymEnvironment - INFO -   Idle time on critical path before Job 4 Operation 4 on Machine M2 (Severity: 0.67)
2025-04-13 16:25:55,337 - JSPGymEnvironment - INFO -   Low priority (1) on critical path: Job 4 Operation 4 (Severity: 0.80)
2025-04-13 16:25:55,338 - JSPGymEnvironment - INFO -   Material change on critical path at Job 4 Operation 5 on Machine M2 (Severity: 1.00)
2025-04-13 16:25:55,338 - JSPGymEnvironment - INFO -   Idle time on critical path before Job 4 Operation 5 on Machine M2 (Severity: 0.91)
2025-04-13 16:25:55,338 - JSPGymEnvironment - INFO -   Low priority (1) on critical path: Job 4 Operation 5 (Severity: 0.80)
2025-04-13 16:25:55,338 - JSPGymEnvironment - INFO -   High priority (9) not on critical path: Job 9 Operation 0 (Severity: 0.67)
2025-04-13 16:25:55,338 - JSPGymEnvironment - INFO -   High priority (9) not on critical path: Job 9 Operation 1 (Severity: 0.67)
2025-04-13 16:25:55,338 - JSPGymEnvironment - INFO -   High priority (9) not on critical path: Job 9 Operation 2 (Severity: 0.67)
2025-04-13 16:25:55,338 - JSPGymEnvironment - INFO -   High priority (9) not on critical path: Job 6 Operation 0 (Severity: 0.67)
2025-04-13 16:25:55,338 - JSPGymEnvironment - INFO -   High priority (10) not on critical path: Job 14 Operation 0 (Severity: 1.00)
2025-04-13 16:25:55,338 - JSPGymEnvironment - INFO -   High priority (10) not on critical path: Job 14 Operation 1 (Severity: 1.00)
2025-04-13 16:25:55,338 - JSPGymEnvironment - INFO -   High priority (9) not on critical path: Job 9 Operation 3 (Severity: 0.67)
2025-04-13 16:25:55,338 - JSPGymEnvironment - INFO -   High priority (10) not on critical path: Job 5 Operation 0 (Severity: 1.00)
2025-04-13 16:25:55,338 - JSPGymEnvironment - INFO -   High priority (10) not on critical path: Job 5 Operation 1 (Severity: 1.00)
2025-04-13 16:25:55,339 - JSPGymEnvironment - INFO -   High priority (8) not on critical path: Job 8 Operation 0 (Severity: 0.33)
2025-04-13 16:25:55,339 - JSPGymEnvironment - INFO -   High priority (9) not on critical path: Job 9 Operation 4 (Severity: 0.67)
2025-04-13 16:25:55,339 - JSPGymEnvironment - INFO -   High priority (8) not on critical path: Job 18 Operation 0 (Severity: 0.33)
2025-04-13 16:25:55,339 - JSPGymEnvironment - INFO -   High priority (8) not on critical path: Job 2 Operation 0 (Severity: 0.33)
2025-04-13 16:25:55,339 - JSPGymEnvironment - INFO -   High priority (10) not on critical path: Job 14 Operation 2 (Severity: 1.00)
2025-04-13 16:25:55,339 - JSPGymEnvironment - INFO -   High priority (8) not on critical path: Job 18 Operation 1 (Severity: 0.33)
2025-04-13 16:25:55,339 - JSPGymEnvironment - INFO -   High priority (9) not on critical path: Job 9 Operation 5 (Severity: 0.67)
2025-04-13 16:25:55,339 - JSPGymEnvironment - INFO -   High priority (10) not on critical path: Job 14 Operation 3 (Severity: 1.00)
2025-04-13 16:25:55,339 - JSPGymEnvironment - INFO -   High priority (8) not on critical path: Job 18 Operation 2 (Severity: 0.33)
2025-04-13 16:25:55,339 - JSPGymEnvironment - INFO -   High priority (10) not on critical path: Job 5 Operation 2 (Severity: 1.00)
2025-04-13 16:25:55,339 - JSPGymEnvironment - INFO -   High priority (8) not on critical path: Job 8 Operation 1 (Severity: 0.33)
2025-04-13 16:25:55,339 - JSPGymEnvironment - INFO -   High priority (8) not on critical path: Job 8 Operation 2 (Severity: 0.33)
2025-04-13 16:25:55,339 - JSPGymEnvironment - INFO -   High priority (8) not on critical path: Job 8 Operation 3 (Severity: 0.33)
2025-04-13 16:25:55,339 - JSPGymEnvironment - INFO -   High priority (10) not on critical path: Job 5 Operation 3 (Severity: 1.00)
2025-04-13 16:25:55,339 - JSPGymEnvironment - INFO -   High priority (10) not on critical path: Job 14 Operation 4 (Severity: 1.00)
2025-04-13 16:25:55,340 - JSPGymEnvironment - INFO -   High priority (8) not on critical path: Job 2 Operation 1 (Severity: 0.33)
2025-04-13 16:25:55,340 - JSPGymEnvironment - INFO -   High priority (8) not on critical path: Job 18 Operation 3 (Severity: 0.33)
2025-04-13 16:25:55,340 - JSPGymEnvironment - INFO -   High priority (8) not on critical path: Job 8 Operation 4 (Severity: 0.33)
2025-04-13 16:25:55,340 - JSPGymEnvironment - INFO -   High priority (10) not on critical path: Job 14 Operation 5 (Severity: 1.00)
2025-04-13 16:25:55,340 - JSPGymEnvironment - INFO -   High priority (9) not on critical path: Job 9 Operation 6 (Severity: 0.67)
2025-04-13 16:25:55,340 - JSPGymEnvironment - INFO -   High priority (8) not on critical path: Job 18 Operation 4 (Severity: 0.33)
2025-04-13 16:25:55,340 - JSPGymEnvironment - INFO -   High priority (10) not on critical path: Job 5 Operation 4 (Severity: 1.00)
2025-04-13 16:25:55,340 - JSPGymEnvironment - INFO -   High priority (8) not on critical path: Job 8 Operation 5 (Severity: 0.33)
2025-04-13 16:25:55,340 - JSPGymEnvironment - INFO -   High priority (8) not on critical path: Job 8 Operation 6 (Severity: 0.33)
2025-04-13 16:25:55,340 - JSPGymEnvironment - INFO -   High priority (9) not on critical path: Job 6 Operation 1 (Severity: 0.67)
2025-04-13 16:25:55,341 - JSPGymEnvironment - INFO -   High priority (9) not on critical path: Job 9 Operation 7 (Severity: 0.67)
2025-04-13 16:25:55,341 - JSPGymEnvironment - INFO -   High priority (10) not on critical path: Job 14 Operation 6 (Severity: 1.00)
2025-04-13 16:25:55,341 - JSPGymEnvironment - INFO -   High priority (9) not on critical path: Job 6 Operation 2 (Severity: 0.67)
2025-04-13 16:25:55,341 - JSPGymEnvironment - INFO -   High priority (10) not on critical path: Job 14 Operation 7 (Severity: 1.00)
2025-04-13 16:25:55,341 - JSPGymEnvironment - INFO -   High priority (9) not on critical path: Job 6 Operation 3 (Severity: 0.67)
2025-04-13 16:25:55,341 - JSPGymEnvironment - INFO -   High priority (8) not on critical path: Job 18 Operation 5 (Severity: 0.33)
2025-04-13 16:25:55,342 - JSPGymEnvironment - INFO -   High priority (9) not on critical path: Job 6 Operation 4 (Severity: 0.67)
2025-04-13 16:25:55,342 - JSPGymEnvironment - INFO -   High priority (8) not on critical path: Job 18 Operation 6 (Severity: 0.33)
2025-04-13 16:25:55,342 - JSPGymEnvironment - INFO -   High priority (8) not on critical path: Job 2 Operation 2 (Severity: 0.33)
2025-04-13 16:25:55,342 - JSPGymEnvironment - INFO -   High priority (8) not on critical path: Job 2 Operation 3 (Severity: 0.33)
2025-04-13 16:25:55,342 - JSPGymEnvironment - INFO -   High priority (9) not on critical path: Job 6 Operation 5 (Severity: 0.67)
2025-04-13 16:25:55,342 - JSPGymEnvironment - INFO -   High priority (8) not on critical path: Job 2 Operation 4 (Severity: 0.33)
2025-04-13 16:25:55,342 - JSPGymEnvironment - INFO -   High priority (8) not on critical path: Job 2 Operation 5 (Severity: 0.33)
2025-04-13 16:25:55,342 - JSPGymEnvironment - INFO -   High priority (9) not on critical path: Job 6 Operation 6 (Severity: 0.67)
2025-04-13 16:25:55,342 - JSPGymEnvironment - INFO -   High priority (9) not on critical path: Job 6 Operation 7 (Severity: 0.67)
2025-04-13 16:25:55,342 - JSPGymEnvironment - INFO -   High priority (8) not on critical path: Job 2 Operation 6 (Severity: 0.33)
2025-04-13 16:25:55,343 - JSPGymEnvironment - INFO - Episode completed. Critical path: 6 operations, Suboptimal placements: 63
2025-04-13 16:25:55,343 - JSPGymEnvironment - INFO - Reward components: {'makespan_reward': -0.42, 'setup_reward': -10.0, 'idle_penalty': 0.0, 'deadline_reward': -5.914930555555555, 'priority_reward': 2.0, 'critical_job_reward': 0.0, 'global_progress_reward': 5.0, 'objective_reward': 0.0, 'placement_reward': 1.0, 'lookahead_reward': 0.0}
2025-04-13 16:27:17,524 - JSPGymEnvironment - INFO - Environment reset
2025-04-13 16:27:17,565 - JSPGymEnvironment - INFO - Material change on machine M1:  -> E-Bike_Hauptrahmen_zugeschnitten, setup time: 0
2025-04-13 16:27:17,565 - JSPGymEnvironment - INFO - Executed operation: Job J19, Op 0, Machine M1, Start: 0.0, End: 15.0, Setup: 0
2025-04-13 16:27:17,602 - JSPGymEnvironment - INFO - Material change on machine M1: E-Bike_Hauptrahmen_zugeschnitten -> Citybike_Hauptrahmen_zugeschnitten, setup time: 40
2025-04-13 16:27:17,602 - JSPGymEnvironment - INFO - Executed operation: Job J17, Op 0, Machine M1, Start: 55.0, End: 93.0, Setup: 40
2025-04-13 16:27:17,638 - JSPGymEnvironment - INFO - Material change on machine M1: Citybike_Hauptrahmen_zugeschnitten -> E-Bike_Hauptrahmen_zugeschnitten, setup time: 40
2025-04-13 16:27:17,638 - JSPGymEnvironment - INFO - Executed operation: Job J13, Op 0, Machine M1, Start: 133.0, End: 174.0, Setup: 40
2025-04-13 16:27:17,955 - JSPGymEnvironment - INFO - Material change on machine M1: E-Bike_Hauptrahmen_zugeschnitten -> Racebike_Hauptrahmen_zugeschnitten, setup time: 40
2025-04-13 16:27:17,955 - JSPGymEnvironment - INFO - Executed operation: Job J10, Op 0, Machine M1, Start: 214.0, End: 246.0, Setup: 40
2025-04-13 16:27:18,000 - JSPGymEnvironment - INFO - Material change on machine M1: Racebike_Hauptrahmen_zugeschnitten -> Mountainbike_Hauptrahmen_zugeschnitten, setup time: 40
2025-04-13 16:27:18,000 - JSPGymEnvironment - INFO - Executed operation: Job J18, Op 0, Machine M1, Start: 286.0, End: 308.0, Setup: 40
2025-04-13 16:27:18,039 - JSPGymEnvironment - INFO - Executed operation: Job J5, Op 0, Machine M1, Start: 333.0, End: 369.0, Setup: 25
2025-04-13 16:27:18,079 - JSPGymEnvironment - INFO - Material change on machine M1: Mountainbike_Hauptrahmen_zugeschnitten -> Citybike_Hauptrahmen_zugeschnitten, setup time: 40
2025-04-13 16:27:18,079 - JSPGymEnvironment - INFO - Executed operation: Job J9, Op 0, Machine M1, Start: 409.0, End: 449.0, Setup: 40
2025-04-13 16:27:18,115 - JSPGymEnvironment - INFO - Material change on machine M2:  -> E-Bike_Schaltauge_bearbeitet, setup time: 0
2025-04-13 16:27:18,115 - JSPGymEnvironment - INFO - Executed operation: Job J13, Op 1, Machine M2, Start: 449.0, End: 472.0, Setup: 0
2025-04-13 16:27:18,150 - JSPGymEnvironment - INFO - Executed operation: Job J19, Op 1, Machine M2, Start: 487.0, End: 517.0, Setup: 15
2025-04-13 16:27:18,185 - JSPGymEnvironment - INFO - Material change on machine M3:  -> E-Bike_Antrieb_installiert, setup time: 0
2025-04-13 16:27:18,185 - JSPGymEnvironment - INFO - Executed operation: Job J19, Op 2, Machine M3, Start: 517.0, End: 539.0, Setup: 0
2025-04-13 16:27:18,221 - JSPGymEnvironment - INFO - Material change on machine M2: E-Bike_Schaltauge_bearbeitet -> Mountainbike_Schaltauge_bearbeitet, setup time: 20
2025-04-13 16:27:18,221 - JSPGymEnvironment - INFO - Executed operation: Job J18, Op 1, Machine M2, Start: 559.0, End: 579.0, Setup: 20
2025-04-13 16:27:18,255 - JSPGymEnvironment - INFO - Executed operation: Job J14, Op 0, Machine M1, Start: 604.0, End: 622.0, Setup: 25
2025-04-13 16:27:18,291 - JSPGymEnvironment - INFO - Executed operation: Job J5, Op 1, Machine M2, Start: 637.0, End: 652.0, Setup: 15
2025-04-13 16:27:18,326 - JSPGymEnvironment - INFO - Material change on machine M2: Mountainbike_Schaltauge_bearbeitet -> E-Bike_Bremsaufnahme_gebohrt, setup time: 20
2025-04-13 16:27:18,327 - JSPGymEnvironment - INFO - Executed operation: Job J19, Op 3, Machine M2, Start: 672.0, End: 685.0, Setup: 20
2025-04-13 16:27:18,361 - JSPGymEnvironment - INFO - Material change on machine M2: E-Bike_Bremsaufnahme_gebohrt -> Citybike_Schaltauge_bearbeitet, setup time: 20
2025-04-13 16:27:18,361 - JSPGymEnvironment - INFO - Executed operation: Job J17, Op 1, Machine M2, Start: 705.0, End: 725.0, Setup: 20
2025-04-13 16:27:18,395 - JSPGymEnvironment - INFO - Material change on machine M1: Citybike_Hauptrahmen_zugeschnitten -> Racebike_Hauptrahmen_zugeschnitten, setup time: 40
2025-04-13 16:27:18,395 - JSPGymEnvironment - INFO - Executed operation: Job J6, Op 0, Machine M1, Start: 765.0, End: 801.0, Setup: 40
2025-04-13 16:27:18,428 - JSPGymEnvironment - INFO - Material change on machine M2: Citybike_Schaltauge_bearbeitet -> Racebike_Schaltauge_bearbeitet, setup time: 20
2025-04-13 16:27:18,428 - JSPGymEnvironment - INFO - Executed operation: Job J6, Op 1, Machine M2, Start: 821.0, End: 834.0, Setup: 20
2025-04-13 16:27:18,462 - JSPGymEnvironment - INFO - Material change on machine M3: E-Bike_Antrieb_installiert -> Mountainbike_Antrieb_installiert, setup time: 15
2025-04-13 16:27:18,462 - JSPGymEnvironment - INFO - Executed operation: Job J5, Op 2, Machine M3, Start: 849.0, End: 874.0, Setup: 15
2025-04-13 16:27:18,729 - JSPGymEnvironment - INFO - Executed operation: Job J4, Op 0, Machine M1, Start: 899.0, End: 924.0, Setup: 25
2025-04-13 16:27:18,768 - JSPGymEnvironment - INFO - Material change on machine M2: Racebike_Schaltauge_bearbeitet -> Citybike_Schaltauge_bearbeitet, setup time: 20
2025-04-13 16:27:18,769 - JSPGymEnvironment - INFO - Executed operation: Job J14, Op 1, Machine M2, Start: 944.0, End: 960.0, Setup: 20
2025-04-13 16:27:18,805 - JSPGymEnvironment - INFO - Material change on machine M2: Citybike_Schaltauge_bearbeitet -> Mountainbike_Bremsaufnahme_gebohrt, setup time: 20
2025-04-13 16:27:18,805 - JSPGymEnvironment - INFO - Executed operation: Job J5, Op 3, Machine M2, Start: 980.0, End: 995.0, Setup: 20
2025-04-13 16:27:18,842 - JSPGymEnvironment - INFO - Executed operation: Job J1, Op 0, Machine M1, Start: 1020.0, End: 1060.0, Setup: 25
2025-04-13 16:27:18,877 - JSPGymEnvironment - INFO - Material change on machine M2: Mountainbike_Bremsaufnahme_gebohrt -> Citybike_Schaltauge_bearbeitet, setup time: 20
2025-04-13 16:27:18,877 - JSPGymEnvironment - INFO - Executed operation: Job J9, Op 1, Machine M2, Start: 1080.0, End: 1096.0, Setup: 20
2025-04-13 16:27:18,913 - JSPGymEnvironment - INFO - Material change on machine M2: Citybike_Schaltauge_bearbeitet -> Racebike_Schaltauge_bearbeitet, setup time: 20
2025-04-13 16:27:18,914 - JSPGymEnvironment - INFO - Executed operation: Job J10, Op 1, Machine M2, Start: 1116.0, End: 1141.0, Setup: 20
2025-04-13 16:27:18,957 - JSPGymEnvironment - INFO - Material change on machine M3: Mountainbike_Antrieb_installiert -> Citybike_Antrieb_installiert, setup time: 15
2025-04-13 16:27:18,957 - JSPGymEnvironment - INFO - Executed operation: Job J17, Op 2, Machine M3, Start: 1156.0, End: 1190.0, Setup: 15
2025-04-13 16:27:18,999 - JSPGymEnvironment - INFO - Material change on machine M3: Citybike_Antrieb_installiert -> Citybike_Bremsen_justiert, setup time: 15
2025-04-13 16:27:19,000 - JSPGymEnvironment - INFO - Executed operation: Job J17, Op 3, Machine M3, Start: 1205.0, End: 1231.0, Setup: 15
2025-04-13 16:27:19,041 - JSPGymEnvironment - INFO - Material change on machine M1: Racebike_Hauptrahmen_zugeschnitten -> Mountainbike_Hauptrahmen_zugeschnitten, setup time: 40
2025-04-13 16:27:19,041 - JSPGymEnvironment - INFO - Executed operation: Job J20, Op 0, Machine M1, Start: 1271.0, End: 1290.0, Setup: 40
2025-04-13 16:27:19,084 - JSPGymEnvironment - INFO - Material change on machine M1: Mountainbike_Hauptrahmen_zugeschnitten -> E-Bike_Hauptrahmen_zugeschnitten, setup time: 40
2025-04-13 16:27:19,084 - JSPGymEnvironment - INFO - Executed operation: Job J3, Op 0, Machine M1, Start: 1330.0, End: 1364.0, Setup: 40
2025-04-13 16:27:19,133 - JSPGymEnvironment - INFO - Material change on machine M3: Citybike_Bremsen_justiert -> Citybike_Fahrrad_endmontiert, setup time: 15
2025-04-13 16:27:19,133 - JSPGymEnvironment - INFO - Executed operation: Job J17, Op 4, Machine M3, Start: 1379.0, End: 1429.0, Setup: 15
2025-04-13 16:27:19,175 - JSPGymEnvironment - INFO - Material change on machine M1: E-Bike_Hauptrahmen_zugeschnitten -> Racebike_Hauptrahmen_zugeschnitten, setup time: 40
2025-04-13 16:27:19,176 - JSPGymEnvironment - INFO - Executed operation: Job J15, Op 0, Machine M1, Start: 1469.0, End: 1492.0, Setup: 40
2025-04-13 16:27:19,221 - JSPGymEnvironment - INFO - Executed operation: Job J15, Op 1, Machine M2, Start: 1507.0, End: 1520.0, Setup: 15
2025-04-13 16:27:19,266 - JSPGymEnvironment - INFO - Executed operation: Job J16, Op 0, Machine M1, Start: 1545.0, End: 1571.0, Setup: 25
2025-04-13 16:27:19,517 - JSPGymEnvironment - INFO - Material change on machine M3: Citybike_Fahrrad_endmontiert -> Racebike_Antrieb_installiert, setup time: 15
2025-04-13 16:27:19,517 - JSPGymEnvironment - INFO - Executed operation: Job J15, Op 2, Machine M3, Start: 1586.0, End: 1621.0, Setup: 15
2025-04-13 16:27:19,564 - JSPGymEnvironment - INFO - Material change on machine M1: Racebike_Hauptrahmen_zugeschnitten -> Citybike_Hauptrahmen_zugeschnitten, setup time: 40
2025-04-13 16:27:19,565 - JSPGymEnvironment - INFO - Executed operation: Job J8, Op 0, Machine M1, Start: 1661.0, End: 1680.0, Setup: 40
2025-04-13 16:27:19,609 - JSPGymEnvironment - INFO - Material change on machine M3: Racebike_Antrieb_installiert -> Citybike_Antrieb_installiert, setup time: 15
2025-04-13 16:27:19,610 - JSPGymEnvironment - INFO - Executed operation: Job J9, Op 2, Machine M3, Start: 1695.0, End: 1749.0, Setup: 15
2025-04-13 16:27:19,652 - JSPGymEnvironment - INFO - Executed operation: Job J1, Op 1, Machine M2, Start: 1764.0, End: 1780.0, Setup: 15
2025-04-13 16:27:19,692 - JSPGymEnvironment - INFO - Material change on machine M2: Racebike_Schaltauge_bearbeitet -> Mountainbike_Rahmen_nachbearbeitet, setup time: 20
2025-04-13 16:27:19,692 - JSPGymEnvironment - INFO - Executed operation: Job J5, Op 4, Machine M2, Start: 1800.0, End: 1830.0, Setup: 20
2025-04-13 16:27:19,733 - JSPGymEnvironment - INFO - Material change on machine M3: Citybike_Antrieb_installiert -> Citybike_Fahrrad_endmontiert, setup time: 15
2025-04-13 16:27:19,734 - JSPGymEnvironment - INFO - Executed operation: Job J17, Op 5, Machine M3, Start: 1845.0, End: 1904.0, Setup: 15
2025-04-13 16:27:19,782 - JSPGymEnvironment - INFO - Material change on machine M2: Mountainbike_Rahmen_nachbearbeitet -> Citybike_Schaltauge_bearbeitet, setup time: 20
2025-04-13 16:27:19,782 - JSPGymEnvironment - INFO - Executed operation: Job J8, Op 1, Machine M2, Start: 1924.0, End: 1937.0, Setup: 20
2025-04-13 16:27:19,837 - JSPGymEnvironment - INFO - Material change on machine M2: Citybike_Schaltauge_bearbeitet -> Citybike_Bremsaufnahme_gebohrt, setup time: 20
2025-04-13 16:27:19,837 - JSPGymEnvironment - INFO - Executed operation: Job J9, Op 3, Machine M2, Start: 1957.0, End: 1980.0, Setup: 20
2025-04-13 16:27:19,883 - JSPGymEnvironment - INFO - Material change on machine M3: Citybike_Fahrrad_endmontiert -> Citybike_Antrieb_installiert, setup time: 15
2025-04-13 16:27:19,883 - JSPGymEnvironment - INFO - Executed operation: Job J14, Op 2, Machine M3, Start: 1995.0, End: 2017.0, Setup: 15
2025-04-13 16:27:19,925 - JSPGymEnvironment - INFO - Material change on machine M3: Citybike_Antrieb_installiert -> Racebike_Antrieb_installiert, setup time: 15
2025-04-13 16:27:19,925 - JSPGymEnvironment - INFO - Executed operation: Job J6, Op 2, Machine M3, Start: 2032.0, End: 2070.0, Setup: 15
2025-04-13 16:27:19,967 - JSPGymEnvironment - INFO - Executed operation: Job J2, Op 0, Machine M1, Start: 2095.0, End: 2111.0, Setup: 25
2025-04-13 16:27:20,012 - JSPGymEnvironment - INFO - Material change on machine M2: Citybike_Bremsaufnahme_gebohrt -> Citybike_Rahmen_nachbearbeitet, setup time: 20
2025-04-13 16:27:20,013 - JSPGymEnvironment - INFO - Executed operation: Job J9, Op 4, Machine M2, Start: 2131.0, End: 2143.0, Setup: 20
2025-04-13 16:27:20,050 - JSPGymEnvironment - INFO - Material change on machine M3: Racebike_Antrieb_installiert -> Citybike_Fahrrad_endmontiert, setup time: 15
2025-04-13 16:27:20,050 - JSPGymEnvironment - INFO - Executed operation: Job J17, Op 6, Machine M3, Start: 2158.0, End: 2183.0, Setup: 15
2025-04-13 16:27:20,050 - JSPGymEnvironment - INFO - Job J17 completed at time 2183.0, deadline: 2880, met: True, priority: 6
2025-04-13 16:27:20,090 - JSPGymEnvironment - INFO - Material change on machine M2: Citybike_Rahmen_nachbearbeitet -> Racebike_Schaltauge_bearbeitet, setup time: 20
2025-04-13 16:27:20,090 - JSPGymEnvironment - INFO - Executed operation: Job J16, Op 1, Machine M2, Start: 2203.0, End: 2218.0, Setup: 20
2025-04-13 16:27:20,342 - JSPGymEnvironment - INFO - Material change on machine M3: Citybike_Fahrrad_endmontiert -> Racebike_Antrieb_installiert, setup time: 15
2025-04-13 16:27:20,342 - JSPGymEnvironment - INFO - Executed operation: Job J10, Op 2, Machine M3, Start: 2233.0, End: 2272.0, Setup: 15
2025-04-13 16:27:20,380 - JSPGymEnvironment - INFO - Material change on machine M2: Racebike_Schaltauge_bearbeitet -> Mountainbike_Fahrrad_endmontiert, setup time: 20
2025-04-13 16:27:20,380 - JSPGymEnvironment - INFO - Executed operation: Job J5, Op 5, Machine M2, Start: 2292.0, End: 2314.0, Setup: 20
2025-04-13 16:27:20,380 - JSPGymEnvironment - INFO - Job J5 completed at time 2314.0, deadline: 2880, met: True, priority: 1
2025-04-13 16:27:20,417 - JSPGymEnvironment - INFO - Executed operation: Job J1, Op 2, Machine M3, Start: 2324.0, End: 2360.0, Setup: 10
2025-04-13 16:27:20,457 - JSPGymEnvironment - INFO - Material change on machine M3: Racebike_Antrieb_installiert -> Racebike_Bremsen_justiert, setup time: 15
2025-04-13 16:27:20,458 - JSPGymEnvironment - INFO - Executed operation: Job J6, Op 3, Machine M3, Start: 2375.0, End: 2433.0, Setup: 15
2025-04-13 16:27:20,494 - JSPGymEnvironment - INFO - Executed operation: Job J15, Op 3, Machine M3, Start: 2443.0, End: 2470.0, Setup: 10
2025-04-13 16:27:20,532 - JSPGymEnvironment - INFO - Material change on machine M3: Racebike_Bremsen_justiert -> Racebike_Antrieb_installiert, setup time: 15
2025-04-13 16:27:20,533 - JSPGymEnvironment - INFO - Executed operation: Job J16, Op 2, Machine M3, Start: 2485.0, End: 2515.0, Setup: 15
2025-04-13 16:27:20,570 - JSPGymEnvironment - INFO - Material change on machine M3: Racebike_Antrieb_installiert -> Racebike_Fahrrad_endmontiert, setup time: 15
2025-04-13 16:27:20,570 - JSPGymEnvironment - INFO - Executed operation: Job J6, Op 4, Machine M3, Start: 2530.0, End: 2571.0, Setup: 15
2025-04-13 16:27:20,570 - JSPGymEnvironment - INFO - Job J6 completed at time 2571.0, deadline: 2880, met: True, priority: 10
2025-04-13 16:27:20,606 - JSPGymEnvironment - INFO - Material change on machine M3: Racebike_Fahrrad_endmontiert -> Citybike_Antrieb_installiert, setup time: 15
2025-04-13 16:27:20,606 - JSPGymEnvironment - INFO - Executed operation: Job J8, Op 2, Machine M3, Start: 2586.0, End: 2640.0, Setup: 15
2025-04-13 16:27:20,642 - JSPGymEnvironment - INFO - Material change on machine M3: Citybike_Antrieb_installiert -> Mountainbike_Antrieb_installiert, setup time: 15
2025-04-13 16:27:20,642 - JSPGymEnvironment - INFO - Executed operation: Job J18, Op 2, Machine M3, Start: 2655.0, End: 2684.0, Setup: 15
2025-04-13 16:27:20,676 - JSPGymEnvironment - INFO - Executed operation: Job J11, Op 0, Machine M1, Start: 2709.0, End: 2740.0, Setup: 25
2025-04-13 16:27:20,711 - JSPGymEnvironment - INFO - Material change on machine M3: Mountainbike_Antrieb_installiert -> Citybike_Fahrrad_endmontiert, setup time: 15
2025-04-13 16:27:20,711 - JSPGymEnvironment - INFO - Executed operation: Job J9, Op 5, Machine M3, Start: 2755.0, End: 2806.0, Setup: 15
2025-04-13 16:27:20,746 - JSPGymEnvironment - INFO - Material change on machine M2: Mountainbike_Fahrrad_endmontiert -> E-Bike_Schaltauge_bearbeitet, setup time: 20
2025-04-13 16:27:20,746 - JSPGymEnvironment - INFO - Executed operation: Job J3, Op 1, Machine M2, Start: 2826.0, End: 2846.0, Setup: 20
2025-04-13 16:27:20,782 - JSPGymEnvironment - INFO - Material change on machine M2: E-Bike_Schaltauge_bearbeitet -> Racebike_Bremsaufnahme_gebohrt, setup time: 20
2025-04-13 16:27:20,782 - JSPGymEnvironment - INFO - Executed operation: Job J16, Op 3, Machine M2, Start: 2866.0, End: 2889.0, Setup: 20
2025-04-13 16:27:21,026 - JSPGymEnvironment - INFO - Material change on machine M2: Racebike_Bremsaufnahme_gebohrt -> Racebike_Rahmen_nachbearbeitet, setup time: 20
2025-04-13 16:27:21,027 - JSPGymEnvironment - INFO - Executed operation: Job J16, Op 4, Machine M2, Start: 2909.0, End: 2923.0, Setup: 20
2025-04-13 16:27:21,066 - JSPGymEnvironment - INFO - Material change on machine M3: Citybike_Fahrrad_endmontiert -> E-Bike_Antrieb_installiert, setup time: 15
2025-04-13 16:27:21,066 - JSPGymEnvironment - INFO - Executed operation: Job J3, Op 2, Machine M3, Start: 2938.0, End: 2996.0, Setup: 15
2025-04-13 16:27:21,108 - JSPGymEnvironment - INFO - Executed operation: Job J13, Op 2, Machine M3, Start: 3006.0, End: 3059.0, Setup: 10
2025-04-13 16:27:21,149 - JSPGymEnvironment - INFO - Material change on machine M2: Racebike_Rahmen_nachbearbeitet -> E-Bike_Rahmen_nachbearbeitet, setup time: 20
2025-04-13 16:27:21,149 - JSPGymEnvironment - INFO - Executed operation: Job J19, Op 4, Machine M2, Start: 3079.0, End: 3096.0, Setup: 20
2025-04-13 16:27:21,196 - JSPGymEnvironment - INFO - Executed operation: Job J19, Op 5, Machine M2, Start: 3111.0, End: 3132.0, Setup: 15
2025-04-13 16:27:21,238 - JSPGymEnvironment - INFO - Material change on machine M2: E-Bike_Rahmen_nachbearbeitet -> E-Bike_Fahrrad_endmontiert, setup time: 20
2025-04-13 16:27:21,238 - JSPGymEnvironment - INFO - Executed operation: Job J19, Op 6, Machine M2, Start: 3152.0, End: 3177.0, Setup: 20
2025-04-13 16:27:21,238 - JSPGymEnvironment - INFO - Job J19 completed at time 3177.0, deadline: 2737, met: False, priority: 8
2025-04-13 16:27:21,280 - JSPGymEnvironment - INFO - Material change on machine M3: E-Bike_Antrieb_installiert -> Citybike_Bremsen_justiert, setup time: 15
2025-04-13 16:27:21,280 - JSPGymEnvironment - INFO - Executed operation: Job J8, Op 3, Machine M3, Start: 3192.0, End: 3250.0, Setup: 15
2025-04-13 16:27:21,325 - JSPGymEnvironment - INFO - Material change on machine M2: E-Bike_Fahrrad_endmontiert -> Citybike_Schaltauge_bearbeitet, setup time: 20
2025-04-13 16:27:21,325 - JSPGymEnvironment - INFO - Executed operation: Job J11, Op 1, Machine M2, Start: 3270.0, End: 3283.0, Setup: 20
2025-04-13 16:27:21,362 - JSPGymEnvironment - INFO - Material change on machine M2: Citybike_Schaltauge_bearbeitet -> Racebike_Rahmen_nachbearbeitet, setup time: 20
2025-04-13 16:27:21,363 - JSPGymEnvironment - INFO - Executed operation: Job J15, Op 4, Machine M2, Start: 3303.0, End: 3323.0, Setup: 20
2025-04-13 16:27:21,399 - JSPGymEnvironment - INFO - Material change on machine M3: Citybike_Bremsen_justiert -> Citybike_Fahrrad_endmontiert, setup time: 15
2025-04-13 16:27:21,399 - JSPGymEnvironment - INFO - Executed operation: Job J9, Op 6, Machine M3, Start: 3338.0, End: 3361.0, Setup: 15
2025-04-13 16:27:21,399 - JSPGymEnvironment - INFO - Job J9 completed at time 3361.0, deadline: 2880, met: False, priority: 8
2025-04-13 16:27:21,452 - JSPGymEnvironment - INFO - Material change on machine M2: Racebike_Rahmen_nachbearbeitet -> Racebike_Schaltauge_bearbeitet, setup time: 20
2025-04-13 16:27:21,452 - JSPGymEnvironment - INFO - Executed operation: Job J4, Op 1, Machine M2, Start: 3381.0, End: 3396.0, Setup: 20
2025-04-13 16:27:21,510 - JSPGymEnvironment - INFO - Material change on machine M2: Racebike_Schaltauge_bearbeitet -> Mountainbike_Schaltauge_bearbeitet, setup time: 20
2025-04-13 16:27:21,511 - JSPGymEnvironment - INFO - Executed operation: Job J20, Op 1, Machine M2, Start: 3416.0, End: 3441.0, Setup: 20
2025-04-13 16:27:21,566 - JSPGymEnvironment - INFO - Material change on machine M2: Mountainbike_Schaltauge_bearbeitet -> Citybike_Bremsaufnahme_gebohrt, setup time: 20
2025-04-13 16:27:21,566 - JSPGymEnvironment - INFO - Executed operation: Job J14, Op 3, Machine M2, Start: 3461.0, End: 3479.0, Setup: 20
2025-04-13 16:27:21,626 - JSPGymEnvironment - INFO - Material change on machine M2: Citybike_Bremsaufnahme_gebohrt -> Racebike_Fahrrad_endmontiert, setup time: 20
2025-04-13 16:27:21,626 - JSPGymEnvironment - INFO - Executed operation: Job J16, Op 5, Machine M2, Start: 3499.0, End: 3529.0, Setup: 20
2025-04-13 16:27:21,626 - JSPGymEnvironment - INFO - Job J16 completed at time 3529.0, deadline: 2855, met: False, priority: 7
2025-04-13 16:27:21,681 - JSPGymEnvironment - INFO - Material change on machine M2: Racebike_Fahrrad_endmontiert -> E-Bike_Bremsaufnahme_gebohrt, setup time: 20
2025-04-13 16:27:21,681 - JSPGymEnvironment - INFO - Executed operation: Job J3, Op 3, Machine M2, Start: 3549.0, End: 3579.0, Setup: 20
2025-04-13 16:27:22,114 - JSPGymEnvironment - INFO - Material change on machine M3: Citybike_Fahrrad_endmontiert -> Citybike_Antrieb_installiert, setup time: 15
2025-04-13 16:27:22,114 - JSPGymEnvironment - INFO - Executed operation: Job J11, Op 2, Machine M3, Start: 3594.0, End: 3636.0, Setup: 15
2025-04-13 16:27:22,151 - JSPGymEnvironment - INFO - Executed operation: Job J13, Op 3, Machine M2, Start: 3651.0, End: 3673.0, Setup: 15
2025-04-13 16:27:22,191 - JSPGymEnvironment - INFO - Material change on machine M2: E-Bike_Bremsaufnahme_gebohrt -> Racebike_Rahmen_nachbearbeitet, setup time: 20
2025-04-13 16:27:22,191 - JSPGymEnvironment - INFO - Executed operation: Job J15, Op 5, Machine M2, Start: 3693.0, End: 3716.0, Setup: 20
2025-04-13 16:27:22,231 - JSPGymEnvironment - INFO - Material change on machine M2: Racebike_Rahmen_nachbearbeitet -> E-Bike_Rahmen_nachbearbeitet, setup time: 20
2025-04-13 16:27:22,231 - JSPGymEnvironment - INFO - Executed operation: Job J3, Op 4, Machine M2, Start: 3736.0, End: 3753.0, Setup: 20
2025-04-13 16:27:22,272 - JSPGymEnvironment - INFO - Material change on machine M3: Citybike_Antrieb_installiert -> Racebike_Antrieb_installiert, setup time: 15
2025-04-13 16:27:22,272 - JSPGymEnvironment - INFO - Executed operation: Job J4, Op 2, Machine M3, Start: 3768.0, End: 3808.0, Setup: 15
2025-04-13 16:27:22,314 - JSPGymEnvironment - INFO - Material change on machine M3: Racebike_Antrieb_installiert -> Citybike_Fahrrad_endmontiert, setup time: 15
2025-04-13 16:27:22,314 - JSPGymEnvironment - INFO - Executed operation: Job J8, Op 4, Machine M3, Start: 3823.0, End: 3872.0, Setup: 15
2025-04-13 16:27:22,361 - JSPGymEnvironment - INFO - Material change on machine M2: E-Bike_Rahmen_nachbearbeitet -> Racebike_Bremsaufnahme_gebohrt, setup time: 20
2025-04-13 16:27:22,361 - JSPGymEnvironment - INFO - Executed operation: Job J1, Op 3, Machine M2, Start: 3892.0, End: 3910.0, Setup: 20
2025-04-13 16:27:22,416 - JSPGymEnvironment - INFO - Material change on machine M3: Citybike_Fahrrad_endmontiert -> Mountainbike_Antrieb_installiert, setup time: 15
2025-04-13 16:27:22,416 - JSPGymEnvironment - INFO - Executed operation: Job J20, Op 2, Machine M3, Start: 3925.0, End: 3949.0, Setup: 15
2025-04-13 16:27:22,630 - JSPGymEnvironment - INFO - Material change on machine M2: Racebike_Bremsaufnahme_gebohrt -> Citybike_Fahrrad_endmontiert, setup time: 20
2025-04-13 16:27:22,630 - JSPGymEnvironment - INFO - Executed operation: Job J8, Op 5, Machine M2, Start: 3969.0, End: 3999.0, Setup: 20
2025-04-13 16:27:22,631 - JSPGymEnvironment - INFO - Job J8 completed at time 3999.0, deadline: 2762, met: False, priority: 5
2025-04-13 16:27:22,684 - JSPGymEnvironment - INFO - Material change on machine M3: Mountainbike_Antrieb_installiert -> Mountainbike_Bremsen_justiert, setup time: 15
2025-04-13 16:27:22,685 - JSPGymEnvironment - INFO - Executed operation: Job J18, Op 3, Machine M3, Start: 4014.0, End: 4069.0, Setup: 15
2025-04-13 16:27:22,720 - JSPGymEnvironment - INFO - Material change on machine M2: Citybike_Fahrrad_endmontiert -> Racebike_Bremsaufnahme_gebohrt, setup time: 20
2025-04-13 16:27:22,721 - JSPGymEnvironment - INFO - Executed operation: Job J4, Op 3, Machine M2, Start: 4089.0, End: 4103.0, Setup: 20
2025-04-13 16:27:22,759 - JSPGymEnvironment - INFO - Material change on machine M3: Mountainbike_Bremsen_justiert -> Racebike_Fahrrad_endmontiert, setup time: 15
2025-04-13 16:27:22,759 - JSPGymEnvironment - INFO - Executed operation: Job J15, Op 6, Machine M3, Start: 4118.0, End: 4145.0, Setup: 15
2025-04-13 16:27:22,796 - JSPGymEnvironment - INFO - Material change on machine M2: Racebike_Bremsaufnahme_gebohrt -> E-Bike_Rahmen_nachbearbeitet, setup time: 20
2025-04-13 16:27:22,796 - JSPGymEnvironment - INFO - Executed operation: Job J3, Op 5, Machine M2, Start: 4165.0, End: 4186.0, Setup: 20
2025-04-13 16:27:22,832 - JSPGymEnvironment - INFO - Material change on machine M2: E-Bike_Rahmen_nachbearbeitet -> Racebike_Rahmen_nachbearbeitet, setup time: 20
2025-04-13 16:27:22,833 - JSPGymEnvironment - INFO - Executed operation: Job J1, Op 4, Machine M2, Start: 4206.0, End: 4228.0, Setup: 20
2025-04-13 16:27:23,079 - JSPGymEnvironment - INFO - Material change on machine M1: Citybike_Hauptrahmen_zugeschnitten -> Racebike_Hauptrahmen_zugeschnitten, setup time: 40
2025-04-13 16:27:23,079 - JSPGymEnvironment - INFO - Executed operation: Job J7, Op 0, Machine M1, Start: 4268.0, End: 4303.0, Setup: 40
2025-04-13 16:27:23,117 - JSPGymEnvironment - INFO - Material change on machine M3: Racebike_Fahrrad_endmontiert -> Citybike_Bremsen_justiert, setup time: 15
2025-04-13 16:27:23,117 - JSPGymEnvironment - INFO - Executed operation: Job J11, Op 3, Machine M3, Start: 4318.0, End: 4340.0, Setup: 15
2025-04-13 16:27:23,152 - JSPGymEnvironment - INFO - Material change on machine M3: Citybike_Bremsen_justiert -> Racebike_Fahrrad_endmontiert, setup time: 15
2025-04-13 16:27:23,153 - JSPGymEnvironment - INFO - Executed operation: Job J15, Op 7, Machine M3, Start: 4355.0, End: 4401.0, Setup: 15
2025-04-13 16:27:23,153 - JSPGymEnvironment - INFO - Job J15 completed at time 4401.0, deadline: 2833, met: False, priority: 10
2025-04-13 16:27:23,187 - JSPGymEnvironment - INFO - Material change on machine M2: Racebike_Rahmen_nachbearbeitet -> Racebike_Fahrrad_endmontiert, setup time: 20
2025-04-13 16:27:23,187 - JSPGymEnvironment - INFO - Executed operation: Job J1, Op 5, Machine M2, Start: 4421.0, End: 4433.0, Setup: 20
2025-04-13 16:27:23,188 - JSPGymEnvironment - INFO - Job J1 completed at time 4433.0, deadline: 2790, met: False, priority: 7
2025-04-13 16:27:23,224 - JSPGymEnvironment - INFO - Material change on machine M2: Racebike_Fahrrad_endmontiert -> E-Bike_Fahrrad_endmontiert, setup time: 20
2025-04-13 16:27:23,224 - JSPGymEnvironment - INFO - Executed operation: Job J3, Op 6, Machine M2, Start: 4453.0, End: 4463.0, Setup: 20
2025-04-13 16:27:23,224 - JSPGymEnvironment - INFO - Job J3 completed at time 4463.0, deadline: 2862, met: False, priority: 8
2025-04-13 16:27:23,258 - JSPGymEnvironment - INFO - Material change on machine M2: E-Bike_Fahrrad_endmontiert -> Racebike_Schaltauge_bearbeitet, setup time: 20
2025-04-13 16:27:23,259 - JSPGymEnvironment - INFO - Executed operation: Job J7, Op 1, Machine M2, Start: 4483.0, End: 4506.0, Setup: 20
2025-04-13 16:27:23,294 - JSPGymEnvironment - INFO - Material change on machine M3: Racebike_Fahrrad_endmontiert -> E-Bike_Fahrrad_endmontiert, setup time: 15
2025-04-13 16:27:23,294 - JSPGymEnvironment - INFO - Executed operation: Job J13, Op 4, Machine M3, Start: 4521.0, End: 4574.0, Setup: 15
2025-04-13 16:27:23,294 - JSPGymEnvironment - INFO - Job J13 completed at time 4574.0, deadline: 2863, met: False, priority: 7
2025-04-13 16:27:23,328 - JSPGymEnvironment - INFO - Material change on machine M2: Racebike_Schaltauge_bearbeitet -> Citybike_Rahmen_nachbearbeitet, setup time: 20
2025-04-13 16:27:23,328 - JSPGymEnvironment - INFO - Executed operation: Job J14, Op 4, Machine M2, Start: 4594.0, End: 4623.0, Setup: 20
2025-04-13 16:27:23,362 - JSPGymEnvironment - INFO - Executed operation: Job J14, Op 5, Machine M2, Start: 4638.0, End: 4668.0, Setup: 15
2025-04-13 16:27:23,395 - JSPGymEnvironment - INFO - Material change on machine M2: Citybike_Rahmen_nachbearbeitet -> Racebike_Bremsaufnahme_gebohrt, setup time: 20
2025-04-13 16:27:23,396 - JSPGymEnvironment - INFO - Executed operation: Job J10, Op 3, Machine M2, Start: 4688.0, End: 4710.0, Setup: 20
2025-04-13 16:27:23,429 - JSPGymEnvironment - INFO - Material change on machine M2: Racebike_Bremsaufnahme_gebohrt -> Racebike_Rahmen_nachbearbeitet, setup time: 20
2025-04-13 16:27:23,429 - JSPGymEnvironment - INFO - Executed operation: Job J4, Op 4, Machine M2, Start: 4730.0, End: 4755.0, Setup: 20
2025-04-13 16:27:23,470 - JSPGymEnvironment - INFO - Material change on machine M3: E-Bike_Fahrrad_endmontiert -> Citybike_Fahrrad_endmontiert, setup time: 15
2025-04-13 16:27:23,470 - JSPGymEnvironment - INFO - Executed operation: Job J11, Op 4, Machine M3, Start: 4770.0, End: 4809.0, Setup: 15
2025-04-13 16:27:23,523 - JSPGymEnvironment - INFO - Material change on machine M3: Citybike_Fahrrad_endmontiert -> Mountainbike_Bremsen_justiert, setup time: 15
2025-04-13 16:27:23,523 - JSPGymEnvironment - INFO - Executed operation: Job J20, Op 3, Machine M3, Start: 4824.0, End: 4865.0, Setup: 15
2025-04-13 16:27:23,570 - JSPGymEnvironment - INFO - Material change on machine M2: Racebike_Rahmen_nachbearbeitet -> Citybike_Rahmen_nachbearbeitet, setup time: 20
2025-04-13 16:27:23,570 - JSPGymEnvironment - INFO - Executed operation: Job J14, Op 6, Machine M2, Start: 4885.0, End: 4909.0, Setup: 20
2025-04-13 16:27:23,862 - JSPGymEnvironment - INFO - Material change on machine M2: Citybike_Rahmen_nachbearbeitet -> Mountainbike_Fahrrad_endmontiert, setup time: 20
2025-04-13 16:27:23,863 - JSPGymEnvironment - INFO - Executed operation: Job J18, Op 4, Machine M2, Start: 4929.0, End: 4942.0, Setup: 20
2025-04-13 16:27:23,863 - JSPGymEnvironment - INFO - Job J18 completed at time 4942.0, deadline: 2880, met: False, priority: 6
2025-04-13 16:27:23,905 - JSPGymEnvironment - INFO - Material change on machine M2: Mountainbike_Fahrrad_endmontiert -> Citybike_Rahmen_nachbearbeitet, setup time: 20
2025-04-13 16:27:23,906 - JSPGymEnvironment - INFO - Executed operation: Job J11, Op 5, Machine M2, Start: 4962.0, End: 4979.0, Setup: 20
2025-04-13 16:27:23,948 - JSPGymEnvironment - INFO - Material change on machine M3: Mountainbike_Bremsen_justiert -> Racebike_Antrieb_installiert, setup time: 15
2025-04-13 16:27:23,948 - JSPGymEnvironment - INFO - Executed operation: Job J7, Op 2, Machine M3, Start: 4994.0, End: 5018.0, Setup: 15
2025-04-13 16:27:23,985 - JSPGymEnvironment - INFO - Material change on machine M2: Citybike_Rahmen_nachbearbeitet -> Racebike_Rahmen_nachbearbeitet, setup time: 20
2025-04-13 16:27:23,985 - JSPGymEnvironment - INFO - Executed operation: Job J10, Op 4, Machine M2, Start: 5038.0, End: 5049.0, Setup: 20
2025-04-13 16:27:24,019 - JSPGymEnvironment - INFO - Material change on machine M2: Racebike_Rahmen_nachbearbeitet -> Racebike_Bremsaufnahme_gebohrt, setup time: 20
2025-04-13 16:27:24,019 - JSPGymEnvironment - INFO - Executed operation: Job J7, Op 3, Machine M2, Start: 5069.0, End: 5092.0, Setup: 20
2025-04-13 16:27:24,052 - JSPGymEnvironment - INFO - Material change on machine M2: Racebike_Bremsaufnahme_gebohrt -> Citybike_Rahmen_nachbearbeitet, setup time: 20
2025-04-13 16:27:24,053 - JSPGymEnvironment - INFO - Executed operation: Job J11, Op 6, Machine M2, Start: 5112.0, End: 5134.0, Setup: 20
2025-04-13 16:27:24,088 - JSPGymEnvironment - INFO - Material change on machine M2: Citybike_Rahmen_nachbearbeitet -> Racebike_Rahmen_nachbearbeitet, setup time: 20
2025-04-13 16:27:24,089 - JSPGymEnvironment - INFO - Executed operation: Job J10, Op 5, Machine M2, Start: 5154.0, End: 5172.0, Setup: 20
2025-04-13 16:27:24,124 - JSPGymEnvironment - INFO - Material change on machine M2: Racebike_Rahmen_nachbearbeitet -> Citybike_Fahrrad_endmontiert, setup time: 20
2025-04-13 16:27:24,124 - JSPGymEnvironment - INFO - Executed operation: Job J11, Op 7, Machine M2, Start: 5192.0, End: 5221.0, Setup: 20
2025-04-13 16:27:24,124 - JSPGymEnvironment - INFO - Job J11 completed at time 5221.0, deadline: 2880, met: False, priority: 7
2025-04-13 16:27:24,159 - JSPGymEnvironment - INFO - Material change on machine M2: Citybike_Fahrrad_endmontiert -> Racebike_Rahmen_nachbearbeitet, setup time: 20
2025-04-13 16:27:24,159 - JSPGymEnvironment - INFO - Executed operation: Job J10, Op 6, Machine M2, Start: 5241.0, End: 5252.0, Setup: 20
2025-04-13 16:27:24,192 - JSPGymEnvironment - INFO - Executed operation: Job J7, Op 4, Machine M2, Start: 5267.0, End: 5293.0, Setup: 15
2025-04-13 16:27:24,225 - JSPGymEnvironment - INFO - Material change on machine M2: Racebike_Rahmen_nachbearbeitet -> Citybike_Fahrrad_endmontiert, setup time: 20
2025-04-13 16:27:24,225 - JSPGymEnvironment - INFO - Executed operation: Job J14, Op 7, Machine M2, Start: 5313.0, End: 5334.0, Setup: 20
2025-04-13 16:27:24,225 - JSPGymEnvironment - INFO - Job J14 completed at time 5334.0, deadline: 2880, met: False, priority: 3
2025-04-13 16:27:24,258 - JSPGymEnvironment - INFO - Material change on machine M2: Citybike_Fahrrad_endmontiert -> Citybike_Schaltauge_bearbeitet, setup time: 20
2025-04-13 16:27:24,258 - JSPGymEnvironment - INFO - Executed operation: Job J2, Op 1, Machine M2, Start: 5354.0, End: 5364.0, Setup: 20
2025-04-13 16:27:24,292 - JSPGymEnvironment - INFO - Material change on machine M2: Citybike_Schaltauge_bearbeitet -> Racebike_Fahrrad_endmontiert, setup time: 20
2025-04-13 16:27:24,292 - JSPGymEnvironment - INFO - Executed operation: Job J10, Op 7, Machine M2, Start: 5384.0, End: 5396.0, Setup: 20
2025-04-13 16:27:24,292 - JSPGymEnvironment - INFO - Job J10 completed at time 5396.0, deadline: 2880, met: False, priority: 9
2025-04-13 16:27:24,528 - JSPGymEnvironment - INFO - Material change on machine M3: Racebike_Antrieb_installiert -> Citybike_Antrieb_installiert, setup time: 15
2025-04-13 16:27:24,528 - JSPGymEnvironment - INFO - Executed operation: Job J2, Op 2, Machine M3, Start: 5411.0, End: 5439.0, Setup: 15
2025-04-13 16:27:24,561 - JSPGymEnvironment - INFO - Material change on machine M2: Racebike_Fahrrad_endmontiert -> Racebike_Rahmen_nachbearbeitet, setup time: 20
2025-04-13 16:27:24,561 - JSPGymEnvironment - INFO - Executed operation: Job J4, Op 5, Machine M2, Start: 5459.0, End: 5483.0, Setup: 20
2025-04-13 16:27:24,594 - JSPGymEnvironment - INFO - Material change on machine M3: Citybike_Antrieb_installiert -> Racebike_Fahrrad_endmontiert, setup time: 15
2025-04-13 16:27:24,594 - JSPGymEnvironment - INFO - Executed operation: Job J4, Op 6, Machine M3, Start: 5498.0, End: 5524.0, Setup: 15
2025-04-13 16:27:24,595 - JSPGymEnvironment - INFO - Job J4 completed at time 5524.0, deadline: 2757, met: False, priority: 7
2025-04-13 16:27:24,627 - JSPGymEnvironment - INFO - Material change on machine M1: Racebike_Hauptrahmen_zugeschnitten -> Mountainbike_Hauptrahmen_zugeschnitten, setup time: 40
2025-04-13 16:27:24,627 - JSPGymEnvironment - INFO - Executed operation: Job J12, Op 0, Machine M1, Start: 5564.0, End: 5595.0, Setup: 40
2025-04-13 16:27:24,659 - JSPGymEnvironment - INFO - Material change on machine M2: Racebike_Rahmen_nachbearbeitet -> Citybike_Bremsaufnahme_gebohrt, setup time: 20
2025-04-13 16:27:24,659 - JSPGymEnvironment - INFO - Executed operation: Job J2, Op 3, Machine M2, Start: 5615.0, End: 5636.0, Setup: 20
2025-04-13 16:27:24,692 - JSPGymEnvironment - INFO - Material change on machine M2: Citybike_Bremsaufnahme_gebohrt -> Mountainbike_Rahmen_nachbearbeitet, setup time: 20
2025-04-13 16:27:24,692 - JSPGymEnvironment - INFO - Executed operation: Job J20, Op 4, Machine M2, Start: 5656.0, End: 5673.0, Setup: 20
2025-04-13 16:27:24,725 - JSPGymEnvironment - INFO - Material change on machine M2: Mountainbike_Rahmen_nachbearbeitet -> Citybike_Rahmen_nachbearbeitet, setup time: 20
2025-04-13 16:27:24,725 - JSPGymEnvironment - INFO - Executed operation: Job J2, Op 4, Machine M2, Start: 5693.0, End: 5717.0, Setup: 20
2025-04-13 16:27:24,759 - JSPGymEnvironment - INFO - Material change on machine M3: Racebike_Fahrrad_endmontiert -> Mountainbike_Fahrrad_endmontiert, setup time: 15
2025-04-13 16:27:24,759 - JSPGymEnvironment - INFO - Executed operation: Job J20, Op 5, Machine M3, Start: 5732.0, End: 5757.0, Setup: 15
2025-04-13 16:27:24,793 - JSPGymEnvironment - INFO - Material change on machine M2: Citybike_Rahmen_nachbearbeitet -> Racebike_Rahmen_nachbearbeitet, setup time: 20
2025-04-13 16:27:24,793 - JSPGymEnvironment - INFO - Executed operation: Job J7, Op 5, Machine M2, Start: 5777.0, End: 5795.0, Setup: 20
2025-04-13 16:27:24,827 - JSPGymEnvironment - INFO - Executed operation: Job J20, Op 6, Machine M3, Start: 5805.0, End: 5845.0, Setup: 10
2025-04-13 16:27:24,827 - JSPGymEnvironment - INFO - Job J20 completed at time 5845.0, deadline: 2744, met: False, priority: 3
2025-04-13 16:27:24,858 - JSPGymEnvironment - INFO - Material change on machine M2: Racebike_Rahmen_nachbearbeitet -> Mountainbike_Schaltauge_bearbeitet, setup time: 20
2025-04-13 16:27:24,859 - JSPGymEnvironment - INFO - Executed operation: Job J12, Op 1, Machine M2, Start: 5865.0, End: 5887.0, Setup: 20
2025-04-13 16:27:24,897 - JSPGymEnvironment - INFO - Material change on machine M3: Mountainbike_Fahrrad_endmontiert -> Citybike_Fahrrad_endmontiert, setup time: 15
2025-04-13 16:27:24,898 - JSPGymEnvironment - INFO - Executed operation: Job J2, Op 5, Machine M3, Start: 5902.0, End: 5923.0, Setup: 15
2025-04-13 16:27:24,898 - JSPGymEnvironment - INFO - Job J2 completed at time 5923.0, deadline: 2880, met: False, priority: 3
2025-04-13 16:27:24,935 - JSPGymEnvironment - INFO - Material change on machine M2: Mountainbike_Schaltauge_bearbeitet -> Racebike_Rahmen_nachbearbeitet, setup time: 20
2025-04-13 16:27:24,936 - JSPGymEnvironment - INFO - Executed operation: Job J7, Op 6, Machine M2, Start: 5943.0, End: 5958.0, Setup: 20
2025-04-13 16:27:24,974 - JSPGymEnvironment - INFO - Material change on machine M2: Racebike_Rahmen_nachbearbeitet -> Racebike_Fahrrad_endmontiert, setup time: 20
2025-04-13 16:27:24,974 - JSPGymEnvironment - INFO - Executed operation: Job J7, Op 7, Machine M2, Start: 5978.0, End: 6003.0, Setup: 20
2025-04-13 16:27:24,974 - JSPGymEnvironment - INFO - Job J7 completed at time 6003.0, deadline: 2880, met: False, priority: 9
2025-04-13 16:27:25,012 - JSPGymEnvironment - INFO - Material change on machine M3: Citybike_Fahrrad_endmontiert -> Mountainbike_Antrieb_installiert, setup time: 15
2025-04-13 16:27:25,013 - JSPGymEnvironment - INFO - Executed operation: Job J12, Op 2, Machine M3, Start: 6018.0, End: 6063.0, Setup: 15
2025-04-13 16:27:25,255 - JSPGymEnvironment - INFO - Material change on machine M2: Racebike_Fahrrad_endmontiert -> Mountainbike_Bremsaufnahme_gebohrt, setup time: 20
2025-04-13 16:27:25,255 - JSPGymEnvironment - INFO - Executed operation: Job J12, Op 3, Machine M2, Start: 6083.0, End: 6109.0, Setup: 20
2025-04-13 16:27:25,291 - JSPGymEnvironment - INFO - Material change on machine M2: Mountainbike_Bremsaufnahme_gebohrt -> Mountainbike_Rahmen_nachbearbeitet, setup time: 20
2025-04-13 16:27:25,291 - JSPGymEnvironment - INFO - Executed operation: Job J12, Op 4, Machine M2, Start: 6129.0, End: 6157.0, Setup: 20
2025-04-13 16:27:25,325 - JSPGymEnvironment - INFO - Executed operation: Job J12, Op 5, Machine M2, Start: 6172.0, End: 6200.0, Setup: 15
2025-04-13 16:27:25,359 - JSPGymEnvironment - INFO - Material change on machine M2: Mountainbike_Rahmen_nachbearbeitet -> Mountainbike_Fahrrad_endmontiert, setup time: 20
2025-04-13 16:27:25,359 - JSPGymEnvironment - INFO - Executed operation: Job J12, Op 6, Machine M2, Start: 6220.0, End: 6242.0, Setup: 20
2025-04-13 16:27:25,359 - JSPGymEnvironment - INFO - Job J12 completed at time 6242.0, deadline: 2863, met: False, priority: 2
2025-04-13 16:27:25,360 - JSPGymEnvironment - INFO - Reward function updated with 66 insights
2025-04-13 16:27:25,361 - JSPGymEnvironment - INFO -   Material change on critical path at Job 11 Operation 0 on Machine M1 (Severity: 1.00)
2025-04-13 16:27:25,361 - JSPGymEnvironment - INFO -   Low priority (2) on critical path: Job 11 Operation 0 (Severity: 0.60)
2025-04-13 16:27:25,361 - JSPGymEnvironment - INFO -   Material change on critical path at Job 11 Operation 1 on Machine M2 (Severity: 1.00)
2025-04-13 16:27:25,361 - JSPGymEnvironment - INFO -   Low priority (2) on critical path: Job 11 Operation 1 (Severity: 0.60)
2025-04-13 16:27:25,361 - JSPGymEnvironment - INFO -   Material change on critical path at Job 11 Operation 2 on Machine M3 (Severity: 1.00)
2025-04-13 16:27:25,361 - JSPGymEnvironment - INFO -   Low priority (2) on critical path: Job 11 Operation 2 (Severity: 0.60)
2025-04-13 16:27:25,361 - JSPGymEnvironment - INFO -   Material change on critical path at Job 11 Operation 3 on Machine M2 (Severity: 1.00)
2025-04-13 16:27:25,361 - JSPGymEnvironment - INFO -   Low priority (2) on critical path: Job 11 Operation 3 (Severity: 0.60)
2025-04-13 16:27:25,361 - JSPGymEnvironment - INFO -   Material change on critical path at Job 11 Operation 4 on Machine M2 (Severity: 1.00)
2025-04-13 16:27:25,361 - JSPGymEnvironment - INFO -   Idle time on critical path before Job 11 Operation 4 on Machine M2 (Severity: 0.71)
2025-04-13 16:27:25,361 - JSPGymEnvironment - INFO -   Low priority (2) on critical path: Job 11 Operation 4 (Severity: 0.60)
2025-04-13 16:27:25,361 - JSPGymEnvironment - INFO -   Idle time on critical path before Job 11 Operation 5 on Machine M2 (Severity: 0.54)
2025-04-13 16:27:25,361 - JSPGymEnvironment - INFO -   Low priority (2) on critical path: Job 11 Operation 5 (Severity: 0.60)
2025-04-13 16:27:25,361 - JSPGymEnvironment - INFO -   Material change on critical path at Job 11 Operation 6 on Machine M2 (Severity: 1.00)
2025-04-13 16:27:25,361 - JSPGymEnvironment - INFO -   Idle time on critical path before Job 11 Operation 6 on Machine M2 (Severity: 0.91)
2025-04-13 16:27:25,361 - JSPGymEnvironment - INFO -   Low priority (2) on critical path: Job 11 Operation 6 (Severity: 0.60)
2025-04-13 16:27:25,361 - JSPGymEnvironment - INFO -   High priority (8) not on critical path: Job 18 Operation 0 (Severity: 0.33)
2025-04-13 16:27:25,361 - JSPGymEnvironment - INFO -   High priority (9) not on critical path: Job 9 Operation 0 (Severity: 0.67)
2025-04-13 16:27:25,361 - JSPGymEnvironment - INFO -   High priority (8) not on critical path: Job 8 Operation 0 (Severity: 0.33)
2025-04-13 16:27:25,361 - JSPGymEnvironment - INFO -   High priority (8) not on critical path: Job 18 Operation 1 (Severity: 0.33)
2025-04-13 16:27:25,361 - JSPGymEnvironment - INFO -   High priority (8) not on critical path: Job 18 Operation 2 (Severity: 0.33)
2025-04-13 16:27:25,361 - JSPGymEnvironment - INFO -   High priority (8) not on critical path: Job 18 Operation 3 (Severity: 0.33)
2025-04-13 16:27:25,362 - JSPGymEnvironment - INFO -   High priority (10) not on critical path: Job 5 Operation 0 (Severity: 1.00)
2025-04-13 16:27:25,362 - JSPGymEnvironment - INFO -   High priority (10) not on critical path: Job 5 Operation 1 (Severity: 1.00)
2025-04-13 16:27:25,362 - JSPGymEnvironment - INFO -   High priority (8) not on critical path: Job 8 Operation 1 (Severity: 0.33)
2025-04-13 16:27:25,362 - JSPGymEnvironment - INFO -   High priority (9) not on critical path: Job 9 Operation 1 (Severity: 0.67)
2025-04-13 16:27:25,362 - JSPGymEnvironment - INFO -   High priority (8) not on critical path: Job 2 Operation 0 (Severity: 0.33)
2025-04-13 16:27:25,362 - JSPGymEnvironment - INFO -   High priority (10) not on critical path: Job 14 Operation 0 (Severity: 1.00)
2025-04-13 16:27:25,362 - JSPGymEnvironment - INFO -   High priority (10) not on critical path: Job 14 Operation 1 (Severity: 1.00)
2025-04-13 16:27:25,362 - JSPGymEnvironment - INFO -   High priority (10) not on critical path: Job 14 Operation 2 (Severity: 1.00)
2025-04-13 16:27:25,362 - JSPGymEnvironment - INFO -   High priority (8) not on critical path: Job 8 Operation 2 (Severity: 0.33)
2025-04-13 16:27:25,362 - JSPGymEnvironment - INFO -   High priority (8) not on critical path: Job 8 Operation 3 (Severity: 0.33)
2025-04-13 16:27:25,362 - JSPGymEnvironment - INFO -   High priority (10) not on critical path: Job 5 Operation 2 (Severity: 1.00)
2025-04-13 16:27:25,362 - JSPGymEnvironment - INFO -   High priority (8) not on critical path: Job 8 Operation 4 (Severity: 0.33)
2025-04-13 16:27:25,362 - JSPGymEnvironment - INFO -   High priority (9) not on critical path: Job 9 Operation 2 (Severity: 0.67)
2025-04-13 16:27:25,362 - JSPGymEnvironment - INFO -   High priority (10) not on critical path: Job 5 Operation 3 (Severity: 1.00)
2025-04-13 16:27:25,362 - JSPGymEnvironment - INFO -   High priority (10) not on critical path: Job 14 Operation 3 (Severity: 1.00)
2025-04-13 16:27:25,362 - JSPGymEnvironment - INFO -   High priority (10) not on critical path: Job 5 Operation 4 (Severity: 1.00)
2025-04-13 16:27:25,362 - JSPGymEnvironment - INFO -   High priority (8) not on critical path: Job 8 Operation 5 (Severity: 0.33)
2025-04-13 16:27:25,362 - JSPGymEnvironment - INFO -   High priority (8) not on critical path: Job 2 Operation 1 (Severity: 0.33)
2025-04-13 16:27:25,362 - JSPGymEnvironment - INFO -   High priority (8) not on critical path: Job 2 Operation 2 (Severity: 0.33)
2025-04-13 16:27:25,362 - JSPGymEnvironment - INFO -   High priority (8) not on critical path: Job 18 Operation 4 (Severity: 0.33)
2025-04-13 16:27:25,362 - JSPGymEnvironment - INFO -   High priority (8) not on critical path: Job 18 Operation 5 (Severity: 0.33)
2025-04-13 16:27:25,362 - JSPGymEnvironment - INFO -   High priority (8) not on critical path: Job 18 Operation 6 (Severity: 0.33)
2025-04-13 16:27:25,362 - JSPGymEnvironment - INFO -   High priority (10) not on critical path: Job 14 Operation 4 (Severity: 1.00)
2025-04-13 16:27:25,362 - JSPGymEnvironment - INFO -   High priority (8) not on critical path: Job 8 Operation 6 (Severity: 0.33)
2025-04-13 16:27:25,363 - JSPGymEnvironment - INFO -   High priority (8) not on critical path: Job 2 Operation 3 (Severity: 0.33)
2025-04-13 16:27:25,363 - JSPGymEnvironment - INFO -   High priority (10) not on critical path: Job 14 Operation 5 (Severity: 1.00)
2025-04-13 16:27:25,363 - JSPGymEnvironment - INFO -   High priority (8) not on critical path: Job 2 Operation 4 (Severity: 0.33)
2025-04-13 16:27:25,363 - JSPGymEnvironment - INFO -   High priority (10) not on critical path: Job 14 Operation 6 (Severity: 1.00)
2025-04-13 16:27:25,363 - JSPGymEnvironment - INFO -   High priority (8) not on critical path: Job 2 Operation 5 (Severity: 0.33)
2025-04-13 16:27:25,363 - JSPGymEnvironment - INFO -   High priority (9) not on critical path: Job 6 Operation 0 (Severity: 0.67)
2025-04-13 16:27:25,363 - JSPGymEnvironment - INFO -   High priority (10) not on critical path: Job 14 Operation 7 (Severity: 1.00)
2025-04-13 16:27:25,363 - JSPGymEnvironment - INFO -   High priority (8) not on critical path: Job 2 Operation 6 (Severity: 0.33)
2025-04-13 16:27:25,363 - JSPGymEnvironment - INFO -   High priority (9) not on critical path: Job 6 Operation 1 (Severity: 0.67)
2025-04-13 16:27:25,363 - JSPGymEnvironment - INFO -   High priority (9) not on critical path: Job 9 Operation 3 (Severity: 0.67)
2025-04-13 16:27:25,363 - JSPGymEnvironment - INFO -   High priority (9) not on critical path: Job 6 Operation 2 (Severity: 0.67)
2025-04-13 16:27:25,363 - JSPGymEnvironment - INFO -   High priority (9) not on critical path: Job 9 Operation 4 (Severity: 0.67)
2025-04-13 16:27:25,363 - JSPGymEnvironment - INFO -   High priority (9) not on critical path: Job 6 Operation 3 (Severity: 0.67)
2025-04-13 16:27:25,363 - JSPGymEnvironment - INFO -   High priority (9) not on critical path: Job 9 Operation 5 (Severity: 0.67)
2025-04-13 16:27:25,363 - JSPGymEnvironment - INFO -   High priority (9) not on critical path: Job 9 Operation 6 (Severity: 0.67)
2025-04-13 16:27:25,363 - JSPGymEnvironment - INFO -   High priority (9) not on critical path: Job 6 Operation 4 (Severity: 0.67)
2025-04-13 16:27:25,363 - JSPGymEnvironment - INFO -   High priority (9) not on critical path: Job 9 Operation 7 (Severity: 0.67)
2025-04-13 16:27:25,363 - JSPGymEnvironment - INFO -   High priority (9) not on critical path: Job 6 Operation 5 (Severity: 0.67)
2025-04-13 16:27:25,363 - JSPGymEnvironment - INFO -   High priority (9) not on critical path: Job 6 Operation 6 (Severity: 0.67)
2025-04-13 16:27:25,363 - JSPGymEnvironment - INFO -   High priority (9) not on critical path: Job 6 Operation 7 (Severity: 0.67)
2025-04-13 16:27:25,363 - JSPGymEnvironment - INFO - Episode completed. Critical path: 7 operations, Suboptimal placements: 66
2025-04-13 16:27:25,364 - JSPGymEnvironment - INFO - Reward components: {'makespan_reward': -0.42, 'setup_reward': -10.0, 'idle_penalty': 0.0, 'deadline_reward': -5.901152637093958, 'priority_reward': 4.0, 'critical_job_reward': 0.0, 'global_progress_reward': 5.0, 'objective_reward': 0.0, 'placement_reward': 1.0, 'lookahead_reward': 0.0}
