2025-04-13 19:51:21,246 - JSPGymEnvironment - INFO - Environment reset
2025-04-13 19:51:21,316 - JSPGymEnvironment - INFO - Environment reset
2025-04-13 19:51:21,366 - JSPGymEnvironment - INFO - Material change on machine M1:  -> Mountainbike_Hauptrahmen_zugeschnitten, setup time: 0
2025-04-13 19:51:21,366 - JSPGymEnvironment - INFO - Executed operation: Job J18, Op 0, Machine M1, Start: 0.0, End: 22.0, Setup: 0
2025-04-13 19:51:21,425 - JSPGymEnvironment - INFO - Material change on machine M1: Mountainbike_Hauptrahmen_zugeschnitten -> E-Bike_Hauptrahmen_zugeschnitten, setup time: 40
2025-04-13 19:51:21,425 - JSPGymEnvironment - INFO - Executed operation: Job J3, Op 0, Machine M1, Start: 62.0, End: 96.0, Setup: 40
2025-04-13 19:51:21,468 - JSPGymEnvironment - INFO - Material change on machine M1: E-Bike_Hauptrahmen_zugeschnitten -> Citybike_Hauptrahmen_zugeschnitten, setup time: 40
2025-04-13 19:51:21,469 - JSPGymEnvironment - INFO - Executed operation: Job J17, Op 0, Machine M1, Start: 136.0, End: 174.0, Setup: 40
2025-04-13 19:51:21,508 - JSPGymEnvironment - INFO - Material change on machine M2:  -> Mountainbike_Schaltauge_bearbeitet, setup time: 0
2025-04-13 19:51:21,508 - JSPGymEnvironment - INFO - Executed operation: Job J18, Op 1, Machine M2, Start: 174.0, End: 194.0, Setup: 0
2025-04-13 19:51:21,548 - JSPGymEnvironment - INFO - Material change on machine M2: Mountainbike_Schaltauge_bearbeitet -> E-Bike_Schaltauge_bearbeitet, setup time: 20
2025-04-13 19:51:21,548 - JSPGymEnvironment - INFO - Executed operation: Job J3, Op 1, Machine M2, Start: 214.0, End: 234.0, Setup: 20
2025-04-13 19:51:21,589 - JSPGymEnvironment - INFO - Material change on machine M3:  -> Mountainbike_Antrieb_installiert, setup time: 0
2025-04-13 19:51:21,589 - JSPGymEnvironment - INFO - Executed operation: Job J18, Op 2, Machine M3, Start: 234.0, End: 263.0, Setup: 0
2025-04-13 19:51:21,627 - JSPGymEnvironment - INFO - Executed operation: Job J14, Op 0, Machine M1, Start: 288.0, End: 306.0, Setup: 25
2025-04-13 19:51:21,665 - JSPGymEnvironment - INFO - Material change on machine M1: Citybike_Hauptrahmen_zugeschnitten -> Racebike_Hauptrahmen_zugeschnitten, setup time: 40
2025-04-13 19:51:21,665 - JSPGymEnvironment - INFO - Executed operation: Job J7, Op 0, Machine M1, Start: 346.0, End: 381.0, Setup: 40
2025-04-13 19:51:21,703 - JSPGymEnvironment - INFO - Material change on machine M1: Racebike_Hauptrahmen_zugeschnitten -> Mountainbike_Hauptrahmen_zugeschnitten, setup time: 40
2025-04-13 19:51:21,703 - JSPGymEnvironment - INFO - Executed operation: Job J12, Op 0, Machine M1, Start: 421.0, End: 452.0, Setup: 40
2025-04-13 19:51:21,736 - JSPGymEnvironment - INFO - Material change on machine M2: E-Bike_Schaltauge_bearbeitet -> Mountainbike_Schaltauge_bearbeitet, setup time: 20
2025-04-13 19:51:21,737 - JSPGymEnvironment - INFO - Executed operation: Job J12, Op 1, Machine M2, Start: 472.0, End: 494.0, Setup: 20
2025-04-13 19:51:21,974 - JSPGymEnvironment - INFO - Material change on machine M3: Mountainbike_Antrieb_installiert -> Mountainbike_Bremsen_justiert, setup time: 15
2025-04-13 19:51:21,974 - JSPGymEnvironment - INFO - Executed operation: Job J18, Op 3, Machine M3, Start: 509.0, End: 564.0, Setup: 15
2025-04-13 19:51:22,006 - JSPGymEnvironment - INFO - Material change on machine M1: Mountainbike_Hauptrahmen_zugeschnitten -> Citybike_Hauptrahmen_zugeschnitten, setup time: 40
2025-04-13 19:51:22,007 - JSPGymEnvironment - INFO - Executed operation: Job J2, Op 0, Machine M1, Start: 604.0, End: 620.0, Setup: 40
2025-04-13 19:51:22,037 - JSPGymEnvironment - INFO - Material change on machine M3: Mountainbike_Bremsen_justiert -> E-Bike_Antrieb_installiert, setup time: 15
2025-04-13 19:51:22,037 - JSPGymEnvironment - INFO - Executed operation: Job J3, Op 2, Machine M3, Start: 635.0, End: 693.0, Setup: 15
2025-04-13 19:51:22,067 - JSPGymEnvironment - INFO - Executed operation: Job J11, Op 0, Machine M1, Start: 718.0, End: 749.0, Setup: 25
2025-04-13 19:51:22,098 - JSPGymEnvironment - INFO - Material change on machine M1: Citybike_Hauptrahmen_zugeschnitten -> E-Bike_Hauptrahmen_zugeschnitten, setup time: 40
2025-04-13 19:51:22,098 - JSPGymEnvironment - INFO - Executed operation: Job J19, Op 0, Machine M1, Start: 789.0, End: 804.0, Setup: 40
2025-04-13 19:51:22,135 - JSPGymEnvironment - INFO - Material change on machine M2: Mountainbike_Schaltauge_bearbeitet -> Citybike_Schaltauge_bearbeitet, setup time: 20
2025-04-13 19:51:22,135 - JSPGymEnvironment - INFO - Executed operation: Job J14, Op 1, Machine M2, Start: 824.0, End: 840.0, Setup: 20
2025-04-13 19:51:22,173 - JSPGymEnvironment - INFO - Material change on machine M2: Citybike_Schaltauge_bearbeitet -> E-Bike_Bremsaufnahme_gebohrt, setup time: 20
2025-04-13 19:51:22,173 - JSPGymEnvironment - INFO - Executed operation: Job J3, Op 3, Machine M2, Start: 860.0, End: 890.0, Setup: 20
2025-04-13 19:51:22,213 - JSPGymEnvironment - INFO - Material change on machine M1: E-Bike_Hauptrahmen_zugeschnitten -> Citybike_Hauptrahmen_zugeschnitten, setup time: 40
2025-04-13 19:51:22,213 - JSPGymEnvironment - INFO - Executed operation: Job J9, Op 0, Machine M1, Start: 930.0, End: 970.0, Setup: 40
2025-04-13 19:51:22,255 - JSPGymEnvironment - INFO - Executed operation: Job J8, Op 0, Machine M1, Start: 995.0, End: 1014.0, Setup: 25
2025-04-13 19:51:22,297 - JSPGymEnvironment - INFO - Material change on machine M2: E-Bike_Bremsaufnahme_gebohrt -> E-Bike_Rahmen_nachbearbeitet, setup time: 20
2025-04-13 19:51:22,297 - JSPGymEnvironment - INFO - Executed operation: Job J3, Op 4, Machine M2, Start: 1034.0, End: 1051.0, Setup: 20
2025-04-13 19:51:22,337 - JSPGymEnvironment - INFO - Executed operation: Job J3, Op 5, Machine M2, Start: 1066.0, End: 1087.0, Setup: 15
2025-04-13 19:51:22,373 - JSPGymEnvironment - INFO - Material change on machine M1: Citybike_Hauptrahmen_zugeschnitten -> Mountainbike_Hauptrahmen_zugeschnitten, setup time: 40
2025-04-13 19:51:22,373 - JSPGymEnvironment - INFO - Executed operation: Job J5, Op 0, Machine M1, Start: 1127.0, End: 1163.0, Setup: 40
2025-04-13 19:51:22,411 - JSPGymEnvironment - INFO - Material change on machine M2: E-Bike_Rahmen_nachbearbeitet -> E-Bike_Fahrrad_endmontiert, setup time: 20
2025-04-13 19:51:22,411 - JSPGymEnvironment - INFO - Executed operation: Job J3, Op 6, Machine M2, Start: 1183.0, End: 1193.0, Setup: 20
2025-04-13 19:51:22,411 - JSPGymEnvironment - INFO - Job J3 completed at time 1193.0, deadline: 2862, met: True, priority: 8
2025-04-13 19:51:22,448 - JSPGymEnvironment - INFO - Material change on machine M2: E-Bike_Fahrrad_endmontiert -> E-Bike_Schaltauge_bearbeitet, setup time: 20
2025-04-13 19:51:22,449 - JSPGymEnvironment - INFO - Executed operation: Job J19, Op 1, Machine M2, Start: 1213.0, End: 1243.0, Setup: 20
2025-04-13 19:51:22,698 - JSPGymEnvironment - INFO - Material change on machine M2: E-Bike_Schaltauge_bearbeitet -> Citybike_Schaltauge_bearbeitet, setup time: 20
2025-04-13 19:51:22,698 - JSPGymEnvironment - INFO - Executed operation: Job J9, Op 1, Machine M2, Start: 1263.0, End: 1279.0, Setup: 20
2025-04-13 19:51:22,733 - JSPGymEnvironment - INFO - Material change on machine M3: E-Bike_Antrieb_installiert -> Mountainbike_Antrieb_installiert, setup time: 15
2025-04-13 19:51:22,733 - JSPGymEnvironment - INFO - Executed operation: Job J12, Op 2, Machine M3, Start: 1294.0, End: 1339.0, Setup: 15
2025-04-13 19:51:22,766 - JSPGymEnvironment - INFO - Material change on machine M3: Mountainbike_Antrieb_installiert -> Citybike_Antrieb_installiert, setup time: 15
2025-04-13 19:51:22,766 - JSPGymEnvironment - INFO - Executed operation: Job J14, Op 2, Machine M3, Start: 1354.0, End: 1376.0, Setup: 15
2025-04-13 19:51:22,800 - JSPGymEnvironment - INFO - Material change on machine M2: Citybike_Schaltauge_bearbeitet -> Mountainbike_Fahrrad_endmontiert, setup time: 20
2025-04-13 19:51:22,800 - JSPGymEnvironment - INFO - Executed operation: Job J18, Op 4, Machine M2, Start: 1396.0, End: 1409.0, Setup: 20
2025-04-13 19:51:22,800 - JSPGymEnvironment - INFO - Job J18 completed at time 1409.0, deadline: 2880, met: True, priority: 6
2025-04-13 19:51:22,835 - JSPGymEnvironment - INFO - Executed operation: Job J9, Op 2, Machine M3, Start: 1419.0, End: 1473.0, Setup: 10
2025-04-13 19:51:22,872 - JSPGymEnvironment - INFO - Material change on machine M2: Mountainbike_Fahrrad_endmontiert -> Citybike_Bremsaufnahme_gebohrt, setup time: 20
2025-04-13 19:51:22,873 - JSPGymEnvironment - INFO - Executed operation: Job J14, Op 3, Machine M2, Start: 1493.0, End: 1511.0, Setup: 20
2025-04-13 19:51:22,914 - JSPGymEnvironment - INFO - Material change on machine M1: Mountainbike_Hauptrahmen_zugeschnitten -> Racebike_Hauptrahmen_zugeschnitten, setup time: 40
2025-04-13 19:51:22,914 - JSPGymEnvironment - INFO - Executed operation: Job J16, Op 0, Machine M1, Start: 1551.0, End: 1577.0, Setup: 40
2025-04-13 19:51:22,950 - JSPGymEnvironment - INFO - Material change on machine M2: Citybike_Bremsaufnahme_gebohrt -> Citybike_Rahmen_nachbearbeitet, setup time: 20
2025-04-13 19:51:22,951 - JSPGymEnvironment - INFO - Executed operation: Job J14, Op 4, Machine M2, Start: 1597.0, End: 1626.0, Setup: 20
2025-04-13 19:51:22,989 - JSPGymEnvironment - INFO - Material change on machine M3: Citybike_Antrieb_installiert -> E-Bike_Antrieb_installiert, setup time: 15
2025-04-13 19:51:22,989 - JSPGymEnvironment - INFO - Executed operation: Job J19, Op 2, Machine M3, Start: 1641.0, End: 1663.0, Setup: 15
2025-04-13 19:51:23,026 - JSPGymEnvironment - INFO - Executed operation: Job J4, Op 0, Machine M1, Start: 1688.0, End: 1713.0, Setup: 25
2025-04-13 19:51:23,070 - JSPGymEnvironment - INFO - Material change on machine M2: Citybike_Rahmen_nachbearbeitet -> Racebike_Schaltauge_bearbeitet, setup time: 20
2025-04-13 19:51:23,070 - JSPGymEnvironment - INFO - Executed operation: Job J7, Op 1, Machine M2, Start: 1733.0, End: 1756.0, Setup: 20
2025-04-13 19:51:23,109 - JSPGymEnvironment - INFO - Executed operation: Job J16, Op 1, Machine M2, Start: 1771.0, End: 1786.0, Setup: 15
2025-04-13 19:51:23,152 - JSPGymEnvironment - INFO - Material change on machine M2: Racebike_Schaltauge_bearbeitet -> Mountainbike_Schaltauge_bearbeitet, setup time: 20
2025-04-13 19:51:23,152 - JSPGymEnvironment - INFO - Executed operation: Job J5, Op 1, Machine M2, Start: 1806.0, End: 1821.0, Setup: 20
2025-04-13 19:51:23,382 - JSPGymEnvironment - INFO - Material change on machine M2: Mountainbike_Schaltauge_bearbeitet -> Citybike_Rahmen_nachbearbeitet, setup time: 20
2025-04-13 19:51:23,382 - JSPGymEnvironment - INFO - Executed operation: Job J14, Op 5, Machine M2, Start: 1841.0, End: 1871.0, Setup: 20
2025-04-13 19:51:23,418 - JSPGymEnvironment - INFO - Material change on machine M2: Citybike_Rahmen_nachbearbeitet -> Mountainbike_Bremsaufnahme_gebohrt, setup time: 20
2025-04-13 19:51:23,418 - JSPGymEnvironment - INFO - Executed operation: Job J12, Op 3, Machine M2, Start: 1891.0, End: 1917.0, Setup: 20
2025-04-13 19:51:23,450 - JSPGymEnvironment - INFO - Executed operation: Job J1, Op 0, Machine M1, Start: 1942.0, End: 1982.0, Setup: 25
2025-04-13 19:51:23,486 - JSPGymEnvironment - INFO - Material change on machine M2: Mountainbike_Bremsaufnahme_gebohrt -> Citybike_Rahmen_nachbearbeitet, setup time: 20
2025-04-13 19:51:23,486 - JSPGymEnvironment - INFO - Executed operation: Job J14, Op 6, Machine M2, Start: 2002.0, End: 2026.0, Setup: 20
2025-04-13 19:51:23,521 - JSPGymEnvironment - INFO - Material change on machine M2: Citybike_Rahmen_nachbearbeitet -> Citybike_Schaltauge_bearbeitet, setup time: 20
2025-04-13 19:51:23,521 - JSPGymEnvironment - INFO - Executed operation: Job J11, Op 1, Machine M2, Start: 2046.0, End: 2059.0, Setup: 20
2025-04-13 19:51:23,555 - JSPGymEnvironment - INFO - Executed operation: Job J15, Op 0, Machine M1, Start: 2084.0, End: 2107.0, Setup: 25
2025-04-13 19:51:23,590 - JSPGymEnvironment - INFO - Material change on machine M2: Citybike_Schaltauge_bearbeitet -> Racebike_Schaltauge_bearbeitet, setup time: 20
2025-04-13 19:51:23,590 - JSPGymEnvironment - INFO - Executed operation: Job J1, Op 1, Machine M2, Start: 2127.0, End: 2143.0, Setup: 20
2025-04-13 19:51:23,627 - JSPGymEnvironment - INFO - Material change on machine M3: E-Bike_Antrieb_installiert -> Racebike_Antrieb_installiert, setup time: 15
2025-04-13 19:51:23,627 - JSPGymEnvironment - INFO - Executed operation: Job J16, Op 2, Machine M3, Start: 2158.0, End: 2188.0, Setup: 15
2025-04-13 19:51:23,659 - JSPGymEnvironment - INFO - Material change on machine M2: Racebike_Schaltauge_bearbeitet -> Citybike_Schaltauge_bearbeitet, setup time: 20
2025-04-13 19:51:23,660 - JSPGymEnvironment - INFO - Executed operation: Job J17, Op 1, Machine M2, Start: 2208.0, End: 2228.0, Setup: 20
2025-04-13 19:51:23,691 - JSPGymEnvironment - INFO - Material change on machine M3: Racebike_Antrieb_installiert -> Citybike_Antrieb_installiert, setup time: 15
2025-04-13 19:51:23,691 - JSPGymEnvironment - INFO - Executed operation: Job J17, Op 2, Machine M3, Start: 2243.0, End: 2277.0, Setup: 15
2025-04-13 19:51:23,722 - JSPGymEnvironment - INFO - Executed operation: Job J11, Op 2, Machine M3, Start: 2287.0, End: 2329.0, Setup: 10
2025-04-13 19:51:23,752 - JSPGymEnvironment - INFO - Executed operation: Job J2, Op 1, Machine M2, Start: 2344.0, End: 2354.0, Setup: 15
2025-04-13 19:51:23,782 - JSPGymEnvironment - INFO - Material change on machine M2: Citybike_Schaltauge_bearbeitet -> Racebike_Bremsaufnahme_gebohrt, setup time: 20
2025-04-13 19:51:23,782 - JSPGymEnvironment - INFO - Executed operation: Job J16, Op 3, Machine M2, Start: 2374.0, End: 2397.0, Setup: 20
2025-04-13 19:51:24,003 - JSPGymEnvironment - INFO - Material change on machine M2: Racebike_Bremsaufnahme_gebohrt -> E-Bike_Bremsaufnahme_gebohrt, setup time: 20
2025-04-13 19:51:24,003 - JSPGymEnvironment - INFO - Executed operation: Job J19, Op 3, Machine M2, Start: 2417.0, End: 2430.0, Setup: 20
2025-04-13 19:51:24,033 - JSPGymEnvironment - INFO - Executed operation: Job J2, Op 2, Machine M3, Start: 2440.0, End: 2468.0, Setup: 10
2025-04-13 19:51:24,064 - JSPGymEnvironment - INFO - Material change on machine M2: E-Bike_Bremsaufnahme_gebohrt -> Citybike_Bremsaufnahme_gebohrt, setup time: 20
2025-04-13 19:51:24,064 - JSPGymEnvironment - INFO - Executed operation: Job J9, Op 3, Machine M2, Start: 2488.0, End: 2511.0, Setup: 20
2025-04-13 19:51:24,095 - JSPGymEnvironment - INFO - Executed operation: Job J10, Op 0, Machine M1, Start: 2536.0, End: 2568.0, Setup: 25
2025-04-13 19:51:24,129 - JSPGymEnvironment - INFO - Material change on machine M3: Citybike_Antrieb_installiert -> Racebike_Antrieb_installiert, setup time: 15
2025-04-13 19:51:24,129 - JSPGymEnvironment - INFO - Executed operation: Job J7, Op 2, Machine M3, Start: 2583.0, End: 2607.0, Setup: 15
2025-04-13 19:51:24,161 - JSPGymEnvironment - INFO - Material change on machine M2: Citybike_Bremsaufnahme_gebohrt -> Mountainbike_Rahmen_nachbearbeitet, setup time: 20
2025-04-13 19:51:24,161 - JSPGymEnvironment - INFO - Executed operation: Job J12, Op 4, Machine M2, Start: 2627.0, End: 2655.0, Setup: 20
2025-04-13 19:51:24,193 - JSPGymEnvironment - INFO - Material change on machine M2: Mountainbike_Rahmen_nachbearbeitet -> Citybike_Fahrrad_endmontiert, setup time: 20
2025-04-13 19:51:24,193 - JSPGymEnvironment - INFO - Executed operation: Job J14, Op 7, Machine M2, Start: 2675.0, End: 2696.0, Setup: 20
2025-04-13 19:51:24,193 - JSPGymEnvironment - INFO - Job J14 completed at time 2696.0, deadline: 2880, met: True, priority: 3
2025-04-13 19:51:24,225 - JSPGymEnvironment - INFO - Material change on machine M2: Citybike_Fahrrad_endmontiert -> Racebike_Schaltauge_bearbeitet, setup time: 20
2025-04-13 19:51:24,226 - JSPGymEnvironment - INFO - Executed operation: Job J10, Op 1, Machine M2, Start: 2716.0, End: 2741.0, Setup: 20
2025-04-13 19:51:24,257 - JSPGymEnvironment - INFO - Material change on machine M2: Racebike_Schaltauge_bearbeitet -> Citybike_Bremsaufnahme_gebohrt, setup time: 20
2025-04-13 19:51:24,257 - JSPGymEnvironment - INFO - Executed operation: Job J2, Op 3, Machine M2, Start: 2761.0, End: 2782.0, Setup: 20
2025-04-13 19:51:24,290 - JSPGymEnvironment - INFO - Material change on machine M2: Citybike_Bremsaufnahme_gebohrt -> Citybike_Rahmen_nachbearbeitet, setup time: 20
2025-04-13 19:51:24,290 - JSPGymEnvironment - INFO - Executed operation: Job J9, Op 4, Machine M2, Start: 2802.0, End: 2814.0, Setup: 20
2025-04-13 19:51:24,322 - JSPGymEnvironment - INFO - Material change on machine M3: Racebike_Antrieb_installiert -> Citybike_Fahrrad_endmontiert, setup time: 15
2025-04-13 19:51:24,323 - JSPGymEnvironment - INFO - Executed operation: Job J9, Op 5, Machine M3, Start: 2829.0, End: 2880.0, Setup: 15
2025-04-13 19:51:24,354 - JSPGymEnvironment - INFO - Material change on machine M3: Citybike_Fahrrad_endmontiert -> Citybike_Bremsen_justiert, setup time: 15
2025-04-13 19:51:24,354 - JSPGymEnvironment - INFO - Executed operation: Job J17, Op 3, Machine M3, Start: 2895.0, End: 2921.0, Setup: 15
2025-04-13 19:51:24,386 - JSPGymEnvironment - INFO - Material change on machine M2: Citybike_Rahmen_nachbearbeitet -> Racebike_Bremsaufnahme_gebohrt, setup time: 20
2025-04-13 19:51:24,386 - JSPGymEnvironment - INFO - Executed operation: Job J7, Op 3, Machine M2, Start: 2941.0, End: 2964.0, Setup: 20
2025-04-13 19:51:24,417 - JSPGymEnvironment - INFO - Material change on machine M3: Citybike_Bremsen_justiert -> Racebike_Antrieb_installiert, setup time: 15
2025-04-13 19:51:24,418 - JSPGymEnvironment - INFO - Executed operation: Job J10, Op 2, Machine M3, Start: 2979.0, End: 3018.0, Setup: 15
2025-04-13 19:51:24,449 - JSPGymEnvironment - INFO - Material change on machine M2: Racebike_Bremsaufnahme_gebohrt -> Racebike_Schaltauge_bearbeitet, setup time: 20
2025-04-13 19:51:24,449 - JSPGymEnvironment - INFO - Executed operation: Job J4, Op 1, Machine M2, Start: 3038.0, End: 3053.0, Setup: 20
2025-04-13 19:51:24,679 - JSPGymEnvironment - INFO - Material change on machine M3: Racebike_Antrieb_installiert -> Citybike_Fahrrad_endmontiert, setup time: 15
2025-04-13 19:51:24,679 - JSPGymEnvironment - INFO - Executed operation: Job J17, Op 4, Machine M3, Start: 3068.0, End: 3118.0, Setup: 15
2025-04-13 19:51:24,725 - JSPGymEnvironment - INFO - Executed operation: Job J9, Op 6, Machine M3, Start: 3128.0, End: 3151.0, Setup: 10
2025-04-13 19:51:24,725 - JSPGymEnvironment - INFO - Job J9 completed at time 3151.0, deadline: 2880, met: False, priority: 8
2025-04-13 19:51:24,769 - JSPGymEnvironment - INFO - Material change on machine M2: Racebike_Schaltauge_bearbeitet -> Mountainbike_Rahmen_nachbearbeitet, setup time: 20
2025-04-13 19:51:24,769 - JSPGymEnvironment - INFO - Executed operation: Job J12, Op 5, Machine M2, Start: 3171.0, End: 3199.0, Setup: 20
2025-04-13 19:51:24,807 - JSPGymEnvironment - INFO - Material change on machine M2: Mountainbike_Rahmen_nachbearbeitet -> Mountainbike_Fahrrad_endmontiert, setup time: 20
2025-04-13 19:51:24,807 - JSPGymEnvironment - INFO - Executed operation: Job J12, Op 6, Machine M2, Start: 3219.0, End: 3241.0, Setup: 20
2025-04-13 19:51:24,807 - JSPGymEnvironment - INFO - Job J12 completed at time 3241.0, deadline: 2863, met: False, priority: 2
2025-04-13 19:51:24,849 - JSPGymEnvironment - INFO - Material change on machine M2: Mountainbike_Fahrrad_endmontiert -> Racebike_Bremsaufnahme_gebohrt, setup time: 20
2025-04-13 19:51:24,849 - JSPGymEnvironment - INFO - Executed operation: Job J10, Op 3, Machine M2, Start: 3261.0, End: 3283.0, Setup: 20
2025-04-13 19:51:24,883 - JSPGymEnvironment - INFO - Executed operation: Job J17, Op 5, Machine M3, Start: 3293.0, End: 3352.0, Setup: 10
2025-04-13 19:51:24,916 - JSPGymEnvironment - INFO - Material change on machine M2: Racebike_Bremsaufnahme_gebohrt -> Racebike_Rahmen_nachbearbeitet, setup time: 20
2025-04-13 19:51:24,916 - JSPGymEnvironment - INFO - Executed operation: Job J7, Op 4, Machine M2, Start: 3372.0, End: 3398.0, Setup: 20
2025-04-13 19:51:24,950 - JSPGymEnvironment - INFO - Material change on machine M2: Racebike_Rahmen_nachbearbeitet -> Citybike_Rahmen_nachbearbeitet, setup time: 20
2025-04-13 19:51:24,950 - JSPGymEnvironment - INFO - Executed operation: Job J2, Op 4, Machine M2, Start: 3418.0, End: 3442.0, Setup: 20
2025-04-13 19:51:24,983 - JSPGymEnvironment - INFO - Material change on machine M2: Citybike_Rahmen_nachbearbeitet -> Racebike_Rahmen_nachbearbeitet, setup time: 20
2025-04-13 19:51:24,984 - JSPGymEnvironment - INFO - Executed operation: Job J7, Op 5, Machine M2, Start: 3462.0, End: 3480.0, Setup: 20
2025-04-13 19:51:25,017 - JSPGymEnvironment - INFO - Executed operation: Job J7, Op 6, Machine M2, Start: 3495.0, End: 3510.0, Setup: 15
2025-04-13 19:51:25,049 - JSPGymEnvironment - INFO - Executed operation: Job J2, Op 5, Machine M3, Start: 3520.0, End: 3541.0, Setup: 10
2025-04-13 19:51:25,050 - JSPGymEnvironment - INFO - Job J2 completed at time 3541.0, deadline: 2880, met: False, priority: 3
2025-04-13 19:51:25,082 - JSPGymEnvironment - INFO - Executed operation: Job J17, Op 6, Machine M3, Start: 3551.0, End: 3576.0, Setup: 10
2025-04-13 19:51:25,083 - JSPGymEnvironment - INFO - Job J17 completed at time 3576.0, deadline: 2880, met: False, priority: 6
2025-04-13 19:51:25,117 - JSPGymEnvironment - INFO - Material change on machine M2: Racebike_Rahmen_nachbearbeitet -> Racebike_Fahrrad_endmontiert, setup time: 20
2025-04-13 19:51:25,117 - JSPGymEnvironment - INFO - Executed operation: Job J7, Op 7, Machine M2, Start: 3596.0, End: 3621.0, Setup: 20
2025-04-13 19:51:25,117 - JSPGymEnvironment - INFO - Job J7 completed at time 3621.0, deadline: 2880, met: False, priority: 9
2025-04-13 19:51:25,152 - JSPGymEnvironment - INFO - Material change on machine M3: Citybike_Fahrrad_endmontiert -> Racebike_Antrieb_installiert, setup time: 15
2025-04-13 19:51:25,152 - JSPGymEnvironment - INFO - Executed operation: Job J1, Op 2, Machine M3, Start: 3636.0, End: 3672.0, Setup: 15
2025-04-13 19:51:25,414 - JSPGymEnvironment - INFO - Material change on machine M2: Racebike_Fahrrad_endmontiert -> Racebike_Rahmen_nachbearbeitet, setup time: 20
2025-04-13 19:51:25,415 - JSPGymEnvironment - INFO - Executed operation: Job J10, Op 4, Machine M2, Start: 3692.0, End: 3703.0, Setup: 20
2025-04-13 19:51:25,450 - JSPGymEnvironment - INFO - Material change on machine M3: Racebike_Antrieb_installiert -> Mountainbike_Antrieb_installiert, setup time: 15
2025-04-13 19:51:25,450 - JSPGymEnvironment - INFO - Executed operation: Job J5, Op 2, Machine M3, Start: 3718.0, End: 3743.0, Setup: 15
2025-04-13 19:51:25,484 - JSPGymEnvironment - INFO - Material change on machine M1: Racebike_Hauptrahmen_zugeschnitten -> Mountainbike_Hauptrahmen_zugeschnitten, setup time: 40
2025-04-13 19:51:25,485 - JSPGymEnvironment - INFO - Executed operation: Job J20, Op 0, Machine M1, Start: 3783.0, End: 3802.0, Setup: 40
2025-04-13 19:51:25,518 - JSPGymEnvironment - INFO - Material change on machine M2: Racebike_Rahmen_nachbearbeitet -> Racebike_Schaltauge_bearbeitet, setup time: 20
2025-04-13 19:51:25,519 - JSPGymEnvironment - INFO - Executed operation: Job J15, Op 1, Machine M2, Start: 3822.0, End: 3835.0, Setup: 20
2025-04-13 19:51:25,552 - JSPGymEnvironment - INFO - Material change on machine M2: Racebike_Schaltauge_bearbeitet -> Racebike_Rahmen_nachbearbeitet, setup time: 20
2025-04-13 19:51:25,552 - JSPGymEnvironment - INFO - Executed operation: Job J10, Op 5, Machine M2, Start: 3855.0, End: 3873.0, Setup: 20
2025-04-13 19:51:25,585 - JSPGymEnvironment - INFO - Material change on machine M2: Racebike_Rahmen_nachbearbeitet -> Mountainbike_Schaltauge_bearbeitet, setup time: 20
2025-04-13 19:51:25,586 - JSPGymEnvironment - INFO - Executed operation: Job J20, Op 1, Machine M2, Start: 3893.0, End: 3918.0, Setup: 20
2025-04-13 19:51:25,622 - JSPGymEnvironment - INFO - Material change on machine M2: Mountainbike_Schaltauge_bearbeitet -> Racebike_Bremsaufnahme_gebohrt, setup time: 20
2025-04-13 19:51:25,622 - JSPGymEnvironment - INFO - Executed operation: Job J1, Op 3, Machine M2, Start: 3938.0, End: 3956.0, Setup: 20
2025-04-13 19:51:25,657 - JSPGymEnvironment - INFO - Material change on machine M2: Racebike_Bremsaufnahme_gebohrt -> Racebike_Rahmen_nachbearbeitet, setup time: 20
2025-04-13 19:51:25,658 - JSPGymEnvironment - INFO - Executed operation: Job J10, Op 6, Machine M2, Start: 3976.0, End: 3987.0, Setup: 20
2025-04-13 19:51:25,698 - JSPGymEnvironment - INFO - Material change on machine M3: Mountainbike_Antrieb_installiert -> Citybike_Bremsen_justiert, setup time: 15
2025-04-13 19:51:25,699 - JSPGymEnvironment - INFO - Executed operation: Job J11, Op 3, Machine M3, Start: 4002.0, End: 4024.0, Setup: 15
2025-04-13 19:51:25,752 - JSPGymEnvironment - INFO - Material change on machine M2: Racebike_Rahmen_nachbearbeitet -> Racebike_Fahrrad_endmontiert, setup time: 20
2025-04-13 19:51:25,752 - JSPGymEnvironment - INFO - Executed operation: Job J10, Op 7, Machine M2, Start: 4044.0, End: 4056.0, Setup: 20
2025-04-13 19:51:25,753 - JSPGymEnvironment - INFO - Job J10 completed at time 4056.0, deadline: 2880, met: False, priority: 9
2025-04-13 19:51:25,858 - JSPGymEnvironment - INFO - Material change on machine M3: Citybike_Bremsen_justiert -> Mountainbike_Antrieb_installiert, setup time: 15
2025-04-13 19:51:25,858 - JSPGymEnvironment - INFO - Executed operation: Job J20, Op 2, Machine M3, Start: 4071.0, End: 4095.0, Setup: 15
2025-04-13 19:51:25,929 - JSPGymEnvironment - INFO - Material change on machine M2: Racebike_Fahrrad_endmontiert -> E-Bike_Rahmen_nachbearbeitet, setup time: 20
2025-04-13 19:51:25,929 - JSPGymEnvironment - INFO - Executed operation: Job J19, Op 4, Machine M2, Start: 4115.0, End: 4132.0, Setup: 20
2025-04-13 19:51:26,010 - JSPGymEnvironment - INFO - Material change on machine M1: Mountainbike_Hauptrahmen_zugeschnitten -> E-Bike_Hauptrahmen_zugeschnitten, setup time: 40
2025-04-13 19:51:26,010 - JSPGymEnvironment - INFO - Executed operation: Job J13, Op 0, Machine M1, Start: 4172.0, End: 4213.0, Setup: 40
2025-04-13 19:51:26,081 - JSPGymEnvironment - INFO - Material change on machine M2: E-Bike_Rahmen_nachbearbeitet -> Racebike_Rahmen_nachbearbeitet, setup time: 20
2025-04-13 19:51:26,082 - JSPGymEnvironment - INFO - Executed operation: Job J1, Op 4, Machine M2, Start: 4233.0, End: 4255.0, Setup: 20
2025-04-13 19:51:26,379 - JSPGymEnvironment - INFO - Material change on machine M2: Racebike_Rahmen_nachbearbeitet -> E-Bike_Rahmen_nachbearbeitet, setup time: 20
2025-04-13 19:51:26,380 - JSPGymEnvironment - INFO - Executed operation: Job J19, Op 5, Machine M2, Start: 4275.0, End: 4296.0, Setup: 20
2025-04-13 19:51:26,423 - JSPGymEnvironment - INFO - Material change on machine M3: Mountainbike_Antrieb_installiert -> Mountainbike_Bremsen_justiert, setup time: 15
2025-04-13 19:51:26,423 - JSPGymEnvironment - INFO - Executed operation: Job J20, Op 3, Machine M3, Start: 4311.0, End: 4352.0, Setup: 15
2025-04-13 19:51:26,466 - JSPGymEnvironment - INFO - Material change on machine M3: Mountainbike_Bremsen_justiert -> Racebike_Antrieb_installiert, setup time: 15
2025-04-13 19:51:26,467 - JSPGymEnvironment - INFO - Executed operation: Job J15, Op 2, Machine M3, Start: 4367.0, End: 4402.0, Setup: 15
2025-04-13 19:51:26,510 - JSPGymEnvironment - INFO - Material change on machine M2: E-Bike_Rahmen_nachbearbeitet -> Mountainbike_Bremsaufnahme_gebohrt, setup time: 20
2025-04-13 19:51:26,510 - JSPGymEnvironment - INFO - Executed operation: Job J5, Op 3, Machine M2, Start: 4422.0, End: 4437.0, Setup: 20
2025-04-13 19:51:26,565 - JSPGymEnvironment - INFO - Material change on machine M2: Mountainbike_Bremsaufnahme_gebohrt -> Mountainbike_Rahmen_nachbearbeitet, setup time: 20
2025-04-13 19:51:26,566 - JSPGymEnvironment - INFO - Executed operation: Job J20, Op 4, Machine M2, Start: 4457.0, End: 4474.0, Setup: 20
2025-04-13 19:51:26,640 - JSPGymEnvironment - INFO - Material change on machine M3: Racebike_Antrieb_installiert -> Mountainbike_Fahrrad_endmontiert, setup time: 15
2025-04-13 19:51:26,640 - JSPGymEnvironment - INFO - Executed operation: Job J20, Op 5, Machine M3, Start: 4489.0, End: 4514.0, Setup: 15
2025-04-13 19:51:26,696 - JSPGymEnvironment - INFO - Material change on machine M2: Mountainbike_Rahmen_nachbearbeitet -> Racebike_Fahrrad_endmontiert, setup time: 20
2025-04-13 19:51:26,696 - JSPGymEnvironment - INFO - Executed operation: Job J1, Op 5, Machine M2, Start: 4534.0, End: 4546.0, Setup: 20
2025-04-13 19:51:26,696 - JSPGymEnvironment - INFO - Job J1 completed at time 4546.0, deadline: 2790, met: False, priority: 7
2025-04-13 19:51:26,764 - JSPGymEnvironment - INFO - Material change on machine M2: Racebike_Fahrrad_endmontiert -> Citybike_Schaltauge_bearbeitet, setup time: 20
2025-04-13 19:51:26,764 - JSPGymEnvironment - INFO - Executed operation: Job J8, Op 1, Machine M2, Start: 4566.0, End: 4579.0, Setup: 20
2025-04-13 19:51:26,822 - JSPGymEnvironment - INFO - Material change on machine M3: Mountainbike_Fahrrad_endmontiert -> Racebike_Antrieb_installiert, setup time: 15
2025-04-13 19:51:26,823 - JSPGymEnvironment - INFO - Executed operation: Job J4, Op 2, Machine M3, Start: 4594.0, End: 4634.0, Setup: 15
2025-04-13 19:51:26,889 - JSPGymEnvironment - INFO - Material change on machine M2: Citybike_Schaltauge_bearbeitet -> Mountainbike_Rahmen_nachbearbeitet, setup time: 20
2025-04-13 19:51:26,889 - JSPGymEnvironment - INFO - Executed operation: Job J5, Op 4, Machine M2, Start: 4654.0, End: 4684.0, Setup: 20
2025-04-13 19:51:26,960 - JSPGymEnvironment - INFO - Material change on machine M2: Mountainbike_Rahmen_nachbearbeitet -> E-Bike_Schaltauge_bearbeitet, setup time: 20
2025-04-13 19:51:26,961 - JSPGymEnvironment - INFO - Executed operation: Job J13, Op 1, Machine M2, Start: 4704.0, End: 4727.0, Setup: 20
2025-04-13 19:51:27,014 - JSPGymEnvironment - INFO - Material change on machine M1: E-Bike_Hauptrahmen_zugeschnitten -> Racebike_Hauptrahmen_zugeschnitten, setup time: 40
2025-04-13 19:51:27,014 - JSPGymEnvironment - INFO - Executed operation: Job J6, Op 0, Machine M1, Start: 4767.0, End: 4803.0, Setup: 40
2025-04-13 19:51:27,062 - JSPGymEnvironment - INFO - Material change on machine M3: Racebike_Antrieb_installiert -> Racebike_Bremsen_justiert, setup time: 15
2025-04-13 19:51:27,062 - JSPGymEnvironment - INFO - Executed operation: Job J15, Op 3, Machine M3, Start: 4818.0, End: 4845.0, Setup: 15
2025-04-13 19:51:27,371 - JSPGymEnvironment - INFO - Material change on machine M2: E-Bike_Schaltauge_bearbeitet -> Racebike_Rahmen_nachbearbeitet, setup time: 20
2025-04-13 19:51:27,371 - JSPGymEnvironment - INFO - Executed operation: Job J16, Op 4, Machine M2, Start: 4865.0, End: 4879.0, Setup: 20
2025-04-13 19:51:27,418 - JSPGymEnvironment - INFO - Material change on machine M3: Racebike_Bremsen_justiert -> E-Bike_Antrieb_installiert, setup time: 15
2025-04-13 19:51:27,418 - JSPGymEnvironment - INFO - Executed operation: Job J13, Op 2, Machine M3, Start: 4894.0, End: 4947.0, Setup: 15
2025-04-13 19:51:27,461 - JSPGymEnvironment - INFO - Material change on machine M3: E-Bike_Antrieb_installiert -> Mountainbike_Fahrrad_endmontiert, setup time: 15
2025-04-13 19:51:27,462 - JSPGymEnvironment - INFO - Executed operation: Job J20, Op 6, Machine M3, Start: 4962.0, End: 5002.0, Setup: 15
2025-04-13 19:51:27,462 - JSPGymEnvironment - INFO - Job J20 completed at time 5002.0, deadline: 2744, met: False, priority: 3
2025-04-13 19:51:27,508 - JSPGymEnvironment - INFO - Executed operation: Job J15, Op 4, Machine M2, Start: 5017.0, End: 5037.0, Setup: 15
2025-04-13 19:51:27,552 - JSPGymEnvironment - INFO - Material change on machine M3: Mountainbike_Fahrrad_endmontiert -> Citybike_Antrieb_installiert, setup time: 15
2025-04-13 19:51:27,552 - JSPGymEnvironment - INFO - Executed operation: Job J8, Op 2, Machine M3, Start: 5052.0, End: 5106.0, Setup: 15
2025-04-13 19:51:27,595 - JSPGymEnvironment - INFO - Material change on machine M2: Racebike_Rahmen_nachbearbeitet -> Racebike_Schaltauge_bearbeitet, setup time: 20
2025-04-13 19:51:27,595 - JSPGymEnvironment - INFO - Executed operation: Job J6, Op 1, Machine M2, Start: 5126.0, End: 5139.0, Setup: 20
2025-04-13 19:51:27,639 - JSPGymEnvironment - INFO - Material change on machine M2: Racebike_Schaltauge_bearbeitet -> E-Bike_Fahrrad_endmontiert, setup time: 20
2025-04-13 19:51:27,639 - JSPGymEnvironment - INFO - Executed operation: Job J19, Op 6, Machine M2, Start: 5159.0, End: 5184.0, Setup: 20
2025-04-13 19:51:27,639 - JSPGymEnvironment - INFO - Job J19 completed at time 5184.0, deadline: 2737, met: False, priority: 8
2025-04-13 19:51:27,687 - JSPGymEnvironment - INFO - Material change on machine M2: E-Bike_Fahrrad_endmontiert -> Racebike_Bremsaufnahme_gebohrt, setup time: 20
2025-04-13 19:51:27,687 - JSPGymEnvironment - INFO - Executed operation: Job J4, Op 3, Machine M2, Start: 5204.0, End: 5218.0, Setup: 20
2025-04-13 19:51:27,747 - JSPGymEnvironment - INFO - Material change on machine M3: Citybike_Antrieb_installiert -> Citybike_Bremsen_justiert, setup time: 15
2025-04-13 19:51:27,748 - JSPGymEnvironment - INFO - Executed operation: Job J8, Op 3, Machine M3, Start: 5233.0, End: 5291.0, Setup: 15
2025-04-13 19:51:27,804 - JSPGymEnvironment - INFO - Material change on machine M3: Citybike_Bremsen_justiert -> Citybike_Fahrrad_endmontiert, setup time: 15
2025-04-13 19:51:27,804 - JSPGymEnvironment - INFO - Executed operation: Job J11, Op 4, Machine M3, Start: 5306.0, End: 5345.0, Setup: 15
2025-04-13 19:51:27,856 - JSPGymEnvironment - INFO - Material change on machine M2: Racebike_Bremsaufnahme_gebohrt -> Racebike_Fahrrad_endmontiert, setup time: 20
2025-04-13 19:51:27,856 - JSPGymEnvironment - INFO - Executed operation: Job J16, Op 5, Machine M2, Start: 5365.0, End: 5395.0, Setup: 20
2025-04-13 19:51:27,856 - JSPGymEnvironment - INFO - Job J16 completed at time 5395.0, deadline: 2855, met: False, priority: 7
2025-04-13 19:51:27,901 - JSPGymEnvironment - INFO - Material change on machine M2: Racebike_Fahrrad_endmontiert -> Racebike_Rahmen_nachbearbeitet, setup time: 20
2025-04-13 19:51:27,901 - JSPGymEnvironment - INFO - Executed operation: Job J15, Op 5, Machine M2, Start: 5415.0, End: 5438.0, Setup: 20
2025-04-13 19:51:27,952 - JSPGymEnvironment - INFO - Material change on machine M2: Racebike_Rahmen_nachbearbeitet -> Citybike_Rahmen_nachbearbeitet, setup time: 20
2025-04-13 19:51:27,952 - JSPGymEnvironment - INFO - Executed operation: Job J11, Op 5, Machine M2, Start: 5458.0, End: 5475.0, Setup: 20
2025-04-13 19:51:28,045 - JSPGymEnvironment - INFO - Material change on machine M2: Citybike_Rahmen_nachbearbeitet -> E-Bike_Bremsaufnahme_gebohrt, setup time: 20
2025-04-13 19:51:28,046 - JSPGymEnvironment - INFO - Executed operation: Job J13, Op 3, Machine M2, Start: 5495.0, End: 5517.0, Setup: 20
2025-04-13 19:51:28,096 - JSPGymEnvironment - INFO - Material change on machine M3: Citybike_Fahrrad_endmontiert -> E-Bike_Fahrrad_endmontiert, setup time: 15
2025-04-13 19:51:28,096 - JSPGymEnvironment - INFO - Executed operation: Job J13, Op 4, Machine M3, Start: 5532.0, End: 5585.0, Setup: 15
2025-04-13 19:51:28,096 - JSPGymEnvironment - INFO - Job J13 completed at time 5585.0, deadline: 2863, met: False, priority: 7
2025-04-13 19:51:28,416 - JSPGymEnvironment - INFO - Material change on machine M3: E-Bike_Fahrrad_endmontiert -> Citybike_Fahrrad_endmontiert, setup time: 15
2025-04-13 19:51:28,416 - JSPGymEnvironment - INFO - Executed operation: Job J8, Op 4, Machine M3, Start: 5600.0, End: 5649.0, Setup: 15
2025-04-13 19:51:28,490 - JSPGymEnvironment - INFO - Material change on machine M3: Citybike_Fahrrad_endmontiert -> Racebike_Antrieb_installiert, setup time: 15
2025-04-13 19:51:28,490 - JSPGymEnvironment - INFO - Executed operation: Job J6, Op 2, Machine M3, Start: 5664.0, End: 5702.0, Setup: 15
2025-04-13 19:51:28,562 - JSPGymEnvironment - INFO - Material change on machine M3: Racebike_Antrieb_installiert -> Racebike_Fahrrad_endmontiert, setup time: 15
2025-04-13 19:51:28,563 - JSPGymEnvironment - INFO - Executed operation: Job J15, Op 6, Machine M3, Start: 5717.0, End: 5744.0, Setup: 15
2025-04-13 19:51:28,634 - JSPGymEnvironment - INFO - Material change on machine M2: E-Bike_Bremsaufnahme_gebohrt -> Citybike_Fahrrad_endmontiert, setup time: 20
2025-04-13 19:51:28,634 - JSPGymEnvironment - INFO - Executed operation: Job J8, Op 5, Machine M2, Start: 5764.0, End: 5794.0, Setup: 20
2025-04-13 19:51:28,635 - JSPGymEnvironment - INFO - Job J8 completed at time 5794.0, deadline: 2762, met: False, priority: 5
2025-04-13 19:51:28,694 - JSPGymEnvironment - INFO - Material change on machine M2: Citybike_Fahrrad_endmontiert -> Citybike_Rahmen_nachbearbeitet, setup time: 20
2025-04-13 19:51:28,694 - JSPGymEnvironment - INFO - Executed operation: Job J11, Op 6, Machine M2, Start: 5814.0, End: 5836.0, Setup: 20
2025-04-13 19:51:28,739 - JSPGymEnvironment - INFO - Executed operation: Job J15, Op 7, Machine M3, Start: 5846.0, End: 5892.0, Setup: 10
2025-04-13 19:51:28,740 - JSPGymEnvironment - INFO - Job J15 completed at time 5892.0, deadline: 2833, met: False, priority: 10
2025-04-13 19:51:28,783 - JSPGymEnvironment - INFO - Material change on machine M2: Citybike_Rahmen_nachbearbeitet -> Racebike_Rahmen_nachbearbeitet, setup time: 20
2025-04-13 19:51:28,783 - JSPGymEnvironment - INFO - Executed operation: Job J4, Op 4, Machine M2, Start: 5912.0, End: 5937.0, Setup: 20
2025-04-13 19:51:28,826 - JSPGymEnvironment - INFO - Material change on machine M3: Racebike_Fahrrad_endmontiert -> Racebike_Bremsen_justiert, setup time: 15
2025-04-13 19:51:28,827 - JSPGymEnvironment - INFO - Executed operation: Job J6, Op 3, Machine M3, Start: 5952.0, End: 6010.0, Setup: 15
2025-04-13 19:51:28,873 - JSPGymEnvironment - INFO - Material change on machine M2: Racebike_Rahmen_nachbearbeitet -> Mountainbike_Fahrrad_endmontiert, setup time: 20
2025-04-13 19:51:28,873 - JSPGymEnvironment - INFO - Executed operation: Job J5, Op 5, Machine M2, Start: 6030.0, End: 6052.0, Setup: 20
2025-04-13 19:51:28,873 - JSPGymEnvironment - INFO - Job J5 completed at time 6052.0, deadline: 2880, met: False, priority: 1
2025-04-13 19:51:28,919 - JSPGymEnvironment - INFO - Material change on machine M2: Mountainbike_Fahrrad_endmontiert -> Citybike_Fahrrad_endmontiert, setup time: 20
2025-04-13 19:51:28,919 - JSPGymEnvironment - INFO - Executed operation: Job J11, Op 7, Machine M2, Start: 6072.0, End: 6101.0, Setup: 20
2025-04-13 19:51:28,919 - JSPGymEnvironment - INFO - Job J11 completed at time 6101.0, deadline: 2880, met: False, priority: 7
2025-04-13 19:51:28,965 - JSPGymEnvironment - INFO - Material change on machine M2: Citybike_Fahrrad_endmontiert -> Racebike_Rahmen_nachbearbeitet, setup time: 20
2025-04-13 19:51:28,966 - JSPGymEnvironment - INFO - Executed operation: Job J4, Op 5, Machine M2, Start: 6121.0, End: 6145.0, Setup: 20
2025-04-13 19:51:29,013 - JSPGymEnvironment - INFO - Material change on machine M3: Racebike_Bremsen_justiert -> Racebike_Fahrrad_endmontiert, setup time: 15
2025-04-13 19:51:29,013 - JSPGymEnvironment - INFO - Executed operation: Job J4, Op 6, Machine M3, Start: 6160.0, End: 6186.0, Setup: 15
2025-04-13 19:51:29,013 - JSPGymEnvironment - INFO - Job J4 completed at time 6186.0, deadline: 2757, met: False, priority: 7
2025-04-13 19:51:29,056 - JSPGymEnvironment - INFO - Executed operation: Job J6, Op 4, Machine M3, Start: 6196.0, End: 6237.0, Setup: 10
2025-04-13 19:51:29,056 - JSPGymEnvironment - INFO - Job J6 completed at time 6237.0, deadline: 2880, met: False, priority: 10
2025-04-13 19:51:29,057 - JSPGymEnvironment - INFO - Reward function updated with 51 insights
2025-04-13 19:51:29,057 - JSPGymEnvironment - INFO -   Material change on critical path at Job 5 Operation 0 on Machine M1 (Severity: 1.00)
2025-04-13 19:51:29,057 - JSPGymEnvironment - INFO -   Material change on critical path at Job 5 Operation 1 on Machine M2 (Severity: 1.00)
2025-04-13 19:51:29,057 - JSPGymEnvironment - INFO -   Material change on critical path at Job 5 Operation 2 on Machine M3 (Severity: 1.00)
2025-04-13 19:51:29,057 - JSPGymEnvironment - INFO -   Material change on critical path at Job 5 Operation 3 on Machine M3 (Severity: 1.00)
2025-04-13 19:51:29,057 - JSPGymEnvironment - INFO -   Idle time on critical path before Job 5 Operation 3 on Machine M3 (Severity: 4.31)
2025-04-13 19:51:29,057 - JSPGymEnvironment - INFO -   Idle time on critical path before Job 5 Operation 4 on Machine M3 (Severity: 4.54)
2025-04-13 19:51:29,057 - JSPGymEnvironment - INFO -   High priority (8) not on critical path: Job 2 Operation 0 (Severity: 0.33)
2025-04-13 19:51:29,058 - JSPGymEnvironment - INFO -   High priority (8) not on critical path: Job 2 Operation 1 (Severity: 0.33)
2025-04-13 19:51:29,058 - JSPGymEnvironment - INFO -   High priority (9) not on critical path: Job 6 Operation 0 (Severity: 0.67)
2025-04-13 19:51:29,058 - JSPGymEnvironment - INFO -   High priority (8) not on critical path: Job 2 Operation 2 (Severity: 0.33)
2025-04-13 19:51:29,058 - JSPGymEnvironment - INFO -   High priority (8) not on critical path: Job 18 Operation 0 (Severity: 0.33)
2025-04-13 19:51:29,058 - JSPGymEnvironment - INFO -   High priority (8) not on critical path: Job 2 Operation 3 (Severity: 0.33)
2025-04-13 19:51:29,058 - JSPGymEnvironment - INFO -   High priority (8) not on critical path: Job 8 Operation 0 (Severity: 0.33)
2025-04-13 19:51:29,058 - JSPGymEnvironment - INFO -   High priority (8) not on critical path: Job 2 Operation 4 (Severity: 0.33)
2025-04-13 19:51:29,058 - JSPGymEnvironment - INFO -   High priority (8) not on critical path: Job 2 Operation 5 (Severity: 0.33)
2025-04-13 19:51:29,058 - JSPGymEnvironment - INFO -   High priority (8) not on critical path: Job 2 Operation 6 (Severity: 0.33)
2025-04-13 19:51:29,058 - JSPGymEnvironment - INFO -   High priority (8) not on critical path: Job 18 Operation 1 (Severity: 0.33)
2025-04-13 19:51:29,058 - JSPGymEnvironment - INFO -   High priority (8) not on critical path: Job 8 Operation 1 (Severity: 0.33)
2025-04-13 19:51:29,058 - JSPGymEnvironment - INFO -   High priority (8) not on critical path: Job 8 Operation 2 (Severity: 0.33)
2025-04-13 19:51:29,058 - JSPGymEnvironment - INFO -   High priority (8) not on critical path: Job 18 Operation 2 (Severity: 0.33)
2025-04-13 19:51:29,058 - JSPGymEnvironment - INFO -   High priority (9) not on critical path: Job 6 Operation 1 (Severity: 0.67)
2025-04-13 19:51:29,058 - JSPGymEnvironment - INFO -   High priority (10) not on critical path: Job 14 Operation 0 (Severity: 1.00)
2025-04-13 19:51:29,058 - JSPGymEnvironment - INFO -   High priority (8) not on critical path: Job 18 Operation 3 (Severity: 0.33)
2025-04-13 19:51:29,058 - JSPGymEnvironment - INFO -   High priority (8) not on critical path: Job 8 Operation 3 (Severity: 0.33)
2025-04-13 19:51:29,058 - JSPGymEnvironment - INFO -   High priority (9) not on critical path: Job 9 Operation 0 (Severity: 0.67)
2025-04-13 19:51:29,058 - JSPGymEnvironment - INFO -   High priority (9) not on critical path: Job 6 Operation 2 (Severity: 0.67)
2025-04-13 19:51:29,059 - JSPGymEnvironment - INFO -   High priority (9) not on critical path: Job 9 Operation 1 (Severity: 0.67)
2025-04-13 19:51:29,059 - JSPGymEnvironment - INFO -   High priority (8) not on critical path: Job 8 Operation 4 (Severity: 0.33)
2025-04-13 19:51:29,059 - JSPGymEnvironment - INFO -   High priority (8) not on critical path: Job 8 Operation 5 (Severity: 0.33)
2025-04-13 19:51:29,059 - JSPGymEnvironment - INFO -   High priority (9) not on critical path: Job 6 Operation 3 (Severity: 0.67)
2025-04-13 19:51:29,059 - JSPGymEnvironment - INFO -   High priority (9) not on critical path: Job 9 Operation 2 (Severity: 0.67)
2025-04-13 19:51:29,059 - JSPGymEnvironment - INFO -   High priority (8) not on critical path: Job 8 Operation 6 (Severity: 0.33)
2025-04-13 19:51:29,059 - JSPGymEnvironment - INFO -   High priority (9) not on critical path: Job 9 Operation 3 (Severity: 0.67)
2025-04-13 19:51:29,059 - JSPGymEnvironment - INFO -   High priority (9) not on critical path: Job 6 Operation 4 (Severity: 0.67)
2025-04-13 19:51:29,059 - JSPGymEnvironment - INFO -   High priority (9) not on critical path: Job 6 Operation 5 (Severity: 0.67)
2025-04-13 19:51:29,059 - JSPGymEnvironment - INFO -   High priority (9) not on critical path: Job 6 Operation 6 (Severity: 0.67)
2025-04-13 19:51:29,059 - JSPGymEnvironment - INFO -   High priority (9) not on critical path: Job 6 Operation 7 (Severity: 0.67)
2025-04-13 19:51:29,059 - JSPGymEnvironment - INFO -   High priority (9) not on critical path: Job 9 Operation 4 (Severity: 0.67)
2025-04-13 19:51:29,060 - JSPGymEnvironment - INFO -   High priority (10) not on critical path: Job 14 Operation 1 (Severity: 1.00)
2025-04-13 19:51:29,060 - JSPGymEnvironment - INFO -   High priority (9) not on critical path: Job 9 Operation 5 (Severity: 0.67)
2025-04-13 19:51:29,060 - JSPGymEnvironment - INFO -   High priority (9) not on critical path: Job 9 Operation 6 (Severity: 0.67)
2025-04-13 19:51:29,060 - JSPGymEnvironment - INFO -   High priority (9) not on critical path: Job 9 Operation 7 (Severity: 0.67)
2025-04-13 19:51:29,060 - JSPGymEnvironment - INFO -   High priority (8) not on critical path: Job 18 Operation 4 (Severity: 0.33)
2025-04-13 19:51:29,060 - JSPGymEnvironment - INFO -   High priority (8) not on critical path: Job 18 Operation 5 (Severity: 0.33)
2025-04-13 19:51:29,060 - JSPGymEnvironment - INFO -   High priority (10) not on critical path: Job 14 Operation 2 (Severity: 1.00)
2025-04-13 19:51:29,060 - JSPGymEnvironment - INFO -   High priority (10) not on critical path: Job 14 Operation 3 (Severity: 1.00)
2025-04-13 19:51:29,060 - JSPGymEnvironment - INFO -   High priority (10) not on critical path: Job 14 Operation 4 (Severity: 1.00)
2025-04-13 19:51:29,060 - JSPGymEnvironment - INFO -   High priority (8) not on critical path: Job 18 Operation 6 (Severity: 0.33)
2025-04-13 19:51:29,060 - JSPGymEnvironment - INFO -   High priority (10) not on critical path: Job 14 Operation 5 (Severity: 1.00)
2025-04-13 19:51:29,060 - JSPGymEnvironment - INFO -   High priority (10) not on critical path: Job 14 Operation 6 (Severity: 1.00)
2025-04-13 19:51:29,060 - JSPGymEnvironment - INFO -   High priority (10) not on critical path: Job 14 Operation 7 (Severity: 1.00)
2025-04-13 19:51:29,060 - JSPGymEnvironment - INFO - Episode completed. Critical path: 5 operations, Suboptimal placements: 51
2025-04-13 19:51:29,060 - JSPGymEnvironment - INFO - Reward components: {'makespan_reward': -0.51, 'setup_reward': -5.0, 'idle_penalty': 0.0, 'deadline_reward': -5.828125, 'priority_reward': 20.0, 'critical_job_reward': 15.0, 'global_progress_reward': 5.0, 'objective_reward': 0.0, 'placement_reward': 4.5, 'lookahead_reward': 0.0}
2025-04-13 19:52:52,690 - JSPGymEnvironment - INFO - Environment reset
2025-04-13 19:52:52,736 - JSPGymEnvironment - INFO - Material change on machine M1:  -> Mountainbike_Hauptrahmen_zugeschnitten, setup time: 0
2025-04-13 19:52:52,737 - JSPGymEnvironment - INFO - Executed operation: Job J12, Op 0, Machine M1, Start: 0.0, End: 31.0, Setup: 0
2025-04-13 19:52:52,776 - JSPGymEnvironment - INFO - Material change on machine M1: Mountainbike_Hauptrahmen_zugeschnitten -> Racebike_Hauptrahmen_zugeschnitten, setup time: 40
2025-04-13 19:52:52,776 - JSPGymEnvironment - INFO - Executed operation: Job J10, Op 0, Machine M1, Start: 71.0, End: 103.0, Setup: 40
2025-04-13 19:52:52,816 - JSPGymEnvironment - INFO - Material change on machine M1: Racebike_Hauptrahmen_zugeschnitten -> Mountainbike_Hauptrahmen_zugeschnitten, setup time: 40
2025-04-13 19:52:52,816 - JSPGymEnvironment - INFO - Executed operation: Job J20, Op 0, Machine M1, Start: 143.0, End: 162.0, Setup: 40
2025-04-13 19:52:53,044 - JSPGymEnvironment - INFO - Material change on machine M1: Mountainbike_Hauptrahmen_zugeschnitten -> E-Bike_Hauptrahmen_zugeschnitten, setup time: 40
2025-04-13 19:52:53,045 - JSPGymEnvironment - INFO - Executed operation: Job J13, Op 0, Machine M1, Start: 202.0, End: 243.0, Setup: 40
2025-04-13 19:52:53,078 - JSPGymEnvironment - INFO - Material change on machine M1: E-Bike_Hauptrahmen_zugeschnitten -> Citybike_Hauptrahmen_zugeschnitten, setup time: 40
2025-04-13 19:52:53,078 - JSPGymEnvironment - INFO - Executed operation: Job J9, Op 0, Machine M1, Start: 283.0, End: 323.0, Setup: 40
2025-04-13 19:52:53,109 - JSPGymEnvironment - INFO - Material change on machine M1: Citybike_Hauptrahmen_zugeschnitten -> E-Bike_Hauptrahmen_zugeschnitten, setup time: 40
2025-04-13 19:52:53,110 - JSPGymEnvironment - INFO - Executed operation: Job J19, Op 0, Machine M1, Start: 363.0, End: 378.0, Setup: 40
2025-04-13 19:52:53,142 - JSPGymEnvironment - INFO - Material change on machine M2:  -> Mountainbike_Schaltauge_bearbeitet, setup time: 0
2025-04-13 19:52:53,143 - JSPGymEnvironment - INFO - Executed operation: Job J12, Op 1, Machine M2, Start: 378.0, End: 400.0, Setup: 0
2025-04-13 19:52:53,174 - JSPGymEnvironment - INFO - Material change on machine M1: E-Bike_Hauptrahmen_zugeschnitten -> Citybike_Hauptrahmen_zugeschnitten, setup time: 40
2025-04-13 19:52:53,174 - JSPGymEnvironment - INFO - Executed operation: Job J14, Op 0, Machine M1, Start: 440.0, End: 458.0, Setup: 40
2025-04-13 19:52:53,205 - JSPGymEnvironment - INFO - Executed operation: Job J20, Op 1, Machine M2, Start: 473.0, End: 498.0, Setup: 15
2025-04-13 19:52:53,235 - JSPGymEnvironment - INFO - Material change on machine M1: Citybike_Hauptrahmen_zugeschnitten -> Mountainbike_Hauptrahmen_zugeschnitten, setup time: 40
2025-04-13 19:52:53,236 - JSPGymEnvironment - INFO - Executed operation: Job J5, Op 0, Machine M1, Start: 538.0, End: 574.0, Setup: 40
2025-04-13 19:52:53,266 - JSPGymEnvironment - INFO - Material change on machine M1: Mountainbike_Hauptrahmen_zugeschnitten -> Citybike_Hauptrahmen_zugeschnitten, setup time: 40
2025-04-13 19:52:53,267 - JSPGymEnvironment - INFO - Executed operation: Job J17, Op 0, Machine M1, Start: 614.0, End: 652.0, Setup: 40
2025-04-13 19:52:53,298 - JSPGymEnvironment - INFO - Material change on machine M2: Mountainbike_Schaltauge_bearbeitet -> Racebike_Schaltauge_bearbeitet, setup time: 20
2025-04-13 19:52:53,298 - JSPGymEnvironment - INFO - Executed operation: Job J10, Op 1, Machine M2, Start: 672.0, End: 697.0, Setup: 20
2025-04-13 19:52:53,330 - JSPGymEnvironment - INFO - Executed operation: Job J2, Op 0, Machine M1, Start: 722.0, End: 738.0, Setup: 25
2025-04-13 19:52:53,361 - JSPGymEnvironment - INFO - Material change on machine M3:  -> Mountainbike_Antrieb_installiert, setup time: 0
2025-04-13 19:52:53,361 - JSPGymEnvironment - INFO - Executed operation: Job J20, Op 2, Machine M3, Start: 738.0, End: 762.0, Setup: 0
2025-04-13 19:52:53,393 - JSPGymEnvironment - INFO - Material change on machine M2: Racebike_Schaltauge_bearbeitet -> E-Bike_Schaltauge_bearbeitet, setup time: 20
2025-04-13 19:52:53,393 - JSPGymEnvironment - INFO - Executed operation: Job J13, Op 1, Machine M2, Start: 782.0, End: 805.0, Setup: 20
2025-04-13 19:52:53,425 - JSPGymEnvironment - INFO - Material change on machine M2: E-Bike_Schaltauge_bearbeitet -> Citybike_Schaltauge_bearbeitet, setup time: 20
2025-04-13 19:52:53,426 - JSPGymEnvironment - INFO - Executed operation: Job J17, Op 1, Machine M2, Start: 825.0, End: 845.0, Setup: 20
2025-04-13 19:52:53,457 - JSPGymEnvironment - INFO - Material change on machine M3: Mountainbike_Antrieb_installiert -> E-Bike_Antrieb_installiert, setup time: 15
2025-04-13 19:52:53,458 - JSPGymEnvironment - INFO - Executed operation: Job J13, Op 2, Machine M3, Start: 860.0, End: 913.0, Setup: 15
2025-04-13 19:52:53,489 - JSPGymEnvironment - INFO - Material change on machine M1: Citybike_Hauptrahmen_zugeschnitten -> Racebike_Hauptrahmen_zugeschnitten, setup time: 40
2025-04-13 19:52:53,489 - JSPGymEnvironment - INFO - Executed operation: Job J6, Op 0, Machine M1, Start: 953.0, End: 989.0, Setup: 40
2025-04-13 19:52:53,724 - JSPGymEnvironment - INFO - Material change on machine M1: Racebike_Hauptrahmen_zugeschnitten -> Citybike_Hauptrahmen_zugeschnitten, setup time: 40
2025-04-13 19:52:53,724 - JSPGymEnvironment - INFO - Executed operation: Job J8, Op 0, Machine M1, Start: 1029.0, End: 1048.0, Setup: 40
2025-04-13 19:52:53,768 - JSPGymEnvironment - INFO - Material change on machine M1: Citybike_Hauptrahmen_zugeschnitten -> Racebike_Hauptrahmen_zugeschnitten, setup time: 40
2025-04-13 19:52:53,768 - JSPGymEnvironment - INFO - Executed operation: Job J1, Op 0, Machine M1, Start: 1088.0, End: 1128.0, Setup: 40
2025-04-13 19:52:53,806 - JSPGymEnvironment - INFO - Material change on machine M2: Citybike_Schaltauge_bearbeitet -> E-Bike_Bremsaufnahme_gebohrt, setup time: 20
2025-04-13 19:52:53,806 - JSPGymEnvironment - INFO - Executed operation: Job J13, Op 3, Machine M2, Start: 1148.0, End: 1170.0, Setup: 20
2025-04-13 19:52:53,843 - JSPGymEnvironment - INFO - Material change on machine M2: E-Bike_Bremsaufnahme_gebohrt -> Citybike_Schaltauge_bearbeitet, setup time: 20
2025-04-13 19:52:53,843 - JSPGymEnvironment - INFO - Executed operation: Job J2, Op 1, Machine M2, Start: 1190.0, End: 1200.0, Setup: 20
2025-04-13 19:52:53,880 - JSPGymEnvironment - INFO - Material change on machine M2: Citybike_Schaltauge_bearbeitet -> Racebike_Schaltauge_bearbeitet, setup time: 20
2025-04-13 19:52:53,880 - JSPGymEnvironment - INFO - Executed operation: Job J6, Op 1, Machine M2, Start: 1220.0, End: 1233.0, Setup: 20
2025-04-13 19:52:53,920 - JSPGymEnvironment - INFO - Material change on machine M2: Racebike_Schaltauge_bearbeitet -> Citybike_Schaltauge_bearbeitet, setup time: 20
2025-04-13 19:52:53,920 - JSPGymEnvironment - INFO - Executed operation: Job J8, Op 1, Machine M2, Start: 1253.0, End: 1266.0, Setup: 20
2025-04-13 19:52:53,959 - JSPGymEnvironment - INFO - Executed operation: Job J15, Op 0, Machine M1, Start: 1291.0, End: 1314.0, Setup: 25
2025-04-13 19:52:53,998 - JSPGymEnvironment - INFO - Executed operation: Job J9, Op 1, Machine M2, Start: 1329.0, End: 1345.0, Setup: 15
2025-04-13 19:52:54,031 - JSPGymEnvironment - INFO - Material change on machine M2: Citybike_Schaltauge_bearbeitet -> Racebike_Schaltauge_bearbeitet, setup time: 20
2025-04-13 19:52:54,032 - JSPGymEnvironment - INFO - Executed operation: Job J15, Op 1, Machine M2, Start: 1365.0, End: 1378.0, Setup: 20
2025-04-13 19:52:54,063 - JSPGymEnvironment - INFO - Material change on machine M3: E-Bike_Antrieb_installiert -> Citybike_Antrieb_installiert, setup time: 15
2025-04-13 19:52:54,063 - JSPGymEnvironment - INFO - Executed operation: Job J9, Op 2, Machine M3, Start: 1393.0, End: 1447.0, Setup: 15
2025-04-13 19:52:54,096 - JSPGymEnvironment - INFO - Executed operation: Job J7, Op 0, Machine M1, Start: 1472.0, End: 1507.0, Setup: 25
2025-04-13 19:52:54,129 - JSPGymEnvironment - INFO - Material change on machine M2: Racebike_Schaltauge_bearbeitet -> Citybike_Bremsaufnahme_gebohrt, setup time: 20
2025-04-13 19:52:54,130 - JSPGymEnvironment - INFO - Executed operation: Job J9, Op 3, Machine M2, Start: 1527.0, End: 1550.0, Setup: 20
2025-04-13 19:52:54,162 - JSPGymEnvironment - INFO - Material change on machine M3: Citybike_Antrieb_installiert -> Racebike_Antrieb_installiert, setup time: 15
2025-04-13 19:52:54,162 - JSPGymEnvironment - INFO - Executed operation: Job J15, Op 2, Machine M3, Start: 1565.0, End: 1600.0, Setup: 15
2025-04-13 19:52:54,194 - JSPGymEnvironment - INFO - Material change on machine M3: Racebike_Antrieb_installiert -> Citybike_Antrieb_installiert, setup time: 15
2025-04-13 19:52:54,194 - JSPGymEnvironment - INFO - Executed operation: Job J17, Op 2, Machine M3, Start: 1615.0, End: 1649.0, Setup: 15
2025-04-13 19:52:54,423 - JSPGymEnvironment - INFO - Material change on machine M1: Racebike_Hauptrahmen_zugeschnitten -> Mountainbike_Hauptrahmen_zugeschnitten, setup time: 40
2025-04-13 19:52:54,423 - JSPGymEnvironment - INFO - Executed operation: Job J18, Op 0, Machine M1, Start: 1689.0, End: 1711.0, Setup: 40
2025-04-13 19:52:54,456 - JSPGymEnvironment - INFO - Material change on machine M3: Citybike_Antrieb_installiert -> Mountainbike_Bremsen_justiert, setup time: 15
2025-04-13 19:52:54,456 - JSPGymEnvironment - INFO - Executed operation: Job J20, Op 3, Machine M3, Start: 1726.0, End: 1767.0, Setup: 15
2025-04-13 19:52:54,487 - JSPGymEnvironment - INFO - Material change on machine M3: Mountainbike_Bremsen_justiert -> Racebike_Bremsen_justiert, setup time: 15
2025-04-13 19:52:54,487 - JSPGymEnvironment - INFO - Executed operation: Job J15, Op 3, Machine M3, Start: 1782.0, End: 1809.0, Setup: 15
2025-04-13 19:52:54,518 - JSPGymEnvironment - INFO - Material change on machine M3: Racebike_Bremsen_justiert -> Racebike_Antrieb_installiert, setup time: 15
2025-04-13 19:52:54,518 - JSPGymEnvironment - INFO - Executed operation: Job J6, Op 2, Machine M3, Start: 1824.0, End: 1862.0, Setup: 15
2025-04-13 19:52:54,550 - JSPGymEnvironment - INFO - Executed operation: Job J10, Op 2, Machine M3, Start: 1872.0, End: 1911.0, Setup: 10
2025-04-13 19:52:54,581 - JSPGymEnvironment - INFO - Material change on machine M3: Racebike_Antrieb_installiert -> Citybike_Antrieb_installiert, setup time: 15
2025-04-13 19:52:54,581 - JSPGymEnvironment - INFO - Executed operation: Job J8, Op 2, Machine M3, Start: 1926.0, End: 1980.0, Setup: 15
2025-04-13 19:52:54,614 - JSPGymEnvironment - INFO - Material change on machine M2: Citybike_Bremsaufnahme_gebohrt -> Racebike_Bremsaufnahme_gebohrt, setup time: 20
2025-04-13 19:52:54,614 - JSPGymEnvironment - INFO - Executed operation: Job J10, Op 3, Machine M2, Start: 2000.0, End: 2022.0, Setup: 20
2025-04-13 19:52:54,646 - JSPGymEnvironment - INFO - Material change on machine M2: Racebike_Bremsaufnahme_gebohrt -> Citybike_Rahmen_nachbearbeitet, setup time: 20
2025-04-13 19:52:54,646 - JSPGymEnvironment - INFO - Executed operation: Job J9, Op 4, Machine M2, Start: 2042.0, End: 2054.0, Setup: 20
2025-04-13 19:52:54,678 - JSPGymEnvironment - INFO - Material change on machine M1: Mountainbike_Hauptrahmen_zugeschnitten -> E-Bike_Hauptrahmen_zugeschnitten, setup time: 40
2025-04-13 19:52:54,678 - JSPGymEnvironment - INFO - Executed operation: Job J3, Op 0, Machine M1, Start: 2094.0, End: 2128.0, Setup: 40
2025-04-13 19:52:54,711 - JSPGymEnvironment - INFO - Material change on machine M2: Citybike_Rahmen_nachbearbeitet -> E-Bike_Schaltauge_bearbeitet, setup time: 20
2025-04-13 19:52:54,711 - JSPGymEnvironment - INFO - Executed operation: Job J3, Op 1, Machine M2, Start: 2148.0, End: 2168.0, Setup: 20
2025-04-13 19:52:54,743 - JSPGymEnvironment - INFO - Material change on machine M3: Citybike_Antrieb_installiert -> Citybike_Bremsen_justiert, setup time: 15
2025-04-13 19:52:54,743 - JSPGymEnvironment - INFO - Executed operation: Job J8, Op 3, Machine M3, Start: 2183.0, End: 2241.0, Setup: 15
2025-04-13 19:52:54,776 - JSPGymEnvironment - INFO - Executed operation: Job J19, Op 1, Machine M2, Start: 2256.0, End: 2286.0, Setup: 15
2025-04-13 19:52:54,808 - JSPGymEnvironment - INFO - Material change on machine M3: Citybike_Bremsen_justiert -> E-Bike_Antrieb_installiert, setup time: 15
2025-04-13 19:52:54,808 - JSPGymEnvironment - INFO - Executed operation: Job J19, Op 2, Machine M3, Start: 2301.0, End: 2323.0, Setup: 15
2025-04-13 19:52:54,841 - JSPGymEnvironment - INFO - Material change on machine M2: E-Bike_Schaltauge_bearbeitet -> Mountainbike_Schaltauge_bearbeitet, setup time: 20
2025-04-13 19:52:54,841 - JSPGymEnvironment - INFO - Executed operation: Job J18, Op 1, Machine M2, Start: 2343.0, End: 2363.0, Setup: 20
2025-04-13 19:52:55,071 - JSPGymEnvironment - INFO - Material change on machine M2: Mountainbike_Schaltauge_bearbeitet -> Mountainbike_Rahmen_nachbearbeitet, setup time: 20
2025-04-13 19:52:55,071 - JSPGymEnvironment - INFO - Executed operation: Job J20, Op 4, Machine M2, Start: 2383.0, End: 2400.0, Setup: 20
2025-04-13 19:52:55,107 - JSPGymEnvironment - INFO - Executed operation: Job J3, Op 2, Machine M3, Start: 2410.0, End: 2468.0, Setup: 10
2025-04-13 19:52:55,148 - JSPGymEnvironment - INFO - Material change on machine M2: Mountainbike_Rahmen_nachbearbeitet -> Citybike_Schaltauge_bearbeitet, setup time: 20
2025-04-13 19:52:55,148 - JSPGymEnvironment - INFO - Executed operation: Job J14, Op 1, Machine M2, Start: 2488.0, End: 2504.0, Setup: 20
2025-04-13 19:52:55,185 - JSPGymEnvironment - INFO - Material change on machine M2: Citybike_Schaltauge_bearbeitet -> E-Bike_Bremsaufnahme_gebohrt, setup time: 20
2025-04-13 19:52:55,185 - JSPGymEnvironment - INFO - Executed operation: Job J3, Op 3, Machine M2, Start: 2524.0, End: 2554.0, Setup: 20
2025-04-13 19:52:55,219 - JSPGymEnvironment - INFO - Material change on machine M3: E-Bike_Antrieb_installiert -> Citybike_Fahrrad_endmontiert, setup time: 15
2025-04-13 19:52:55,219 - JSPGymEnvironment - INFO - Executed operation: Job J8, Op 4, Machine M3, Start: 2569.0, End: 2618.0, Setup: 15
2025-04-13 19:52:55,251 - JSPGymEnvironment - INFO - Material change on machine M3: Citybike_Fahrrad_endmontiert -> Citybike_Bremsen_justiert, setup time: 15
2025-04-13 19:52:55,251 - JSPGymEnvironment - INFO - Executed operation: Job J17, Op 3, Machine M3, Start: 2633.0, End: 2659.0, Setup: 15
2025-04-13 19:52:55,282 - JSPGymEnvironment - INFO - Material change on machine M2: E-Bike_Bremsaufnahme_gebohrt -> Racebike_Rahmen_nachbearbeitet, setup time: 20
2025-04-13 19:52:55,282 - JSPGymEnvironment - INFO - Executed operation: Job J15, Op 4, Machine M2, Start: 2679.0, End: 2699.0, Setup: 20
2025-04-13 19:52:55,314 - JSPGymEnvironment - INFO - Material change on machine M3: Citybike_Bremsen_justiert -> Racebike_Bremsen_justiert, setup time: 15
2025-04-13 19:52:55,315 - JSPGymEnvironment - INFO - Executed operation: Job J6, Op 3, Machine M3, Start: 2714.0, End: 2772.0, Setup: 15
2025-04-13 19:52:55,347 - JSPGymEnvironment - INFO - Material change on machine M3: Racebike_Bremsen_justiert -> Racebike_Fahrrad_endmontiert, setup time: 15
2025-04-13 19:52:55,347 - JSPGymEnvironment - INFO - Executed operation: Job J6, Op 4, Machine M3, Start: 2787.0, End: 2828.0, Setup: 15
2025-04-13 19:52:55,347 - JSPGymEnvironment - INFO - Job J6 completed at time 2828.0, deadline: 2880, met: True, priority: 10
2025-04-13 19:52:55,379 - JSPGymEnvironment - INFO - Material change on machine M2: Racebike_Rahmen_nachbearbeitet -> Citybike_Fahrrad_endmontiert, setup time: 20
2025-04-13 19:52:55,380 - JSPGymEnvironment - INFO - Executed operation: Job J8, Op 5, Machine M2, Start: 2848.0, End: 2878.0, Setup: 20
2025-04-13 19:52:55,380 - JSPGymEnvironment - INFO - Job J8 completed at time 2878.0, deadline: 2762, met: False, priority: 5
2025-04-13 19:52:55,413 - JSPGymEnvironment - INFO - Material change on machine M3: Racebike_Fahrrad_endmontiert -> Mountainbike_Fahrrad_endmontiert, setup time: 15
2025-04-13 19:52:55,413 - JSPGymEnvironment - INFO - Executed operation: Job J20, Op 5, Machine M3, Start: 2893.0, End: 2918.0, Setup: 15
2025-04-13 19:52:55,446 - JSPGymEnvironment - INFO - Material change on machine M3: Mountainbike_Fahrrad_endmontiert -> Mountainbike_Antrieb_installiert, setup time: 15
2025-04-13 19:52:55,446 - JSPGymEnvironment - INFO - Executed operation: Job J18, Op 2, Machine M3, Start: 2933.0, End: 2962.0, Setup: 15
2025-04-13 19:52:55,478 - JSPGymEnvironment - INFO - Material change on machine M2: Citybike_Fahrrad_endmontiert -> E-Bike_Rahmen_nachbearbeitet, setup time: 20
2025-04-13 19:52:55,478 - JSPGymEnvironment - INFO - Executed operation: Job J3, Op 4, Machine M2, Start: 2982.0, End: 2999.0, Setup: 20
2025-04-13 19:52:55,705 - JSPGymEnvironment - INFO - Material change on machine M3: Mountainbike_Antrieb_installiert -> Mountainbike_Fahrrad_endmontiert, setup time: 15
2025-04-13 19:52:55,705 - JSPGymEnvironment - INFO - Executed operation: Job J20, Op 6, Machine M3, Start: 3014.0, End: 3054.0, Setup: 15
2025-04-13 19:52:55,705 - JSPGymEnvironment - INFO - Job J20 completed at time 3054.0, deadline: 2744, met: False, priority: 3
2025-04-13 19:52:55,736 - JSPGymEnvironment - INFO - Material change on machine M1: E-Bike_Hauptrahmen_zugeschnitten -> Racebike_Hauptrahmen_zugeschnitten, setup time: 40
2025-04-13 19:52:55,736 - JSPGymEnvironment - INFO - Executed operation: Job J4, Op 0, Machine M1, Start: 3094.0, End: 3119.0, Setup: 40
2025-04-13 19:52:55,766 - JSPGymEnvironment - INFO - Material change on machine M3: Mountainbike_Fahrrad_endmontiert -> E-Bike_Fahrrad_endmontiert, setup time: 15
2025-04-13 19:52:55,767 - JSPGymEnvironment - INFO - Executed operation: Job J13, Op 4, Machine M3, Start: 3134.0, End: 3187.0, Setup: 15
2025-04-13 19:52:55,767 - JSPGymEnvironment - INFO - Job J13 completed at time 3187.0, deadline: 2863, met: False, priority: 7
2025-04-13 19:52:55,798 - JSPGymEnvironment - INFO - Material change on machine M2: E-Bike_Rahmen_nachbearbeitet -> Racebike_Rahmen_nachbearbeitet, setup time: 20
2025-04-13 19:52:55,798 - JSPGymEnvironment - INFO - Executed operation: Job J15, Op 5, Machine M2, Start: 3207.0, End: 3230.0, Setup: 20
2025-04-13 19:52:55,830 - JSPGymEnvironment - INFO - Material change on machine M3: E-Bike_Fahrrad_endmontiert -> Citybike_Antrieb_installiert, setup time: 15
2025-04-13 19:52:55,830 - JSPGymEnvironment - INFO - Executed operation: Job J2, Op 2, Machine M3, Start: 3245.0, End: 3273.0, Setup: 15
2025-04-13 19:52:55,862 - JSPGymEnvironment - INFO - Material change on machine M2: Racebike_Rahmen_nachbearbeitet -> Citybike_Bremsaufnahme_gebohrt, setup time: 20
2025-04-13 19:52:55,862 - JSPGymEnvironment - INFO - Executed operation: Job J2, Op 3, Machine M2, Start: 3293.0, End: 3314.0, Setup: 20
2025-04-13 19:52:55,894 - JSPGymEnvironment - INFO - Material change on machine M3: Citybike_Antrieb_installiert -> Mountainbike_Antrieb_installiert, setup time: 15
2025-04-13 19:52:55,895 - JSPGymEnvironment - INFO - Executed operation: Job J12, Op 2, Machine M3, Start: 3329.0, End: 3374.0, Setup: 15
2025-04-13 19:52:55,927 - JSPGymEnvironment - INFO - Material change on machine M2: Citybike_Bremsaufnahme_gebohrt -> Racebike_Rahmen_nachbearbeitet, setup time: 20
2025-04-13 19:52:55,927 - JSPGymEnvironment - INFO - Executed operation: Job J10, Op 4, Machine M2, Start: 3394.0, End: 3405.0, Setup: 20
2025-04-13 19:52:55,960 - JSPGymEnvironment - INFO - Material change on machine M3: Mountainbike_Antrieb_installiert -> Citybike_Antrieb_installiert, setup time: 15
2025-04-13 19:52:55,960 - JSPGymEnvironment - INFO - Executed operation: Job J14, Op 2, Machine M3, Start: 3420.0, End: 3442.0, Setup: 15
2025-04-13 19:52:55,992 - JSPGymEnvironment - INFO - Material change on machine M2: Racebike_Rahmen_nachbearbeitet -> E-Bike_Rahmen_nachbearbeitet, setup time: 20
2025-04-13 19:52:55,992 - JSPGymEnvironment - INFO - Executed operation: Job J3, Op 5, Machine M2, Start: 3462.0, End: 3483.0, Setup: 20
2025-04-13 19:52:56,024 - JSPGymEnvironment - INFO - Material change on machine M3: Citybike_Antrieb_installiert -> Racebike_Fahrrad_endmontiert, setup time: 15
2025-04-13 19:52:56,024 - JSPGymEnvironment - INFO - Executed operation: Job J15, Op 6, Machine M3, Start: 3498.0, End: 3525.0, Setup: 15
2025-04-13 19:52:56,056 - JSPGymEnvironment - INFO - Material change on machine M2: E-Bike_Rahmen_nachbearbeitet -> Racebike_Schaltauge_bearbeitet, setup time: 20
2025-04-13 19:52:56,056 - JSPGymEnvironment - INFO - Executed operation: Job J1, Op 1, Machine M2, Start: 3545.0, End: 3561.0, Setup: 20
2025-04-13 19:52:56,088 - JSPGymEnvironment - INFO - Material change on machine M2: Racebike_Schaltauge_bearbeitet -> Citybike_Bremsaufnahme_gebohrt, setup time: 20
2025-04-13 19:52:56,088 - JSPGymEnvironment - INFO - Executed operation: Job J14, Op 3, Machine M2, Start: 3581.0, End: 3599.0, Setup: 20
2025-04-13 19:52:56,119 - JSPGymEnvironment - INFO - Material change on machine M2: Citybike_Bremsaufnahme_gebohrt -> Mountainbike_Schaltauge_bearbeitet, setup time: 20
2025-04-13 19:52:56,119 - JSPGymEnvironment - INFO - Executed operation: Job J5, Op 1, Machine M2, Start: 3619.0, End: 3634.0, Setup: 20
2025-04-13 19:52:56,150 - JSPGymEnvironment - INFO - Executed operation: Job J15, Op 7, Machine M3, Start: 3644.0, End: 3690.0, Setup: 10
2025-04-13 19:52:56,150 - JSPGymEnvironment - INFO - Job J15 completed at time 3690.0, deadline: 2833, met: False, priority: 10
2025-04-13 19:52:56,401 - JSPGymEnvironment - INFO - Material change on machine M3: Racebike_Fahrrad_endmontiert -> Citybike_Fahrrad_endmontiert, setup time: 15
2025-04-13 19:52:56,401 - JSPGymEnvironment - INFO - Executed operation: Job J17, Op 4, Machine M3, Start: 3705.0, End: 3755.0, Setup: 15
2025-04-13 19:52:56,434 - JSPGymEnvironment - INFO - Material change on machine M2: Mountainbike_Schaltauge_bearbeitet -> Racebike_Schaltauge_bearbeitet, setup time: 20
2025-04-13 19:52:56,434 - JSPGymEnvironment - INFO - Executed operation: Job J7, Op 1, Machine M2, Start: 3775.0, End: 3798.0, Setup: 20
2025-04-13 19:52:56,466 - JSPGymEnvironment - INFO - Material change on machine M2: Racebike_Schaltauge_bearbeitet -> Mountainbike_Bremsaufnahme_gebohrt, setup time: 20
2025-04-13 19:52:56,467 - JSPGymEnvironment - INFO - Executed operation: Job J12, Op 3, Machine M2, Start: 3818.0, End: 3844.0, Setup: 20
2025-04-13 19:52:56,498 - JSPGymEnvironment - INFO - Executed operation: Job J17, Op 5, Machine M3, Start: 3854.0, End: 3913.0, Setup: 10
2025-04-13 19:52:56,530 - JSPGymEnvironment - INFO - Material change on machine M3: Citybike_Fahrrad_endmontiert -> Racebike_Antrieb_installiert, setup time: 15
2025-04-13 19:52:56,531 - JSPGymEnvironment - INFO - Executed operation: Job J7, Op 2, Machine M3, Start: 3928.0, End: 3952.0, Setup: 15
2025-04-13 19:52:56,563 - JSPGymEnvironment - INFO - Material change on machine M3: Racebike_Antrieb_installiert -> Citybike_Fahrrad_endmontiert, setup time: 15
2025-04-13 19:52:56,563 - JSPGymEnvironment - INFO - Executed operation: Job J9, Op 5, Machine M3, Start: 3967.0, End: 4018.0, Setup: 15
2025-04-13 19:52:56,595 - JSPGymEnvironment - INFO - Material change on machine M2: Mountainbike_Bremsaufnahme_gebohrt -> Racebike_Schaltauge_bearbeitet, setup time: 20
2025-04-13 19:52:56,595 - JSPGymEnvironment - INFO - Executed operation: Job J4, Op 1, Machine M2, Start: 4038.0, End: 4053.0, Setup: 20
2025-04-13 19:52:56,628 - JSPGymEnvironment - INFO - Material change on machine M2: Racebike_Schaltauge_bearbeitet -> Racebike_Bremsaufnahme_gebohrt, setup time: 20
2025-04-13 19:52:56,628 - JSPGymEnvironment - INFO - Executed operation: Job J7, Op 3, Machine M2, Start: 4073.0, End: 4096.0, Setup: 20
2025-04-13 19:52:56,661 - JSPGymEnvironment - INFO - Material change on machine M2: Racebike_Bremsaufnahme_gebohrt -> Citybike_Rahmen_nachbearbeitet, setup time: 20
2025-04-13 19:52:56,661 - JSPGymEnvironment - INFO - Executed operation: Job J2, Op 4, Machine M2, Start: 4116.0, End: 4140.0, Setup: 20
2025-04-13 19:52:56,693 - JSPGymEnvironment - INFO - Material change on machine M2: Citybike_Rahmen_nachbearbeitet -> E-Bike_Fahrrad_endmontiert, setup time: 20
2025-04-13 19:52:56,693 - JSPGymEnvironment - INFO - Executed operation: Job J3, Op 6, Machine M2, Start: 4160.0, End: 4170.0, Setup: 20
2025-04-13 19:52:56,693 - JSPGymEnvironment - INFO - Job J3 completed at time 4170.0, deadline: 2862, met: False, priority: 8
2025-04-13 19:52:56,725 - JSPGymEnvironment - INFO - Material change on machine M2: E-Bike_Fahrrad_endmontiert -> Racebike_Rahmen_nachbearbeitet, setup time: 20
2025-04-13 19:52:56,726 - JSPGymEnvironment - INFO - Executed operation: Job J7, Op 4, Machine M2, Start: 4190.0, End: 4216.0, Setup: 20
2025-04-13 19:52:56,758 - JSPGymEnvironment - INFO - Executed operation: Job J7, Op 5, Machine M2, Start: 4231.0, End: 4249.0, Setup: 15
2025-04-13 19:52:56,791 - JSPGymEnvironment - INFO - Material change on machine M3: Citybike_Fahrrad_endmontiert -> Racebike_Antrieb_installiert, setup time: 15
2025-04-13 19:52:56,791 - JSPGymEnvironment - INFO - Executed operation: Job J1, Op 2, Machine M3, Start: 4264.0, End: 4300.0, Setup: 15
2025-04-13 19:52:56,824 - JSPGymEnvironment - INFO - Executed operation: Job J7, Op 6, Machine M2, Start: 4315.0, End: 4330.0, Setup: 15
2025-04-13 19:52:57,057 - JSPGymEnvironment - INFO - Executed operation: Job J4, Op 2, Machine M3, Start: 4340.0, End: 4380.0, Setup: 10
2025-04-13 19:52:57,089 - JSPGymEnvironment - INFO - Material change on machine M3: Racebike_Antrieb_installiert -> Citybike_Fahrrad_endmontiert, setup time: 15
2025-04-13 19:52:57,089 - JSPGymEnvironment - INFO - Executed operation: Job J2, Op 5, Machine M3, Start: 4395.0, End: 4416.0, Setup: 15
2025-04-13 19:52:57,089 - JSPGymEnvironment - INFO - Job J2 completed at time 4416.0, deadline: 2880, met: False, priority: 3
2025-04-13 19:52:57,122 - JSPGymEnvironment - INFO - Material change on machine M2: Racebike_Rahmen_nachbearbeitet -> Citybike_Rahmen_nachbearbeitet, setup time: 20
2025-04-13 19:52:57,122 - JSPGymEnvironment - INFO - Executed operation: Job J14, Op 4, Machine M2, Start: 4436.0, End: 4465.0, Setup: 20
2025-04-13 19:52:57,154 - JSPGymEnvironment - INFO - Executed operation: Job J14, Op 5, Machine M2, Start: 4480.0, End: 4510.0, Setup: 15
2025-04-13 19:52:57,185 - JSPGymEnvironment - INFO - Executed operation: Job J17, Op 6, Machine M3, Start: 4520.0, End: 4545.0, Setup: 10
2025-04-13 19:52:57,185 - JSPGymEnvironment - INFO - Job J17 completed at time 4545.0, deadline: 2880, met: False, priority: 6
2025-04-13 19:52:57,217 - JSPGymEnvironment - INFO - Executed operation: Job J14, Op 6, Machine M2, Start: 4560.0, End: 4584.0, Setup: 15
2025-04-13 19:52:57,248 - JSPGymEnvironment - INFO - Material change on machine M3: Citybike_Fahrrad_endmontiert -> Mountainbike_Bremsen_justiert, setup time: 15
2025-04-13 19:52:57,248 - JSPGymEnvironment - INFO - Executed operation: Job J18, Op 3, Machine M3, Start: 4599.0, End: 4654.0, Setup: 15
2025-04-13 19:52:57,281 - JSPGymEnvironment - INFO - Material change on machine M2: Citybike_Rahmen_nachbearbeitet -> Racebike_Bremsaufnahme_gebohrt, setup time: 20
2025-04-13 19:52:57,281 - JSPGymEnvironment - INFO - Executed operation: Job J1, Op 3, Machine M2, Start: 4674.0, End: 4692.0, Setup: 20
2025-04-13 19:52:57,313 - JSPGymEnvironment - INFO - Material change on machine M3: Mountainbike_Bremsen_justiert -> Citybike_Fahrrad_endmontiert, setup time: 15
2025-04-13 19:52:57,314 - JSPGymEnvironment - INFO - Executed operation: Job J9, Op 6, Machine M3, Start: 4707.0, End: 4730.0, Setup: 15
2025-04-13 19:52:57,314 - JSPGymEnvironment - INFO - Job J9 completed at time 4730.0, deadline: 2880, met: False, priority: 8
2025-04-13 19:52:57,346 - JSPGymEnvironment - INFO - Material change on machine M2: Racebike_Bremsaufnahme_gebohrt -> Racebike_Rahmen_nachbearbeitet, setup time: 20
2025-04-13 19:52:57,346 - JSPGymEnvironment - INFO - Executed operation: Job J10, Op 5, Machine M2, Start: 4750.0, End: 4768.0, Setup: 20
2025-04-13 19:52:57,379 - JSPGymEnvironment - INFO - Executed operation: Job J10, Op 6, Machine M2, Start: 4783.0, End: 4794.0, Setup: 15
2025-04-13 19:52:57,414 - JSPGymEnvironment - INFO - Material change on machine M2: Racebike_Rahmen_nachbearbeitet -> Racebike_Fahrrad_endmontiert, setup time: 20
2025-04-13 19:52:57,414 - JSPGymEnvironment - INFO - Executed operation: Job J10, Op 7, Machine M2, Start: 4814.0, End: 4826.0, Setup: 20
2025-04-13 19:52:57,414 - JSPGymEnvironment - INFO - Job J10 completed at time 4826.0, deadline: 2880, met: False, priority: 9
2025-04-13 19:52:57,450 - JSPGymEnvironment - INFO - Executed operation: Job J7, Op 7, Machine M2, Start: 4841.0, End: 4866.0, Setup: 15
2025-04-13 19:52:57,451 - JSPGymEnvironment - INFO - Job J7 completed at time 4866.0, deadline: 2880, met: False, priority: 9
2025-04-13 19:52:57,487 - JSPGymEnvironment - INFO - Material change on machine M2: Racebike_Fahrrad_endmontiert -> E-Bike_Bremsaufnahme_gebohrt, setup time: 20
2025-04-13 19:52:57,487 - JSPGymEnvironment - INFO - Executed operation: Job J19, Op 3, Machine M2, Start: 4886.0, End: 4899.0, Setup: 20
2025-04-13 19:52:57,728 - JSPGymEnvironment - INFO - Material change on machine M2: E-Bike_Bremsaufnahme_gebohrt -> Mountainbike_Rahmen_nachbearbeitet, setup time: 20
2025-04-13 19:52:57,728 - JSPGymEnvironment - INFO - Executed operation: Job J12, Op 4, Machine M2, Start: 4919.0, End: 4947.0, Setup: 20
2025-04-13 19:52:57,762 - JSPGymEnvironment - INFO - Executed operation: Job J12, Op 5, Machine M2, Start: 4962.0, End: 4990.0, Setup: 15
2025-04-13 19:52:57,794 - JSPGymEnvironment - INFO - Material change on machine M2: Mountainbike_Rahmen_nachbearbeitet -> Racebike_Bremsaufnahme_gebohrt, setup time: 20
2025-04-13 19:52:57,795 - JSPGymEnvironment - INFO - Executed operation: Job J4, Op 3, Machine M2, Start: 5010.0, End: 5024.0, Setup: 20
2025-04-13 19:52:57,827 - JSPGymEnvironment - INFO - Material change on machine M2: Racebike_Bremsaufnahme_gebohrt -> Citybike_Fahrrad_endmontiert, setup time: 20
2025-04-13 19:52:57,827 - JSPGymEnvironment - INFO - Executed operation: Job J14, Op 7, Machine M2, Start: 5044.0, End: 5065.0, Setup: 20
2025-04-13 19:52:57,827 - JSPGymEnvironment - INFO - Job J14 completed at time 5065.0, deadline: 2880, met: False, priority: 3
2025-04-13 19:52:57,859 - JSPGymEnvironment - INFO - Material change on machine M2: Citybike_Fahrrad_endmontiert -> Mountainbike_Fahrrad_endmontiert, setup time: 20
2025-04-13 19:52:57,859 - JSPGymEnvironment - INFO - Executed operation: Job J18, Op 4, Machine M2, Start: 5085.0, End: 5098.0, Setup: 20
2025-04-13 19:52:57,859 - JSPGymEnvironment - INFO - Job J18 completed at time 5098.0, deadline: 2880, met: False, priority: 6
2025-04-13 19:52:57,892 - JSPGymEnvironment - INFO - Material change on machine M1: Racebike_Hauptrahmen_zugeschnitten -> Citybike_Hauptrahmen_zugeschnitten, setup time: 40
2025-04-13 19:52:57,892 - JSPGymEnvironment - INFO - Executed operation: Job J11, Op 0, Machine M1, Start: 5138.0, End: 5169.0, Setup: 40
2025-04-13 19:52:57,925 - JSPGymEnvironment - INFO - Material change on machine M2: Mountainbike_Fahrrad_endmontiert -> Racebike_Rahmen_nachbearbeitet, setup time: 20
2025-04-13 19:52:57,925 - JSPGymEnvironment - INFO - Executed operation: Job J4, Op 4, Machine M2, Start: 5189.0, End: 5214.0, Setup: 20
2025-04-13 19:52:57,959 - JSPGymEnvironment - INFO - Material change on machine M3: Citybike_Fahrrad_endmontiert -> Mountainbike_Antrieb_installiert, setup time: 15
2025-04-13 19:52:57,959 - JSPGymEnvironment - INFO - Executed operation: Job J5, Op 2, Machine M3, Start: 5229.0, End: 5254.0, Setup: 15
2025-04-13 19:52:57,991 - JSPGymEnvironment - INFO - Material change on machine M1: Citybike_Hauptrahmen_zugeschnitten -> Racebike_Hauptrahmen_zugeschnitten, setup time: 40
2025-04-13 19:52:57,991 - JSPGymEnvironment - INFO - Executed operation: Job J16, Op 0, Machine M1, Start: 5294.0, End: 5320.0, Setup: 40
2025-04-13 19:52:58,024 - JSPGymEnvironment - INFO - Material change on machine M2: Racebike_Rahmen_nachbearbeitet -> Mountainbike_Fahrrad_endmontiert, setup time: 20
2025-04-13 19:52:58,024 - JSPGymEnvironment - INFO - Executed operation: Job J12, Op 6, Machine M2, Start: 5340.0, End: 5362.0, Setup: 20
2025-04-13 19:52:58,024 - JSPGymEnvironment - INFO - Job J12 completed at time 5362.0, deadline: 2863, met: False, priority: 2
2025-04-13 19:52:58,056 - JSPGymEnvironment - INFO - Material change on machine M2: Mountainbike_Fahrrad_endmontiert -> E-Bike_Rahmen_nachbearbeitet, setup time: 20
2025-04-13 19:52:58,056 - JSPGymEnvironment - INFO - Executed operation: Job J19, Op 4, Machine M2, Start: 5382.0, End: 5399.0, Setup: 20
2025-04-13 19:52:58,089 - JSPGymEnvironment - INFO - Executed operation: Job J19, Op 5, Machine M2, Start: 5414.0, End: 5435.0, Setup: 15
2025-04-13 19:52:58,122 - JSPGymEnvironment - INFO - Material change on machine M2: E-Bike_Rahmen_nachbearbeitet -> Mountainbike_Bremsaufnahme_gebohrt, setup time: 20
2025-04-13 19:52:58,122 - JSPGymEnvironment - INFO - Executed operation: Job J5, Op 3, Machine M2, Start: 5455.0, End: 5470.0, Setup: 20
2025-04-13 19:52:58,348 - JSPGymEnvironment - INFO - Material change on machine M2: Mountainbike_Bremsaufnahme_gebohrt -> Mountainbike_Rahmen_nachbearbeitet, setup time: 20
2025-04-13 19:52:58,348 - JSPGymEnvironment - INFO - Executed operation: Job J5, Op 4, Machine M2, Start: 5490.0, End: 5520.0, Setup: 20
2025-04-13 19:52:58,381 - JSPGymEnvironment - INFO - Material change on machine M2: Mountainbike_Rahmen_nachbearbeitet -> Racebike_Schaltauge_bearbeitet, setup time: 20
2025-04-13 19:52:58,381 - JSPGymEnvironment - INFO - Executed operation: Job J16, Op 1, Machine M2, Start: 5540.0, End: 5555.0, Setup: 20
2025-04-13 19:52:58,414 - JSPGymEnvironment - INFO - Material change on machine M2: Racebike_Schaltauge_bearbeitet -> Mountainbike_Fahrrad_endmontiert, setup time: 20
2025-04-13 19:52:58,414 - JSPGymEnvironment - INFO - Executed operation: Job J5, Op 5, Machine M2, Start: 5575.0, End: 5597.0, Setup: 20
2025-04-13 19:52:58,414 - JSPGymEnvironment - INFO - Job J5 completed at time 5597.0, deadline: 2880, met: False, priority: 1
2025-04-13 19:52:58,446 - JSPGymEnvironment - INFO - Material change on machine M3: Mountainbike_Antrieb_installiert -> Racebike_Antrieb_installiert, setup time: 15
2025-04-13 19:52:58,447 - JSPGymEnvironment - INFO - Executed operation: Job J16, Op 2, Machine M3, Start: 5612.0, End: 5642.0, Setup: 15
2025-04-13 19:52:58,480 - JSPGymEnvironment - INFO - Material change on machine M2: Mountainbike_Fahrrad_endmontiert -> Racebike_Bremsaufnahme_gebohrt, setup time: 20
2025-04-13 19:52:58,480 - JSPGymEnvironment - INFO - Executed operation: Job J16, Op 3, Machine M2, Start: 5662.0, End: 5685.0, Setup: 20
2025-04-13 19:52:58,512 - JSPGymEnvironment - INFO - Material change on machine M2: Racebike_Bremsaufnahme_gebohrt -> Racebike_Rahmen_nachbearbeitet, setup time: 20
2025-04-13 19:52:58,512 - JSPGymEnvironment - INFO - Executed operation: Job J16, Op 4, Machine M2, Start: 5705.0, End: 5719.0, Setup: 20
2025-04-13 19:52:58,544 - JSPGymEnvironment - INFO - Material change on machine M2: Racebike_Rahmen_nachbearbeitet -> Racebike_Fahrrad_endmontiert, setup time: 20
2025-04-13 19:52:58,544 - JSPGymEnvironment - INFO - Executed operation: Job J16, Op 5, Machine M2, Start: 5739.0, End: 5769.0, Setup: 20
2025-04-13 19:52:58,544 - JSPGymEnvironment - INFO - Job J16 completed at time 5769.0, deadline: 2855, met: False, priority: 7
2025-04-13 19:52:58,576 - JSPGymEnvironment - INFO - Material change on machine M2: Racebike_Fahrrad_endmontiert -> Racebike_Rahmen_nachbearbeitet, setup time: 20
2025-04-13 19:52:58,577 - JSPGymEnvironment - INFO - Executed operation: Job J1, Op 4, Machine M2, Start: 5789.0, End: 5811.0, Setup: 20
2025-04-13 19:52:58,609 - JSPGymEnvironment - INFO - Material change on machine M2: Racebike_Rahmen_nachbearbeitet -> E-Bike_Fahrrad_endmontiert, setup time: 20
2025-04-13 19:52:58,610 - JSPGymEnvironment - INFO - Executed operation: Job J19, Op 6, Machine M2, Start: 5831.0, End: 5856.0, Setup: 20
2025-04-13 19:52:58,610 - JSPGymEnvironment - INFO - Job J19 completed at time 5856.0, deadline: 2737, met: False, priority: 8
2025-04-13 19:52:58,648 - JSPGymEnvironment - INFO - Material change on machine M2: E-Bike_Fahrrad_endmontiert -> Racebike_Rahmen_nachbearbeitet, setup time: 20
2025-04-13 19:52:58,648 - JSPGymEnvironment - INFO - Executed operation: Job J4, Op 5, Machine M2, Start: 5876.0, End: 5900.0, Setup: 20
2025-04-13 19:52:58,683 - JSPGymEnvironment - INFO - Material change on machine M2: Racebike_Rahmen_nachbearbeitet -> Racebike_Fahrrad_endmontiert, setup time: 20
2025-04-13 19:52:58,684 - JSPGymEnvironment - INFO - Executed operation: Job J1, Op 5, Machine M2, Start: 5920.0, End: 5932.0, Setup: 20
2025-04-13 19:52:58,684 - JSPGymEnvironment - INFO - Job J1 completed at time 5932.0, deadline: 2790, met: False, priority: 7
2025-04-13 19:52:58,720 - JSPGymEnvironment - INFO - Material change on machine M3: Racebike_Antrieb_installiert -> Racebike_Fahrrad_endmontiert, setup time: 15
2025-04-13 19:52:58,721 - JSPGymEnvironment - INFO - Executed operation: Job J4, Op 6, Machine M3, Start: 5947.0, End: 5973.0, Setup: 15
2025-04-13 19:52:58,721 - JSPGymEnvironment - INFO - Job J4 completed at time 5973.0, deadline: 2757, met: False, priority: 7
2025-04-13 19:52:58,758 - JSPGymEnvironment - INFO - Material change on machine M2: Racebike_Fahrrad_endmontiert -> Citybike_Schaltauge_bearbeitet, setup time: 20
2025-04-13 19:52:58,758 - JSPGymEnvironment - INFO - Executed operation: Job J11, Op 1, Machine M2, Start: 5993.0, End: 6006.0, Setup: 20
2025-04-13 19:52:58,799 - JSPGymEnvironment - INFO - Material change on machine M3: Racebike_Fahrrad_endmontiert -> Citybike_Antrieb_installiert, setup time: 15
2025-04-13 19:52:58,799 - JSPGymEnvironment - INFO - Executed operation: Job J11, Op 2, Machine M3, Start: 6021.0, End: 6063.0, Setup: 15
2025-04-13 19:52:58,831 - JSPGymEnvironment - INFO - Material change on machine M3: Citybike_Antrieb_installiert -> Citybike_Bremsen_justiert, setup time: 15
2025-04-13 19:52:58,832 - JSPGymEnvironment - INFO - Executed operation: Job J11, Op 3, Machine M3, Start: 6078.0, End: 6100.0, Setup: 15
2025-04-13 19:52:59,059 - JSPGymEnvironment - INFO - Material change on machine M3: Citybike_Bremsen_justiert -> Citybike_Fahrrad_endmontiert, setup time: 15
2025-04-13 19:52:59,059 - JSPGymEnvironment - INFO - Executed operation: Job J11, Op 4, Machine M3, Start: 6115.0, End: 6154.0, Setup: 15
2025-04-13 19:52:59,092 - JSPGymEnvironment - INFO - Material change on machine M2: Citybike_Schaltauge_bearbeitet -> Citybike_Rahmen_nachbearbeitet, setup time: 20
2025-04-13 19:52:59,092 - JSPGymEnvironment - INFO - Executed operation: Job J11, Op 5, Machine M2, Start: 6174.0, End: 6191.0, Setup: 20
2025-04-13 19:52:59,125 - JSPGymEnvironment - INFO - Executed operation: Job J11, Op 6, Machine M2, Start: 6206.0, End: 6228.0, Setup: 15
2025-04-13 19:52:59,158 - JSPGymEnvironment - INFO - Material change on machine M2: Citybike_Rahmen_nachbearbeitet -> Citybike_Fahrrad_endmontiert, setup time: 20
2025-04-13 19:52:59,158 - JSPGymEnvironment - INFO - Executed operation: Job J11, Op 7, Machine M2, Start: 6248.0, End: 6277.0, Setup: 20
2025-04-13 19:52:59,158 - JSPGymEnvironment - INFO - Job J11 completed at time 6277.0, deadline: 2880, met: False, priority: 7
2025-04-13 19:52:59,159 - JSPGymEnvironment - INFO - Reward function updated with 61 insights
2025-04-13 19:52:59,159 - JSPGymEnvironment - INFO -   Material change on critical path at Job 10 Operation 0 on Machine M1 (Severity: 1.00)
2025-04-13 19:52:59,159 - JSPGymEnvironment - INFO -   Material change on critical path at Job 10 Operation 1 on Machine M2 (Severity: 1.00)
2025-04-13 19:52:59,159 - JSPGymEnvironment - INFO -   Material change on critical path at Job 10 Operation 2 on Machine M3 (Severity: 1.00)
2025-04-13 19:52:59,159 - JSPGymEnvironment - INFO -   Material change on critical path at Job 10 Operation 3 on Machine M3 (Severity: 1.00)
2025-04-13 19:52:59,159 - JSPGymEnvironment - INFO -   Idle time on critical path before Job 10 Operation 3 on Machine M3 (Severity: 0.68)
2025-04-13 19:52:59,159 - JSPGymEnvironment - INFO -   Material change on critical path at Job 10 Operation 4 on Machine M3 (Severity: 1.00)
2025-04-13 19:52:59,160 - JSPGymEnvironment - INFO -   Idle time on critical path before Job 10 Operation 4 on Machine M3 (Severity: 0.38)
2025-04-13 19:52:59,160 - JSPGymEnvironment - INFO -   Material change on critical path at Job 10 Operation 5 on Machine M2 (Severity: 1.00)
2025-04-13 19:52:59,160 - JSPGymEnvironment - INFO -   Idle time on critical path before Job 10 Operation 6 on Machine M2 (Severity: 0.68)
2025-04-13 19:52:59,160 - JSPGymEnvironment - INFO -   Material change on critical path at Job 10 Operation 7 on Machine M2 (Severity: 1.00)
2025-04-13 19:52:59,160 - JSPGymEnvironment - INFO -   Idle time on critical path before Job 10 Operation 7 on Machine M2 (Severity: 0.69)
2025-04-13 19:52:59,160 - JSPGymEnvironment - INFO -   High priority (9) not on critical path: Job 9 Operation 0 (Severity: 0.67)
2025-04-13 19:52:59,160 - JSPGymEnvironment - INFO -   High priority (8) not on critical path: Job 8 Operation 0 (Severity: 0.33)
2025-04-13 19:52:59,160 - JSPGymEnvironment - INFO -   High priority (8) not on critical path: Job 18 Operation 0 (Severity: 0.33)
2025-04-13 19:52:59,160 - JSPGymEnvironment - INFO -   High priority (9) not on critical path: Job 9 Operation 1 (Severity: 0.67)
2025-04-13 19:52:59,160 - JSPGymEnvironment - INFO -   High priority (10) not on critical path: Job 5 Operation 0 (Severity: 1.00)
2025-04-13 19:52:59,160 - JSPGymEnvironment - INFO -   High priority (10) not on critical path: Job 5 Operation 1 (Severity: 1.00)
2025-04-13 19:52:59,160 - JSPGymEnvironment - INFO -   High priority (10) not on critical path: Job 14 Operation 0 (Severity: 1.00)
2025-04-13 19:52:59,160 - JSPGymEnvironment - INFO -   High priority (8) not on critical path: Job 8 Operation 1 (Severity: 0.33)
2025-04-13 19:52:59,160 - JSPGymEnvironment - INFO -   High priority (10) not on critical path: Job 14 Operation 1 (Severity: 1.00)
2025-04-13 19:52:59,160 - JSPGymEnvironment - INFO -   High priority (8) not on critical path: Job 8 Operation 2 (Severity: 0.33)
2025-04-13 19:52:59,160 - JSPGymEnvironment - INFO -   High priority (9) not on critical path: Job 6 Operation 0 (Severity: 0.67)
2025-04-13 19:52:59,160 - JSPGymEnvironment - INFO -   High priority (8) not on critical path: Job 8 Operation 3 (Severity: 0.33)
2025-04-13 19:52:59,160 - JSPGymEnvironment - INFO -   High priority (10) not on critical path: Job 14 Operation 2 (Severity: 1.00)
2025-04-13 19:52:59,160 - JSPGymEnvironment - INFO -   High priority (10) not on critical path: Job 14 Operation 3 (Severity: 1.00)
2025-04-13 19:52:59,160 - JSPGymEnvironment - INFO -   High priority (10) not on critical path: Job 5 Operation 2 (Severity: 1.00)
2025-04-13 19:52:59,160 - JSPGymEnvironment - INFO -   High priority (9) not on critical path: Job 9 Operation 2 (Severity: 0.67)
2025-04-13 19:52:59,161 - JSPGymEnvironment - INFO -   High priority (9) not on critical path: Job 9 Operation 3 (Severity: 0.67)
2025-04-13 19:52:59,161 - JSPGymEnvironment - INFO -   High priority (8) not on critical path: Job 8 Operation 4 (Severity: 0.33)
2025-04-13 19:52:59,161 - JSPGymEnvironment - INFO -   High priority (8) not on critical path: Job 2 Operation 0 (Severity: 0.33)
2025-04-13 19:52:59,161 - JSPGymEnvironment - INFO -   High priority (8) not on critical path: Job 2 Operation 1 (Severity: 0.33)
2025-04-13 19:52:59,161 - JSPGymEnvironment - INFO -   High priority (8) not on critical path: Job 18 Operation 1 (Severity: 0.33)
2025-04-13 19:52:59,161 - JSPGymEnvironment - INFO -   High priority (8) not on critical path: Job 18 Operation 2 (Severity: 0.33)
2025-04-13 19:52:59,161 - JSPGymEnvironment - INFO -   High priority (8) not on critical path: Job 2 Operation 2 (Severity: 0.33)
2025-04-13 19:52:59,161 - JSPGymEnvironment - INFO -   High priority (8) not on critical path: Job 2 Operation 3 (Severity: 0.33)
2025-04-13 19:52:59,161 - JSPGymEnvironment - INFO -   High priority (10) not on critical path: Job 14 Operation 4 (Severity: 1.00)
2025-04-13 19:52:59,161 - JSPGymEnvironment - INFO -   High priority (10) not on critical path: Job 5 Operation 3 (Severity: 1.00)
2025-04-13 19:52:59,161 - JSPGymEnvironment - INFO -   High priority (10) not on critical path: Job 5 Operation 4 (Severity: 1.00)
2025-04-13 19:52:59,161 - JSPGymEnvironment - INFO -   High priority (8) not on critical path: Job 2 Operation 4 (Severity: 0.33)
2025-04-13 19:52:59,161 - JSPGymEnvironment - INFO -   High priority (10) not on critical path: Job 14 Operation 5 (Severity: 1.00)
2025-04-13 19:52:59,161 - JSPGymEnvironment - INFO -   High priority (9) not on critical path: Job 9 Operation 4 (Severity: 0.67)
2025-04-13 19:52:59,161 - JSPGymEnvironment - INFO -   High priority (8) not on critical path: Job 2 Operation 5 (Severity: 0.33)
2025-04-13 19:52:59,161 - JSPGymEnvironment - INFO -   High priority (10) not on critical path: Job 14 Operation 6 (Severity: 1.00)
2025-04-13 19:52:59,161 - JSPGymEnvironment - INFO -   High priority (10) not on critical path: Job 14 Operation 7 (Severity: 1.00)
2025-04-13 19:52:59,161 - JSPGymEnvironment - INFO -   High priority (9) not on critical path: Job 6 Operation 1 (Severity: 0.67)
2025-04-13 19:52:59,161 - JSPGymEnvironment - INFO -   High priority (9) not on critical path: Job 6 Operation 2 (Severity: 0.67)
2025-04-13 19:52:59,161 - JSPGymEnvironment - INFO -   High priority (8) not on critical path: Job 8 Operation 5 (Severity: 0.33)
2025-04-13 19:52:59,161 - JSPGymEnvironment - INFO -   High priority (9) not on critical path: Job 6 Operation 3 (Severity: 0.67)
2025-04-13 19:52:59,161 - JSPGymEnvironment - INFO -   High priority (8) not on critical path: Job 2 Operation 6 (Severity: 0.33)
2025-04-13 19:52:59,161 - JSPGymEnvironment - INFO -   High priority (9) not on critical path: Job 6 Operation 4 (Severity: 0.67)
2025-04-13 19:52:59,162 - JSPGymEnvironment - INFO -   High priority (9) not on critical path: Job 6 Operation 5 (Severity: 0.67)
2025-04-13 19:52:59,162 - JSPGymEnvironment - INFO -   High priority (9) not on critical path: Job 6 Operation 6 (Severity: 0.67)
2025-04-13 19:52:59,162 - JSPGymEnvironment - INFO -   High priority (8) not on critical path: Job 8 Operation 6 (Severity: 0.33)
2025-04-13 19:52:59,162 - JSPGymEnvironment - INFO -   High priority (9) not on critical path: Job 9 Operation 5 (Severity: 0.67)
2025-04-13 19:52:59,162 - JSPGymEnvironment - INFO -   High priority (9) not on critical path: Job 9 Operation 6 (Severity: 0.67)
2025-04-13 19:52:59,162 - JSPGymEnvironment - INFO -   High priority (9) not on critical path: Job 9 Operation 7 (Severity: 0.67)
2025-04-13 19:52:59,162 - JSPGymEnvironment - INFO -   High priority (9) not on critical path: Job 6 Operation 7 (Severity: 0.67)
2025-04-13 19:52:59,162 - JSPGymEnvironment - INFO -   High priority (8) not on critical path: Job 18 Operation 3 (Severity: 0.33)
2025-04-13 19:52:59,162 - JSPGymEnvironment - INFO -   High priority (8) not on critical path: Job 18 Operation 4 (Severity: 0.33)
2025-04-13 19:52:59,162 - JSPGymEnvironment - INFO -   High priority (8) not on critical path: Job 18 Operation 5 (Severity: 0.33)
2025-04-13 19:52:59,162 - JSPGymEnvironment - INFO -   High priority (8) not on critical path: Job 18 Operation 6 (Severity: 0.33)
2025-04-13 19:52:59,162 - JSPGymEnvironment - INFO - Episode completed. Critical path: 8 operations, Suboptimal placements: 61
2025-04-13 19:52:59,162 - JSPGymEnvironment - INFO - Reward components: {'makespan_reward': -0.49, 'setup_reward': -10.0, 'idle_penalty': 0.0, 'deadline_reward': -5.897569444444445, 'priority_reward': 14.0, 'critical_job_reward': 0.0, 'global_progress_reward': 5.0, 'objective_reward': 0.0, 'placement_reward': 3.0, 'lookahead_reward': 0.0}
