2025-04-07 19:19:44,071 - JSPGymEnvironment - INFO - Environment reset
2025-04-07 19:19:44,201 - JSPGymEnvironment - INFO - Environment reset
2025-04-07 19:19:44,335 - JSPGymEnvironment - INFO - Material change on machine M1:  -> Racebike_Hauptrahmen_zugeschnitten, setup time: 0
2025-04-07 19:19:44,335 - JSPGymEnvironment - INFO - Executed operation: Job J4, Op 0, Machine M1, Start: 0.0, End: 25.0, Setup: 0
2025-04-07 19:19:44,365 - JSPGymEnvironment - INFO - Material change on machine M1: Racebike_Hauptrahmen_zugeschnitten -> Mountainbike_Hauptrahmen_zugeschnitten, setup time: 40
2025-04-07 19:19:44,365 - JSPGymEnvironment - INFO - Executed operation: Job J12, Op 0, Machine M1, Start: 65.0, End: 96.0, Setup: 40
2025-04-07 19:19:44,398 - JSPGymEnvironment - INFO - Material change on machine M1: Mountainbike_Hauptrahmen_zugeschnitten -> Racebike_Hauptrahmen_zugeschnitten, setup time: 40
2025-04-07 19:19:44,398 - JSPGymEnvironment - INFO - Executed operation: Job J6, Op 0, Machine M1, Start: 136.0, End: 172.0, Setup: 40
2025-04-07 19:19:44,462 - JSPGymEnvironment - INFO - Material change on machine M1: Racebike_Hauptrahmen_zugeschnitten -> Citybike_Hauptrahmen_zugeschnitten, setup time: 40
2025-04-07 19:19:44,462 - JSPGymEnvironment - INFO - Executed operation: Job J8, Op 0, Machine M1, Start: 212.0, End: 231.0, Setup: 40
2025-04-07 19:19:44,516 - JSPGymEnvironment - INFO - Material change on machine M2:  -> Racebike_Schaltauge_bearbeitet, setup time: 0
2025-04-07 19:19:44,516 - JSPGymEnvironment - INFO - Executed operation: Job J6, Op 1, Machine M2, Start: 231.0, End: 244.0, Setup: 0
2025-04-07 19:19:44,567 - JSPGymEnvironment - INFO - Material change on machine M2: Racebike_Schaltauge_bearbeitet -> Mountainbike_Schaltauge_bearbeitet, setup time: 20
2025-04-07 19:19:44,567 - JSPGymEnvironment - INFO - Executed operation: Job J12, Op 1, Machine M2, Start: 264.0, End: 286.0, Setup: 20
2025-04-07 19:19:44,611 - JSPGymEnvironment - INFO - Material change on machine M3:  -> Mountainbike_Antrieb_installiert, setup time: 0
2025-04-07 19:19:44,611 - JSPGymEnvironment - INFO - Executed operation: Job J12, Op 2, Machine M3, Start: 286.0, End: 331.0, Setup: 0
2025-04-07 19:19:44,647 - JSPGymEnvironment - INFO - Material change on machine M2: Mountainbike_Schaltauge_bearbeitet -> Mountainbike_Bremsaufnahme_gebohrt, setup time: 20
2025-04-07 19:19:44,647 - JSPGymEnvironment - INFO - Executed operation: Job J12, Op 3, Machine M2, Start: 351.0, End: 377.0, Setup: 20
2025-04-07 19:19:44,677 - JSPGymEnvironment - INFO - Material change on machine M2: Mountainbike_Bremsaufnahme_gebohrt -> Mountainbike_Rahmen_nachbearbeitet, setup time: 20
2025-04-07 19:19:44,678 - JSPGymEnvironment - INFO - Executed operation: Job J12, Op 4, Machine M2, Start: 397.0, End: 425.0, Setup: 20
2025-04-07 19:19:44,872 - JSPGymEnvironment - INFO - Executed operation: Job J14, Op 0, Machine M1, Start: 450.0, End: 468.0, Setup: 25
2025-04-07 19:19:44,903 - JSPGymEnvironment - INFO - Executed operation: Job J12, Op 5, Machine M2, Start: 483.0, End: 511.0, Setup: 15
2025-04-07 19:19:44,933 - JSPGymEnvironment - INFO - Material change on machine M2: Mountainbike_Rahmen_nachbearbeitet -> Citybike_Schaltauge_bearbeitet, setup time: 20
2025-04-07 19:19:44,933 - JSPGymEnvironment - INFO - Executed operation: Job J14, Op 1, Machine M2, Start: 531.0, End: 547.0, Setup: 20
2025-04-07 19:19:44,968 - JSPGymEnvironment - INFO - Executed operation: Job J8, Op 1, Machine M2, Start: 562.0, End: 575.0, Setup: 15
2025-04-07 19:19:44,996 - JSPGymEnvironment - INFO - Material change on machine M1: Citybike_Hauptrahmen_zugeschnitten -> E-Bike_Hauptrahmen_zugeschnitten, setup time: 40
2025-04-07 19:19:44,997 - JSPGymEnvironment - INFO - Executed operation: Job J19, Op 0, Machine M1, Start: 615.0, End: 630.0, Setup: 40
2025-04-07 19:19:45,023 - JSPGymEnvironment - INFO - Material change on machine M2: Citybike_Schaltauge_bearbeitet -> Mountainbike_Fahrrad_endmontiert, setup time: 20
2025-04-07 19:19:45,023 - JSPGymEnvironment - INFO - Executed operation: Job J12, Op 6, Machine M2, Start: 650.0, End: 672.0, Setup: 20
2025-04-07 19:19:45,024 - JSPGymEnvironment - INFO - Job J12 completed at time 672.0, deadline: 2863, met: True, priority: 2
2025-04-07 19:19:45,056 - JSPGymEnvironment - INFO - Executed operation: Job J3, Op 0, Machine M1, Start: 697.0, End: 731.0, Setup: 25
2025-04-07 19:19:45,082 - JSPGymEnvironment - INFO - Material change on machine M1: E-Bike_Hauptrahmen_zugeschnitten -> Racebike_Hauptrahmen_zugeschnitten, setup time: 40
2025-04-07 19:19:45,082 - JSPGymEnvironment - INFO - Executed operation: Job J16, Op 0, Machine M1, Start: 771.0, End: 797.0, Setup: 40
2025-04-07 19:19:45,113 - JSPGymEnvironment - INFO - Executed operation: Job J15, Op 0, Machine M1, Start: 822.0, End: 845.0, Setup: 25
2025-04-07 19:19:45,151 - JSPGymEnvironment - INFO - Material change on machine M3: Mountainbike_Antrieb_installiert -> Citybike_Antrieb_installiert, setup time: 15
2025-04-07 19:19:45,152 - JSPGymEnvironment - INFO - Executed operation: Job J8, Op 2, Machine M3, Start: 860.0, End: 914.0, Setup: 15
2025-04-07 19:19:45,187 - JSPGymEnvironment - INFO - Material change on machine M3: Citybike_Antrieb_installiert -> Racebike_Antrieb_installiert, setup time: 15
2025-04-07 19:19:45,187 - JSPGymEnvironment - INFO - Executed operation: Job J6, Op 2, Machine M3, Start: 929.0, End: 967.0, Setup: 15
2025-04-07 19:19:45,222 - JSPGymEnvironment - INFO - Material change on machine M1: Racebike_Hauptrahmen_zugeschnitten -> E-Bike_Hauptrahmen_zugeschnitten, setup time: 40
2025-04-07 19:19:45,222 - JSPGymEnvironment - INFO - Executed operation: Job J13, Op 0, Machine M1, Start: 1007.0, End: 1048.0, Setup: 40
2025-04-07 19:19:45,251 - JSPGymEnvironment - INFO - Material change on machine M3: Racebike_Antrieb_installiert -> Racebike_Bremsen_justiert, setup time: 15
2025-04-07 19:19:45,251 - JSPGymEnvironment - INFO - Executed operation: Job J6, Op 3, Machine M3, Start: 1063.0, End: 1121.0, Setup: 15
2025-04-07 19:19:45,421 - JSPGymEnvironment - INFO - Material change on machine M3: Racebike_Bremsen_justiert -> Citybike_Bremsen_justiert, setup time: 15
2025-04-07 19:19:45,422 - JSPGymEnvironment - INFO - Executed operation: Job J8, Op 3, Machine M3, Start: 1136.0, End: 1194.0, Setup: 15
2025-04-07 19:19:45,450 - JSPGymEnvironment - INFO - Material change on machine M2: Mountainbike_Fahrrad_endmontiert -> Racebike_Schaltauge_bearbeitet, setup time: 20
2025-04-07 19:19:45,450 - JSPGymEnvironment - INFO - Executed operation: Job J15, Op 1, Machine M2, Start: 1214.0, End: 1227.0, Setup: 20
2025-04-07 19:19:45,477 - JSPGymEnvironment - INFO - Material change on machine M1: E-Bike_Hauptrahmen_zugeschnitten -> Mountainbike_Hauptrahmen_zugeschnitten, setup time: 40
2025-04-07 19:19:45,477 - JSPGymEnvironment - INFO - Executed operation: Job J20, Op 0, Machine M1, Start: 1267.0, End: 1286.0, Setup: 40
2025-04-07 19:19:45,506 - JSPGymEnvironment - INFO - Material change on machine M3: Citybike_Bremsen_justiert -> Citybike_Antrieb_installiert, setup time: 15
2025-04-07 19:19:45,507 - JSPGymEnvironment - INFO - Executed operation: Job J14, Op 2, Machine M3, Start: 1301.0, End: 1323.0, Setup: 15
2025-04-07 19:19:45,532 - JSPGymEnvironment - INFO - Material change on machine M2: Racebike_Schaltauge_bearbeitet -> E-Bike_Schaltauge_bearbeitet, setup time: 20
2025-04-07 19:19:45,532 - JSPGymEnvironment - INFO - Executed operation: Job J3, Op 1, Machine M2, Start: 1343.0, End: 1363.0, Setup: 20
2025-04-07 19:19:45,560 - JSPGymEnvironment - INFO - Material change on machine M3: Citybike_Antrieb_installiert -> Racebike_Fahrrad_endmontiert, setup time: 15
2025-04-07 19:19:45,560 - JSPGymEnvironment - INFO - Executed operation: Job J6, Op 4, Machine M3, Start: 1378.0, End: 1419.0, Setup: 15
2025-04-07 19:19:45,560 - JSPGymEnvironment - INFO - Job J6 completed at time 1419.0, deadline: 2880, met: True, priority: 10
2025-04-07 19:19:45,583 - JSPGymEnvironment - INFO - Material change on machine M2: E-Bike_Schaltauge_bearbeitet -> Mountainbike_Schaltauge_bearbeitet, setup time: 20
2025-04-07 19:19:45,583 - JSPGymEnvironment - INFO - Executed operation: Job J20, Op 1, Machine M2, Start: 1439.0, End: 1464.0, Setup: 20
2025-04-07 19:19:45,609 - JSPGymEnvironment - INFO - Executed operation: Job J18, Op 0, Machine M1, Start: 1489.0, End: 1511.0, Setup: 25
2025-04-07 19:19:45,632 - JSPGymEnvironment - INFO - Material change on machine M3: Racebike_Fahrrad_endmontiert -> E-Bike_Antrieb_installiert, setup time: 15
2025-04-07 19:19:45,632 - JSPGymEnvironment - INFO - Executed operation: Job J3, Op 2, Machine M3, Start: 1526.0, End: 1584.0, Setup: 15
2025-04-07 19:19:45,657 - JSPGymEnvironment - INFO - Material change on machine M2: Mountainbike_Schaltauge_bearbeitet -> E-Bike_Schaltauge_bearbeitet, setup time: 20
2025-04-07 19:19:45,657 - JSPGymEnvironment - INFO - Executed operation: Job J19, Op 1, Machine M2, Start: 1604.0, End: 1634.0, Setup: 20
2025-04-07 19:19:45,682 - JSPGymEnvironment - INFO - Material change on machine M3: E-Bike_Antrieb_installiert -> Mountainbike_Antrieb_installiert, setup time: 15
2025-04-07 19:19:45,682 - JSPGymEnvironment - INFO - Executed operation: Job J20, Op 2, Machine M3, Start: 1649.0, End: 1673.0, Setup: 15
2025-04-07 19:19:45,706 - JSPGymEnvironment - INFO - Material change on machine M2: E-Bike_Schaltauge_bearbeitet -> Citybike_Bremsaufnahme_gebohrt, setup time: 20
2025-04-07 19:19:45,706 - JSPGymEnvironment - INFO - Executed operation: Job J14, Op 3, Machine M2, Start: 1693.0, End: 1711.0, Setup: 20
2025-04-07 19:19:45,742 - JSPGymEnvironment - INFO - Material change on machine M1: Mountainbike_Hauptrahmen_zugeschnitten -> Citybike_Hauptrahmen_zugeschnitten, setup time: 40
2025-04-07 19:19:45,742 - JSPGymEnvironment - INFO - Executed operation: Job J9, Op 0, Machine M1, Start: 1751.0, End: 1791.0, Setup: 40
2025-04-07 19:19:45,914 - JSPGymEnvironment - INFO - Material change on machine M2: Citybike_Bremsaufnahme_gebohrt -> Racebike_Schaltauge_bearbeitet, setup time: 20
2025-04-07 19:19:45,914 - JSPGymEnvironment - INFO - Executed operation: Job J16, Op 1, Machine M2, Start: 1811.0, End: 1826.0, Setup: 20
2025-04-07 19:19:45,942 - JSPGymEnvironment - INFO - Material change on machine M3: Mountainbike_Antrieb_installiert -> E-Bike_Antrieb_installiert, setup time: 15
2025-04-07 19:19:45,942 - JSPGymEnvironment - INFO - Executed operation: Job J19, Op 2, Machine M3, Start: 1841.0, End: 1863.0, Setup: 15
2025-04-07 19:19:45,970 - JSPGymEnvironment - INFO - Executed operation: Job J11, Op 0, Machine M1, Start: 1888.0, End: 1919.0, Setup: 25
2025-04-07 19:19:46,000 - JSPGymEnvironment - INFO - Material change on machine M3: E-Bike_Antrieb_installiert -> Citybike_Fahrrad_endmontiert, setup time: 15
2025-04-07 19:19:46,000 - JSPGymEnvironment - INFO - Executed operation: Job J8, Op 4, Machine M3, Start: 1934.0, End: 1983.0, Setup: 15
2025-04-07 19:19:46,025 - JSPGymEnvironment - INFO - Material change on machine M2: Racebike_Schaltauge_bearbeitet -> Citybike_Fahrrad_endmontiert, setup time: 20
2025-04-07 19:19:46,025 - JSPGymEnvironment - INFO - Executed operation: Job J8, Op 5, Machine M2, Start: 2003.0, End: 2033.0, Setup: 20
2025-04-07 19:19:46,025 - JSPGymEnvironment - INFO - Job J8 completed at time 2033.0, deadline: 2762, met: True, priority: 5
2025-04-07 19:19:46,049 - JSPGymEnvironment - INFO - Material change on machine M2: Citybike_Fahrrad_endmontiert -> Citybike_Schaltauge_bearbeitet, setup time: 20
2025-04-07 19:19:46,049 - JSPGymEnvironment - INFO - Executed operation: Job J11, Op 1, Machine M2, Start: 2053.0, End: 2066.0, Setup: 20
2025-04-07 19:19:46,071 - JSPGymEnvironment - INFO - Material change on machine M3: Citybike_Fahrrad_endmontiert -> Racebike_Antrieb_installiert, setup time: 15
2025-04-07 19:19:46,072 - JSPGymEnvironment - INFO - Executed operation: Job J16, Op 2, Machine M3, Start: 2081.0, End: 2111.0, Setup: 15
2025-04-07 19:19:46,096 - JSPGymEnvironment - INFO - Executed operation: Job J15, Op 2, Machine M3, Start: 2121.0, End: 2156.0, Setup: 10
2025-04-07 19:19:46,119 - JSPGymEnvironment - INFO - Material change on machine M2: Citybike_Schaltauge_bearbeitet -> E-Bike_Bremsaufnahme_gebohrt, setup time: 20
2025-04-07 19:19:46,119 - JSPGymEnvironment - INFO - Executed operation: Job J19, Op 3, Machine M2, Start: 2176.0, End: 2189.0, Setup: 20
2025-04-07 19:19:46,143 - JSPGymEnvironment - INFO - Material change on machine M2: E-Bike_Bremsaufnahme_gebohrt -> Racebike_Bremsaufnahme_gebohrt, setup time: 20
2025-04-07 19:19:46,143 - JSPGymEnvironment - INFO - Executed operation: Job J16, Op 3, Machine M2, Start: 2209.0, End: 2232.0, Setup: 20
2025-04-07 19:19:46,167 - JSPGymEnvironment - INFO - Material change on machine M2: Racebike_Bremsaufnahme_gebohrt -> E-Bike_Bremsaufnahme_gebohrt, setup time: 20
2025-04-07 19:19:46,167 - JSPGymEnvironment - INFO - Executed operation: Job J3, Op 3, Machine M2, Start: 2252.0, End: 2282.0, Setup: 20
2025-04-07 19:19:46,193 - JSPGymEnvironment - INFO - Material change on machine M2: E-Bike_Bremsaufnahme_gebohrt -> Racebike_Rahmen_nachbearbeitet, setup time: 20
2025-04-07 19:19:46,194 - JSPGymEnvironment - INFO - Executed operation: Job J16, Op 4, Machine M2, Start: 2302.0, End: 2316.0, Setup: 20
2025-04-07 19:19:46,218 - JSPGymEnvironment - INFO - Material change on machine M2: Racebike_Rahmen_nachbearbeitet -> Racebike_Fahrrad_endmontiert, setup time: 20
2025-04-07 19:19:46,218 - JSPGymEnvironment - INFO - Executed operation: Job J16, Op 5, Machine M2, Start: 2336.0, End: 2366.0, Setup: 20
2025-04-07 19:19:46,218 - JSPGymEnvironment - INFO - Job J16 completed at time 2366.0, deadline: 2855, met: True, priority: 7
2025-04-07 19:19:46,243 - JSPGymEnvironment - INFO - Material change on machine M2: Racebike_Fahrrad_endmontiert -> Racebike_Schaltauge_bearbeitet, setup time: 20
2025-04-07 19:19:46,243 - JSPGymEnvironment - INFO - Executed operation: Job J4, Op 1, Machine M2, Start: 2386.0, End: 2401.0, Setup: 20
2025-04-07 19:19:46,268 - JSPGymEnvironment - INFO - Material change on machine M2: Racebike_Schaltauge_bearbeitet -> E-Bike_Rahmen_nachbearbeitet, setup time: 20
2025-04-07 19:19:46,268 - JSPGymEnvironment - INFO - Executed operation: Job J19, Op 4, Machine M2, Start: 2421.0, End: 2438.0, Setup: 20
2025-04-07 19:19:46,437 - JSPGymEnvironment - INFO - Material change on machine M3: Racebike_Antrieb_installiert -> Racebike_Bremsen_justiert, setup time: 15
2025-04-07 19:19:46,437 - JSPGymEnvironment - INFO - Executed operation: Job J15, Op 3, Machine M3, Start: 2453.0, End: 2480.0, Setup: 15
2025-04-07 19:19:46,460 - JSPGymEnvironment - INFO - Material change on machine M2: E-Bike_Rahmen_nachbearbeitet -> Citybike_Rahmen_nachbearbeitet, setup time: 20
2025-04-07 19:19:46,461 - JSPGymEnvironment - INFO - Executed operation: Job J14, Op 4, Machine M2, Start: 2500.0, End: 2529.0, Setup: 20
2025-04-07 19:19:46,484 - JSPGymEnvironment - INFO - Material change on machine M3: Racebike_Bremsen_justiert -> Racebike_Antrieb_installiert, setup time: 15
2025-04-07 19:19:46,484 - JSPGymEnvironment - INFO - Executed operation: Job J4, Op 2, Machine M3, Start: 2544.0, End: 2584.0, Setup: 15
2025-04-07 19:19:46,507 - JSPGymEnvironment - INFO - Material change on machine M2: Citybike_Rahmen_nachbearbeitet -> E-Bike_Rahmen_nachbearbeitet, setup time: 20
2025-04-07 19:19:46,507 - JSPGymEnvironment - INFO - Executed operation: Job J3, Op 4, Machine M2, Start: 2604.0, End: 2621.0, Setup: 20
2025-04-07 19:19:46,532 - JSPGymEnvironment - INFO - Material change on machine M1: Citybike_Hauptrahmen_zugeschnitten -> Mountainbike_Hauptrahmen_zugeschnitten, setup time: 40
2025-04-07 19:19:46,532 - JSPGymEnvironment - INFO - Executed operation: Job J5, Op 0, Machine M1, Start: 2661.0, End: 2697.0, Setup: 40
2025-04-07 19:19:46,559 - JSPGymEnvironment - INFO - Material change on machine M3: Racebike_Antrieb_installiert -> Citybike_Antrieb_installiert, setup time: 15
2025-04-07 19:19:46,559 - JSPGymEnvironment - INFO - Executed operation: Job J11, Op 2, Machine M3, Start: 2712.0, End: 2754.0, Setup: 15
2025-04-07 19:19:46,583 - JSPGymEnvironment - INFO - Material change on machine M2: E-Bike_Rahmen_nachbearbeitet -> E-Bike_Schaltauge_bearbeitet, setup time: 20
2025-04-07 19:19:46,583 - JSPGymEnvironment - INFO - Executed operation: Job J13, Op 1, Machine M2, Start: 2774.0, End: 2797.0, Setup: 20
2025-04-07 19:19:46,607 - JSPGymEnvironment - INFO - Material change on machine M2: E-Bike_Schaltauge_bearbeitet -> E-Bike_Rahmen_nachbearbeitet, setup time: 20
2025-04-07 19:19:46,607 - JSPGymEnvironment - INFO - Executed operation: Job J19, Op 5, Machine M2, Start: 2817.0, End: 2838.0, Setup: 20
2025-04-07 19:19:46,632 - JSPGymEnvironment - INFO - Material change on machine M2: E-Bike_Rahmen_nachbearbeitet -> E-Bike_Fahrrad_endmontiert, setup time: 20
2025-04-07 19:19:46,632 - JSPGymEnvironment - INFO - Executed operation: Job J19, Op 6, Machine M2, Start: 2858.0, End: 2883.0, Setup: 20
2025-04-07 19:19:46,633 - JSPGymEnvironment - INFO - Job J19 completed at time 2883.0, deadline: 2737, met: False, priority: 8
2025-04-07 19:19:46,656 - JSPGymEnvironment - INFO - Material change on machine M3: Citybike_Antrieb_installiert -> Citybike_Bremsen_justiert, setup time: 15
2025-04-07 19:19:46,656 - JSPGymEnvironment - INFO - Executed operation: Job J11, Op 3, Machine M3, Start: 2898.0, End: 2920.0, Setup: 15
2025-04-07 19:19:46,682 - JSPGymEnvironment - INFO - Material change on machine M3: Citybike_Bremsen_justiert -> Mountainbike_Bremsen_justiert, setup time: 15
2025-04-07 19:19:46,682 - JSPGymEnvironment - INFO - Executed operation: Job J20, Op 3, Machine M3, Start: 2935.0, End: 2976.0, Setup: 15
2025-04-07 19:19:46,707 - JSPGymEnvironment - INFO - Material change on machine M2: E-Bike_Fahrrad_endmontiert -> Racebike_Rahmen_nachbearbeitet, setup time: 20
2025-04-07 19:19:46,707 - JSPGymEnvironment - INFO - Executed operation: Job J15, Op 4, Machine M2, Start: 2996.0, End: 3016.0, Setup: 20
2025-04-07 19:19:46,733 - JSPGymEnvironment - INFO - Material change on machine M1: Mountainbike_Hauptrahmen_zugeschnitten -> Citybike_Hauptrahmen_zugeschnitten, setup time: 40
2025-04-07 19:19:46,734 - JSPGymEnvironment - INFO - Executed operation: Job J17, Op 0, Machine M1, Start: 3056.0, End: 3094.0, Setup: 40
2025-04-07 19:19:46,760 - JSPGymEnvironment - INFO - Material change on machine M2: Racebike_Rahmen_nachbearbeitet -> Citybike_Rahmen_nachbearbeitet, setup time: 20
2025-04-07 19:19:46,760 - JSPGymEnvironment - INFO - Executed operation: Job J14, Op 5, Machine M2, Start: 3114.0, End: 3144.0, Setup: 20
2025-04-07 19:19:46,930 - JSPGymEnvironment - INFO - Material change on machine M2: Citybike_Rahmen_nachbearbeitet -> E-Bike_Rahmen_nachbearbeitet, setup time: 20
2025-04-07 19:19:46,930 - JSPGymEnvironment - INFO - Executed operation: Job J3, Op 5, Machine M2, Start: 3164.0, End: 3185.0, Setup: 20
2025-04-07 19:19:46,963 - JSPGymEnvironment - INFO - Material change on machine M2: E-Bike_Rahmen_nachbearbeitet -> Racebike_Rahmen_nachbearbeitet, setup time: 20
2025-04-07 19:19:46,963 - JSPGymEnvironment - INFO - Executed operation: Job J15, Op 5, Machine M2, Start: 3205.0, End: 3228.0, Setup: 20
2025-04-07 19:19:46,995 - JSPGymEnvironment - INFO - Material change on machine M2: Racebike_Rahmen_nachbearbeitet -> Citybike_Rahmen_nachbearbeitet, setup time: 20
2025-04-07 19:19:46,995 - JSPGymEnvironment - INFO - Executed operation: Job J14, Op 6, Machine M2, Start: 3248.0, End: 3272.0, Setup: 20
2025-04-07 19:19:47,026 - JSPGymEnvironment - INFO - Material change on machine M3: Mountainbike_Bremsen_justiert -> Racebike_Fahrrad_endmontiert, setup time: 15
2025-04-07 19:19:47,026 - JSPGymEnvironment - INFO - Executed operation: Job J15, Op 6, Machine M3, Start: 3287.0, End: 3314.0, Setup: 15
2025-04-07 19:19:47,063 - JSPGymEnvironment - INFO - Material change on machine M2: Citybike_Rahmen_nachbearbeitet -> E-Bike_Fahrrad_endmontiert, setup time: 20
2025-04-07 19:19:47,063 - JSPGymEnvironment - INFO - Executed operation: Job J3, Op 6, Machine M2, Start: 3334.0, End: 3344.0, Setup: 20
2025-04-07 19:19:47,063 - JSPGymEnvironment - INFO - Job J3 completed at time 3344.0, deadline: 2862, met: False, priority: 8
2025-04-07 19:19:47,097 - JSPGymEnvironment - INFO - Material change on machine M2: E-Bike_Fahrrad_endmontiert -> Mountainbike_Rahmen_nachbearbeitet, setup time: 20
2025-04-07 19:19:47,097 - JSPGymEnvironment - INFO - Executed operation: Job J20, Op 4, Machine M2, Start: 3364.0, End: 3381.0, Setup: 20
2025-04-07 19:19:47,144 - JSPGymEnvironment - INFO - Material change on machine M2: Mountainbike_Rahmen_nachbearbeitet -> Citybike_Schaltauge_bearbeitet, setup time: 20
2025-04-07 19:19:47,145 - JSPGymEnvironment - INFO - Executed operation: Job J17, Op 1, Machine M2, Start: 3401.0, End: 3421.0, Setup: 20
2025-04-07 19:19:47,185 - JSPGymEnvironment - INFO - Material change on machine M2: Citybike_Schaltauge_bearbeitet -> Mountainbike_Schaltauge_bearbeitet, setup time: 20
2025-04-07 19:19:47,185 - JSPGymEnvironment - INFO - Executed operation: Job J5, Op 1, Machine M2, Start: 3441.0, End: 3456.0, Setup: 20
2025-04-07 19:19:47,224 - JSPGymEnvironment - INFO - Material change on machine M2: Mountainbike_Schaltauge_bearbeitet -> Citybike_Fahrrad_endmontiert, setup time: 20
2025-04-07 19:19:47,225 - JSPGymEnvironment - INFO - Executed operation: Job J14, Op 7, Machine M2, Start: 3476.0, End: 3497.0, Setup: 20
2025-04-07 19:19:47,225 - JSPGymEnvironment - INFO - Job J14 completed at time 3497.0, deadline: 2880, met: False, priority: 3
2025-04-07 19:19:47,260 - JSPGymEnvironment - INFO - Material change on machine M3: Racebike_Fahrrad_endmontiert -> Citybike_Fahrrad_endmontiert, setup time: 15
2025-04-07 19:19:47,260 - JSPGymEnvironment - INFO - Executed operation: Job J11, Op 4, Machine M3, Start: 3512.0, End: 3551.0, Setup: 15
2025-04-07 19:19:47,294 - JSPGymEnvironment - INFO - Material change on machine M3: Citybike_Fahrrad_endmontiert -> Mountainbike_Antrieb_installiert, setup time: 15
2025-04-07 19:19:47,294 - JSPGymEnvironment - INFO - Executed operation: Job J5, Op 2, Machine M3, Start: 3566.0, End: 3591.0, Setup: 15
2025-04-07 19:19:47,331 - JSPGymEnvironment - INFO - Material change on machine M3: Mountainbike_Antrieb_installiert -> Mountainbike_Fahrrad_endmontiert, setup time: 15
2025-04-07 19:19:47,331 - JSPGymEnvironment - INFO - Executed operation: Job J20, Op 5, Machine M3, Start: 3606.0, End: 3631.0, Setup: 15
2025-04-07 19:19:47,369 - JSPGymEnvironment - INFO - Material change on machine M3: Mountainbike_Fahrrad_endmontiert -> Racebike_Fahrrad_endmontiert, setup time: 15
2025-04-07 19:19:47,369 - JSPGymEnvironment - INFO - Executed operation: Job J15, Op 7, Machine M3, Start: 3646.0, End: 3692.0, Setup: 15
2025-04-07 19:19:47,370 - JSPGymEnvironment - INFO - Job J15 completed at time 3692.0, deadline: 2833, met: False, priority: 10
2025-04-07 19:19:47,582 - JSPGymEnvironment - INFO - Material change on machine M2: Citybike_Fahrrad_endmontiert -> Citybike_Rahmen_nachbearbeitet, setup time: 20
2025-04-07 19:19:47,582 - JSPGymEnvironment - INFO - Executed operation: Job J11, Op 5, Machine M2, Start: 3712.0, End: 3729.0, Setup: 20
2025-04-07 19:19:47,612 - JSPGymEnvironment - INFO - Material change on machine M3: Racebike_Fahrrad_endmontiert -> Citybike_Antrieb_installiert, setup time: 15
2025-04-07 19:19:47,613 - JSPGymEnvironment - INFO - Executed operation: Job J17, Op 2, Machine M3, Start: 3744.0, End: 3778.0, Setup: 15
2025-04-07 19:19:47,642 - JSPGymEnvironment - INFO - Material change on machine M2: Citybike_Rahmen_nachbearbeitet -> Citybike_Schaltauge_bearbeitet, setup time: 20
2025-04-07 19:19:47,642 - JSPGymEnvironment - INFO - Executed operation: Job J9, Op 1, Machine M2, Start: 3798.0, End: 3814.0, Setup: 20
2025-04-07 19:19:47,671 - JSPGymEnvironment - INFO - Material change on machine M3: Citybike_Antrieb_installiert -> Mountainbike_Fahrrad_endmontiert, setup time: 15
2025-04-07 19:19:47,671 - JSPGymEnvironment - INFO - Executed operation: Job J20, Op 6, Machine M3, Start: 3829.0, End: 3869.0, Setup: 15
2025-04-07 19:19:47,671 - JSPGymEnvironment - INFO - Job J20 completed at time 3869.0, deadline: 2744, met: False, priority: 3
2025-04-07 19:19:47,701 - JSPGymEnvironment - INFO - Executed operation: Job J2, Op 0, Machine M1, Start: 3894.0, End: 3910.0, Setup: 25
2025-04-07 19:19:47,733 - JSPGymEnvironment - INFO - Material change on machine M2: Citybike_Schaltauge_bearbeitet -> Mountainbike_Bremsaufnahme_gebohrt, setup time: 20
2025-04-07 19:19:47,734 - JSPGymEnvironment - INFO - Executed operation: Job J5, Op 3, Machine M2, Start: 3930.0, End: 3945.0, Setup: 20
2025-04-07 19:19:47,764 - JSPGymEnvironment - INFO - Material change on machine M3: Mountainbike_Fahrrad_endmontiert -> E-Bike_Antrieb_installiert, setup time: 15
2025-04-07 19:19:47,764 - JSPGymEnvironment - INFO - Executed operation: Job J13, Op 2, Machine M3, Start: 3960.0, End: 4013.0, Setup: 15
2025-04-07 19:19:47,793 - JSPGymEnvironment - INFO - Material change on machine M2: Mountainbike_Bremsaufnahme_gebohrt -> Citybike_Schaltauge_bearbeitet, setup time: 20
2025-04-07 19:19:47,793 - JSPGymEnvironment - INFO - Executed operation: Job J2, Op 1, Machine M2, Start: 4033.0, End: 4043.0, Setup: 20
2025-04-07 19:19:47,824 - JSPGymEnvironment - INFO - Material change on machine M2: Citybike_Schaltauge_bearbeitet -> Mountainbike_Rahmen_nachbearbeitet, setup time: 20
2025-04-07 19:19:47,825 - JSPGymEnvironment - INFO - Executed operation: Job J5, Op 4, Machine M2, Start: 4063.0, End: 4093.0, Setup: 20
2025-04-07 19:19:47,854 - JSPGymEnvironment - INFO - Material change on machine M2: Mountainbike_Rahmen_nachbearbeitet -> Racebike_Bremsaufnahme_gebohrt, setup time: 20
2025-04-07 19:19:47,854 - JSPGymEnvironment - INFO - Executed operation: Job J4, Op 3, Machine M2, Start: 4113.0, End: 4127.0, Setup: 20
2025-04-07 19:19:47,886 - JSPGymEnvironment - INFO - Material change on machine M2: Racebike_Bremsaufnahme_gebohrt -> E-Bike_Bremsaufnahme_gebohrt, setup time: 20
2025-04-07 19:19:47,886 - JSPGymEnvironment - INFO - Executed operation: Job J13, Op 3, Machine M2, Start: 4147.0, End: 4169.0, Setup: 20
2025-04-07 19:19:47,920 - JSPGymEnvironment - INFO - Material change on machine M3: E-Bike_Antrieb_installiert -> Citybike_Bremsen_justiert, setup time: 15
2025-04-07 19:19:47,921 - JSPGymEnvironment - INFO - Executed operation: Job J17, Op 3, Machine M3, Start: 4184.0, End: 4210.0, Setup: 15
2025-04-07 19:19:47,952 - JSPGymEnvironment - INFO - Material change on machine M1: Citybike_Hauptrahmen_zugeschnitten -> Racebike_Hauptrahmen_zugeschnitten, setup time: 40
2025-04-07 19:19:47,952 - JSPGymEnvironment - INFO - Executed operation: Job J1, Op 0, Machine M1, Start: 4250.0, End: 4290.0, Setup: 40
2025-04-07 19:19:48,152 - JSPGymEnvironment - INFO - Material change on machine M2: E-Bike_Bremsaufnahme_gebohrt -> Racebike_Schaltauge_bearbeitet, setup time: 20
2025-04-07 19:19:48,153 - JSPGymEnvironment - INFO - Executed operation: Job J1, Op 1, Machine M2, Start: 4310.0, End: 4326.0, Setup: 20
2025-04-07 19:19:48,181 - JSPGymEnvironment - INFO - Material change on machine M2: Racebike_Schaltauge_bearbeitet -> Citybike_Rahmen_nachbearbeitet, setup time: 20
2025-04-07 19:19:48,182 - JSPGymEnvironment - INFO - Executed operation: Job J11, Op 6, Machine M2, Start: 4346.0, End: 4368.0, Setup: 20
2025-04-07 19:19:48,214 - JSPGymEnvironment - INFO - Material change on machine M3: Citybike_Bremsen_justiert -> Citybike_Fahrrad_endmontiert, setup time: 15
2025-04-07 19:19:48,215 - JSPGymEnvironment - INFO - Executed operation: Job J17, Op 4, Machine M3, Start: 4383.0, End: 4433.0, Setup: 15
2025-04-07 19:19:48,250 - JSPGymEnvironment - INFO - Material change on machine M2: Citybike_Rahmen_nachbearbeitet -> Citybike_Fahrrad_endmontiert, setup time: 20
2025-04-07 19:19:48,250 - JSPGymEnvironment - INFO - Executed operation: Job J11, Op 7, Machine M2, Start: 4453.0, End: 4482.0, Setup: 20
2025-04-07 19:19:48,250 - JSPGymEnvironment - INFO - Job J11 completed at time 4482.0, deadline: 2880, met: False, priority: 7
2025-04-07 19:19:48,281 - JSPGymEnvironment - INFO - Executed operation: Job J7, Op 0, Machine M1, Start: 4507.0, End: 4542.0, Setup: 25
2025-04-07 19:19:48,315 - JSPGymEnvironment - INFO - Material change on machine M3: Citybike_Fahrrad_endmontiert -> Racebike_Antrieb_installiert, setup time: 15
2025-04-07 19:19:48,315 - JSPGymEnvironment - INFO - Executed operation: Job J1, Op 2, Machine M3, Start: 4557.0, End: 4593.0, Setup: 15
2025-04-07 19:19:48,351 - JSPGymEnvironment - INFO - Material change on machine M3: Racebike_Antrieb_installiert -> Citybike_Fahrrad_endmontiert, setup time: 15
2025-04-07 19:19:48,351 - JSPGymEnvironment - INFO - Executed operation: Job J17, Op 5, Machine M3, Start: 4608.0, End: 4667.0, Setup: 15
2025-04-07 19:19:48,386 - JSPGymEnvironment - INFO - Material change on machine M3: Citybike_Fahrrad_endmontiert -> Citybike_Antrieb_installiert, setup time: 15
2025-04-07 19:19:48,386 - JSPGymEnvironment - INFO - Executed operation: Job J2, Op 2, Machine M3, Start: 4682.0, End: 4710.0, Setup: 15
2025-04-07 19:19:48,416 - JSPGymEnvironment - INFO - Material change on machine M2: Citybike_Fahrrad_endmontiert -> Racebike_Bremsaufnahme_gebohrt, setup time: 20
2025-04-07 19:19:48,417 - JSPGymEnvironment - INFO - Executed operation: Job J1, Op 3, Machine M2, Start: 4730.0, End: 4748.0, Setup: 20
2025-04-07 19:19:48,446 - JSPGymEnvironment - INFO - Material change on machine M3: Citybike_Antrieb_installiert -> E-Bike_Fahrrad_endmontiert, setup time: 15
2025-04-07 19:19:48,446 - JSPGymEnvironment - INFO - Executed operation: Job J13, Op 4, Machine M3, Start: 4763.0, End: 4816.0, Setup: 15
2025-04-07 19:19:48,446 - JSPGymEnvironment - INFO - Job J13 completed at time 4816.0, deadline: 2863, met: False, priority: 7
2025-04-07 19:19:48,473 - JSPGymEnvironment - INFO - Material change on machine M2: Racebike_Bremsaufnahme_gebohrt -> Mountainbike_Schaltauge_bearbeitet, setup time: 20
2025-04-07 19:19:48,473 - JSPGymEnvironment - INFO - Executed operation: Job J18, Op 1, Machine M2, Start: 4836.0, End: 4856.0, Setup: 20
2025-04-07 19:19:48,499 - JSPGymEnvironment - INFO - Material change on machine M2: Mountainbike_Schaltauge_bearbeitet -> Racebike_Rahmen_nachbearbeitet, setup time: 20
2025-04-07 19:19:48,500 - JSPGymEnvironment - INFO - Executed operation: Job J4, Op 4, Machine M2, Start: 4876.0, End: 4901.0, Setup: 20
2025-04-07 19:19:48,528 - JSPGymEnvironment - INFO - Material change on machine M2: Racebike_Rahmen_nachbearbeitet -> Racebike_Schaltauge_bearbeitet, setup time: 20
2025-04-07 19:19:48,528 - JSPGymEnvironment - INFO - Executed operation: Job J7, Op 1, Machine M2, Start: 4921.0, End: 4944.0, Setup: 20
2025-04-07 19:19:48,559 - JSPGymEnvironment - INFO - Material change on machine M3: E-Bike_Fahrrad_endmontiert -> Racebike_Antrieb_installiert, setup time: 15
2025-04-07 19:19:48,559 - JSPGymEnvironment - INFO - Executed operation: Job J7, Op 2, Machine M3, Start: 4959.0, End: 4983.0, Setup: 15
2025-04-07 19:19:48,589 - JSPGymEnvironment - INFO - Material change on machine M2: Racebike_Schaltauge_bearbeitet -> Racebike_Rahmen_nachbearbeitet, setup time: 20
2025-04-07 19:19:48,589 - JSPGymEnvironment - INFO - Executed operation: Job J4, Op 5, Machine M2, Start: 5003.0, End: 5027.0, Setup: 20
2025-04-07 19:19:48,774 - JSPGymEnvironment - INFO - Material change on machine M3: Racebike_Antrieb_installiert -> Racebike_Fahrrad_endmontiert, setup time: 15
2025-04-07 19:19:48,774 - JSPGymEnvironment - INFO - Executed operation: Job J4, Op 6, Machine M3, Start: 5042.0, End: 5068.0, Setup: 15
2025-04-07 19:19:48,774 - JSPGymEnvironment - INFO - Job J4 completed at time 5068.0, deadline: 2757, met: False, priority: 7
2025-04-07 19:19:48,810 - JSPGymEnvironment - INFO - Material change on machine M2: Racebike_Rahmen_nachbearbeitet -> Citybike_Bremsaufnahme_gebohrt, setup time: 20
2025-04-07 19:19:48,810 - JSPGymEnvironment - INFO - Executed operation: Job J2, Op 3, Machine M2, Start: 5088.0, End: 5109.0, Setup: 20
2025-04-07 19:19:48,845 - JSPGymEnvironment - INFO - Material change on machine M2: Citybike_Bremsaufnahme_gebohrt -> Racebike_Rahmen_nachbearbeitet, setup time: 20
2025-04-07 19:19:48,845 - JSPGymEnvironment - INFO - Executed operation: Job J1, Op 4, Machine M2, Start: 5129.0, End: 5151.0, Setup: 20
2025-04-07 19:19:48,877 - JSPGymEnvironment - INFO - Material change on machine M2: Racebike_Rahmen_nachbearbeitet -> Racebike_Bremsaufnahme_gebohrt, setup time: 20
2025-04-07 19:19:48,877 - JSPGymEnvironment - INFO - Executed operation: Job J7, Op 3, Machine M2, Start: 5171.0, End: 5194.0, Setup: 20
2025-04-07 19:19:48,906 - JSPGymEnvironment - INFO - Executed operation: Job J10, Op 0, Machine M1, Start: 5219.0, End: 5251.0, Setup: 25
2025-04-07 19:19:48,935 - JSPGymEnvironment - INFO - Material change on machine M2: Racebike_Bremsaufnahme_gebohrt -> Racebike_Rahmen_nachbearbeitet, setup time: 20
2025-04-07 19:19:48,935 - JSPGymEnvironment - INFO - Executed operation: Job J7, Op 4, Machine M2, Start: 5271.0, End: 5297.0, Setup: 20
2025-04-07 19:19:48,971 - JSPGymEnvironment - INFO - Material change on machine M2: Racebike_Rahmen_nachbearbeitet -> Racebike_Schaltauge_bearbeitet, setup time: 20
2025-04-07 19:19:48,972 - JSPGymEnvironment - INFO - Executed operation: Job J10, Op 1, Machine M2, Start: 5317.0, End: 5342.0, Setup: 20
2025-04-07 19:19:49,012 - JSPGymEnvironment - INFO - Material change on machine M2: Racebike_Schaltauge_bearbeitet -> Citybike_Rahmen_nachbearbeitet, setup time: 20
2025-04-07 19:19:49,012 - JSPGymEnvironment - INFO - Executed operation: Job J2, Op 4, Machine M2, Start: 5362.0, End: 5386.0, Setup: 20
2025-04-07 19:19:49,051 - JSPGymEnvironment - INFO - Material change on machine M3: Racebike_Fahrrad_endmontiert -> Citybike_Antrieb_installiert, setup time: 15
2025-04-07 19:19:49,052 - JSPGymEnvironment - INFO - Executed operation: Job J9, Op 2, Machine M3, Start: 5401.0, End: 5455.0, Setup: 15
2025-04-07 19:19:49,091 - JSPGymEnvironment - INFO - Material change on machine M3: Citybike_Antrieb_installiert -> Citybike_Fahrrad_endmontiert, setup time: 15
2025-04-07 19:19:49,092 - JSPGymEnvironment - INFO - Executed operation: Job J2, Op 5, Machine M3, Start: 5470.0, End: 5491.0, Setup: 15
2025-04-07 19:19:49,093 - JSPGymEnvironment - INFO - Job J2 completed at time 5491.0, deadline: 2880, met: False, priority: 3
2025-04-07 19:19:49,127 - JSPGymEnvironment - INFO - Material change on machine M2: Citybike_Rahmen_nachbearbeitet -> Mountainbike_Fahrrad_endmontiert, setup time: 20
2025-04-07 19:19:49,127 - JSPGymEnvironment - INFO - Executed operation: Job J5, Op 5, Machine M2, Start: 5511.0, End: 5533.0, Setup: 20
2025-04-07 19:19:49,127 - JSPGymEnvironment - INFO - Job J5 completed at time 5533.0, deadline: 2880, met: False, priority: 1
2025-04-07 19:19:49,156 - JSPGymEnvironment - INFO - Material change on machine M2: Mountainbike_Fahrrad_endmontiert -> Racebike_Rahmen_nachbearbeitet, setup time: 20
2025-04-07 19:19:49,156 - JSPGymEnvironment - INFO - Executed operation: Job J7, Op 5, Machine M2, Start: 5553.0, End: 5571.0, Setup: 20
2025-04-07 19:19:49,189 - JSPGymEnvironment - INFO - Executed operation: Job J17, Op 6, Machine M3, Start: 5581.0, End: 5606.0, Setup: 10
2025-04-07 19:19:49,189 - JSPGymEnvironment - INFO - Job J17 completed at time 5606.0, deadline: 2880, met: False, priority: 6
2025-04-07 19:19:49,221 - JSPGymEnvironment - INFO - Executed operation: Job J7, Op 6, Machine M2, Start: 5621.0, End: 5636.0, Setup: 15
2025-04-07 19:19:49,416 - JSPGymEnvironment - INFO - Material change on machine M2: Racebike_Rahmen_nachbearbeitet -> Racebike_Fahrrad_endmontiert, setup time: 20
2025-04-07 19:19:49,417 - JSPGymEnvironment - INFO - Executed operation: Job J1, Op 5, Machine M2, Start: 5656.0, End: 5668.0, Setup: 20
2025-04-07 19:19:49,417 - JSPGymEnvironment - INFO - Job J1 completed at time 5668.0, deadline: 2790, met: False, priority: 7
2025-04-07 19:19:49,457 - JSPGymEnvironment - INFO - Executed operation: Job J7, Op 7, Machine M2, Start: 5683.0, End: 5708.0, Setup: 15
2025-04-07 19:19:49,457 - JSPGymEnvironment - INFO - Job J7 completed at time 5708.0, deadline: 2880, met: False, priority: 9
2025-04-07 19:19:49,506 - JSPGymEnvironment - INFO - Material change on machine M3: Citybike_Fahrrad_endmontiert -> Mountainbike_Antrieb_installiert, setup time: 15
2025-04-07 19:19:49,506 - JSPGymEnvironment - INFO - Executed operation: Job J18, Op 2, Machine M3, Start: 5723.0, End: 5752.0, Setup: 15
2025-04-07 19:19:49,615 - JSPGymEnvironment - INFO - Material change on machine M3: Mountainbike_Antrieb_installiert -> Mountainbike_Bremsen_justiert, setup time: 15
2025-04-07 19:19:49,616 - JSPGymEnvironment - INFO - Executed operation: Job J18, Op 3, Machine M3, Start: 5767.0, End: 5822.0, Setup: 15
2025-04-07 19:19:49,686 - JSPGymEnvironment - INFO - Material change on machine M2: Racebike_Fahrrad_endmontiert -> Citybike_Bremsaufnahme_gebohrt, setup time: 20
2025-04-07 19:19:49,687 - JSPGymEnvironment - INFO - Executed operation: Job J9, Op 3, Machine M2, Start: 5842.0, End: 5865.0, Setup: 20
2025-04-07 19:19:49,813 - JSPGymEnvironment - INFO - Material change on machine M2: Citybike_Bremsaufnahme_gebohrt -> Citybike_Rahmen_nachbearbeitet, setup time: 20
2025-04-07 19:19:49,813 - JSPGymEnvironment - INFO - Executed operation: Job J9, Op 4, Machine M2, Start: 5885.0, End: 5897.0, Setup: 20
2025-04-07 19:19:49,862 - JSPGymEnvironment - INFO - Material change on machine M2: Citybike_Rahmen_nachbearbeitet -> Mountainbike_Fahrrad_endmontiert, setup time: 20
2025-04-07 19:19:49,862 - JSPGymEnvironment - INFO - Executed operation: Job J18, Op 4, Machine M2, Start: 5917.0, End: 5930.0, Setup: 20
2025-04-07 19:19:49,862 - JSPGymEnvironment - INFO - Job J18 completed at time 5930.0, deadline: 2880, met: False, priority: 6
2025-04-07 19:19:49,910 - JSPGymEnvironment - INFO - Material change on machine M3: Mountainbike_Bremsen_justiert -> Racebike_Antrieb_installiert, setup time: 15
2025-04-07 19:19:49,910 - JSPGymEnvironment - INFO - Executed operation: Job J10, Op 2, Machine M3, Start: 5945.0, End: 5984.0, Setup: 15
2025-04-07 19:19:49,954 - JSPGymEnvironment - INFO - Material change on machine M2: Mountainbike_Fahrrad_endmontiert -> Racebike_Bremsaufnahme_gebohrt, setup time: 20
2025-04-07 19:19:49,954 - JSPGymEnvironment - INFO - Executed operation: Job J10, Op 3, Machine M2, Start: 6004.0, End: 6026.0, Setup: 20
2025-04-07 19:19:49,985 - JSPGymEnvironment - INFO - Material change on machine M2: Racebike_Bremsaufnahme_gebohrt -> Racebike_Rahmen_nachbearbeitet, setup time: 20
2025-04-07 19:19:49,985 - JSPGymEnvironment - INFO - Executed operation: Job J10, Op 4, Machine M2, Start: 6046.0, End: 6057.0, Setup: 20
2025-04-07 19:19:50,022 - JSPGymEnvironment - INFO - Executed operation: Job J10, Op 5, Machine M2, Start: 6072.0, End: 6090.0, Setup: 15
2025-04-07 19:19:50,061 - JSPGymEnvironment - INFO - Material change on machine M3: Racebike_Antrieb_installiert -> Citybike_Fahrrad_endmontiert, setup time: 15
2025-04-07 19:19:50,062 - JSPGymEnvironment - INFO - Executed operation: Job J9, Op 5, Machine M3, Start: 6105.0, End: 6156.0, Setup: 15
2025-04-07 19:19:50,108 - JSPGymEnvironment - INFO - Executed operation: Job J9, Op 6, Machine M3, Start: 6166.0, End: 6189.0, Setup: 10
2025-04-07 19:19:50,108 - JSPGymEnvironment - INFO - Job J9 completed at time 6189.0, deadline: 2880, met: False, priority: 8
2025-04-07 19:19:50,306 - JSPGymEnvironment - INFO - Executed operation: Job J10, Op 6, Machine M2, Start: 6204.0, End: 6215.0, Setup: 15
2025-04-07 19:19:50,340 - JSPGymEnvironment - INFO - Material change on machine M2: Racebike_Rahmen_nachbearbeitet -> Racebike_Fahrrad_endmontiert, setup time: 20
2025-04-07 19:19:50,340 - JSPGymEnvironment - INFO - Executed operation: Job J10, Op 7, Machine M2, Start: 6235.0, End: 6247.0, Setup: 20
2025-04-07 19:19:50,340 - JSPGymEnvironment - INFO - Job J10 completed at time 6247.0, deadline: 2880, met: False, priority: 9
2025-04-07 19:21:22,426 - JSPGymEnvironment - INFO - Environment reset
2025-04-07 19:21:22,480 - JSPGymEnvironment - INFO - Material change on machine M1:  -> Racebike_Hauptrahmen_zugeschnitten, setup time: 0
2025-04-07 19:21:22,480 - JSPGymEnvironment - INFO - Executed operation: Job J7, Op 0, Machine M1, Start: 0.0, End: 35.0, Setup: 0
2025-04-07 19:21:22,506 - JSPGymEnvironment - INFO - Executed operation: Job J10, Op 0, Machine M1, Start: 60.0, End: 92.0, Setup: 25
2025-04-07 19:21:22,531 - JSPGymEnvironment - INFO - Material change on machine M2:  -> Racebike_Schaltauge_bearbeitet, setup time: 0
2025-04-07 19:21:22,537 - JSPGymEnvironment - INFO - Executed operation: Job J10, Op 1, Machine M2, Start: 92.0, End: 117.0, Setup: 0
2025-04-07 19:21:22,569 - JSPGymEnvironment - INFO - Material change on machine M3:  -> Racebike_Antrieb_installiert, setup time: 0
2025-04-07 19:21:22,570 - JSPGymEnvironment - INFO - Executed operation: Job J10, Op 2, Machine M3, Start: 117.0, End: 156.0, Setup: 0
2025-04-07 19:21:22,597 - JSPGymEnvironment - INFO - Material change on machine M1: Racebike_Hauptrahmen_zugeschnitten -> Citybike_Hauptrahmen_zugeschnitten, setup time: 40
2025-04-07 19:21:22,597 - JSPGymEnvironment - INFO - Executed operation: Job J9, Op 0, Machine M1, Start: 196.0, End: 236.0, Setup: 40
2025-04-07 19:21:22,626 - JSPGymEnvironment - INFO - Executed operation: Job J7, Op 1, Machine M2, Start: 251.0, End: 274.0, Setup: 15
2025-04-07 19:21:22,659 - JSPGymEnvironment - INFO - Executed operation: Job J8, Op 0, Machine M1, Start: 299.0, End: 318.0, Setup: 25
2025-04-07 19:21:22,685 - JSPGymEnvironment - INFO - Material change on machine M2: Racebike_Schaltauge_bearbeitet -> Racebike_Bremsaufnahme_gebohrt, setup time: 20
2025-04-07 19:21:22,685 - JSPGymEnvironment - INFO - Executed operation: Job J10, Op 3, Machine M2, Start: 338.0, End: 360.0, Setup: 20
2025-04-07 19:21:22,714 - JSPGymEnvironment - INFO - Executed operation: Job J2, Op 0, Machine M1, Start: 385.0, End: 401.0, Setup: 25
2025-04-07 19:21:22,740 - JSPGymEnvironment - INFO - Material change on machine M1: Citybike_Hauptrahmen_zugeschnitten -> Racebike_Hauptrahmen_zugeschnitten, setup time: 40
2025-04-07 19:21:22,740 - JSPGymEnvironment - INFO - Executed operation: Job J1, Op 0, Machine M1, Start: 441.0, End: 481.0, Setup: 40
2025-04-07 19:21:22,767 - JSPGymEnvironment - INFO - Material change on machine M2: Racebike_Bremsaufnahme_gebohrt -> Racebike_Rahmen_nachbearbeitet, setup time: 20
2025-04-07 19:21:22,767 - JSPGymEnvironment - INFO - Executed operation: Job J10, Op 4, Machine M2, Start: 501.0, End: 512.0, Setup: 20
2025-04-07 19:21:23,077 - JSPGymEnvironment - INFO - Material change on machine M1: Racebike_Hauptrahmen_zugeschnitten -> E-Bike_Hauptrahmen_zugeschnitten, setup time: 40
2025-04-07 19:21:23,077 - JSPGymEnvironment - INFO - Executed operation: Job J3, Op 0, Machine M1, Start: 552.0, End: 586.0, Setup: 40
2025-04-07 19:21:23,107 - JSPGymEnvironment - INFO - Material change on machine M2: Racebike_Rahmen_nachbearbeitet -> Citybike_Schaltauge_bearbeitet, setup time: 20
2025-04-07 19:21:23,107 - JSPGymEnvironment - INFO - Executed operation: Job J2, Op 1, Machine M2, Start: 606.0, End: 616.0, Setup: 20
2025-04-07 19:21:23,131 - JSPGymEnvironment - INFO - Material change on machine M2: Citybike_Schaltauge_bearbeitet -> Racebike_Rahmen_nachbearbeitet, setup time: 20
2025-04-07 19:21:23,131 - JSPGymEnvironment - INFO - Executed operation: Job J10, Op 5, Machine M2, Start: 636.0, End: 654.0, Setup: 20
2025-04-07 19:21:23,153 - JSPGymEnvironment - INFO - Executed operation: Job J19, Op 0, Machine M1, Start: 679.0, End: 694.0, Setup: 25
2025-04-07 19:21:23,177 - JSPGymEnvironment - INFO - Executed operation: Job J10, Op 6, Machine M2, Start: 709.0, End: 720.0, Setup: 15
2025-04-07 19:21:23,199 - JSPGymEnvironment - INFO - Material change on machine M2: Racebike_Rahmen_nachbearbeitet -> Racebike_Schaltauge_bearbeitet, setup time: 20
2025-04-07 19:21:23,199 - JSPGymEnvironment - INFO - Executed operation: Job J1, Op 1, Machine M2, Start: 740.0, End: 756.0, Setup: 20
2025-04-07 19:21:23,223 - JSPGymEnvironment - INFO - Material change on machine M1: E-Bike_Hauptrahmen_zugeschnitten -> Racebike_Hauptrahmen_zugeschnitten, setup time: 40
2025-04-07 19:21:23,223 - JSPGymEnvironment - INFO - Executed operation: Job J15, Op 0, Machine M1, Start: 796.0, End: 819.0, Setup: 40
2025-04-07 19:21:23,245 - JSPGymEnvironment - INFO - Material change on machine M1: Racebike_Hauptrahmen_zugeschnitten -> Mountainbike_Hauptrahmen_zugeschnitten, setup time: 40
2025-04-07 19:21:23,246 - JSPGymEnvironment - INFO - Executed operation: Job J12, Op 0, Machine M1, Start: 859.0, End: 890.0, Setup: 40
2025-04-07 19:21:23,268 - JSPGymEnvironment - INFO - Executed operation: Job J20, Op 0, Machine M1, Start: 915.0, End: 934.0, Setup: 25
2025-04-07 19:21:23,291 - JSPGymEnvironment - INFO - Material change on machine M2: Racebike_Schaltauge_bearbeitet -> Racebike_Fahrrad_endmontiert, setup time: 20
2025-04-07 19:21:23,291 - JSPGymEnvironment - INFO - Executed operation: Job J10, Op 7, Machine M2, Start: 954.0, End: 966.0, Setup: 20
2025-04-07 19:21:23,291 - JSPGymEnvironment - INFO - Job J10 completed at time 966.0, deadline: 2880, met: True, priority: 9
2025-04-07 19:21:23,316 - JSPGymEnvironment - INFO - Material change on machine M1: Mountainbike_Hauptrahmen_zugeschnitten -> Racebike_Hauptrahmen_zugeschnitten, setup time: 40
2025-04-07 19:21:23,316 - JSPGymEnvironment - INFO - Executed operation: Job J6, Op 0, Machine M1, Start: 1006.0, End: 1042.0, Setup: 40
2025-04-07 19:21:23,339 - JSPGymEnvironment - INFO - Material change on machine M2: Racebike_Fahrrad_endmontiert -> E-Bike_Schaltauge_bearbeitet, setup time: 20
2025-04-07 19:21:23,339 - JSPGymEnvironment - INFO - Executed operation: Job J19, Op 1, Machine M2, Start: 1062.0, End: 1092.0, Setup: 20
2025-04-07 19:21:23,361 - JSPGymEnvironment - INFO - Material change on machine M1: Racebike_Hauptrahmen_zugeschnitten -> Citybike_Hauptrahmen_zugeschnitten, setup time: 40
2025-04-07 19:21:23,361 - JSPGymEnvironment - INFO - Executed operation: Job J14, Op 0, Machine M1, Start: 1132.0, End: 1150.0, Setup: 40
2025-04-07 19:21:23,383 - JSPGymEnvironment - INFO - Material change on machine M2: E-Bike_Schaltauge_bearbeitet -> Mountainbike_Schaltauge_bearbeitet, setup time: 20
2025-04-07 19:21:23,383 - JSPGymEnvironment - INFO - Executed operation: Job J20, Op 1, Machine M2, Start: 1170.0, End: 1195.0, Setup: 20
2025-04-07 19:21:23,405 - JSPGymEnvironment - INFO - Executed operation: Job J7, Op 2, Machine M3, Start: 1205.0, End: 1229.0, Setup: 10
2025-04-07 19:21:23,428 - JSPGymEnvironment - INFO - Executed operation: Job J1, Op 2, Machine M3, Start: 1239.0, End: 1275.0, Setup: 10
2025-04-07 19:21:23,630 - JSPGymEnvironment - INFO - Executed operation: Job J12, Op 1, Machine M2, Start: 1290.0, End: 1312.0, Setup: 15
2025-04-07 19:21:23,653 - JSPGymEnvironment - INFO - Material change on machine M2: Mountainbike_Schaltauge_bearbeitet -> Citybike_Schaltauge_bearbeitet, setup time: 20
2025-04-07 19:21:23,653 - JSPGymEnvironment - INFO - Executed operation: Job J8, Op 1, Machine M2, Start: 1332.0, End: 1345.0, Setup: 20
2025-04-07 19:21:23,675 - JSPGymEnvironment - INFO - Executed operation: Job J17, Op 0, Machine M1, Start: 1370.0, End: 1408.0, Setup: 25
2025-04-07 19:21:23,697 - JSPGymEnvironment - INFO - Material change on machine M3: Racebike_Antrieb_installiert -> Mountainbike_Antrieb_installiert, setup time: 15
2025-04-07 19:21:23,697 - JSPGymEnvironment - INFO - Executed operation: Job J12, Op 2, Machine M3, Start: 1423.0, End: 1468.0, Setup: 15
2025-04-07 19:21:23,719 - JSPGymEnvironment - INFO - Material change on machine M3: Mountainbike_Antrieb_installiert -> E-Bike_Antrieb_installiert, setup time: 15
2025-04-07 19:21:23,719 - JSPGymEnvironment - INFO - Executed operation: Job J19, Op 2, Machine M3, Start: 1483.0, End: 1505.0, Setup: 15
2025-04-07 19:21:23,742 - JSPGymEnvironment - INFO - Material change on machine M2: Citybike_Schaltauge_bearbeitet -> Racebike_Bremsaufnahme_gebohrt, setup time: 20
2025-04-07 19:21:23,742 - JSPGymEnvironment - INFO - Executed operation: Job J7, Op 3, Machine M2, Start: 1525.0, End: 1548.0, Setup: 20
2025-04-07 19:21:23,765 - JSPGymEnvironment - INFO - Material change on machine M2: Racebike_Bremsaufnahme_gebohrt -> E-Bike_Schaltauge_bearbeitet, setup time: 20
2025-04-07 19:21:23,765 - JSPGymEnvironment - INFO - Executed operation: Job J3, Op 1, Machine M2, Start: 1568.0, End: 1588.0, Setup: 20
2025-04-07 19:21:23,804 - JSPGymEnvironment - INFO - Material change on machine M3: E-Bike_Antrieb_installiert -> Mountainbike_Antrieb_installiert, setup time: 15
2025-04-07 19:21:23,804 - JSPGymEnvironment - INFO - Executed operation: Job J20, Op 2, Machine M3, Start: 1603.0, End: 1627.0, Setup: 15
2025-04-07 19:21:23,837 - JSPGymEnvironment - INFO - Material change on machine M1: Citybike_Hauptrahmen_zugeschnitten -> Racebike_Hauptrahmen_zugeschnitten, setup time: 40
2025-04-07 19:21:23,837 - JSPGymEnvironment - INFO - Executed operation: Job J4, Op 0, Machine M1, Start: 1667.0, End: 1692.0, Setup: 40
2025-04-07 19:21:23,864 - JSPGymEnvironment - INFO - Material change on machine M2: E-Bike_Schaltauge_bearbeitet -> Racebike_Rahmen_nachbearbeitet, setup time: 20
2025-04-07 19:21:23,865 - JSPGymEnvironment - INFO - Executed operation: Job J7, Op 4, Machine M2, Start: 1712.0, End: 1738.0, Setup: 20
2025-04-07 19:21:23,891 - JSPGymEnvironment - INFO - Material change on machine M2: Racebike_Rahmen_nachbearbeitet -> E-Bike_Bremsaufnahme_gebohrt, setup time: 20
2025-04-07 19:21:23,891 - JSPGymEnvironment - INFO - Executed operation: Job J19, Op 3, Machine M2, Start: 1758.0, End: 1771.0, Setup: 20
2025-04-07 19:21:23,914 - JSPGymEnvironment - INFO - Material change on machine M2: E-Bike_Bremsaufnahme_gebohrt -> Racebike_Schaltauge_bearbeitet, setup time: 20
2025-04-07 19:21:23,914 - JSPGymEnvironment - INFO - Executed operation: Job J15, Op 1, Machine M2, Start: 1791.0, End: 1804.0, Setup: 20
2025-04-07 19:21:23,940 - JSPGymEnvironment - INFO - Material change on machine M2: Racebike_Schaltauge_bearbeitet -> Mountainbike_Bremsaufnahme_gebohrt, setup time: 20
2025-04-07 19:21:23,940 - JSPGymEnvironment - INFO - Executed operation: Job J12, Op 3, Machine M2, Start: 1824.0, End: 1850.0, Setup: 20
2025-04-07 19:21:23,970 - JSPGymEnvironment - INFO - Material change on machine M2: Mountainbike_Bremsaufnahme_gebohrt -> E-Bike_Rahmen_nachbearbeitet, setup time: 20
2025-04-07 19:21:23,970 - JSPGymEnvironment - INFO - Executed operation: Job J19, Op 4, Machine M2, Start: 1870.0, End: 1887.0, Setup: 20
2025-04-07 19:21:23,995 - JSPGymEnvironment - INFO - Material change on machine M3: Mountainbike_Antrieb_installiert -> E-Bike_Antrieb_installiert, setup time: 15
2025-04-07 19:21:23,995 - JSPGymEnvironment - INFO - Executed operation: Job J3, Op 2, Machine M3, Start: 1902.0, End: 1960.0, Setup: 15
2025-04-07 19:21:24,018 - JSPGymEnvironment - INFO - Material change on machine M2: E-Bike_Rahmen_nachbearbeitet -> Racebike_Bremsaufnahme_gebohrt, setup time: 20
2025-04-07 19:21:24,018 - JSPGymEnvironment - INFO - Executed operation: Job J1, Op 3, Machine M2, Start: 1980.0, End: 1998.0, Setup: 20
2025-04-07 19:21:24,219 - JSPGymEnvironment - INFO - Material change on machine M3: E-Bike_Antrieb_installiert -> Citybike_Antrieb_installiert, setup time: 15
2025-04-07 19:21:24,219 - JSPGymEnvironment - INFO - Executed operation: Job J2, Op 2, Machine M3, Start: 2013.0, End: 2041.0, Setup: 15
2025-04-07 19:21:24,242 - JSPGymEnvironment - INFO - Material change on machine M2: Racebike_Bremsaufnahme_gebohrt -> Mountainbike_Rahmen_nachbearbeitet, setup time: 20
2025-04-07 19:21:24,242 - JSPGymEnvironment - INFO - Executed operation: Job J12, Op 4, Machine M2, Start: 2061.0, End: 2089.0, Setup: 20
2025-04-07 19:21:24,265 - JSPGymEnvironment - INFO - Material change on machine M2: Mountainbike_Rahmen_nachbearbeitet -> Racebike_Rahmen_nachbearbeitet, setup time: 20
2025-04-07 19:21:24,265 - JSPGymEnvironment - INFO - Executed operation: Job J1, Op 4, Machine M2, Start: 2109.0, End: 2131.0, Setup: 20
2025-04-07 19:21:24,290 - JSPGymEnvironment - INFO - Executed operation: Job J7, Op 5, Machine M2, Start: 2146.0, End: 2164.0, Setup: 15
2025-04-07 19:21:24,313 - JSPGymEnvironment - INFO - Material change on machine M3: Citybike_Antrieb_installiert -> Racebike_Antrieb_installiert, setup time: 15
2025-04-07 19:21:24,313 - JSPGymEnvironment - INFO - Executed operation: Job J15, Op 2, Machine M3, Start: 2179.0, End: 2214.0, Setup: 15
2025-04-07 19:21:24,336 - JSPGymEnvironment - INFO - Material change on machine M2: Racebike_Rahmen_nachbearbeitet -> Mountainbike_Rahmen_nachbearbeitet, setup time: 20
2025-04-07 19:21:24,336 - JSPGymEnvironment - INFO - Executed operation: Job J12, Op 5, Machine M2, Start: 2234.0, End: 2262.0, Setup: 20
2025-04-07 19:21:24,359 - JSPGymEnvironment - INFO - Material change on machine M3: Racebike_Antrieb_installiert -> Citybike_Antrieb_installiert, setup time: 15
2025-04-07 19:21:24,359 - JSPGymEnvironment - INFO - Executed operation: Job J8, Op 2, Machine M3, Start: 2277.0, End: 2331.0, Setup: 15
2025-04-07 19:21:24,382 - JSPGymEnvironment - INFO - Material change on machine M2: Mountainbike_Rahmen_nachbearbeitet -> Citybike_Schaltauge_bearbeitet, setup time: 20
2025-04-07 19:21:24,382 - JSPGymEnvironment - INFO - Executed operation: Job J17, Op 1, Machine M2, Start: 2351.0, End: 2371.0, Setup: 20
2025-04-07 19:21:24,404 - JSPGymEnvironment - INFO - Material change on machine M2: Citybike_Schaltauge_bearbeitet -> E-Bike_Bremsaufnahme_gebohrt, setup time: 20
2025-04-07 19:21:24,404 - JSPGymEnvironment - INFO - Executed operation: Job J3, Op 3, Machine M2, Start: 2391.0, End: 2421.0, Setup: 20
2025-04-07 19:21:24,428 - JSPGymEnvironment - INFO - Material change on machine M1: Racebike_Hauptrahmen_zugeschnitten -> Mountainbike_Hauptrahmen_zugeschnitten, setup time: 40
2025-04-07 19:21:24,428 - JSPGymEnvironment - INFO - Executed operation: Job J5, Op 0, Machine M1, Start: 2461.0, End: 2497.0, Setup: 40
2025-04-07 19:21:24,455 - JSPGymEnvironment - INFO - Material change on machine M3: Citybike_Antrieb_installiert -> Citybike_Bremsen_justiert, setup time: 15
2025-04-07 19:21:24,455 - JSPGymEnvironment - INFO - Executed operation: Job J8, Op 3, Machine M3, Start: 2512.0, End: 2570.0, Setup: 15
2025-04-07 19:21:24,482 - JSPGymEnvironment - INFO - Material change on machine M2: E-Bike_Bremsaufnahme_gebohrt -> Citybike_Bremsaufnahme_gebohrt, setup time: 20
2025-04-07 19:21:24,482 - JSPGymEnvironment - INFO - Executed operation: Job J2, Op 3, Machine M2, Start: 2590.0, End: 2611.0, Setup: 20
2025-04-07 19:21:24,505 - JSPGymEnvironment - INFO - Material change on machine M2: Citybike_Bremsaufnahme_gebohrt -> Mountainbike_Fahrrad_endmontiert, setup time: 20
2025-04-07 19:21:24,505 - JSPGymEnvironment - INFO - Executed operation: Job J12, Op 6, Machine M2, Start: 2631.0, End: 2653.0, Setup: 20
2025-04-07 19:21:24,505 - JSPGymEnvironment - INFO - Job J12 completed at time 2653.0, deadline: 2863, met: True, priority: 2
2025-04-07 19:21:24,528 - JSPGymEnvironment - INFO - Material change on machine M3: Citybike_Bremsen_justiert -> Citybike_Fahrrad_endmontiert, setup time: 15
2025-04-07 19:21:24,528 - JSPGymEnvironment - INFO - Executed operation: Job J8, Op 4, Machine M3, Start: 2668.0, End: 2717.0, Setup: 15
2025-04-07 19:21:24,551 - JSPGymEnvironment - INFO - Material change on machine M2: Mountainbike_Fahrrad_endmontiert -> Racebike_Rahmen_nachbearbeitet, setup time: 20
2025-04-07 19:21:24,551 - JSPGymEnvironment - INFO - Executed operation: Job J7, Op 6, Machine M2, Start: 2737.0, End: 2752.0, Setup: 20
2025-04-07 19:21:24,827 - JSPGymEnvironment - INFO - Material change on machine M2: Racebike_Rahmen_nachbearbeitet -> Racebike_Fahrrad_endmontiert, setup time: 20
2025-04-07 19:21:24,827 - JSPGymEnvironment - INFO - Executed operation: Job J1, Op 5, Machine M2, Start: 2772.0, End: 2784.0, Setup: 20
2025-04-07 19:21:24,827 - JSPGymEnvironment - INFO - Job J1 completed at time 2784.0, deadline: 2790, met: True, priority: 7
2025-04-07 19:21:24,861 - JSPGymEnvironment - INFO - Material change on machine M1: Mountainbike_Hauptrahmen_zugeschnitten -> Racebike_Hauptrahmen_zugeschnitten, setup time: 40
2025-04-07 19:21:24,861 - JSPGymEnvironment - INFO - Executed operation: Job J16, Op 0, Machine M1, Start: 2824.0, End: 2850.0, Setup: 40
2025-04-07 19:21:24,889 - JSPGymEnvironment - INFO - Material change on machine M2: Racebike_Fahrrad_endmontiert -> Citybike_Rahmen_nachbearbeitet, setup time: 20
2025-04-07 19:21:24,889 - JSPGymEnvironment - INFO - Executed operation: Job J2, Op 4, Machine M2, Start: 2870.0, End: 2894.0, Setup: 20
2025-04-07 19:21:24,932 - JSPGymEnvironment - INFO - Material change on machine M2: Citybike_Rahmen_nachbearbeitet -> Racebike_Schaltauge_bearbeitet, setup time: 20
2025-04-07 19:21:24,932 - JSPGymEnvironment - INFO - Executed operation: Job J16, Op 1, Machine M2, Start: 2914.0, End: 2929.0, Setup: 20
2025-04-07 19:21:24,959 - JSPGymEnvironment - INFO - Executed operation: Job J6, Op 1, Machine M2, Start: 2944.0, End: 2957.0, Setup: 15
2025-04-07 19:21:24,990 - JSPGymEnvironment - INFO - Material change on machine M2: Racebike_Schaltauge_bearbeitet -> E-Bike_Rahmen_nachbearbeitet, setup time: 20
2025-04-07 19:21:24,990 - JSPGymEnvironment - INFO - Executed operation: Job J3, Op 4, Machine M2, Start: 2977.0, End: 2994.0, Setup: 20
2025-04-07 19:21:25,020 - JSPGymEnvironment - INFO - Executed operation: Job J19, Op 5, Machine M2, Start: 3009.0, End: 3030.0, Setup: 15
2025-04-07 19:21:25,048 - JSPGymEnvironment - INFO - Material change on machine M1: Racebike_Hauptrahmen_zugeschnitten -> Mountainbike_Hauptrahmen_zugeschnitten, setup time: 40
2025-04-07 19:21:25,048 - JSPGymEnvironment - INFO - Executed operation: Job J18, Op 0, Machine M1, Start: 3070.0, End: 3092.0, Setup: 40
2025-04-07 19:21:25,078 - JSPGymEnvironment - INFO - Material change on machine M3: Citybike_Fahrrad_endmontiert -> Citybike_Antrieb_installiert, setup time: 15
2025-04-07 19:21:25,078 - JSPGymEnvironment - INFO - Executed operation: Job J17, Op 2, Machine M3, Start: 3107.0, End: 3141.0, Setup: 15
2025-04-07 19:21:25,110 - JSPGymEnvironment - INFO - Material change on machine M3: Citybike_Antrieb_installiert -> Racebike_Bremsen_justiert, setup time: 15
2025-04-07 19:21:25,110 - JSPGymEnvironment - INFO - Executed operation: Job J15, Op 3, Machine M3, Start: 3156.0, End: 3183.0, Setup: 15
2025-04-07 19:21:25,141 - JSPGymEnvironment - INFO - Executed operation: Job J3, Op 5, Machine M2, Start: 3198.0, End: 3219.0, Setup: 15
2025-04-07 19:21:25,171 - JSPGymEnvironment - INFO - Material change on machine M2: E-Bike_Rahmen_nachbearbeitet -> Racebike_Fahrrad_endmontiert, setup time: 20
2025-04-07 19:21:25,171 - JSPGymEnvironment - INFO - Executed operation: Job J7, Op 7, Machine M2, Start: 3239.0, End: 3264.0, Setup: 20
2025-04-07 19:21:25,171 - JSPGymEnvironment - INFO - Job J7 completed at time 3264.0, deadline: 2880, met: False, priority: 9
2025-04-07 19:21:25,195 - JSPGymEnvironment - INFO - Material change on machine M2: Racebike_Fahrrad_endmontiert -> Citybike_Schaltauge_bearbeitet, setup time: 20
2025-04-07 19:21:25,196 - JSPGymEnvironment - INFO - Executed operation: Job J14, Op 1, Machine M2, Start: 3284.0, End: 3300.0, Setup: 20
2025-04-07 19:21:25,220 - JSPGymEnvironment - INFO - Material change on machine M3: Racebike_Bremsen_justiert -> Citybike_Bremsen_justiert, setup time: 15
2025-04-07 19:21:25,220 - JSPGymEnvironment - INFO - Executed operation: Job J17, Op 3, Machine M3, Start: 3315.0, End: 3341.0, Setup: 15
2025-04-07 19:21:25,431 - JSPGymEnvironment - INFO - Material change on machine M1: Mountainbike_Hauptrahmen_zugeschnitten -> Citybike_Hauptrahmen_zugeschnitten, setup time: 40
2025-04-07 19:21:25,431 - JSPGymEnvironment - INFO - Executed operation: Job J11, Op 0, Machine M1, Start: 3381.0, End: 3412.0, Setup: 40
2025-04-07 19:21:25,461 - JSPGymEnvironment - INFO - Material change on machine M3: Citybike_Bremsen_justiert -> Citybike_Fahrrad_endmontiert, setup time: 15
2025-04-07 19:21:25,461 - JSPGymEnvironment - INFO - Executed operation: Job J2, Op 5, Machine M3, Start: 3427.0, End: 3448.0, Setup: 15
2025-04-07 19:21:25,461 - JSPGymEnvironment - INFO - Job J2 completed at time 3448.0, deadline: 2880, met: False, priority: 3
2025-04-07 19:21:25,485 - JSPGymEnvironment - INFO - Executed operation: Job J11, Op 1, Machine M2, Start: 3463.0, End: 3476.0, Setup: 15
2025-04-07 19:21:25,508 - JSPGymEnvironment - INFO - Material change on machine M3: Citybike_Fahrrad_endmontiert -> Racebike_Antrieb_installiert, setup time: 15
2025-04-07 19:21:25,508 - JSPGymEnvironment - INFO - Executed operation: Job J6, Op 2, Machine M3, Start: 3491.0, End: 3529.0, Setup: 15
2025-04-07 19:21:25,534 - JSPGymEnvironment - INFO - Material change on machine M2: Citybike_Schaltauge_bearbeitet -> Racebike_Rahmen_nachbearbeitet, setup time: 20
2025-04-07 19:21:25,534 - JSPGymEnvironment - INFO - Executed operation: Job J15, Op 4, Machine M2, Start: 3549.0, End: 3569.0, Setup: 20
2025-04-07 19:21:25,558 - JSPGymEnvironment - INFO - Material change on machine M2: Racebike_Rahmen_nachbearbeitet -> E-Bike_Fahrrad_endmontiert, setup time: 20
2025-04-07 19:21:25,558 - JSPGymEnvironment - INFO - Executed operation: Job J19, Op 6, Machine M2, Start: 3589.0, End: 3614.0, Setup: 20
2025-04-07 19:21:25,559 - JSPGymEnvironment - INFO - Job J19 completed at time 3614.0, deadline: 2737, met: False, priority: 8
2025-04-07 19:21:25,584 - JSPGymEnvironment - INFO - Material change on machine M2: E-Bike_Fahrrad_endmontiert -> Mountainbike_Schaltauge_bearbeitet, setup time: 20
2025-04-07 19:21:25,584 - JSPGymEnvironment - INFO - Executed operation: Job J18, Op 1, Machine M2, Start: 3634.0, End: 3654.0, Setup: 20
2025-04-07 19:21:25,606 - JSPGymEnvironment - INFO - Material change on machine M2: Mountainbike_Schaltauge_bearbeitet -> Racebike_Rahmen_nachbearbeitet, setup time: 20
2025-04-07 19:21:25,606 - JSPGymEnvironment - INFO - Executed operation: Job J15, Op 5, Machine M2, Start: 3674.0, End: 3697.0, Setup: 20
2025-04-07 19:21:25,630 - JSPGymEnvironment - INFO - Material change on machine M2: Racebike_Rahmen_nachbearbeitet -> Mountainbike_Schaltauge_bearbeitet, setup time: 20
2025-04-07 19:21:25,630 - JSPGymEnvironment - INFO - Executed operation: Job J5, Op 1, Machine M2, Start: 3717.0, End: 3732.0, Setup: 20
2025-04-07 19:21:25,653 - JSPGymEnvironment - INFO - Material change on machine M3: Racebike_Antrieb_installiert -> Mountainbike_Antrieb_installiert, setup time: 15
2025-04-07 19:21:25,653 - JSPGymEnvironment - INFO - Executed operation: Job J5, Op 2, Machine M3, Start: 3747.0, End: 3772.0, Setup: 15
2025-04-07 19:21:25,676 - JSPGymEnvironment - INFO - Material change on machine M1: Citybike_Hauptrahmen_zugeschnitten -> E-Bike_Hauptrahmen_zugeschnitten, setup time: 40
2025-04-07 19:21:25,676 - JSPGymEnvironment - INFO - Executed operation: Job J13, Op 0, Machine M1, Start: 3812.0, End: 3853.0, Setup: 40
2025-04-07 19:21:25,702 - JSPGymEnvironment - INFO - Material change on machine M2: Mountainbike_Schaltauge_bearbeitet -> Racebike_Schaltauge_bearbeitet, setup time: 20
2025-04-07 19:21:25,702 - JSPGymEnvironment - INFO - Executed operation: Job J4, Op 1, Machine M2, Start: 3873.0, End: 3888.0, Setup: 20
2025-04-07 19:21:25,726 - JSPGymEnvironment - INFO - Material change on machine M2: Racebike_Schaltauge_bearbeitet -> E-Bike_Fahrrad_endmontiert, setup time: 20
2025-04-07 19:21:25,726 - JSPGymEnvironment - INFO - Executed operation: Job J3, Op 6, Machine M2, Start: 3908.0, End: 3918.0, Setup: 20
2025-04-07 19:21:25,726 - JSPGymEnvironment - INFO - Job J3 completed at time 3918.0, deadline: 2862, met: False, priority: 8
2025-04-07 19:21:25,747 - JSPGymEnvironment - INFO - Material change on machine M2: E-Bike_Fahrrad_endmontiert -> E-Bike_Schaltauge_bearbeitet, setup time: 20
2025-04-07 19:21:25,748 - JSPGymEnvironment - INFO - Executed operation: Job J13, Op 1, Machine M2, Start: 3938.0, End: 3961.0, Setup: 20
2025-04-07 19:21:25,770 - JSPGymEnvironment - INFO - Material change on machine M3: Mountainbike_Antrieb_installiert -> Racebike_Bremsen_justiert, setup time: 15
2025-04-07 19:21:25,770 - JSPGymEnvironment - INFO - Executed operation: Job J6, Op 3, Machine M3, Start: 3976.0, End: 4034.0, Setup: 15
2025-04-07 19:21:25,796 - JSPGymEnvironment - INFO - Material change on machine M2: E-Bike_Schaltauge_bearbeitet -> Mountainbike_Bremsaufnahme_gebohrt, setup time: 20
2025-04-07 19:21:25,796 - JSPGymEnvironment - INFO - Executed operation: Job J5, Op 3, Machine M2, Start: 4054.0, End: 4069.0, Setup: 20
2025-04-07 19:21:25,820 - JSPGymEnvironment - INFO - Material change on machine M3: Racebike_Bremsen_justiert -> E-Bike_Antrieb_installiert, setup time: 15
2025-04-07 19:21:25,820 - JSPGymEnvironment - INFO - Executed operation: Job J13, Op 2, Machine M3, Start: 4084.0, End: 4137.0, Setup: 15
2025-04-07 19:21:26,005 - JSPGymEnvironment - INFO - Material change on machine M3: E-Bike_Antrieb_installiert -> Citybike_Antrieb_installiert, setup time: 15
2025-04-07 19:21:26,005 - JSPGymEnvironment - INFO - Executed operation: Job J14, Op 2, Machine M3, Start: 4152.0, End: 4174.0, Setup: 15
2025-04-07 19:21:26,030 - JSPGymEnvironment - INFO - Material change on machine M3: Citybike_Antrieb_installiert -> Racebike_Antrieb_installiert, setup time: 15
2025-04-07 19:21:26,030 - JSPGymEnvironment - INFO - Executed operation: Job J16, Op 2, Machine M3, Start: 4189.0, End: 4219.0, Setup: 15
2025-04-07 19:21:26,053 - JSPGymEnvironment - INFO - Material change on machine M3: Racebike_Antrieb_installiert -> Mountainbike_Bremsen_justiert, setup time: 15
2025-04-07 19:21:26,053 - JSPGymEnvironment - INFO - Executed operation: Job J20, Op 3, Machine M3, Start: 4234.0, End: 4275.0, Setup: 15
2025-04-07 19:21:26,075 - JSPGymEnvironment - INFO - Material change on machine M3: Mountainbike_Bremsen_justiert -> Racebike_Fahrrad_endmontiert, setup time: 15
2025-04-07 19:21:26,075 - JSPGymEnvironment - INFO - Executed operation: Job J15, Op 6, Machine M3, Start: 4290.0, End: 4317.0, Setup: 15
2025-04-07 19:21:26,097 - JSPGymEnvironment - INFO - Material change on machine M2: Mountainbike_Bremsaufnahme_gebohrt -> Mountainbike_Rahmen_nachbearbeitet, setup time: 20
2025-04-07 19:21:26,097 - JSPGymEnvironment - INFO - Executed operation: Job J20, Op 4, Machine M2, Start: 4337.0, End: 4354.0, Setup: 20
2025-04-07 19:21:26,118 - JSPGymEnvironment - INFO - Material change on machine M2: Mountainbike_Rahmen_nachbearbeitet -> Citybike_Bremsaufnahme_gebohrt, setup time: 20
2025-04-07 19:21:26,119 - JSPGymEnvironment - INFO - Executed operation: Job J14, Op 3, Machine M2, Start: 4374.0, End: 4392.0, Setup: 20
2025-04-07 19:21:26,142 - JSPGymEnvironment - INFO - Material change on machine M2: Citybike_Bremsaufnahme_gebohrt -> Racebike_Bremsaufnahme_gebohrt, setup time: 20
2025-04-07 19:21:26,142 - JSPGymEnvironment - INFO - Executed operation: Job J16, Op 3, Machine M2, Start: 4412.0, End: 4435.0, Setup: 20
2025-04-07 19:21:26,166 - JSPGymEnvironment - INFO - Material change on machine M2: Racebike_Bremsaufnahme_gebohrt -> Mountainbike_Rahmen_nachbearbeitet, setup time: 20
2025-04-07 19:21:26,167 - JSPGymEnvironment - INFO - Executed operation: Job J5, Op 4, Machine M2, Start: 4455.0, End: 4485.0, Setup: 20
2025-04-07 19:21:26,198 - JSPGymEnvironment - INFO - Executed operation: Job J6, Op 4, Machine M3, Start: 4495.0, End: 4536.0, Setup: 10
2025-04-07 19:21:26,198 - JSPGymEnvironment - INFO - Job J6 completed at time 4536.0, deadline: 2880, met: False, priority: 10
2025-04-07 19:21:26,233 - JSPGymEnvironment - INFO - Material change on machine M2: Mountainbike_Rahmen_nachbearbeitet -> Citybike_Fahrrad_endmontiert, setup time: 20
2025-04-07 19:21:26,233 - JSPGymEnvironment - INFO - Executed operation: Job J8, Op 5, Machine M2, Start: 4556.0, End: 4586.0, Setup: 20
2025-04-07 19:21:26,233 - JSPGymEnvironment - INFO - Job J8 completed at time 4586.0, deadline: 2762, met: False, priority: 5
2025-04-07 19:21:26,257 - JSPGymEnvironment - INFO - Material change on machine M2: Citybike_Fahrrad_endmontiert -> Mountainbike_Fahrrad_endmontiert, setup time: 20
2025-04-07 19:21:26,257 - JSPGymEnvironment - INFO - Executed operation: Job J5, Op 5, Machine M2, Start: 4606.0, End: 4628.0, Setup: 20
2025-04-07 19:21:26,257 - JSPGymEnvironment - INFO - Job J5 completed at time 4628.0, deadline: 2880, met: False, priority: 1
2025-04-07 19:21:26,293 - JSPGymEnvironment - INFO - Executed operation: Job J15, Op 7, Machine M3, Start: 4638.0, End: 4684.0, Setup: 10
2025-04-07 19:21:26,293 - JSPGymEnvironment - INFO - Job J15 completed at time 4684.0, deadline: 2833, met: False, priority: 10
2025-04-07 19:21:26,329 - JSPGymEnvironment - INFO - Material change on machine M3: Racebike_Fahrrad_endmontiert -> Racebike_Antrieb_installiert, setup time: 15
2025-04-07 19:21:26,330 - JSPGymEnvironment - INFO - Executed operation: Job J4, Op 2, Machine M3, Start: 4699.0, End: 4739.0, Setup: 15
2025-04-07 19:21:26,358 - JSPGymEnvironment - INFO - Material change on machine M2: Mountainbike_Fahrrad_endmontiert -> Racebike_Rahmen_nachbearbeitet, setup time: 20
2025-04-07 19:21:26,358 - JSPGymEnvironment - INFO - Executed operation: Job J16, Op 4, Machine M2, Start: 4759.0, End: 4773.0, Setup: 20
2025-04-07 19:21:26,380 - JSPGymEnvironment - INFO - Material change on machine M3: Racebike_Antrieb_installiert -> Mountainbike_Fahrrad_endmontiert, setup time: 15
2025-04-07 19:21:26,380 - JSPGymEnvironment - INFO - Executed operation: Job J20, Op 5, Machine M3, Start: 4788.0, End: 4813.0, Setup: 15
2025-04-07 19:21:26,402 - JSPGymEnvironment - INFO - Material change on machine M3: Mountainbike_Fahrrad_endmontiert -> Citybike_Fahrrad_endmontiert, setup time: 15
2025-04-07 19:21:26,402 - JSPGymEnvironment - INFO - Executed operation: Job J17, Op 4, Machine M3, Start: 4828.0, End: 4878.0, Setup: 15
2025-04-07 19:21:26,605 - JSPGymEnvironment - INFO - Material change on machine M2: Racebike_Rahmen_nachbearbeitet -> E-Bike_Bremsaufnahme_gebohrt, setup time: 20
2025-04-07 19:21:26,606 - JSPGymEnvironment - INFO - Executed operation: Job J13, Op 3, Machine M2, Start: 4898.0, End: 4920.0, Setup: 20
2025-04-07 19:21:26,630 - JSPGymEnvironment - INFO - Material change on machine M2: E-Bike_Bremsaufnahme_gebohrt -> Racebike_Bremsaufnahme_gebohrt, setup time: 20
2025-04-07 19:21:26,631 - JSPGymEnvironment - INFO - Executed operation: Job J4, Op 3, Machine M2, Start: 4940.0, End: 4954.0, Setup: 20
2025-04-07 19:21:26,670 - JSPGymEnvironment - INFO - Material change on machine M2: Racebike_Bremsaufnahme_gebohrt -> Citybike_Rahmen_nachbearbeitet, setup time: 20
2025-04-07 19:21:26,671 - JSPGymEnvironment - INFO - Executed operation: Job J14, Op 4, Machine M2, Start: 4974.0, End: 5003.0, Setup: 20
2025-04-07 19:21:26,716 - JSPGymEnvironment - INFO - Executed operation: Job J14, Op 5, Machine M2, Start: 5018.0, End: 5048.0, Setup: 15
2025-04-07 19:21:26,749 - JSPGymEnvironment - INFO - Material change on machine M3: Citybike_Fahrrad_endmontiert -> Mountainbike_Antrieb_installiert, setup time: 15
2025-04-07 19:21:26,749 - JSPGymEnvironment - INFO - Executed operation: Job J18, Op 2, Machine M3, Start: 5063.0, End: 5092.0, Setup: 15
2025-04-07 19:21:26,773 - JSPGymEnvironment - INFO - Material change on machine M3: Mountainbike_Antrieb_installiert -> Mountainbike_Fahrrad_endmontiert, setup time: 15
2025-04-07 19:21:26,773 - JSPGymEnvironment - INFO - Executed operation: Job J20, Op 6, Machine M3, Start: 5107.0, End: 5147.0, Setup: 15
2025-04-07 19:21:26,774 - JSPGymEnvironment - INFO - Job J20 completed at time 5147.0, deadline: 2744, met: False, priority: 3
2025-04-07 19:21:26,801 - JSPGymEnvironment - INFO - Material change on machine M2: Citybike_Rahmen_nachbearbeitet -> Racebike_Rahmen_nachbearbeitet, setup time: 20
2025-04-07 19:21:26,801 - JSPGymEnvironment - INFO - Executed operation: Job J4, Op 4, Machine M2, Start: 5167.0, End: 5192.0, Setup: 20
2025-04-07 19:21:26,829 - JSPGymEnvironment - INFO - Material change on machine M2: Racebike_Rahmen_nachbearbeitet -> Citybike_Rahmen_nachbearbeitet, setup time: 20
2025-04-07 19:21:26,829 - JSPGymEnvironment - INFO - Executed operation: Job J14, Op 6, Machine M2, Start: 5212.0, End: 5236.0, Setup: 20
2025-04-07 19:21:26,873 - JSPGymEnvironment - INFO - Material change on machine M2: Citybike_Rahmen_nachbearbeitet -> Citybike_Fahrrad_endmontiert, setup time: 20
2025-04-07 19:21:26,873 - JSPGymEnvironment - INFO - Executed operation: Job J14, Op 7, Machine M2, Start: 5256.0, End: 5277.0, Setup: 20
2025-04-07 19:21:26,873 - JSPGymEnvironment - INFO - Job J14 completed at time 5277.0, deadline: 2880, met: False, priority: 3
2025-04-07 19:21:26,905 - JSPGymEnvironment - INFO - Material change on machine M3: Mountainbike_Fahrrad_endmontiert -> Citybike_Fahrrad_endmontiert, setup time: 15
2025-04-07 19:21:26,905 - JSPGymEnvironment - INFO - Executed operation: Job J17, Op 5, Machine M3, Start: 5292.0, End: 5351.0, Setup: 15
2025-04-07 19:21:26,935 - JSPGymEnvironment - INFO - Material change on machine M3: Citybike_Fahrrad_endmontiert -> Citybike_Antrieb_installiert, setup time: 15
2025-04-07 19:21:26,935 - JSPGymEnvironment - INFO - Executed operation: Job J11, Op 2, Machine M3, Start: 5366.0, End: 5408.0, Setup: 15
2025-04-07 19:21:26,962 - JSPGymEnvironment - INFO - Material change on machine M3: Citybike_Antrieb_installiert -> Mountainbike_Bremsen_justiert, setup time: 15
2025-04-07 19:21:26,962 - JSPGymEnvironment - INFO - Executed operation: Job J18, Op 3, Machine M3, Start: 5423.0, End: 5478.0, Setup: 15
2025-04-07 19:21:26,999 - JSPGymEnvironment - INFO - Material change on machine M3: Mountainbike_Bremsen_justiert -> E-Bike_Fahrrad_endmontiert, setup time: 15
2025-04-07 19:21:26,999 - JSPGymEnvironment - INFO - Executed operation: Job J13, Op 4, Machine M3, Start: 5493.0, End: 5546.0, Setup: 15
2025-04-07 19:21:26,999 - JSPGymEnvironment - INFO - Job J13 completed at time 5546.0, deadline: 2863, met: False, priority: 7
2025-04-07 19:21:27,029 - JSPGymEnvironment - INFO - Material change on machine M2: Citybike_Fahrrad_endmontiert -> Racebike_Fahrrad_endmontiert, setup time: 20
2025-04-07 19:21:27,029 - JSPGymEnvironment - INFO - Executed operation: Job J16, Op 5, Machine M2, Start: 5566.0, End: 5596.0, Setup: 20
2025-04-07 19:21:27,029 - JSPGymEnvironment - INFO - Job J16 completed at time 5596.0, deadline: 2855, met: False, priority: 7
2025-04-07 19:21:27,071 - JSPGymEnvironment - INFO - Material change on machine M2: Racebike_Fahrrad_endmontiert -> Racebike_Rahmen_nachbearbeitet, setup time: 20
2025-04-07 19:21:27,072 - JSPGymEnvironment - INFO - Executed operation: Job J4, Op 5, Machine M2, Start: 5616.0, End: 5640.0, Setup: 20
2025-04-07 19:21:27,286 - JSPGymEnvironment - INFO - Material change on machine M3: E-Bike_Fahrrad_endmontiert -> Racebike_Fahrrad_endmontiert, setup time: 15
2025-04-07 19:21:27,286 - JSPGymEnvironment - INFO - Executed operation: Job J4, Op 6, Machine M3, Start: 5655.0, End: 5681.0, Setup: 15
2025-04-07 19:21:27,286 - JSPGymEnvironment - INFO - Job J4 completed at time 5681.0, deadline: 2757, met: False, priority: 7
2025-04-07 19:21:27,322 - JSPGymEnvironment - INFO - Material change on machine M2: Racebike_Rahmen_nachbearbeitet -> Citybike_Schaltauge_bearbeitet, setup time: 20
2025-04-07 19:21:27,322 - JSPGymEnvironment - INFO - Executed operation: Job J9, Op 1, Machine M2, Start: 5701.0, End: 5717.0, Setup: 20
2025-04-07 19:21:27,346 - JSPGymEnvironment - INFO - Material change on machine M3: Racebike_Fahrrad_endmontiert -> Citybike_Fahrrad_endmontiert, setup time: 15
2025-04-07 19:21:27,346 - JSPGymEnvironment - INFO - Executed operation: Job J17, Op 6, Machine M3, Start: 5732.0, End: 5757.0, Setup: 15
2025-04-07 19:21:27,346 - JSPGymEnvironment - INFO - Job J17 completed at time 5757.0, deadline: 2880, met: False, priority: 6
2025-04-07 19:21:27,372 - JSPGymEnvironment - INFO - Material change on machine M3: Citybike_Fahrrad_endmontiert -> Citybike_Bremsen_justiert, setup time: 15
2025-04-07 19:21:27,372 - JSPGymEnvironment - INFO - Executed operation: Job J11, Op 3, Machine M3, Start: 5772.0, End: 5794.0, Setup: 15
2025-04-07 19:21:27,403 - JSPGymEnvironment - INFO - Material change on machine M3: Citybike_Bremsen_justiert -> Citybike_Antrieb_installiert, setup time: 15
2025-04-07 19:21:27,403 - JSPGymEnvironment - INFO - Executed operation: Job J9, Op 2, Machine M3, Start: 5809.0, End: 5863.0, Setup: 15
2025-04-07 19:21:27,437 - JSPGymEnvironment - INFO - Material change on machine M3: Citybike_Antrieb_installiert -> Citybike_Fahrrad_endmontiert, setup time: 15
2025-04-07 19:21:27,437 - JSPGymEnvironment - INFO - Executed operation: Job J11, Op 4, Machine M3, Start: 5878.0, End: 5917.0, Setup: 15
2025-04-07 19:21:27,464 - JSPGymEnvironment - INFO - Material change on machine M2: Citybike_Schaltauge_bearbeitet -> Citybike_Bremsaufnahme_gebohrt, setup time: 20
2025-04-07 19:21:27,464 - JSPGymEnvironment - INFO - Executed operation: Job J9, Op 3, Machine M2, Start: 5937.0, End: 5960.0, Setup: 20
2025-04-07 19:21:27,492 - JSPGymEnvironment - INFO - Material change on machine M2: Citybike_Bremsaufnahme_gebohrt -> Citybike_Rahmen_nachbearbeitet, setup time: 20
2025-04-07 19:21:27,492 - JSPGymEnvironment - INFO - Executed operation: Job J9, Op 4, Machine M2, Start: 5980.0, End: 5992.0, Setup: 20
2025-04-07 19:21:27,524 - JSPGymEnvironment - INFO - Executed operation: Job J11, Op 5, Machine M2, Start: 6007.0, End: 6024.0, Setup: 15
2025-04-07 19:21:27,548 - JSPGymEnvironment - INFO - Executed operation: Job J9, Op 5, Machine M3, Start: 6034.0, End: 6085.0, Setup: 10
2025-04-07 19:21:27,572 - JSPGymEnvironment - INFO - Executed operation: Job J11, Op 6, Machine M2, Start: 6100.0, End: 6122.0, Setup: 15
2025-04-07 19:21:27,601 - JSPGymEnvironment - INFO - Executed operation: Job J9, Op 6, Machine M3, Start: 6132.0, End: 6155.0, Setup: 10
2025-04-07 19:21:27,601 - JSPGymEnvironment - INFO - Job J9 completed at time 6155.0, deadline: 2880, met: False, priority: 8
2025-04-07 19:21:27,630 - JSPGymEnvironment - INFO - Material change on machine M2: Citybike_Rahmen_nachbearbeitet -> Citybike_Fahrrad_endmontiert, setup time: 20
2025-04-07 19:21:27,630 - JSPGymEnvironment - INFO - Executed operation: Job J11, Op 7, Machine M2, Start: 6175.0, End: 6204.0, Setup: 20
2025-04-07 19:21:27,630 - JSPGymEnvironment - INFO - Job J11 completed at time 6204.0, deadline: 2880, met: False, priority: 7
2025-04-07 19:21:27,655 - JSPGymEnvironment - INFO - Material change on machine M2: Citybike_Fahrrad_endmontiert -> Mountainbike_Fahrrad_endmontiert, setup time: 20
2025-04-07 19:21:27,656 - JSPGymEnvironment - INFO - Executed operation: Job J18, Op 4, Machine M2, Start: 6224.0, End: 6237.0, Setup: 20
2025-04-07 19:21:27,656 - JSPGymEnvironment - INFO - Job J18 completed at time 6237.0, deadline: 2880, met: False, priority: 6
