================================================================================
JobID = 8888282
User = u17597, Account = scc_uwba_schumann
Partition = scc-gpu, Nodelist = ggpu199
================================================================================
Lmod has detected the following error: These module(s) or extension(s) exist
but cannot be loaded as requested: "python"
   Try: "module spider python" to see how to load the module(s).



/var/spool/slurmd/job8888282/slurm_script: line 17: venv/bin/activate: No such file or directory
Traceback (most recent call last):
  File "<string>", line 1, in <module>
ModuleNotFoundError: No module named 'torch'
Traceback (most recent call last):
  File "train_gym_ppo.py", line 3, in <module>
    import numpy as np
ModuleNotFoundError: No module named 'numpy'
== Job beendet ==
============ Job Information ===================================================
Submitted: 2025-06-01T11:30:41
Started: 2025-06-01T11:30:56
Ended: 2025-06-01T11:31:00
Elapsed: 1 min, Limit: 240 min, Difference: 239 min
CPUs: 4, Nodes: 1
Estimated Consumption: 2.50 core-hours
================================================================================
