2025-06-11 11:41:16,317 - JSPGymEnvironment - INFO - Environment reset
2025-06-11 11:41:16,423 - JSPGymEnvironment - INFO - Environment reset
2025-06-11 11:41:16,756 - JSPGymEnvironment - INFO - Material change on machine M2:  -> E-Bike_Rahmen_nachbearbeitet, setup time: 0
2025-06-11 11:41:16,756 - JSPGymEnvironment - INFO - Executed operation: Job J1, Op 0, Machine M2, Start: 0, End: 12, Setup: 0
2025-06-11 11:41:16,757 - JSPGymEnvironment - INFO - 
===== REWARD DETAILS FOR STEP 1 =====
Job: J1, Operation: 0, Job Completed: False
Current Time: 0.00 -> 12.00, Setup Time: 0.00
Processing Time: 12.00, Idle Time: 0.00
Completed Jobs: 0/1
Machine: M2, Material: E-Bike_Rahmen_nachbearbeitet

REWARD COMPONENTS:
- makespan_reward: -0.0600
- setup_reward: 0.0000
- deadline_reward: 0.0000
- priority_reward: 0.0000
- critical_job_reward: 0.5000
- placement_reward: 0.0000
- timeliness_reward: 9.1655
- machine_idle_penalty: -0.4000

TOTAL REWARD: 9.2055

CUMULATIVE REWARD COMPONENTS:
- makespan_reward: -0.0600
- setup_reward: 0.0000
- deadline_reward: 0.0000
- priority_reward: 0.0000
- critical_job_reward: 0.5000
- placement_reward: 0.0000
- timeliness_reward: 9.1655
- machine_idle_penalty: -0.4000

CUMULATIVE TOTAL: 9.2055

CRITICAL STATE INFO:
- Valid actions: ['J1']
- Machine states:
  - Machine M1: Time=0.00, Idle=12.00, Material=None
  - Machine M2: Time=12.00, Idle=0.00, Material=E-Bike_Rahmen_nachbearbeitet
  - Machine M3: Time=0.00, Idle=12.00, Material=None
==================================================

2025-06-11 11:41:17,010 - JSPGymEnvironment - INFO - Material change on machine M1:  -> E-Bike_Bremsen_justiert, setup time: 0
2025-06-11 11:41:17,011 - JSPGymEnvironment - INFO - Executed operation: Job J1, Op 1, Machine M1, Start: 12, End: 53, Setup: 0
2025-06-11 11:41:17,011 - JSPGymEnvironment - INFO - 
===== REWARD DETAILS FOR STEP 2 =====
Job: J1, Operation: 1, Job Completed: False
Current Time: 12.00 -> 53.00, Setup Time: 0.00
Processing Time: 41.00, Idle Time: 0.00
Completed Jobs: 0/1
Machine: M1, Material: E-Bike_Bremsen_justiert

REWARD COMPONENTS:
- makespan_reward: -0.2050
- setup_reward: 0.0000
- deadline_reward: 0.0000
- priority_reward: 0.0000
- critical_job_reward: 0.5000
- placement_reward: 0.0000
- timeliness_reward: 9.1825
- machine_idle_penalty: -1.2750

TOTAL REWARD: 8.2025

CUMULATIVE REWARD COMPONENTS:
- makespan_reward: -0.2650
- setup_reward: 0.0000
- deadline_reward: 0.0000
- priority_reward: 0.0000
- critical_job_reward: 1.0000
- placement_reward: 0.0000
- timeliness_reward: 18.3480
- machine_idle_penalty: -1.6750

CUMULATIVE TOTAL: 17.4080

CRITICAL STATE INFO:
- Valid actions: ['J1']
- Machine states:
  - Machine M1: Time=53.00, Idle=0.00, Material=E-Bike_Bremsen_justiert
  - Machine M2: Time=12.00, Idle=41.00, Material=E-Bike_Rahmen_nachbearbeitet
  - Machine M3: Time=0.00, Idle=53.00, Material=None
==================================================

2025-06-11 11:41:17,014 - JSPGymEnvironment - INFO - Material change on machine M2: E-Bike_Rahmen_nachbearbeitet -> E-Bike_Laufraeder_montiert, setup time: 20
2025-06-11 11:41:17,014 - JSPGymEnvironment - INFO - Executed operation: Job J1, Op 2, Machine M2, Start: 73, End: 96, Setup: 20
2025-06-11 11:41:17,014 - JSPGymEnvironment - INFO - 
===== REWARD DETAILS FOR STEP 3 =====
Job: J1, Operation: 2, Job Completed: False
Current Time: 53.00 -> 96.00, Setup Time: 20.00
Processing Time: 23.00, Idle Time: 0.00
Completed Jobs: 0/1
Machine: M2, Material: E-Bike_Laufraeder_montiert

REWARD COMPONENTS:
- makespan_reward: -0.2150
- setup_reward: -5.0000
- deadline_reward: 0.0000
- priority_reward: 0.0000
- critical_job_reward: 0.5000
- placement_reward: 0.0000
- timeliness_reward: 9.1997
- machine_idle_penalty: -1.8375

TOTAL REWARD: 2.6472

CUMULATIVE REWARD COMPONENTS:
- makespan_reward: -0.4800
- setup_reward: -5.0000
- deadline_reward: 0.0000
- priority_reward: 0.0000
- critical_job_reward: 1.5000
- placement_reward: 0.0000
- timeliness_reward: 27.5477
- machine_idle_penalty: -3.5125

CUMULATIVE TOTAL: 20.0552

CRITICAL STATE INFO:
- Valid actions: ['J1']
- Machine states:
  - Machine M1: Time=53.00, Idle=43.00, Material=E-Bike_Bremsen_justiert
  - Machine M2: Time=96.00, Idle=0.00, Material=E-Bike_Laufraeder_montiert
  - Machine M3: Time=0.00, Idle=96.00, Material=None
==================================================

2025-06-11 11:41:17,017 - JSPGymEnvironment - INFO - Material change on machine M2: E-Bike_Laufraeder_montiert -> E-Bike_Schaltauge_bearbeitet, setup time: 20
2025-06-11 11:41:17,017 - JSPGymEnvironment - INFO - Executed operation: Job J1, Op 3, Machine M2, Start: 116, End: 135, Setup: 20
2025-06-11 11:41:17,017 - JSPGymEnvironment - INFO - 
===== REWARD DETAILS FOR STEP 4 =====
Job: J1, Operation: 3, Job Completed: False
Current Time: 96.00 -> 135.00, Setup Time: 20.00
Processing Time: 19.00, Idle Time: 0.00
Completed Jobs: 0/1
Machine: M2, Material: E-Bike_Schaltauge_bearbeitet

REWARD COMPONENTS:
- makespan_reward: -0.1950
- setup_reward: -5.0000
- deadline_reward: 0.0000
- priority_reward: 0.0000
- critical_job_reward: 0.5000
- placement_reward: 0.0000
- timeliness_reward: 9.2148
- machine_idle_penalty: -2.8125

TOTAL REWARD: 1.7073

CUMULATIVE REWARD COMPONENTS:
- makespan_reward: -0.6750
- setup_reward: -10.0000
- deadline_reward: 0.0000
- priority_reward: 0.0000
- critical_job_reward: 2.0000
- placement_reward: 0.0000
- timeliness_reward: 36.7626
- machine_idle_penalty: -6.3250

CUMULATIVE TOTAL: 21.7626

CRITICAL STATE INFO:
- Valid actions: ['J1']
- Machine states:
  - Machine M1: Time=53.00, Idle=82.00, Material=E-Bike_Bremsen_justiert
  - Machine M2: Time=135.00, Idle=0.00, Material=E-Bike_Schaltauge_bearbeitet
  - Machine M3: Time=0.00, Idle=135.00, Material=None
==================================================

2025-06-11 11:41:17,020 - JSPGymEnvironment - INFO - Material change on machine M1: E-Bike_Bremsen_justiert -> E-Bike_Rahmen_komplettiert, setup time: 40
2025-06-11 11:41:17,020 - JSPGymEnvironment - INFO - Executed operation: Job J1, Op 4, Machine M1, Start: 175, End: 191, Setup: 40
2025-06-11 11:41:17,021 - JSPGymEnvironment - INFO - 
===== REWARD DETAILS FOR STEP 5 =====
Job: J1, Operation: 4, Job Completed: False
Current Time: 135.00 -> 191.00, Setup Time: 40.00
Processing Time: 16.00, Idle Time: 0.00
Completed Jobs: 0/1
Machine: M1, Material: E-Bike_Rahmen_komplettiert

REWARD COMPONENTS:
- makespan_reward: -0.2800
- setup_reward: -10.0000
- deadline_reward: 0.0000
- priority_reward: 0.0000
- critical_job_reward: 0.5000
- placement_reward: 0.0000
- timeliness_reward: 9.2354
- machine_idle_penalty: -3.1375

TOTAL REWARD: -3.6821

CUMULATIVE REWARD COMPONENTS:
- makespan_reward: -0.9550
- setup_reward: -20.0000
- deadline_reward: 0.0000
- priority_reward: 0.0000
- critical_job_reward: 2.5000
- placement_reward: 0.0000
- timeliness_reward: 45.9980
- machine_idle_penalty: -9.4625

CUMULATIVE TOTAL: 18.0805

CRITICAL STATE INFO:
- Valid actions: ['J1']
- Machine states:
  - Machine M1: Time=191.00, Idle=0.00, Material=E-Bike_Rahmen_komplettiert
  - Machine M2: Time=135.00, Idle=56.00, Material=E-Bike_Schaltauge_bearbeitet
  - Machine M3: Time=0.00, Idle=191.00, Material=None
==================================================

2025-06-11 11:41:17,023 - JSPGymEnvironment - INFO - Material change on machine M1: E-Bike_Rahmen_komplettiert -> E-Bike_Steuerrohr_ausgerieben, setup time: 40
2025-06-11 11:41:17,023 - JSPGymEnvironment - INFO - Executed operation: Job J1, Op 5, Machine M1, Start: 231, End: 261, Setup: 40
2025-06-11 11:41:17,024 - JSPGymEnvironment - INFO - 
===== REWARD DETAILS FOR STEP 6 =====
Job: J1, Operation: 5, Job Completed: False
Current Time: 191.00 -> 261.00, Setup Time: 40.00
Processing Time: 30.00, Idle Time: 0.00
Completed Jobs: 0/1
Machine: M1, Material: E-Bike_Steuerrohr_ausgerieben

REWARD COMPONENTS:
- makespan_reward: -0.3500
- setup_reward: -10.0000
- deadline_reward: 0.0000
- priority_reward: 0.0000
- critical_job_reward: 0.5000
- placement_reward: 0.0000
- timeliness_reward: 9.2592
- machine_idle_penalty: -4.9375

TOTAL REWARD: -5.5283

CUMULATIVE REWARD COMPONENTS:
- makespan_reward: -1.3050
- setup_reward: -30.0000
- deadline_reward: 0.0000
- priority_reward: 0.0000
- critical_job_reward: 3.0000
- placement_reward: 0.0000
- timeliness_reward: 55.2572
- machine_idle_penalty: -14.4000

CUMULATIVE TOTAL: 12.5522

CRITICAL STATE INFO:
- Valid actions: ['J1']
- Machine states:
  - Machine M1: Time=261.00, Idle=0.00, Material=E-Bike_Steuerrohr_ausgerieben
  - Machine M2: Time=135.00, Idle=126.00, Material=E-Bike_Schaltauge_bearbeitet
  - Machine M3: Time=0.00, Idle=261.00, Material=None
==================================================

2025-06-11 11:41:17,027 - JSPGymEnvironment - INFO - Material change on machine M3:  -> E-Bike_Hinterbau_vorbereitet, setup time: 0
2025-06-11 11:41:17,027 - JSPGymEnvironment - INFO - Executed operation: Job J1, Op 6, Machine M3, Start: 261, End: 293, Setup: 0
2025-06-11 11:41:17,027 - JSPGymEnvironment - INFO - 
===== REWARD DETAILS FOR STEP 7 =====
Job: J1, Operation: 6, Job Completed: False
Current Time: 261.00 -> 293.00, Setup Time: 0.00
Processing Time: 32.00, Idle Time: 0.00
Completed Jobs: 0/1
Machine: M3, Material: E-Bike_Hinterbau_vorbereitet

REWARD COMPONENTS:
- makespan_reward: -0.1600
- setup_reward: 0.0000
- deadline_reward: 0.0000
- priority_reward: 0.0000
- critical_job_reward: 0.5000
- placement_reward: 0.0000
- timeliness_reward: 9.2692
- machine_idle_penalty: -2.4250

TOTAL REWARD: 7.1842

CUMULATIVE REWARD COMPONENTS:
- makespan_reward: -1.4650
- setup_reward: -30.0000
- deadline_reward: 0.0000
- priority_reward: 0.0000
- critical_job_reward: 3.5000
- placement_reward: 0.0000
- timeliness_reward: 64.5264
- machine_idle_penalty: -16.8250

CUMULATIVE TOTAL: 19.7364

CRITICAL STATE INFO:
- Valid actions: ['J1']
- Machine states:
  - Machine M1: Time=261.00, Idle=32.00, Material=E-Bike_Steuerrohr_ausgerieben
  - Machine M2: Time=135.00, Idle=158.00, Material=E-Bike_Schaltauge_bearbeitet
  - Machine M3: Time=293.00, Idle=0.00, Material=E-Bike_Hinterbau_vorbereitet
==================================================

2025-06-11 11:41:17,030 - JSPGymEnvironment - INFO - Material change on machine M1: E-Bike_Steuerrohr_ausgerieben -> E-Bike_Hauptrahmen_zugeschnitten, setup time: 40
2025-06-11 11:41:17,030 - JSPGymEnvironment - INFO - Executed operation: Job J1, Op 7, Machine M1, Start: 333, End: 374, Setup: 40
2025-06-11 11:41:17,030 - JSPGymEnvironment - INFO - Job J1 completed at time 374, deadline: 2273, met: True, priority: 10
2025-06-11 11:41:17,030 - JSPGymEnvironment - INFO - 
===== REWARD DETAILS FOR STEP 8 =====
Job: J1, Operation: 7, Job Completed: True
Current Time: 293.00 -> 374.00, Setup Time: 40.00
Processing Time: 41.00, Idle Time: 0.00
Completed Jobs: 1/1
Machine: M1, Material: E-Bike_Hauptrahmen_zugeschnitten
Job Deadline: 2273.00 (Met), Priority: 10

REWARD COMPONENTS:
- makespan_reward: -0.4050
- setup_reward: -10.0000
- deadline_reward: 20.0000
- priority_reward: 40.0000
- critical_job_reward: 22.5255
- placement_reward: 0.0000
- timeliness_reward: 1.3974
- machine_idle_penalty: -4.0500

TOTAL REWARD: 69.4680

CUMULATIVE REWARD COMPONENTS:
- makespan_reward: -1.8700
- setup_reward: -40.0000
- deadline_reward: 20.0000
- priority_reward: 40.0000
- critical_job_reward: 26.0255
- placement_reward: 0.0000
- timeliness_reward: 65.9239
- machine_idle_penalty: -20.8750

CUMULATIVE TOTAL: 89.2044

CRITICAL STATE INFO:
- Valid actions: []
- Machine states:
  - Machine M1: Time=374.00, Idle=0.00, Material=E-Bike_Hauptrahmen_zugeschnitten
  - Machine M2: Time=135.00, Idle=239.00, Material=E-Bike_Schaltauge_bearbeitet
  - Machine M3: Time=293.00, Idle=81.00, Material=E-Bike_Hinterbau_vorbereitet
==================================================

2025-06-11 11:41:17,030 - JSPGymEnvironment - INFO - Retro-Bonus für Job J1: +15.0
2025-06-11 11:41:17,030 - JSPGymEnvironment - INFO - Reward function updated with 7 insights
2025-06-11 11:41:17,030 - JSPGymEnvironment - INFO -   Material change on critical path at Job 0 Operation 2 on Machine M2 (Severity: 1.00)
2025-06-11 11:41:17,030 - JSPGymEnvironment - INFO -   Material change on critical path at Job 0 Operation 3 on Machine M2 (Severity: 1.00)
2025-06-11 11:41:17,030 - JSPGymEnvironment - INFO -   Idle time on critical path before Job 0 Operation 3 on Machine M2 (Severity: 1.05)
2025-06-11 11:41:17,031 - JSPGymEnvironment - INFO -   Material change on critical path at Job 0 Operation 4 on Machine M1 (Severity: 1.00)
2025-06-11 11:41:17,031 - JSPGymEnvironment - INFO -   Material change on critical path at Job 0 Operation 5 on Machine M1 (Severity: 1.00)
2025-06-11 11:41:17,031 - JSPGymEnvironment - INFO -   Idle time on critical path before Job 0 Operation 5 on Machine M1 (Severity: 1.33)
2025-06-11 11:41:17,031 - JSPGymEnvironment - INFO -   Material change on critical path at Job 0 Operation 7 on Machine M1 (Severity: 1.00)
2025-06-11 11:41:17,031 - JSPGymEnvironment - INFO - Episode completed. Critical path: 8 operations, Suboptimal placements: 7
2025-06-11 11:41:17,031 - JSPGymEnvironment - INFO - Reward components: {'makespan_reward': -0.405, 'setup_reward': -10.0, 'deadline_reward': 20.0, 'priority_reward': 40.0, 'critical_job_reward': 22.525516937967446, 'placement_reward': 0.0, 'timeliness_reward': 1.3974483062032554, 'machine_idle_penalty': -4.05}
2025-06-11 11:41:21,152 - JSPGymEnvironment - INFO - Environment reset
2025-06-11 11:41:21,157 - JSPGymEnvironment - INFO - Material change on machine M2:  -> E-Bike_Rahmen_nachbearbeitet, setup time: 0
2025-06-11 11:41:21,157 - JSPGymEnvironment - INFO - Executed operation: Job J1, Op 0, Machine M2, Start: 0, End: 12, Setup: 0
2025-06-11 11:41:21,157 - JSPGymEnvironment - INFO - 
===== REWARD DETAILS FOR STEP 1 =====
Job: J1, Operation: 0, Job Completed: False
Current Time: 0.00 -> 12.00, Setup Time: 0.00
Processing Time: 12.00, Idle Time: 0.00
Completed Jobs: 0/1
Machine: M2, Material: E-Bike_Rahmen_nachbearbeitet

REWARD COMPONENTS:
- makespan_reward: -0.0600
- setup_reward: 0.0000
- deadline_reward: 0.0000
- priority_reward: 0.0000
- critical_job_reward: 0.5000
- placement_reward: 0.0000
- timeliness_reward: 9.1655
- machine_idle_penalty: -0.4000

TOTAL REWARD: 9.2055

CUMULATIVE REWARD COMPONENTS:
- makespan_reward: -0.0600
- setup_reward: 0.0000
- deadline_reward: 0.0000
- priority_reward: 0.0000
- critical_job_reward: 0.5000
- placement_reward: 0.0000
- timeliness_reward: 9.1655
- machine_idle_penalty: -0.4000

CUMULATIVE TOTAL: 9.2055

CRITICAL STATE INFO:
- Valid actions: ['J1']
- Machine states:
  - Machine M1: Time=0.00, Idle=12.00, Material=None
  - Machine M2: Time=12.00, Idle=0.00, Material=E-Bike_Rahmen_nachbearbeitet
  - Machine M3: Time=0.00, Idle=12.00, Material=None
==================================================

2025-06-11 11:41:21,160 - JSPGymEnvironment - INFO - Material change on machine M1:  -> E-Bike_Bremsen_justiert, setup time: 0
2025-06-11 11:41:21,160 - JSPGymEnvironment - INFO - Executed operation: Job J1, Op 1, Machine M1, Start: 12, End: 53, Setup: 0
2025-06-11 11:41:21,161 - JSPGymEnvironment - INFO - 
===== REWARD DETAILS FOR STEP 2 =====
Job: J1, Operation: 1, Job Completed: False
Current Time: 12.00 -> 53.00, Setup Time: 0.00
Processing Time: 41.00, Idle Time: 0.00
Completed Jobs: 0/1
Machine: M1, Material: E-Bike_Bremsen_justiert

REWARD COMPONENTS:
- makespan_reward: -0.2050
- setup_reward: 0.0000
- deadline_reward: 0.0000
- priority_reward: 0.0000
- critical_job_reward: 0.5000
- placement_reward: 0.0000
- timeliness_reward: 9.1825
- machine_idle_penalty: -1.2750

TOTAL REWARD: 8.2025

CUMULATIVE REWARD COMPONENTS:
- makespan_reward: -0.2650
- setup_reward: 0.0000
- deadline_reward: 0.0000
- priority_reward: 0.0000
- critical_job_reward: 1.0000
- placement_reward: 0.0000
- timeliness_reward: 18.3480
- machine_idle_penalty: -1.6750

CUMULATIVE TOTAL: 17.4080

CRITICAL STATE INFO:
- Valid actions: ['J1']
- Machine states:
  - Machine M1: Time=53.00, Idle=0.00, Material=E-Bike_Bremsen_justiert
  - Machine M2: Time=12.00, Idle=41.00, Material=E-Bike_Rahmen_nachbearbeitet
  - Machine M3: Time=0.00, Idle=53.00, Material=None
==================================================

2025-06-11 11:41:21,164 - JSPGymEnvironment - INFO - Material change on machine M2: E-Bike_Rahmen_nachbearbeitet -> E-Bike_Laufraeder_montiert, setup time: 20
2025-06-11 11:41:21,164 - JSPGymEnvironment - INFO - Executed operation: Job J1, Op 2, Machine M2, Start: 73, End: 96, Setup: 20
2025-06-11 11:41:21,164 - JSPGymEnvironment - INFO - 
===== REWARD DETAILS FOR STEP 3 =====
Job: J1, Operation: 2, Job Completed: False
Current Time: 53.00 -> 96.00, Setup Time: 20.00
Processing Time: 23.00, Idle Time: 0.00
Completed Jobs: 0/1
Machine: M2, Material: E-Bike_Laufraeder_montiert

REWARD COMPONENTS:
- makespan_reward: -0.2150
- setup_reward: -5.0000
- deadline_reward: 0.0000
- priority_reward: 0.0000
- critical_job_reward: 0.5000
- placement_reward: -2.5000
- timeliness_reward: 9.1997
- machine_idle_penalty: -1.8375

TOTAL REWARD: 0.1472

CUMULATIVE REWARD COMPONENTS:
- makespan_reward: -0.4800
- setup_reward: -5.0000
- deadline_reward: 0.0000
- priority_reward: 0.0000
- critical_job_reward: 1.5000
- placement_reward: -2.5000
- timeliness_reward: 27.5477
- machine_idle_penalty: -3.5125

CUMULATIVE TOTAL: 17.5552

CRITICAL STATE INFO:
- Valid actions: ['J1']
- Machine states:
  - Machine M1: Time=53.00, Idle=43.00, Material=E-Bike_Bremsen_justiert
  - Machine M2: Time=96.00, Idle=0.00, Material=E-Bike_Laufraeder_montiert
  - Machine M3: Time=0.00, Idle=96.00, Material=None
==================================================

2025-06-11 11:41:21,167 - JSPGymEnvironment - INFO - Material change on machine M2: E-Bike_Laufraeder_montiert -> E-Bike_Schaltauge_bearbeitet, setup time: 20
2025-06-11 11:41:21,167 - JSPGymEnvironment - INFO - Executed operation: Job J1, Op 3, Machine M2, Start: 116, End: 135, Setup: 20
2025-06-11 11:41:21,167 - JSPGymEnvironment - INFO - 
===== REWARD DETAILS FOR STEP 4 =====
Job: J1, Operation: 3, Job Completed: False
Current Time: 96.00 -> 135.00, Setup Time: 20.00
Processing Time: 19.00, Idle Time: 0.00
Completed Jobs: 0/1
Machine: M2, Material: E-Bike_Schaltauge_bearbeitet

REWARD COMPONENTS:
- makespan_reward: -0.1950
- setup_reward: -5.0000
- deadline_reward: 0.0000
- priority_reward: 0.0000
- critical_job_reward: 0.5000
- placement_reward: -5.1316
- timeliness_reward: 9.2148
- machine_idle_penalty: -2.8125

TOTAL REWARD: -3.4242

CUMULATIVE REWARD COMPONENTS:
- makespan_reward: -0.6750
- setup_reward: -10.0000
- deadline_reward: 0.0000
- priority_reward: 0.0000
- critical_job_reward: 2.0000
- placement_reward: -7.6316
- timeliness_reward: 36.7626
- machine_idle_penalty: -6.3250

CUMULATIVE TOTAL: 14.1310

CRITICAL STATE INFO:
- Valid actions: ['J1']
- Machine states:
  - Machine M1: Time=53.00, Idle=82.00, Material=E-Bike_Bremsen_justiert
  - Machine M2: Time=135.00, Idle=0.00, Material=E-Bike_Schaltauge_bearbeitet
  - Machine M3: Time=0.00, Idle=135.00, Material=None
==================================================

2025-06-11 11:41:21,170 - JSPGymEnvironment - INFO - Material change on machine M1: E-Bike_Bremsen_justiert -> E-Bike_Rahmen_komplettiert, setup time: 40
2025-06-11 11:41:21,170 - JSPGymEnvironment - INFO - Executed operation: Job J1, Op 4, Machine M1, Start: 175, End: 191, Setup: 40
2025-06-11 11:41:21,170 - JSPGymEnvironment - INFO - 
===== REWARD DETAILS FOR STEP 5 =====
Job: J1, Operation: 4, Job Completed: False
Current Time: 135.00 -> 191.00, Setup Time: 40.00
Processing Time: 16.00, Idle Time: 0.00
Completed Jobs: 0/1
Machine: M1, Material: E-Bike_Rahmen_komplettiert

REWARD COMPONENTS:
- makespan_reward: -0.2800
- setup_reward: -10.0000
- deadline_reward: 0.0000
- priority_reward: 0.0000
- critical_job_reward: 0.5000
- placement_reward: -2.5000
- timeliness_reward: 9.2354
- machine_idle_penalty: -3.1375

TOTAL REWARD: -6.1821

CUMULATIVE REWARD COMPONENTS:
- makespan_reward: -0.9550
- setup_reward: -20.0000
- deadline_reward: 0.0000
- priority_reward: 0.0000
- critical_job_reward: 2.5000
- placement_reward: -10.1316
- timeliness_reward: 45.9980
- machine_idle_penalty: -9.4625

CUMULATIVE TOTAL: 7.9489

CRITICAL STATE INFO:
- Valid actions: ['J1']
- Machine states:
  - Machine M1: Time=191.00, Idle=0.00, Material=E-Bike_Rahmen_komplettiert
  - Machine M2: Time=135.00, Idle=56.00, Material=E-Bike_Schaltauge_bearbeitet
  - Machine M3: Time=0.00, Idle=191.00, Material=None
==================================================

2025-06-11 11:41:21,173 - JSPGymEnvironment - INFO - Material change on machine M1: E-Bike_Rahmen_komplettiert -> E-Bike_Steuerrohr_ausgerieben, setup time: 40
2025-06-11 11:41:21,173 - JSPGymEnvironment - INFO - Executed operation: Job J1, Op 5, Machine M1, Start: 231, End: 261, Setup: 40
2025-06-11 11:41:21,173 - JSPGymEnvironment - INFO - 
===== REWARD DETAILS FOR STEP 6 =====
Job: J1, Operation: 5, Job Completed: False
Current Time: 191.00 -> 261.00, Setup Time: 40.00
Processing Time: 30.00, Idle Time: 0.00
Completed Jobs: 0/1
Machine: M1, Material: E-Bike_Steuerrohr_ausgerieben

REWARD COMPONENTS:
- makespan_reward: -0.3500
- setup_reward: -10.0000
- deadline_reward: 0.0000
- priority_reward: 0.0000
- critical_job_reward: 0.5000
- placement_reward: -5.8333
- timeliness_reward: 9.2592
- machine_idle_penalty: -4.9375

TOTAL REWARD: -11.3616

CUMULATIVE REWARD COMPONENTS:
- makespan_reward: -1.3050
- setup_reward: -30.0000
- deadline_reward: 0.0000
- priority_reward: 0.0000
- critical_job_reward: 3.0000
- placement_reward: -15.9649
- timeliness_reward: 55.2572
- machine_idle_penalty: -14.4000

CUMULATIVE TOTAL: -3.4127

CRITICAL STATE INFO:
- Valid actions: ['J1']
- Machine states:
  - Machine M1: Time=261.00, Idle=0.00, Material=E-Bike_Steuerrohr_ausgerieben
  - Machine M2: Time=135.00, Idle=126.00, Material=E-Bike_Schaltauge_bearbeitet
  - Machine M3: Time=0.00, Idle=261.00, Material=None
==================================================

2025-06-11 11:41:21,176 - JSPGymEnvironment - INFO - Material change on machine M3:  -> E-Bike_Hinterbau_vorbereitet, setup time: 0
2025-06-11 11:41:21,176 - JSPGymEnvironment - INFO - Executed operation: Job J1, Op 6, Machine M3, Start: 261, End: 293, Setup: 0
2025-06-11 11:41:21,177 - JSPGymEnvironment - INFO - 
===== REWARD DETAILS FOR STEP 7 =====
Job: J1, Operation: 6, Job Completed: False
Current Time: 261.00 -> 293.00, Setup Time: 0.00
Processing Time: 32.00, Idle Time: 0.00
Completed Jobs: 0/1
Machine: M3, Material: E-Bike_Hinterbau_vorbereitet

REWARD COMPONENTS:
- makespan_reward: -0.1600
- setup_reward: 0.0000
- deadline_reward: 0.0000
- priority_reward: 0.0000
- critical_job_reward: 0.5000
- placement_reward: 0.0000
- timeliness_reward: 9.2692
- machine_idle_penalty: -2.4250

TOTAL REWARD: 7.1842

CUMULATIVE REWARD COMPONENTS:
- makespan_reward: -1.4650
- setup_reward: -30.0000
- deadline_reward: 0.0000
- priority_reward: 0.0000
- critical_job_reward: 3.5000
- placement_reward: -15.9649
- timeliness_reward: 64.5264
- machine_idle_penalty: -16.8250

CUMULATIVE TOTAL: 3.7715

CRITICAL STATE INFO:
- Valid actions: ['J1']
- Machine states:
  - Machine M1: Time=261.00, Idle=32.00, Material=E-Bike_Steuerrohr_ausgerieben
  - Machine M2: Time=135.00, Idle=158.00, Material=E-Bike_Schaltauge_bearbeitet
  - Machine M3: Time=293.00, Idle=0.00, Material=E-Bike_Hinterbau_vorbereitet
==================================================

2025-06-11 11:41:21,179 - JSPGymEnvironment - INFO - Material change on machine M1: E-Bike_Steuerrohr_ausgerieben -> E-Bike_Hauptrahmen_zugeschnitten, setup time: 40
2025-06-11 11:41:21,179 - JSPGymEnvironment - INFO - Executed operation: Job J1, Op 7, Machine M1, Start: 333, End: 374, Setup: 40
2025-06-11 11:41:21,180 - JSPGymEnvironment - INFO - Job J1 completed at time 374, deadline: 2273, met: True, priority: 10
2025-06-11 11:41:21,180 - JSPGymEnvironment - INFO - 
===== REWARD DETAILS FOR STEP 8 =====
Job: J1, Operation: 7, Job Completed: True
Current Time: 293.00 -> 374.00, Setup Time: 40.00
Processing Time: 41.00, Idle Time: 0.00
Completed Jobs: 1/1
Machine: M1, Material: E-Bike_Hauptrahmen_zugeschnitten
Job Deadline: 2273.00 (Met), Priority: 10

REWARD COMPONENTS:
- makespan_reward: -0.4050
- setup_reward: -10.0000
- deadline_reward: 20.0000
- priority_reward: 40.0000
- critical_job_reward: 22.5255
- placement_reward: -2.5000
- timeliness_reward: 1.3974
- machine_idle_penalty: -4.0500

TOTAL REWARD: 66.9680

CUMULATIVE REWARD COMPONENTS:
- makespan_reward: -1.8700
- setup_reward: -40.0000
- deadline_reward: 20.0000
- priority_reward: 40.0000
- critical_job_reward: 26.0255
- placement_reward: -18.4649
- timeliness_reward: 65.9239
- machine_idle_penalty: -20.8750

CUMULATIVE TOTAL: 70.7395

CRITICAL STATE INFO:
- Valid actions: []
- Machine states:
  - Machine M1: Time=374.00, Idle=0.00, Material=E-Bike_Hauptrahmen_zugeschnitten
  - Machine M2: Time=135.00, Idle=239.00, Material=E-Bike_Schaltauge_bearbeitet
  - Machine M3: Time=293.00, Idle=81.00, Material=E-Bike_Hinterbau_vorbereitet
==================================================

2025-06-11 11:41:21,180 - JSPGymEnvironment - INFO - Retro-Bonus für Job J1: +15.0
2025-06-11 11:41:21,180 - JSPGymEnvironment - INFO - Reward function updated with 7 insights
2025-06-11 11:41:21,180 - JSPGymEnvironment - INFO -   Material change on critical path at Job 0 Operation 2 on Machine M2 (Severity: 1.00)
2025-06-11 11:41:21,180 - JSPGymEnvironment - INFO -   Material change on critical path at Job 0 Operation 3 on Machine M2 (Severity: 1.00)
2025-06-11 11:41:21,180 - JSPGymEnvironment - INFO -   Idle time on critical path before Job 0 Operation 3 on Machine M2 (Severity: 1.05)
2025-06-11 11:41:21,180 - JSPGymEnvironment - INFO -   Material change on critical path at Job 0 Operation 4 on Machine M1 (Severity: 1.00)
2025-06-11 11:41:21,180 - JSPGymEnvironment - INFO -   Material change on critical path at Job 0 Operation 5 on Machine M1 (Severity: 1.00)
2025-06-11 11:41:21,180 - JSPGymEnvironment - INFO -   Idle time on critical path before Job 0 Operation 5 on Machine M1 (Severity: 1.33)
2025-06-11 11:41:21,180 - JSPGymEnvironment - INFO -   Material change on critical path at Job 0 Operation 7 on Machine M1 (Severity: 1.00)
2025-06-11 11:41:21,180 - JSPGymEnvironment - INFO - Episode completed. Critical path: 8 operations, Suboptimal placements: 7
2025-06-11 11:41:21,180 - JSPGymEnvironment - INFO - Reward components: {'makespan_reward': -0.405, 'setup_reward': -10.0, 'deadline_reward': 20.0, 'priority_reward': 40.0, 'critical_job_reward': 22.525516937967446, 'placement_reward': -2.5, 'timeliness_reward': 1.3974483062032554, 'machine_idle_penalty': -4.05}
