2025-06-10 13:20:51,513 - JSPGymEnvironment - INFO - Environment reset
2025-06-10 13:21:05,396 - JSPGymEnvironment - INFO - Environment reset
2025-06-10 13:21:23,380 - JSPGymEnvironment - INFO - Material change on machine M1:  -> Racebike_Rahmen_nachbearbeitet, setup time: 0
2025-06-10 13:21:23,381 - JSPGymEnvironment - INFO - Executed operation: Job J67, Op 0, Machine M1, Start: 0, End: 31, Setup: 0
2025-06-10 13:21:23,385 - JSPGymEnvironment - INFO - 
===== REWARD DETAILS FOR STEP 1 =====
Job: J67, Operation: 0, Job Completed: False
Current Time: 0.00 -> 31.00, Setup Time: 0.00
Processing Time: 31.00, Idle Time: 0.00
Completed Jobs: 0/100
Machine: M1, Material: Racebike_Rahmen_nachbearbeitet

REWARD COMPONENTS:
- makespan_reward: -0.1550
- setup_reward: 0.0000
- deadline_reward: 0.0000
- priority_reward: 0.0000
- critical_job_reward: 0.0000
- placement_reward: 0.0000
- timeliness_reward: 9.1708
- machine_idle_penalty: -0.8750

TOTAL REWARD: 8.1408

CUMULATIVE REWARD COMPONENTS:
- makespan_reward: -0.1550
- setup_reward: 0.0000
- deadline_reward: 0.0000
- priority_reward: 0.0000
- critical_job_reward: 0.0000
- placement_reward: 0.0000
- timeliness_reward: 9.1708
- machine_idle_penalty: -0.8750

CUMULATIVE TOTAL: 8.1408

CRITICAL STATE INFO:
- Valid actions: ['J1', 'J2', 'J3', 'J4', 'J5', 'J6', 'J7', 'J8', 'J9', 'J10', 'J11', 'J12', 'J13', 'J14', 'J15', 'J16', 'J17', 'J18', 'J19', 'J20', 'J21', 'J22', 'J23', 'J24', 'J25', 'J26', 'J27', 'J28', 'J29', 'J30', 'J31', 'J32', 'J33', 'J34', 'J35', 'J36', 'J37', 'J38', 'J39', 'J40', 'J41', 'J42', 'J43', 'J44', 'J45', 'J46', 'J47', 'J48', 'J49', 'J50', 'J51', 'J52', 'J53', 'J54', 'J55', 'J56', 'J57', 'J58', 'J59', 'J60', 'J61', 'J62', 'J63', 'J64', 'J65', 'J66', 'J67', 'J68', 'J69', 'J70', 'J71', 'J72', 'J73', 'J74', 'J75', 'J76', 'J77', 'J78', 'J79', 'J80', 'J81', 'J82', 'J83', 'J84', 'J85', 'J86', 'J87', 'J88', 'J89', 'J90', 'J91', 'J92', 'J93', 'J94', 'J95', 'J96', 'J97', 'J98', 'J99', 'J100']
- Machine states:
  - Machine M1: Time=31.00, Idle=0.00, Material=Racebike_Rahmen_nachbearbeitet
  - Machine M2: Time=0.00, Idle=31.00, Material=None
  - Machine M3: Time=0.00, Idle=31.00, Material=None
==================================================

2025-06-10 13:21:56,621 - JSPGymEnvironment - INFO - Material change on machine M3:  -> Citybike_Steuerrohr_montiert, setup time: 0
2025-06-10 13:21:56,623 - JSPGymEnvironment - INFO - Executed operation: Job J91, Op 0, Machine M3, Start: 31, End: 85, Setup: 0
2025-06-10 13:21:56,629 - JSPGymEnvironment - INFO - 
===== REWARD DETAILS FOR STEP 2 =====
Job: J91, Operation: 0, Job Completed: False
Current Time: 31.00 -> 85.00, Setup Time: 0.00
Processing Time: 54.00, Idle Time: 0.00
Completed Jobs: 0/100
Machine: M3, Material: Citybike_Steuerrohr_montiert

REWARD COMPONENTS:
- makespan_reward: -0.2700
- setup_reward: 0.0000
- deadline_reward: 0.0000
- priority_reward: 0.0000
- critical_job_reward: 0.0000
- placement_reward: 0.0000
- timeliness_reward: 9.1880
- machine_idle_penalty: -1.8375

TOTAL REWARD: 7.0805

CUMULATIVE REWARD COMPONENTS:
- makespan_reward: -0.4250
- setup_reward: 0.0000
- deadline_reward: 0.0000
- priority_reward: 0.0000
- critical_job_reward: 0.0000
- placement_reward: 0.0000
- timeliness_reward: 18.3588
- machine_idle_penalty: -2.7125

CUMULATIVE TOTAL: 15.2213

CRITICAL STATE INFO:
- Valid actions: ['J1', 'J2', 'J3', 'J4', 'J5', 'J6', 'J7', 'J8', 'J9', 'J10', 'J11', 'J12', 'J13', 'J14', 'J15', 'J16', 'J17', 'J18', 'J19', 'J20', 'J21', 'J22', 'J23', 'J24', 'J25', 'J26', 'J27', 'J28', 'J29', 'J30', 'J31', 'J32', 'J33', 'J34', 'J35', 'J36', 'J37', 'J38', 'J39', 'J40', 'J41', 'J42', 'J43', 'J44', 'J45', 'J46', 'J47', 'J48', 'J49', 'J50', 'J51', 'J52', 'J53', 'J54', 'J55', 'J56', 'J57', 'J58', 'J59', 'J60', 'J61', 'J62', 'J63', 'J64', 'J65', 'J66', 'J67', 'J68', 'J69', 'J70', 'J71', 'J72', 'J73', 'J74', 'J75', 'J76', 'J77', 'J78', 'J79', 'J80', 'J81', 'J82', 'J83', 'J84', 'J85', 'J86', 'J87', 'J88', 'J89', 'J90', 'J91', 'J92', 'J93', 'J94', 'J95', 'J96', 'J97', 'J98', 'J99', 'J100']
- Machine states:
  - Machine M1: Time=31.00, Idle=54.00, Material=Racebike_Rahmen_nachbearbeitet
  - Machine M2: Time=0.00, Idle=85.00, Material=None
  - Machine M3: Time=85.00, Idle=0.00, Material=Citybike_Steuerrohr_montiert
==================================================

2025-06-10 13:22:12,906 - JSPGymEnvironment - INFO - Material change on machine M2:  -> E-Bike_Hinterbau_vorbereitet, setup time: 0
2025-06-10 13:22:12,906 - JSPGymEnvironment - INFO - Executed operation: Job J24, Op 0, Machine M2, Start: 85, End: 109, Setup: 0
2025-06-10 13:22:12,917 - JSPGymEnvironment - INFO - 
===== REWARD DETAILS FOR STEP 3 =====
Job: J24, Operation: 0, Job Completed: False
Current Time: 85.00 -> 109.00, Setup Time: 0.00
Processing Time: 24.00, Idle Time: 0.00
Completed Jobs: 0/100
Machine: M2, Material: E-Bike_Hinterbau_vorbereitet

REWARD COMPONENTS:
- makespan_reward: -0.1200
- setup_reward: 0.0000
- deadline_reward: 0.0000
- priority_reward: 0.0000
- critical_job_reward: 0.0000
- placement_reward: 0.0000
- timeliness_reward: 9.1955
- machine_idle_penalty: -1.3250

TOTAL REWARD: 7.7505

CUMULATIVE REWARD COMPONENTS:
- makespan_reward: -0.5450
- setup_reward: 0.0000
- deadline_reward: 0.0000
- priority_reward: 0.0000
- critical_job_reward: 0.0000
- placement_reward: 0.0000
- timeliness_reward: 27.5542
- machine_idle_penalty: -4.0375

CUMULATIVE TOTAL: 22.9717

CRITICAL STATE INFO:
- Valid actions: ['J1', 'J2', 'J3', 'J4', 'J5', 'J6', 'J7', 'J8', 'J9', 'J10', 'J11', 'J12', 'J13', 'J14', 'J15', 'J16', 'J17', 'J18', 'J19', 'J20', 'J21', 'J22', 'J23', 'J24', 'J25', 'J26', 'J27', 'J28', 'J29', 'J30', 'J31', 'J32', 'J33', 'J34', 'J35', 'J36', 'J37', 'J38', 'J39', 'J40', 'J41', 'J42', 'J43', 'J44', 'J45', 'J46', 'J47', 'J48', 'J49', 'J50', 'J51', 'J52', 'J53', 'J54', 'J55', 'J56', 'J57', 'J58', 'J59', 'J60', 'J61', 'J62', 'J63', 'J64', 'J65', 'J66', 'J67', 'J68', 'J69', 'J70', 'J71', 'J72', 'J73', 'J74', 'J75', 'J76', 'J77', 'J78', 'J79', 'J80', 'J81', 'J82', 'J83', 'J84', 'J85', 'J86', 'J87', 'J88', 'J89', 'J90', 'J91', 'J92', 'J93', 'J94', 'J95', 'J96', 'J97', 'J98', 'J99', 'J100']
- Machine states:
  - Machine M1: Time=31.00, Idle=78.00, Material=Racebike_Rahmen_nachbearbeitet
  - Machine M2: Time=109.00, Idle=0.00, Material=E-Bike_Hinterbau_vorbereitet
  - Machine M3: Time=85.00, Idle=24.00, Material=Citybike_Steuerrohr_montiert
==================================================

2025-06-10 13:22:13,924 - JSPGymEnvironment - INFO - Material change on machine M3: Citybike_Steuerrohr_montiert -> Mountainbike_Tretlager_gefraest, setup time: 12
2025-06-10 13:22:13,924 - JSPGymEnvironment - INFO - Executed operation: Job J75, Op 0, Machine M3, Start: 121, End: 169, Setup: 12
2025-06-10 13:22:13,925 - JSPGymEnvironment - INFO - 
===== REWARD DETAILS FOR STEP 4 =====
Job: J75, Operation: 0, Job Completed: False
Current Time: 109.00 -> 169.00, Setup Time: 12.00
Processing Time: 48.00, Idle Time: 0.00
Completed Jobs: 0/100
Machine: M3, Material: Mountainbike_Tretlager_gefraest

REWARD COMPONENTS:
- makespan_reward: -0.3000
- setup_reward: -3.0000
- deadline_reward: 0.0000
- priority_reward: 0.0000
- critical_job_reward: 0.0000
- placement_reward: 0.0000
- timeliness_reward: 9.2136
- machine_idle_penalty: -2.5250

TOTAL REWARD: 3.3886

CUMULATIVE REWARD COMPONENTS:
- makespan_reward: -0.8450
- setup_reward: -3.0000
- deadline_reward: 0.0000
- priority_reward: 0.0000
- critical_job_reward: 0.0000
- placement_reward: 0.0000
- timeliness_reward: 36.7679
- machine_idle_penalty: -6.5625

CUMULATIVE TOTAL: 26.3604

CRITICAL STATE INFO:
- Valid actions: ['J1', 'J2', 'J3', 'J4', 'J5', 'J6', 'J7', 'J8', 'J9', 'J10', 'J11', 'J12', 'J13', 'J14', 'J15', 'J16', 'J17', 'J18', 'J19', 'J20', 'J21', 'J22', 'J23', 'J24', 'J25', 'J26', 'J27', 'J28', 'J29', 'J30', 'J31', 'J32', 'J33', 'J34', 'J35', 'J36', 'J37', 'J38', 'J39', 'J40', 'J41', 'J42', 'J43', 'J44', 'J45', 'J46', 'J47', 'J48', 'J49', 'J50', 'J51', 'J52', 'J53', 'J54', 'J55', 'J56', 'J57', 'J58', 'J59', 'J60', 'J61', 'J62', 'J63', 'J64', 'J65', 'J66', 'J67', 'J68', 'J69', 'J70', 'J71', 'J72', 'J73', 'J74', 'J75', 'J76', 'J77', 'J78', 'J79', 'J80', 'J81', 'J82', 'J83', 'J84', 'J85', 'J86', 'J87', 'J88', 'J89', 'J90', 'J91', 'J92', 'J93', 'J94', 'J95', 'J96', 'J97', 'J98', 'J99', 'J100']
- Machine states:
  - Machine M1: Time=31.00, Idle=138.00, Material=Racebike_Rahmen_nachbearbeitet
  - Machine M2: Time=109.00, Idle=60.00, Material=E-Bike_Hinterbau_vorbereitet
  - Machine M3: Time=169.00, Idle=0.00, Material=Mountainbike_Tretlager_gefraest
==================================================

2025-06-10 13:26:11,743 - JSPGymEnvironment - INFO - Material change on machine M3: Mountainbike_Tretlager_gefraest -> E-Bike_Laufraeder_montiert, setup time: 25
2025-06-10 13:26:11,744 - JSPGymEnvironment - INFO - Executed operation: Job J72, Op 0, Machine M3, Start: 194, End: 218, Setup: 25
2025-06-10 13:26:11,750 - JSPGymEnvironment - INFO - 
===== REWARD DETAILS FOR STEP 5 =====
Job: J72, Operation: 0, Job Completed: False
Current Time: 169.00 -> 218.00, Setup Time: 25.00
Processing Time: 24.00, Idle Time: 0.00
Completed Jobs: 0/100
Machine: M3, Material: E-Bike_Laufraeder_montiert

REWARD COMPONENTS:
- makespan_reward: -0.2450
- setup_reward: -6.2500
- deadline_reward: 0.0000
- priority_reward: 0.0000
- critical_job_reward: 0.5000
- placement_reward: 0.0000
- timeliness_reward: 9.2404
- machine_idle_penalty: -3.8000

TOTAL REWARD: -0.5546

CUMULATIVE REWARD COMPONENTS:
- makespan_reward: -1.0900
- setup_reward: -9.2500
- deadline_reward: 0.0000
- priority_reward: 0.0000
- critical_job_reward: 0.5000
- placement_reward: 0.0000
- timeliness_reward: 46.0083
- machine_idle_penalty: -10.3625

CUMULATIVE TOTAL: 25.8058

CRITICAL STATE INFO:
- Valid actions: ['J1', 'J2', 'J3', 'J4', 'J5', 'J6', 'J7', 'J8', 'J9', 'J10', 'J11', 'J12', 'J13', 'J14', 'J15', 'J16', 'J17', 'J18', 'J19', 'J20', 'J21', 'J22', 'J23', 'J24', 'J25', 'J26', 'J27', 'J28', 'J29', 'J30', 'J31', 'J32', 'J33', 'J34', 'J35', 'J36', 'J37', 'J38', 'J39', 'J40', 'J41', 'J42', 'J43', 'J44', 'J45', 'J46', 'J47', 'J48', 'J49', 'J50', 'J51', 'J52', 'J53', 'J54', 'J55', 'J56', 'J57', 'J58', 'J59', 'J60', 'J61', 'J62', 'J63', 'J64', 'J65', 'J66', 'J67', 'J68', 'J69', 'J70', 'J71', 'J72', 'J73', 'J74', 'J75', 'J76', 'J77', 'J78', 'J79', 'J80', 'J81', 'J82', 'J83', 'J84', 'J85', 'J86', 'J87', 'J88', 'J89', 'J90', 'J91', 'J92', 'J93', 'J94', 'J95', 'J96', 'J97', 'J98', 'J99', 'J100']
- Machine states:
  - Machine M1: Time=31.00, Idle=187.00, Material=Racebike_Rahmen_nachbearbeitet
  - Machine M2: Time=109.00, Idle=109.00, Material=E-Bike_Hinterbau_vorbereitet
  - Machine M3: Time=218.00, Idle=0.00, Material=E-Bike_Laufraeder_montiert
==================================================

2025-06-10 13:26:25,938 - JSPGymEnvironment - INFO - Material change on machine M1: Racebike_Rahmen_nachbearbeitet -> E-Bike_Schaltauge_bearbeitet, setup time: 50
2025-06-10 13:26:25,939 - JSPGymEnvironment - INFO - Executed operation: Job J79, Op 0, Machine M1, Start: 268, End: 285, Setup: 50
2025-06-10 13:26:25,944 - JSPGymEnvironment - INFO - 
===== REWARD DETAILS FOR STEP 6 =====
Job: J79, Operation: 0, Job Completed: False
Current Time: 218.00 -> 285.00, Setup Time: 50.00
Processing Time: 17.00, Idle Time: 0.00
Completed Jobs: 0/100
Machine: M1, Material: E-Bike_Schaltauge_bearbeitet

REWARD COMPONENTS:
- makespan_reward: -0.3350
- setup_reward: -12.5000
- deadline_reward: 0.0000
- priority_reward: 0.0000
- critical_job_reward: 0.0000
- placement_reward: 0.0000
- timeliness_reward: 9.2516
- machine_idle_penalty: -3.0875

TOTAL REWARD: -6.6709

CUMULATIVE REWARD COMPONENTS:
- makespan_reward: -1.4250
- setup_reward: -21.7500
- deadline_reward: 0.0000
- priority_reward: 0.0000
- critical_job_reward: 0.5000
- placement_reward: 0.0000
- timeliness_reward: 55.2599
- machine_idle_penalty: -13.4500

CUMULATIVE TOTAL: 19.1349

CRITICAL STATE INFO:
- Valid actions: ['J1', 'J2', 'J3', 'J4', 'J5', 'J6', 'J7', 'J8', 'J9', 'J10', 'J11', 'J12', 'J13', 'J14', 'J15', 'J16', 'J17', 'J18', 'J19', 'J20', 'J21', 'J22', 'J23', 'J24', 'J25', 'J26', 'J27', 'J28', 'J29', 'J30', 'J31', 'J32', 'J33', 'J34', 'J35', 'J36', 'J37', 'J38', 'J39', 'J40', 'J41', 'J42', 'J43', 'J44', 'J45', 'J46', 'J47', 'J48', 'J49', 'J50', 'J51', 'J52', 'J53', 'J54', 'J55', 'J56', 'J57', 'J58', 'J59', 'J60', 'J61', 'J62', 'J63', 'J64', 'J65', 'J66', 'J67', 'J68', 'J69', 'J70', 'J71', 'J72', 'J73', 'J74', 'J75', 'J76', 'J77', 'J78', 'J79', 'J80', 'J81', 'J82', 'J83', 'J84', 'J85', 'J86', 'J87', 'J88', 'J89', 'J90', 'J91', 'J92', 'J93', 'J94', 'J95', 'J96', 'J97', 'J98', 'J99', 'J100']
- Machine states:
  - Machine M1: Time=285.00, Idle=0.00, Material=E-Bike_Schaltauge_bearbeitet
  - Machine M2: Time=109.00, Idle=176.00, Material=E-Bike_Hinterbau_vorbereitet
  - Machine M3: Time=218.00, Idle=67.00, Material=E-Bike_Laufraeder_montiert
==================================================

2025-06-10 13:26:40,035 - JSPGymEnvironment - INFO - Material change on machine M2: E-Bike_Hinterbau_vorbereitet -> E-Bike_Laufraeder_montiert, setup time: 20
2025-06-10 13:26:40,035 - JSPGymEnvironment - INFO - Executed operation: Job J1, Op 0, Machine M2, Start: 305, End: 329, Setup: 20
2025-06-10 13:26:40,040 - JSPGymEnvironment - INFO - 
===== REWARD DETAILS FOR STEP 7 =====
Job: J1, Operation: 0, Job Completed: False
Current Time: 285.00 -> 329.00, Setup Time: 20.00
Processing Time: 24.00, Idle Time: 0.00
Completed Jobs: 0/100
Machine: M2, Material: E-Bike_Laufraeder_montiert

REWARD COMPONENTS:
- makespan_reward: -0.2200
- setup_reward: -5.0000
- deadline_reward: 0.0000
- priority_reward: 0.0000
- critical_job_reward: 0.0000
- placement_reward: 0.0000
- timeliness_reward: 9.2572
- machine_idle_penalty: -1.9375

TOTAL REWARD: 2.0997

CUMULATIVE REWARD COMPONENTS:
- makespan_reward: -1.6450
- setup_reward: -26.7500
- deadline_reward: 0.0000
- priority_reward: 0.0000
- critical_job_reward: 0.5000
- placement_reward: 0.0000
- timeliness_reward: 64.5171
- machine_idle_penalty: -15.3875

CUMULATIVE TOTAL: 21.2346

CRITICAL STATE INFO:
- Valid actions: ['J1', 'J2', 'J3', 'J4', 'J5', 'J6', 'J7', 'J8', 'J9', 'J10', 'J11', 'J12', 'J13', 'J14', 'J15', 'J16', 'J17', 'J18', 'J19', 'J20', 'J21', 'J22', 'J23', 'J24', 'J25', 'J26', 'J27', 'J28', 'J29', 'J30', 'J31', 'J32', 'J33', 'J34', 'J35', 'J36', 'J37', 'J38', 'J39', 'J40', 'J41', 'J42', 'J43', 'J44', 'J45', 'J46', 'J47', 'J48', 'J49', 'J50', 'J51', 'J52', 'J53', 'J54', 'J55', 'J56', 'J57', 'J58', 'J59', 'J60', 'J61', 'J62', 'J63', 'J64', 'J65', 'J66', 'J67', 'J68', 'J69', 'J70', 'J71', 'J72', 'J73', 'J74', 'J75', 'J76', 'J77', 'J78', 'J79', 'J80', 'J81', 'J82', 'J83', 'J84', 'J85', 'J86', 'J87', 'J88', 'J89', 'J90', 'J91', 'J92', 'J93', 'J94', 'J95', 'J96', 'J97', 'J98', 'J99', 'J100']
- Machine states:
  - Machine M1: Time=285.00, Idle=44.00, Material=E-Bike_Schaltauge_bearbeitet
  - Machine M2: Time=329.00, Idle=0.00, Material=E-Bike_Laufraeder_montiert
  - Machine M3: Time=218.00, Idle=111.00, Material=E-Bike_Laufraeder_montiert
==================================================

2025-06-10 13:26:41,158 - JSPGymEnvironment - INFO - Material change on machine M3: E-Bike_Laufraeder_montiert -> E-Bike_Hauptrahmen_zugeschnitten, setup time: 15
2025-06-10 13:26:41,158 - JSPGymEnvironment - INFO - Executed operation: Job J24, Op 1, Machine M3, Start: 344, End: 393, Setup: 15
2025-06-10 13:26:41,158 - JSPGymEnvironment - INFO - 
===== REWARD DETAILS FOR STEP 8 =====
Job: J24, Operation: 1, Job Completed: False
Current Time: 329.00 -> 393.00, Setup Time: 15.00
Processing Time: 49.00, Idle Time: 0.00
Completed Jobs: 0/100
Machine: M3, Material: E-Bike_Hauptrahmen_zugeschnitten

REWARD COMPONENTS:
- makespan_reward: -0.3200
- setup_reward: -3.7500
- deadline_reward: 0.0000
- priority_reward: 0.0000
- critical_job_reward: 0.0000
- placement_reward: 0.0000
- timeliness_reward: 9.2722
- machine_idle_penalty: -2.1500

TOTAL REWARD: 3.0522

CUMULATIVE REWARD COMPONENTS:
- makespan_reward: -1.9650
- setup_reward: -30.5000
- deadline_reward: 0.0000
- priority_reward: 0.0000
- critical_job_reward: 0.5000
- placement_reward: 0.0000
- timeliness_reward: 73.7893
- machine_idle_penalty: -17.5375

CUMULATIVE TOTAL: 24.2868

CRITICAL STATE INFO:
- Valid actions: ['J1', 'J2', 'J3', 'J4', 'J5', 'J6', 'J7', 'J8', 'J9', 'J10', 'J11', 'J12', 'J13', 'J14', 'J15', 'J16', 'J17', 'J18', 'J19', 'J20', 'J21', 'J22', 'J23', 'J24', 'J25', 'J26', 'J27', 'J28', 'J29', 'J30', 'J31', 'J32', 'J33', 'J34', 'J35', 'J36', 'J37', 'J38', 'J39', 'J40', 'J41', 'J42', 'J43', 'J44', 'J45', 'J46', 'J47', 'J48', 'J49', 'J50', 'J51', 'J52', 'J53', 'J54', 'J55', 'J56', 'J57', 'J58', 'J59', 'J60', 'J61', 'J62', 'J63', 'J64', 'J65', 'J66', 'J67', 'J68', 'J69', 'J70', 'J71', 'J72', 'J73', 'J74', 'J75', 'J76', 'J77', 'J78', 'J79', 'J80', 'J81', 'J82', 'J83', 'J84', 'J85', 'J86', 'J87', 'J88', 'J89', 'J90', 'J91', 'J92', 'J93', 'J94', 'J95', 'J96', 'J97', 'J98', 'J99', 'J100']
- Machine states:
  - Machine M1: Time=285.00, Idle=108.00, Material=E-Bike_Schaltauge_bearbeitet
  - Machine M2: Time=329.00, Idle=64.00, Material=E-Bike_Laufraeder_montiert
  - Machine M3: Time=393.00, Idle=0.00, Material=E-Bike_Hauptrahmen_zugeschnitten
==================================================

2025-06-10 13:26:56,591 - JSPGymEnvironment - INFO - Material change on machine M2: E-Bike_Laufraeder_montiert -> Mountainbike_Rahmen_lackiert, setup time: 22
2025-06-10 13:26:56,592 - JSPGymEnvironment - INFO - Executed operation: Job J31, Op 0, Machine M2, Start: 415, End: 437, Setup: 22
2025-06-10 13:26:56,596 - JSPGymEnvironment - INFO - 
===== REWARD DETAILS FOR STEP 9 =====
Job: J31, Operation: 0, Job Completed: False
Current Time: 393.00 -> 437.00, Setup Time: 22.00
Processing Time: 22.00, Idle Time: 0.00
Completed Jobs: 0/100
Machine: M2, Material: Mountainbike_Rahmen_lackiert

REWARD COMPONENTS:
- makespan_reward: -0.2200
- setup_reward: -5.5000
- deadline_reward: 0.0000
- priority_reward: 0.0000
- critical_job_reward: 0.0000
- placement_reward: 0.0000
- timeliness_reward: 9.2877
- machine_idle_penalty: -2.4500

TOTAL REWARD: 1.1177

CUMULATIVE REWARD COMPONENTS:
- makespan_reward: -2.1850
- setup_reward: -36.0000
- deadline_reward: 0.0000
- priority_reward: 0.0000
- critical_job_reward: 0.5000
- placement_reward: 0.0000
- timeliness_reward: 83.0771
- machine_idle_penalty: -19.9875

CUMULATIVE TOTAL: 25.4046

CRITICAL STATE INFO:
- Valid actions: ['J1', 'J2', 'J3', 'J4', 'J5', 'J6', 'J7', 'J8', 'J9', 'J10', 'J11', 'J12', 'J13', 'J14', 'J15', 'J16', 'J17', 'J18', 'J19', 'J20', 'J21', 'J22', 'J23', 'J24', 'J25', 'J26', 'J27', 'J28', 'J29', 'J30', 'J31', 'J32', 'J33', 'J34', 'J35', 'J36', 'J37', 'J38', 'J39', 'J40', 'J41', 'J42', 'J43', 'J44', 'J45', 'J46', 'J47', 'J48', 'J49', 'J50', 'J51', 'J52', 'J53', 'J54', 'J55', 'J56', 'J57', 'J58', 'J59', 'J60', 'J61', 'J62', 'J63', 'J64', 'J65', 'J66', 'J67', 'J68', 'J69', 'J70', 'J71', 'J72', 'J73', 'J74', 'J75', 'J76', 'J77', 'J78', 'J79', 'J80', 'J81', 'J82', 'J83', 'J84', 'J85', 'J86', 'J87', 'J88', 'J89', 'J90', 'J91', 'J92', 'J93', 'J94', 'J95', 'J96', 'J97', 'J98', 'J99', 'J100']
- Machine states:
  - Machine M1: Time=285.00, Idle=152.00, Material=E-Bike_Schaltauge_bearbeitet
  - Machine M2: Time=437.00, Idle=0.00, Material=Mountainbike_Rahmen_lackiert
  - Machine M3: Time=393.00, Idle=44.00, Material=E-Bike_Hauptrahmen_zugeschnitten
==================================================

2025-06-10 13:29:04,731 - JSPGymEnvironment - INFO - Material change on machine M3: E-Bike_Hauptrahmen_zugeschnitten -> Mountainbike_Tretlager_gefraest, setup time: 23
2025-06-10 13:29:04,733 - JSPGymEnvironment - INFO - Executed operation: Job J46, Op 0, Machine M3, Start: 460, End: 508, Setup: 23
2025-06-10 13:29:04,739 - JSPGymEnvironment - INFO - 
===== REWARD DETAILS FOR STEP 10 =====
Job: J46, Operation: 0, Job Completed: False
Current Time: 437.00 -> 508.00, Setup Time: 23.00
Processing Time: 48.00, Idle Time: 0.00
Completed Jobs: 0/100
Machine: M3, Material: Mountainbike_Tretlager_gefraest

REWARD COMPONENTS:
- makespan_reward: -0.3550
- setup_reward: -5.7500
- deadline_reward: 0.0000
- priority_reward: 0.0000
- critical_job_reward: 0.0000
- placement_reward: 0.0000
- timeliness_reward: 9.2947
- machine_idle_penalty: -3.7250

TOTAL REWARD: -0.5353

CUMULATIVE REWARD COMPONENTS:
- makespan_reward: -2.5400
- setup_reward: -41.7500
- deadline_reward: 0.0000
- priority_reward: 0.0000
- critical_job_reward: 0.5000
- placement_reward: 0.0000
- timeliness_reward: 92.3718
- machine_idle_penalty: -23.7125

CUMULATIVE TOTAL: 24.8693

CRITICAL STATE INFO:
- Valid actions: ['J1', 'J2', 'J3', 'J4', 'J5', 'J6', 'J7', 'J8', 'J9', 'J10', 'J11', 'J12', 'J13', 'J14', 'J15', 'J16', 'J17', 'J18', 'J19', 'J20', 'J21', 'J22', 'J23', 'J24', 'J25', 'J26', 'J27', 'J28', 'J29', 'J30', 'J31', 'J32', 'J33', 'J34', 'J35', 'J36', 'J37', 'J38', 'J39', 'J40', 'J41', 'J42', 'J43', 'J44', 'J45', 'J46', 'J47', 'J48', 'J49', 'J50', 'J51', 'J52', 'J53', 'J54', 'J55', 'J56', 'J57', 'J58', 'J59', 'J60', 'J61', 'J62', 'J63', 'J64', 'J65', 'J66', 'J67', 'J68', 'J69', 'J70', 'J71', 'J72', 'J73', 'J74', 'J75', 'J76', 'J77', 'J78', 'J79', 'J80', 'J81', 'J82', 'J83', 'J84', 'J85', 'J86', 'J87', 'J88', 'J89', 'J90', 'J91', 'J92', 'J93', 'J94', 'J95', 'J96', 'J97', 'J98', 'J99', 'J100']
- Machine states:
  - Machine M1: Time=285.00, Idle=223.00, Material=E-Bike_Schaltauge_bearbeitet
  - Machine M2: Time=437.00, Idle=71.00, Material=Mountainbike_Rahmen_lackiert
  - Machine M3: Time=508.00, Idle=0.00, Material=Mountainbike_Tretlager_gefraest
==================================================

2025-06-10 13:29:06,332 - JSPGymEnvironment - INFO - Material change on machine M3: Mountainbike_Tretlager_gefraest -> Citybike_Rahmen_komplettiert, setup time: 11
2025-06-10 13:29:06,332 - JSPGymEnvironment - INFO - Executed operation: Job J78, Op 0, Machine M3, Start: 519, End: 552, Setup: 11
2025-06-10 13:29:06,333 - JSPGymEnvironment - INFO - 
===== REWARD DETAILS FOR STEP 11 =====
Job: J78, Operation: 0, Job Completed: False
Current Time: 508.00 -> 552.00, Setup Time: 11.00
Processing Time: 33.00, Idle Time: 0.00
Completed Jobs: 0/100
Machine: M3, Material: Citybike_Rahmen_komplettiert

REWARD COMPONENTS:
- makespan_reward: -0.2200
- setup_reward: -2.7500
- deadline_reward: 0.0000
- priority_reward: 0.0000
- critical_job_reward: 0.0000
- placement_reward: 0.0000
- timeliness_reward: 9.3016
- machine_idle_penalty: -4.8250

TOTAL REWARD: 1.5066

CUMULATIVE REWARD COMPONENTS:
- makespan_reward: -2.7600
- setup_reward: -44.5000
- deadline_reward: 0.0000
- priority_reward: 0.0000
- critical_job_reward: 0.5000
- placement_reward: 0.0000
- timeliness_reward: 101.6734
- machine_idle_penalty: -28.5375

CUMULATIVE TOTAL: 26.3759

CRITICAL STATE INFO:
- Valid actions: ['J1', 'J2', 'J3', 'J4', 'J5', 'J6', 'J7', 'J8', 'J9', 'J10', 'J11', 'J12', 'J13', 'J14', 'J15', 'J16', 'J17', 'J18', 'J19', 'J20', 'J21', 'J22', 'J23', 'J24', 'J25', 'J26', 'J27', 'J28', 'J29', 'J30', 'J31', 'J32', 'J33', 'J34', 'J35', 'J36', 'J37', 'J38', 'J39', 'J40', 'J41', 'J42', 'J43', 'J44', 'J45', 'J46', 'J47', 'J48', 'J49', 'J50', 'J51', 'J52', 'J53', 'J54', 'J55', 'J56', 'J57', 'J58', 'J59', 'J60', 'J61', 'J62', 'J63', 'J64', 'J65', 'J66', 'J67', 'J68', 'J69', 'J70', 'J71', 'J72', 'J73', 'J74', 'J75', 'J76', 'J77', 'J78', 'J79', 'J80', 'J81', 'J82', 'J83', 'J84', 'J85', 'J86', 'J87', 'J88', 'J89', 'J90', 'J91', 'J92', 'J93', 'J94', 'J95', 'J96', 'J97', 'J98', 'J99', 'J100']
- Machine states:
  - Machine M1: Time=285.00, Idle=267.00, Material=E-Bike_Schaltauge_bearbeitet
  - Machine M2: Time=437.00, Idle=115.00, Material=Mountainbike_Rahmen_lackiert
  - Machine M3: Time=552.00, Idle=0.00, Material=Citybike_Rahmen_komplettiert
==================================================

2025-06-10 13:29:07,435 - JSPGymEnvironment - INFO - Material change on machine M2: Mountainbike_Rahmen_lackiert -> E-Bike_Bremsaufnahme_gebohrt, setup time: 23
2025-06-10 13:29:07,435 - JSPGymEnvironment - INFO - Executed operation: Job J70, Op 0, Machine M2, Start: 575, End: 603, Setup: 23
2025-06-10 13:29:07,436 - JSPGymEnvironment - INFO - 
===== REWARD DETAILS FOR STEP 12 =====
Job: J70, Operation: 0, Job Completed: False
Current Time: 552.00 -> 603.00, Setup Time: 23.00
Processing Time: 28.00, Idle Time: 0.00
Completed Jobs: 0/100
Machine: M2, Material: E-Bike_Bremsaufnahme_gebohrt

REWARD COMPONENTS:
- makespan_reward: -0.2550
- setup_reward: -5.7500
- deadline_reward: 0.0000
- priority_reward: 0.0000
- critical_job_reward: 0.5000
- placement_reward: 0.0000
- timeliness_reward: 9.3082
- machine_idle_penalty: -4.6625

TOTAL REWARD: -0.8593

CUMULATIVE REWARD COMPONENTS:
- makespan_reward: -3.0150
- setup_reward: -50.2500
- deadline_reward: 0.0000
- priority_reward: 0.0000
- critical_job_reward: 1.0000
- placement_reward: 0.0000
- timeliness_reward: 110.9815
- machine_idle_penalty: -33.2000

CUMULATIVE TOTAL: 25.5165

CRITICAL STATE INFO:
- Valid actions: ['J1', 'J2', 'J3', 'J4', 'J5', 'J6', 'J7', 'J8', 'J9', 'J10', 'J11', 'J12', 'J13', 'J14', 'J15', 'J16', 'J17', 'J18', 'J19', 'J20', 'J21', 'J22', 'J23', 'J24', 'J25', 'J26', 'J27', 'J28', 'J29', 'J30', 'J31', 'J32', 'J33', 'J34', 'J35', 'J36', 'J37', 'J38', 'J39', 'J40', 'J41', 'J42', 'J43', 'J44', 'J45', 'J46', 'J47', 'J48', 'J49', 'J50', 'J51', 'J52', 'J53', 'J54', 'J55', 'J56', 'J57', 'J58', 'J59', 'J60', 'J61', 'J62', 'J63', 'J64', 'J65', 'J66', 'J67', 'J68', 'J69', 'J70', 'J71', 'J72', 'J73', 'J74', 'J75', 'J76', 'J77', 'J78', 'J79', 'J80', 'J81', 'J82', 'J83', 'J84', 'J85', 'J86', 'J87', 'J88', 'J89', 'J90', 'J91', 'J92', 'J93', 'J94', 'J95', 'J96', 'J97', 'J98', 'J99', 'J100']
- Machine states:
  - Machine M1: Time=285.00, Idle=318.00, Material=E-Bike_Schaltauge_bearbeitet
  - Machine M2: Time=603.00, Idle=0.00, Material=E-Bike_Bremsaufnahme_gebohrt
  - Machine M3: Time=552.00, Idle=51.00, Material=Citybike_Rahmen_komplettiert
==================================================

2025-06-10 13:29:08,563 - JSPGymEnvironment - INFO - Material change on machine M3: Citybike_Rahmen_komplettiert -> E-Bike_Rahmen_lackiert, setup time: 23
2025-06-10 13:29:08,563 - JSPGymEnvironment - INFO - Executed operation: Job J1, Op 1, Machine M3, Start: 626, End: 664, Setup: 23
2025-06-10 13:29:08,563 - JSPGymEnvironment - INFO - 
===== REWARD DETAILS FOR STEP 13 =====
Job: J1, Operation: 1, Job Completed: False
Current Time: 603.00 -> 664.00, Setup Time: 23.00
Processing Time: 38.00, Idle Time: 0.00
Completed Jobs: 0/100
Machine: M3, Material: E-Bike_Rahmen_lackiert

REWARD COMPONENTS:
- makespan_reward: -0.3050
- setup_reward: -5.7500
- deadline_reward: 0.0000
- priority_reward: 0.0000
- critical_job_reward: 0.0000
- placement_reward: 0.0000
- timeliness_reward: 9.3138
- machine_idle_penalty: -5.5500

TOTAL REWARD: -2.2912

CUMULATIVE REWARD COMPONENTS:
- makespan_reward: -3.3200
- setup_reward: -56.0000
- deadline_reward: 0.0000
- priority_reward: 0.0000
- critical_job_reward: 1.0000
- placement_reward: 0.0000
- timeliness_reward: 120.2954
- machine_idle_penalty: -38.7500

CUMULATIVE TOTAL: 23.2254

CRITICAL STATE INFO:
- Valid actions: ['J1', 'J2', 'J3', 'J4', 'J5', 'J6', 'J7', 'J8', 'J9', 'J10', 'J11', 'J12', 'J13', 'J14', 'J15', 'J16', 'J17', 'J18', 'J19', 'J20', 'J21', 'J22', 'J23', 'J24', 'J25', 'J26', 'J27', 'J28', 'J29', 'J30', 'J31', 'J32', 'J33', 'J34', 'J35', 'J36', 'J37', 'J38', 'J39', 'J40', 'J41', 'J42', 'J43', 'J44', 'J45', 'J46', 'J47', 'J48', 'J49', 'J50', 'J51', 'J52', 'J53', 'J54', 'J55', 'J56', 'J57', 'J58', 'J59', 'J60', 'J61', 'J62', 'J63', 'J64', 'J65', 'J66', 'J67', 'J68', 'J69', 'J70', 'J71', 'J72', 'J73', 'J74', 'J75', 'J76', 'J77', 'J78', 'J79', 'J80', 'J81', 'J82', 'J83', 'J84', 'J85', 'J86', 'J87', 'J88', 'J89', 'J90', 'J91', 'J92', 'J93', 'J94', 'J95', 'J96', 'J97', 'J98', 'J99', 'J100']
- Machine states:
  - Machine M1: Time=285.00, Idle=379.00, Material=E-Bike_Schaltauge_bearbeitet
  - Machine M2: Time=603.00, Idle=61.00, Material=E-Bike_Bremsaufnahme_gebohrt
  - Machine M3: Time=664.00, Idle=0.00, Material=E-Bike_Rahmen_lackiert
==================================================

2025-06-10 13:29:10,289 - JSPGymEnvironment - INFO - Material change on machine M3: E-Bike_Rahmen_lackiert -> Citybike_Rahmen_nachbearbeitet, setup time: 24
2025-06-10 13:29:10,289 - JSPGymEnvironment - INFO - Executed operation: Job J97, Op 0, Machine M3, Start: 688, End: 723, Setup: 24
2025-06-10 13:29:10,296 - JSPGymEnvironment - INFO - 
===== REWARD DETAILS FOR STEP 14 =====
Job: J97, Operation: 0, Job Completed: False
Current Time: 664.00 -> 723.00, Setup Time: 24.00
Processing Time: 35.00, Idle Time: 0.00
Completed Jobs: 0/100
Machine: M3, Material: Citybike_Rahmen_nachbearbeitet

REWARD COMPONENTS:
- makespan_reward: -0.2950
- setup_reward: -6.0000
- deadline_reward: 0.0000
- priority_reward: 0.0000
- critical_job_reward: 0.0000
- placement_reward: 0.0000
- timeliness_reward: 9.3320
- machine_idle_penalty: -7.0250

TOTAL REWARD: -3.9880

CUMULATIVE REWARD COMPONENTS:
- makespan_reward: -3.6150
- setup_reward: -62.0000
- deadline_reward: 0.0000
- priority_reward: 0.0000
- critical_job_reward: 1.0000
- placement_reward: 0.0000
- timeliness_reward: 129.6274
- machine_idle_penalty: -45.7750

CUMULATIVE TOTAL: 19.2374

CRITICAL STATE INFO:
- Valid actions: ['J1', 'J2', 'J3', 'J4', 'J5', 'J6', 'J7', 'J8', 'J9', 'J10', 'J11', 'J12', 'J13', 'J14', 'J15', 'J16', 'J17', 'J18', 'J19', 'J20', 'J21', 'J22', 'J23', 'J24', 'J25', 'J26', 'J27', 'J28', 'J29', 'J30', 'J31', 'J32', 'J33', 'J34', 'J35', 'J36', 'J37', 'J38', 'J39', 'J40', 'J41', 'J42', 'J43', 'J44', 'J45', 'J46', 'J47', 'J48', 'J49', 'J50', 'J51', 'J52', 'J53', 'J54', 'J55', 'J56', 'J57', 'J58', 'J59', 'J60', 'J61', 'J62', 'J63', 'J64', 'J65', 'J66', 'J67', 'J68', 'J69', 'J70', 'J71', 'J72', 'J73', 'J74', 'J75', 'J76', 'J77', 'J78', 'J79', 'J80', 'J81', 'J82', 'J83', 'J84', 'J85', 'J86', 'J87', 'J88', 'J89', 'J90', 'J91', 'J92', 'J93', 'J94', 'J95', 'J96', 'J97', 'J98', 'J99', 'J100']
- Machine states:
  - Machine M1: Time=285.00, Idle=438.00, Material=E-Bike_Schaltauge_bearbeitet
  - Machine M2: Time=603.00, Idle=120.00, Material=E-Bike_Bremsaufnahme_gebohrt
  - Machine M3: Time=723.00, Idle=0.00, Material=Citybike_Rahmen_nachbearbeitet
==================================================

2025-06-10 13:29:25,232 - JSPGymEnvironment - INFO - Material change on machine M2: E-Bike_Bremsaufnahme_gebohrt -> Citybike_Hauptrahmen_zugeschnitten, setup time: 22
2025-06-10 13:29:25,233 - JSPGymEnvironment - INFO - Executed operation: Job J97, Op 1, Machine M2, Start: 745, End: 770, Setup: 22
2025-06-10 13:29:25,238 - JSPGymEnvironment - INFO - 
===== REWARD DETAILS FOR STEP 15 =====
Job: J97, Operation: 1, Job Completed: False
Current Time: 723.00 -> 770.00, Setup Time: 22.00
Processing Time: 25.00, Idle Time: 0.00
Completed Jobs: 0/100
Machine: M2, Material: Citybike_Hauptrahmen_zugeschnitten

REWARD COMPONENTS:
- makespan_reward: -0.2350
- setup_reward: -5.5000
- deadline_reward: 0.0000
- priority_reward: 0.0000
- critical_job_reward: 0.0000
- placement_reward: 0.0000
- timeliness_reward: 9.3333
- machine_idle_penalty: -6.7000

TOTAL REWARD: -3.1017

CUMULATIVE REWARD COMPONENTS:
- makespan_reward: -3.8500
- setup_reward: -67.5000
- deadline_reward: 0.0000
- priority_reward: 0.0000
- critical_job_reward: 1.0000
- placement_reward: 0.0000
- timeliness_reward: 138.9607
- machine_idle_penalty: -52.4750

CUMULATIVE TOTAL: 16.1357

CRITICAL STATE INFO:
- Valid actions: ['J1', 'J2', 'J3', 'J4', 'J5', 'J6', 'J7', 'J8', 'J9', 'J10', 'J11', 'J12', 'J13', 'J14', 'J15', 'J16', 'J17', 'J18', 'J19', 'J20', 'J21', 'J22', 'J23', 'J24', 'J25', 'J26', 'J27', 'J28', 'J29', 'J30', 'J31', 'J32', 'J33', 'J34', 'J35', 'J36', 'J37', 'J38', 'J39', 'J40', 'J41', 'J42', 'J43', 'J44', 'J45', 'J46', 'J47', 'J48', 'J49', 'J50', 'J51', 'J52', 'J53', 'J54', 'J55', 'J56', 'J57', 'J58', 'J59', 'J60', 'J61', 'J62', 'J63', 'J64', 'J65', 'J66', 'J67', 'J68', 'J69', 'J70', 'J71', 'J72', 'J73', 'J74', 'J75', 'J76', 'J77', 'J78', 'J79', 'J80', 'J81', 'J82', 'J83', 'J84', 'J85', 'J86', 'J87', 'J88', 'J89', 'J90', 'J91', 'J92', 'J93', 'J94', 'J95', 'J96', 'J97', 'J98', 'J99', 'J100']
- Machine states:
  - Machine M1: Time=285.00, Idle=485.00, Material=E-Bike_Schaltauge_bearbeitet
  - Machine M2: Time=770.00, Idle=0.00, Material=Citybike_Hauptrahmen_zugeschnitten
  - Machine M3: Time=723.00, Idle=47.00, Material=Citybike_Rahmen_nachbearbeitet
==================================================

2025-06-10 13:29:27,082 - JSPGymEnvironment - INFO - Material change on machine M3: Citybike_Rahmen_nachbearbeitet -> E-Bike_Steuerrohr_ausgerieben, setup time: 23
2025-06-10 13:29:27,082 - JSPGymEnvironment - INFO - Executed operation: Job J15, Op 0, Machine M3, Start: 793, End: 816, Setup: 23
2025-06-10 13:29:27,086 - JSPGymEnvironment - INFO - 
===== REWARD DETAILS FOR STEP 16 =====
Job: J15, Operation: 0, Job Completed: False
Current Time: 770.00 -> 816.00, Setup Time: 23.00
Processing Time: 23.00, Idle Time: 0.00
Completed Jobs: 0/100
Machine: M3, Material: E-Bike_Steuerrohr_ausgerieben

REWARD COMPONENTS:
- makespan_reward: -0.2300
- setup_reward: -5.7500
- deadline_reward: 0.0000
- priority_reward: 0.0000
- critical_job_reward: 0.0000
- placement_reward: 0.0000
- timeliness_reward: 9.3154
- machine_idle_penalty: -7.2625

TOTAL REWARD: -3.9271

CUMULATIVE REWARD COMPONENTS:
- makespan_reward: -4.0800
- setup_reward: -73.2500
- deadline_reward: 0.0000
- priority_reward: 0.0000
- critical_job_reward: 1.0000
- placement_reward: 0.0000
- timeliness_reward: 148.2761
- machine_idle_penalty: -59.7375

CUMULATIVE TOTAL: 12.2086

CRITICAL STATE INFO:
- Valid actions: ['J1', 'J2', 'J3', 'J4', 'J5', 'J6', 'J7', 'J8', 'J9', 'J10', 'J11', 'J12', 'J13', 'J14', 'J15', 'J16', 'J17', 'J18', 'J19', 'J20', 'J21', 'J22', 'J23', 'J24', 'J25', 'J26', 'J27', 'J28', 'J29', 'J30', 'J31', 'J32', 'J33', 'J34', 'J35', 'J36', 'J37', 'J38', 'J39', 'J40', 'J41', 'J42', 'J43', 'J44', 'J45', 'J46', 'J47', 'J48', 'J49', 'J50', 'J51', 'J52', 'J53', 'J54', 'J55', 'J56', 'J57', 'J58', 'J59', 'J60', 'J61', 'J62', 'J63', 'J64', 'J65', 'J66', 'J67', 'J68', 'J69', 'J70', 'J71', 'J72', 'J73', 'J74', 'J75', 'J76', 'J77', 'J78', 'J79', 'J80', 'J81', 'J82', 'J83', 'J84', 'J85', 'J86', 'J87', 'J88', 'J89', 'J90', 'J91', 'J92', 'J93', 'J94', 'J95', 'J96', 'J97', 'J98', 'J99', 'J100']
- Machine states:
  - Machine M1: Time=285.00, Idle=531.00, Material=E-Bike_Schaltauge_bearbeitet
  - Machine M2: Time=770.00, Idle=46.00, Material=Citybike_Hauptrahmen_zugeschnitten
  - Machine M3: Time=816.00, Idle=0.00, Material=E-Bike_Steuerrohr_ausgerieben
==================================================

