2025-04-10 17:59:32,603 - JSPGymEnvironment - INFO - Environment reset
2025-04-10 17:59:32,695 - JSPGymEnvironment - INFO - Environment reset
2025-04-10 17:59:32,764 - JSPGymEnvironment - INFO - Material change on machine M1:  -> Mountainbike_Hauptrahmen_zugeschnitten, setup time: 0
2025-04-10 17:59:32,764 - JSPGymEnvironment - INFO - Executed operation: Job J12, Op 0, Machine M1, Start: 0.0, End: 31.0, Setup: 0
2025-04-10 17:59:32,798 - JSPGymEnvironment - INFO - Material change on machine M1: Mountainbike_Hauptrahmen_zugeschnitten -> Citybike_Hauptrahmen_zugeschnitten, setup time: 40
2025-04-10 17:59:32,798 - JSPGymEnvironment - INFO - Executed operation: Job J11, Op 0, Machine M1, Start: 71.0, End: 102.0, Setup: 40
2025-04-10 17:59:32,835 - JSPGymEnvironment - INFO - Executed operation: Job J14, Op 0, Machine M1, Start: 127.0, End: 145.0, Setup: 25
2025-04-10 17:59:32,869 - JSPGymEnvironment - INFO - Material change on machine M1: Citybike_Hauptrahmen_zugeschnitten -> Mountainbike_Hauptrahmen_zugeschnitten, setup time: 40
2025-04-10 17:59:32,869 - JSPGymEnvironment - INFO - Executed operation: Job J20, Op 0, Machine M1, Start: 185.0, End: 204.0, Setup: 40
2025-04-10 17:59:32,908 - JSPGymEnvironment - INFO - Material change on machine M2:  -> Citybike_Schaltauge_bearbeitet, setup time: 0
2025-04-10 17:59:32,908 - JSPGymEnvironment - INFO - Executed operation: Job J14, Op 1, Machine M2, Start: 204.0, End: 220.0, Setup: 0
2025-04-10 17:59:32,947 - JSPGymEnvironment - INFO - Material change on machine M1: Mountainbike_Hauptrahmen_zugeschnitten -> E-Bike_Hauptrahmen_zugeschnitten, setup time: 40
2025-04-10 17:59:32,947 - JSPGymEnvironment - INFO - Executed operation: Job J13, Op 0, Machine M1, Start: 260.0, End: 301.0, Setup: 40
2025-04-10 17:59:32,987 - JSPGymEnvironment - INFO - Material change on machine M1: E-Bike_Hauptrahmen_zugeschnitten -> Racebike_Hauptrahmen_zugeschnitten, setup time: 40
2025-04-10 17:59:32,987 - JSPGymEnvironment - INFO - Executed operation: Job J6, Op 0, Machine M1, Start: 341.0, End: 377.0, Setup: 40
2025-04-10 17:59:33,022 - JSPGymEnvironment - INFO - Executed operation: Job J11, Op 1, Machine M2, Start: 392.0, End: 405.0, Setup: 15
2025-04-10 17:59:33,057 - JSPGymEnvironment - INFO - Material change on machine M2: Citybike_Schaltauge_bearbeitet -> Mountainbike_Schaltauge_bearbeitet, setup time: 20
2025-04-10 17:59:33,057 - JSPGymEnvironment - INFO - Executed operation: Job J20, Op 1, Machine M2, Start: 425.0, End: 450.0, Setup: 20
2025-04-10 17:59:33,090 - JSPGymEnvironment - INFO - Material change on machine M3:  -> Mountainbike_Antrieb_installiert, setup time: 0
2025-04-10 17:59:33,090 - JSPGymEnvironment - INFO - Executed operation: Job J20, Op 2, Machine M3, Start: 450.0, End: 474.0, Setup: 0
2025-04-10 17:59:33,321 - JSPGymEnvironment - INFO - Executed operation: Job J16, Op 0, Machine M1, Start: 499.0, End: 525.0, Setup: 25
2025-04-10 17:59:33,364 - JSPGymEnvironment - INFO - Material change on machine M1: Racebike_Hauptrahmen_zugeschnitten -> Citybike_Hauptrahmen_zugeschnitten, setup time: 40
2025-04-10 17:59:33,364 - JSPGymEnvironment - INFO - Executed operation: Job J2, Op 0, Machine M1, Start: 565.0, End: 581.0, Setup: 40
2025-04-10 17:59:33,402 - JSPGymEnvironment - INFO - Material change on machine M2: Mountainbike_Schaltauge_bearbeitet -> Racebike_Schaltauge_bearbeitet, setup time: 20
2025-04-10 17:59:33,406 - JSPGymEnvironment - INFO - Executed operation: Job J6, Op 1, Machine M2, Start: 601.0, End: 614.0, Setup: 20
2025-04-10 17:59:33,446 - JSPGymEnvironment - INFO - Material change on machine M3: Mountainbike_Antrieb_installiert -> Racebike_Antrieb_installiert, setup time: 15
2025-04-10 17:59:33,446 - JSPGymEnvironment - INFO - Executed operation: Job J6, Op 2, Machine M3, Start: 629.0, End: 667.0, Setup: 15
2025-04-10 17:59:33,476 - JSPGymEnvironment - INFO - Material change on machine M1: Citybike_Hauptrahmen_zugeschnitten -> Mountainbike_Hauptrahmen_zugeschnitten, setup time: 40
2025-04-10 17:59:33,477 - JSPGymEnvironment - INFO - Executed operation: Job J18, Op 0, Machine M1, Start: 707.0, End: 729.0, Setup: 40
2025-04-10 17:59:33,504 - JSPGymEnvironment - INFO - Material change on machine M1: Mountainbike_Hauptrahmen_zugeschnitten -> E-Bike_Hauptrahmen_zugeschnitten, setup time: 40
2025-04-10 17:59:33,505 - JSPGymEnvironment - INFO - Executed operation: Job J3, Op 0, Machine M1, Start: 769.0, End: 803.0, Setup: 40
2025-04-10 17:59:33,536 - JSPGymEnvironment - INFO - Material change on machine M1: E-Bike_Hauptrahmen_zugeschnitten -> Racebike_Hauptrahmen_zugeschnitten, setup time: 40
2025-04-10 17:59:33,536 - JSPGymEnvironment - INFO - Executed operation: Job J1, Op 0, Machine M1, Start: 843.0, End: 883.0, Setup: 40
2025-04-10 17:59:33,564 - JSPGymEnvironment - INFO - Executed operation: Job J10, Op 0, Machine M1, Start: 908.0, End: 940.0, Setup: 25
2025-04-10 17:59:33,591 - JSPGymEnvironment - INFO - Material change on machine M3: Racebike_Antrieb_installiert -> Mountainbike_Bremsen_justiert, setup time: 15
2025-04-10 17:59:33,592 - JSPGymEnvironment - INFO - Executed operation: Job J20, Op 3, Machine M3, Start: 955.0, End: 996.0, Setup: 15
2025-04-10 17:59:33,621 - JSPGymEnvironment - INFO - Material change on machine M3: Mountainbike_Bremsen_justiert -> Racebike_Bremsen_justiert, setup time: 15
2025-04-10 17:59:33,621 - JSPGymEnvironment - INFO - Executed operation: Job J6, Op 3, Machine M3, Start: 1011.0, End: 1069.0, Setup: 15
2025-04-10 17:59:33,651 - JSPGymEnvironment - INFO - Material change on machine M3: Racebike_Bremsen_justiert -> Citybike_Antrieb_installiert, setup time: 15
2025-04-10 17:59:33,651 - JSPGymEnvironment - INFO - Executed operation: Job J14, Op 2, Machine M3, Start: 1084.0, End: 1106.0, Setup: 15
2025-04-10 17:59:33,684 - JSPGymEnvironment - INFO - Material change on machine M2: Racebike_Schaltauge_bearbeitet -> Mountainbike_Rahmen_nachbearbeitet, setup time: 20
2025-04-10 17:59:33,684 - JSPGymEnvironment - INFO - Executed operation: Job J20, Op 4, Machine M2, Start: 1126.0, End: 1143.0, Setup: 20
2025-04-10 17:59:33,714 - JSPGymEnvironment - INFO - Material change on machine M2: Mountainbike_Rahmen_nachbearbeitet -> E-Bike_Schaltauge_bearbeitet, setup time: 20
2025-04-10 17:59:33,714 - JSPGymEnvironment - INFO - Executed operation: Job J13, Op 1, Machine M2, Start: 1163.0, End: 1186.0, Setup: 20
2025-04-10 17:59:33,746 - JSPGymEnvironment - INFO - Material change on machine M3: Citybike_Antrieb_installiert -> Racebike_Fahrrad_endmontiert, setup time: 15
2025-04-10 17:59:33,746 - JSPGymEnvironment - INFO - Executed operation: Job J6, Op 4, Machine M3, Start: 1201.0, End: 1242.0, Setup: 15
2025-04-10 17:59:33,746 - JSPGymEnvironment - INFO - Job J6 completed at time 1242.0, deadline: 2880, met: True, priority: 10
2025-04-10 17:59:33,969 - JSPGymEnvironment - INFO - Material change on machine M1: Racebike_Hauptrahmen_zugeschnitten -> Mountainbike_Hauptrahmen_zugeschnitten, setup time: 40
2025-04-10 17:59:33,969 - JSPGymEnvironment - INFO - Executed operation: Job J5, Op 0, Machine M1, Start: 1282.0, End: 1318.0, Setup: 40
2025-04-10 17:59:34,023 - JSPGymEnvironment - INFO - Material change on machine M1: Mountainbike_Hauptrahmen_zugeschnitten -> Citybike_Hauptrahmen_zugeschnitten, setup time: 40
2025-04-10 17:59:34,023 - JSPGymEnvironment - INFO - Executed operation: Job J17, Op 0, Machine M1, Start: 1358.0, End: 1396.0, Setup: 40
2025-04-10 17:59:34,062 - JSPGymEnvironment - INFO - Executed operation: Job J3, Op 1, Machine M2, Start: 1411.0, End: 1431.0, Setup: 15
2025-04-10 17:59:34,109 - JSPGymEnvironment - INFO - Material change on machine M2: E-Bike_Schaltauge_bearbeitet -> Racebike_Schaltauge_bearbeitet, setup time: 20
2025-04-10 17:59:34,109 - JSPGymEnvironment - INFO - Executed operation: Job J10, Op 1, Machine M2, Start: 1451.0, End: 1476.0, Setup: 20
2025-04-10 17:59:34,167 - JSPGymEnvironment - INFO - Executed operation: Job J8, Op 0, Machine M1, Start: 1501.0, End: 1520.0, Setup: 25
2025-04-10 17:59:34,211 - JSPGymEnvironment - INFO - Material change on machine M2: Racebike_Schaltauge_bearbeitet -> Citybike_Schaltauge_bearbeitet, setup time: 20
2025-04-10 17:59:34,211 - JSPGymEnvironment - INFO - Executed operation: Job J17, Op 1, Machine M2, Start: 1540.0, End: 1560.0, Setup: 20
2025-04-10 17:59:34,253 - JSPGymEnvironment - INFO - Material change on machine M2: Citybike_Schaltauge_bearbeitet -> Citybike_Bremsaufnahme_gebohrt, setup time: 20
2025-04-10 17:59:34,253 - JSPGymEnvironment - INFO - Executed operation: Job J14, Op 3, Machine M2, Start: 1580.0, End: 1598.0, Setup: 20
2025-04-10 17:59:34,291 - JSPGymEnvironment - INFO - Material change on machine M3: Racebike_Fahrrad_endmontiert -> Mountainbike_Fahrrad_endmontiert, setup time: 15
2025-04-10 17:59:34,291 - JSPGymEnvironment - INFO - Executed operation: Job J20, Op 5, Machine M3, Start: 1613.0, End: 1638.0, Setup: 15
2025-04-10 17:59:34,376 - JSPGymEnvironment - INFO - Material change on machine M3: Mountainbike_Fahrrad_endmontiert -> Racebike_Antrieb_installiert, setup time: 15
2025-04-10 17:59:34,376 - JSPGymEnvironment - INFO - Executed operation: Job J10, Op 2, Machine M3, Start: 1653.0, End: 1692.0, Setup: 15
2025-04-10 17:59:34,453 - JSPGymEnvironment - INFO - Material change on machine M3: Racebike_Antrieb_installiert -> E-Bike_Antrieb_installiert, setup time: 15
2025-04-10 17:59:34,453 - JSPGymEnvironment - INFO - Executed operation: Job J3, Op 2, Machine M3, Start: 1707.0, End: 1765.0, Setup: 15
2025-04-10 17:59:34,488 - JSPGymEnvironment - INFO - Material change on machine M2: Citybike_Bremsaufnahme_gebohrt -> Citybike_Schaltauge_bearbeitet, setup time: 20
2025-04-10 17:59:34,488 - JSPGymEnvironment - INFO - Executed operation: Job J2, Op 1, Machine M2, Start: 1785.0, End: 1795.0, Setup: 20
2025-04-10 17:59:34,527 - JSPGymEnvironment - INFO - Material change on machine M3: E-Bike_Antrieb_installiert -> Citybike_Antrieb_installiert, setup time: 15
2025-04-10 17:59:34,527 - JSPGymEnvironment - INFO - Executed operation: Job J17, Op 2, Machine M3, Start: 1810.0, End: 1844.0, Setup: 15
2025-04-10 17:59:34,561 - JSPGymEnvironment - INFO - Material change on machine M2: Citybike_Schaltauge_bearbeitet -> Citybike_Rahmen_nachbearbeitet, setup time: 20
2025-04-10 17:59:34,561 - JSPGymEnvironment - INFO - Executed operation: Job J14, Op 4, Machine M2, Start: 1864.0, End: 1893.0, Setup: 20
2025-04-10 17:59:34,772 - JSPGymEnvironment - INFO - Material change on machine M2: Citybike_Rahmen_nachbearbeitet -> Racebike_Schaltauge_bearbeitet, setup time: 20
2025-04-10 17:59:34,773 - JSPGymEnvironment - INFO - Executed operation: Job J16, Op 1, Machine M2, Start: 1913.0, End: 1928.0, Setup: 20
2025-04-10 17:59:34,819 - JSPGymEnvironment - INFO - Material change on machine M2: Racebike_Schaltauge_bearbeitet -> Citybike_Rahmen_nachbearbeitet, setup time: 20
2025-04-10 17:59:34,819 - JSPGymEnvironment - INFO - Executed operation: Job J14, Op 5, Machine M2, Start: 1948.0, End: 1978.0, Setup: 20
2025-04-10 17:59:34,927 - JSPGymEnvironment - INFO - Material change on machine M2: Citybike_Rahmen_nachbearbeitet -> Racebike_Bremsaufnahme_gebohrt, setup time: 20
2025-04-10 17:59:34,927 - JSPGymEnvironment - INFO - Executed operation: Job J10, Op 3, Machine M2, Start: 1998.0, End: 2020.0, Setup: 20
2025-04-10 17:59:34,964 - JSPGymEnvironment - INFO - Executed operation: Job J2, Op 2, Machine M3, Start: 2030.0, End: 2058.0, Setup: 10
2025-04-10 17:59:34,998 - JSPGymEnvironment - INFO - Material change on machine M2: Racebike_Bremsaufnahme_gebohrt -> Citybike_Rahmen_nachbearbeitet, setup time: 20
2025-04-10 17:59:34,998 - JSPGymEnvironment - INFO - Executed operation: Job J14, Op 6, Machine M2, Start: 2078.0, End: 2102.0, Setup: 20
2025-04-10 17:59:35,032 - JSPGymEnvironment - INFO - Material change on machine M3: Citybike_Antrieb_installiert -> Mountainbike_Fahrrad_endmontiert, setup time: 15
2025-04-10 17:59:35,038 - JSPGymEnvironment - INFO - Executed operation: Job J20, Op 6, Machine M3, Start: 2117.0, End: 2157.0, Setup: 15
2025-04-10 17:59:35,038 - JSPGymEnvironment - INFO - Job J20 completed at time 2157.0, deadline: 2744, met: True, priority: 3
2025-04-10 17:59:35,076 - JSPGymEnvironment - INFO - Material change on machine M3: Mountainbike_Fahrrad_endmontiert -> Citybike_Antrieb_installiert, setup time: 15
2025-04-10 17:59:35,076 - JSPGymEnvironment - INFO - Executed operation: Job J11, Op 2, Machine M3, Start: 2172.0, End: 2214.0, Setup: 15
2025-04-10 17:59:35,110 - JSPGymEnvironment - INFO - Material change on machine M2: Citybike_Rahmen_nachbearbeitet -> Citybike_Bremsaufnahme_gebohrt, setup time: 20
2025-04-10 17:59:35,110 - JSPGymEnvironment - INFO - Executed operation: Job J2, Op 3, Machine M2, Start: 2234.0, End: 2255.0, Setup: 20
2025-04-10 17:59:35,141 - JSPGymEnvironment - INFO - Material change on machine M3: Citybike_Antrieb_installiert -> Citybike_Bremsen_justiert, setup time: 15
2025-04-10 17:59:35,141 - JSPGymEnvironment - INFO - Executed operation: Job J17, Op 3, Machine M3, Start: 2270.0, End: 2296.0, Setup: 15
2025-04-10 17:59:35,169 - JSPGymEnvironment - INFO - Material change on machine M3: Citybike_Bremsen_justiert -> Racebike_Antrieb_installiert, setup time: 15
2025-04-10 17:59:35,169 - JSPGymEnvironment - INFO - Executed operation: Job J16, Op 2, Machine M3, Start: 2311.0, End: 2341.0, Setup: 15
2025-04-10 17:59:35,201 - JSPGymEnvironment - INFO - Material change on machine M1: Citybike_Hauptrahmen_zugeschnitten -> Racebike_Hauptrahmen_zugeschnitten, setup time: 40
2025-04-10 17:59:35,201 - JSPGymEnvironment - INFO - Executed operation: Job J4, Op 0, Machine M1, Start: 2381.0, End: 2406.0, Setup: 40
2025-04-10 17:59:35,233 - JSPGymEnvironment - INFO - Material change on machine M2: Citybike_Bremsaufnahme_gebohrt -> Racebike_Rahmen_nachbearbeitet, setup time: 20
2025-04-10 17:59:35,233 - JSPGymEnvironment - INFO - Executed operation: Job J10, Op 4, Machine M2, Start: 2426.0, End: 2437.0, Setup: 20
2025-04-10 17:59:35,263 - JSPGymEnvironment - INFO - Material change on machine M2: Racebike_Rahmen_nachbearbeitet -> Mountainbike_Schaltauge_bearbeitet, setup time: 20
2025-04-10 17:59:35,263 - JSPGymEnvironment - INFO - Executed operation: Job J12, Op 1, Machine M2, Start: 2457.0, End: 2479.0, Setup: 20
2025-04-10 17:59:35,460 - JSPGymEnvironment - INFO - Material change on machine M2: Mountainbike_Schaltauge_bearbeitet -> Racebike_Schaltauge_bearbeitet, setup time: 20
2025-04-10 17:59:35,460 - JSPGymEnvironment - INFO - Executed operation: Job J1, Op 1, Machine M2, Start: 2499.0, End: 2515.0, Setup: 20
2025-04-10 17:59:35,489 - JSPGymEnvironment - INFO - Material change on machine M3: Racebike_Antrieb_installiert -> E-Bike_Antrieb_installiert, setup time: 15
2025-04-10 17:59:35,489 - JSPGymEnvironment - INFO - Executed operation: Job J13, Op 2, Machine M3, Start: 2530.0, End: 2583.0, Setup: 15
2025-04-10 17:59:35,516 - JSPGymEnvironment - INFO - Material change on machine M3: E-Bike_Antrieb_installiert -> Racebike_Antrieb_installiert, setup time: 15
2025-04-10 17:59:35,516 - JSPGymEnvironment - INFO - Executed operation: Job J1, Op 2, Machine M3, Start: 2598.0, End: 2634.0, Setup: 15
2025-04-10 17:59:35,540 - JSPGymEnvironment - INFO - Material change on machine M3: Racebike_Antrieb_installiert -> Mountainbike_Antrieb_installiert, setup time: 15
2025-04-10 17:59:35,540 - JSPGymEnvironment - INFO - Executed operation: Job J12, Op 2, Machine M3, Start: 2649.0, End: 2694.0, Setup: 15
2025-04-10 17:59:35,564 - JSPGymEnvironment - INFO - Material change on machine M2: Racebike_Schaltauge_bearbeitet -> Racebike_Bremsaufnahme_gebohrt, setup time: 20
2025-04-10 17:59:35,564 - JSPGymEnvironment - INFO - Executed operation: Job J1, Op 3, Machine M2, Start: 2714.0, End: 2732.0, Setup: 20
2025-04-10 17:59:35,590 - JSPGymEnvironment - INFO - Material change on machine M2: Racebike_Bremsaufnahme_gebohrt -> Citybike_Rahmen_nachbearbeitet, setup time: 20
2025-04-10 17:59:35,590 - JSPGymEnvironment - INFO - Executed operation: Job J2, Op 4, Machine M2, Start: 2752.0, End: 2776.0, Setup: 20
2025-04-10 17:59:35,614 - JSPGymEnvironment - INFO - Material change on machine M2: Citybike_Rahmen_nachbearbeitet -> Racebike_Rahmen_nachbearbeitet, setup time: 20
2025-04-10 17:59:35,614 - JSPGymEnvironment - INFO - Executed operation: Job J1, Op 4, Machine M2, Start: 2796.0, End: 2818.0, Setup: 20
2025-04-10 17:59:35,639 - JSPGymEnvironment - INFO - Material change on machine M3: Mountainbike_Antrieb_installiert -> Citybike_Fahrrad_endmontiert, setup time: 15
2025-04-10 17:59:35,639 - JSPGymEnvironment - INFO - Executed operation: Job J17, Op 4, Machine M3, Start: 2833.0, End: 2883.0, Setup: 15
2025-04-10 17:59:35,666 - JSPGymEnvironment - INFO - Material change on machine M3: Citybike_Fahrrad_endmontiert -> Citybike_Bremsen_justiert, setup time: 15
2025-04-10 17:59:35,666 - JSPGymEnvironment - INFO - Executed operation: Job J11, Op 3, Machine M3, Start: 2898.0, End: 2920.0, Setup: 15
2025-04-10 17:59:35,691 - JSPGymEnvironment - INFO - Material change on machine M2: Racebike_Rahmen_nachbearbeitet -> Citybike_Fahrrad_endmontiert, setup time: 20
2025-04-10 17:59:35,691 - JSPGymEnvironment - INFO - Executed operation: Job J14, Op 7, Machine M2, Start: 2940.0, End: 2961.0, Setup: 20
2025-04-10 17:59:35,691 - JSPGymEnvironment - INFO - Job J14 completed at time 2961.0, deadline: 2880, met: False, priority: 3
2025-04-10 17:59:35,715 - JSPGymEnvironment - INFO - Material change on machine M2: Citybike_Fahrrad_endmontiert -> Mountainbike_Schaltauge_bearbeitet, setup time: 20
2025-04-10 17:59:35,715 - JSPGymEnvironment - INFO - Executed operation: Job J18, Op 1, Machine M2, Start: 2981.0, End: 3001.0, Setup: 20
2025-04-10 17:59:35,739 - JSPGymEnvironment - INFO - Material change on machine M2: Mountainbike_Schaltauge_bearbeitet -> Racebike_Rahmen_nachbearbeitet, setup time: 20
2025-04-10 17:59:35,739 - JSPGymEnvironment - INFO - Executed operation: Job J10, Op 5, Machine M2, Start: 3021.0, End: 3039.0, Setup: 20
2025-04-10 17:59:35,764 - JSPGymEnvironment - INFO - Material change on machine M2: Racebike_Rahmen_nachbearbeitet -> E-Bike_Bremsaufnahme_gebohrt, setup time: 20
2025-04-10 17:59:35,764 - JSPGymEnvironment - INFO - Executed operation: Job J13, Op 3, Machine M2, Start: 3059.0, End: 3081.0, Setup: 20
2025-04-10 17:59:35,788 - JSPGymEnvironment - INFO - Material change on machine M2: E-Bike_Bremsaufnahme_gebohrt -> Racebike_Fahrrad_endmontiert, setup time: 20
2025-04-10 17:59:35,788 - JSPGymEnvironment - INFO - Executed operation: Job J1, Op 5, Machine M2, Start: 3101.0, End: 3113.0, Setup: 20
2025-04-10 17:59:35,788 - JSPGymEnvironment - INFO - Job J1 completed at time 3113.0, deadline: 2790, met: False, priority: 7
2025-04-10 17:59:35,812 - JSPGymEnvironment - INFO - Material change on machine M3: Citybike_Bremsen_justiert -> Citybike_Fahrrad_endmontiert, setup time: 15
2025-04-10 17:59:35,813 - JSPGymEnvironment - INFO - Executed operation: Job J17, Op 5, Machine M3, Start: 3128.0, End: 3187.0, Setup: 15
2025-04-10 17:59:35,993 - JSPGymEnvironment - INFO - Material change on machine M2: Racebike_Fahrrad_endmontiert -> E-Bike_Bremsaufnahme_gebohrt, setup time: 20
2025-04-10 17:59:35,993 - JSPGymEnvironment - INFO - Executed operation: Job J3, Op 3, Machine M2, Start: 3207.0, End: 3237.0, Setup: 20
2025-04-10 17:59:36,018 - JSPGymEnvironment - INFO - Executed operation: Job J11, Op 4, Machine M3, Start: 3247.0, End: 3286.0, Setup: 10
2025-04-10 17:59:36,047 - JSPGymEnvironment - INFO - Material change on machine M2: E-Bike_Bremsaufnahme_gebohrt -> Racebike_Bremsaufnahme_gebohrt, setup time: 20
2025-04-10 17:59:36,047 - JSPGymEnvironment - INFO - Executed operation: Job J16, Op 3, Machine M2, Start: 3306.0, End: 3329.0, Setup: 20
2025-04-10 17:59:36,072 - JSPGymEnvironment - INFO - Executed operation: Job J2, Op 5, Machine M3, Start: 3339.0, End: 3360.0, Setup: 10
2025-04-10 17:59:36,072 - JSPGymEnvironment - INFO - Job J2 completed at time 3360.0, deadline: 2880, met: False, priority: 3
2025-04-10 17:59:36,098 - JSPGymEnvironment - INFO - Material change on machine M2: Racebike_Bremsaufnahme_gebohrt -> Racebike_Rahmen_nachbearbeitet, setup time: 20
2025-04-10 17:59:36,098 - JSPGymEnvironment - INFO - Executed operation: Job J10, Op 6, Machine M2, Start: 3380.0, End: 3391.0, Setup: 20
2025-04-10 17:59:36,123 - JSPGymEnvironment - INFO - Material change on machine M3: Citybike_Fahrrad_endmontiert -> E-Bike_Fahrrad_endmontiert, setup time: 15
2025-04-10 17:59:36,123 - JSPGymEnvironment - INFO - Executed operation: Job J13, Op 4, Machine M3, Start: 3406.0, End: 3459.0, Setup: 15
2025-04-10 17:59:36,123 - JSPGymEnvironment - INFO - Job J13 completed at time 3459.0, deadline: 2863, met: False, priority: 7
2025-04-10 17:59:36,149 - JSPGymEnvironment - INFO - Material change on machine M2: Racebike_Rahmen_nachbearbeitet -> Mountainbike_Bremsaufnahme_gebohrt, setup time: 20
2025-04-10 17:59:36,149 - JSPGymEnvironment - INFO - Executed operation: Job J12, Op 3, Machine M2, Start: 3479.0, End: 3505.0, Setup: 20
2025-04-10 17:59:36,176 - JSPGymEnvironment - INFO - Material change on machine M2: Mountainbike_Bremsaufnahme_gebohrt -> E-Bike_Rahmen_nachbearbeitet, setup time: 20
2025-04-10 17:59:36,176 - JSPGymEnvironment - INFO - Executed operation: Job J3, Op 4, Machine M2, Start: 3525.0, End: 3542.0, Setup: 20
2025-04-10 17:59:36,208 - JSPGymEnvironment - INFO - Material change on machine M2: E-Bike_Rahmen_nachbearbeitet -> Racebike_Fahrrad_endmontiert, setup time: 20
2025-04-10 17:59:36,208 - JSPGymEnvironment - INFO - Executed operation: Job J10, Op 7, Machine M2, Start: 3562.0, End: 3574.0, Setup: 20
2025-04-10 17:59:36,208 - JSPGymEnvironment - INFO - Job J10 completed at time 3574.0, deadline: 2880, met: False, priority: 9
2025-04-10 17:59:36,428 - JSPGymEnvironment - INFO - Material change on machine M2: Racebike_Fahrrad_endmontiert -> Mountainbike_Rahmen_nachbearbeitet, setup time: 20
2025-04-10 17:59:36,428 - JSPGymEnvironment - INFO - Executed operation: Job J12, Op 4, Machine M2, Start: 3594.0, End: 3622.0, Setup: 20
2025-04-10 17:59:36,619 - JSPGymEnvironment - INFO - Material change on machine M3: E-Bike_Fahrrad_endmontiert -> Mountainbike_Antrieb_installiert, setup time: 15
2025-04-10 17:59:36,619 - JSPGymEnvironment - INFO - Executed operation: Job J18, Op 2, Machine M3, Start: 3637.0, End: 3666.0, Setup: 15
2025-04-10 17:59:36,665 - JSPGymEnvironment - INFO - Material change on machine M1: Racebike_Hauptrahmen_zugeschnitten -> Citybike_Hauptrahmen_zugeschnitten, setup time: 40
2025-04-10 17:59:36,665 - JSPGymEnvironment - INFO - Executed operation: Job J9, Op 0, Machine M1, Start: 3706.0, End: 3746.0, Setup: 40
2025-04-10 17:59:36,701 - JSPGymEnvironment - INFO - Material change on machine M2: Mountainbike_Rahmen_nachbearbeitet -> Citybike_Rahmen_nachbearbeitet, setup time: 20
2025-04-10 17:59:36,701 - JSPGymEnvironment - INFO - Executed operation: Job J11, Op 5, Machine M2, Start: 3766.0, End: 3783.0, Setup: 20
2025-04-10 17:59:36,731 - JSPGymEnvironment - INFO - Material change on machine M2: Citybike_Rahmen_nachbearbeitet -> Mountainbike_Rahmen_nachbearbeitet, setup time: 20
2025-04-10 17:59:36,731 - JSPGymEnvironment - INFO - Executed operation: Job J12, Op 5, Machine M2, Start: 3803.0, End: 3831.0, Setup: 20
2025-04-10 17:59:36,897 - JSPGymEnvironment - INFO - Material change on machine M2: Mountainbike_Rahmen_nachbearbeitet -> Citybike_Rahmen_nachbearbeitet, setup time: 20
2025-04-10 17:59:36,897 - JSPGymEnvironment - INFO - Executed operation: Job J11, Op 6, Machine M2, Start: 3851.0, End: 3873.0, Setup: 20
2025-04-10 17:59:36,925 - JSPGymEnvironment - INFO - Material change on machine M2: Citybike_Rahmen_nachbearbeitet -> Mountainbike_Fahrrad_endmontiert, setup time: 20
2025-04-10 17:59:36,925 - JSPGymEnvironment - INFO - Executed operation: Job J12, Op 6, Machine M2, Start: 3893.0, End: 3915.0, Setup: 20
2025-04-10 17:59:36,925 - JSPGymEnvironment - INFO - Job J12 completed at time 3915.0, deadline: 2863, met: False, priority: 2
2025-04-10 17:59:36,957 - JSPGymEnvironment - INFO - Material change on machine M3: Mountainbike_Antrieb_installiert -> Mountainbike_Bremsen_justiert, setup time: 15
2025-04-10 17:59:36,957 - JSPGymEnvironment - INFO - Executed operation: Job J18, Op 3, Machine M3, Start: 3930.0, End: 3985.0, Setup: 15
2025-04-10 17:59:36,989 - JSPGymEnvironment - INFO - Material change on machine M3: Mountainbike_Bremsen_justiert -> Citybike_Fahrrad_endmontiert, setup time: 15
2025-04-10 17:59:36,990 - JSPGymEnvironment - INFO - Executed operation: Job J17, Op 6, Machine M3, Start: 4000.0, End: 4025.0, Setup: 15
2025-04-10 17:59:36,990 - JSPGymEnvironment - INFO - Job J17 completed at time 4025.0, deadline: 2880, met: False, priority: 6
2025-04-10 17:59:37,020 - JSPGymEnvironment - INFO - Material change on machine M1: Citybike_Hauptrahmen_zugeschnitten -> Racebike_Hauptrahmen_zugeschnitten, setup time: 40
2025-04-10 17:59:37,021 - JSPGymEnvironment - INFO - Executed operation: Job J7, Op 0, Machine M1, Start: 4065.0, End: 4100.0, Setup: 40
2025-04-10 17:59:37,056 - JSPGymEnvironment - INFO - Material change on machine M1: Racebike_Hauptrahmen_zugeschnitten -> E-Bike_Hauptrahmen_zugeschnitten, setup time: 40
2025-04-10 17:59:37,056 - JSPGymEnvironment - INFO - Executed operation: Job J19, Op 0, Machine M1, Start: 4140.0, End: 4155.0, Setup: 40
2025-04-10 17:59:37,090 - JSPGymEnvironment - INFO - Material change on machine M2: Mountainbike_Fahrrad_endmontiert -> Citybike_Schaltauge_bearbeitet, setup time: 20
2025-04-10 17:59:37,090 - JSPGymEnvironment - INFO - Executed operation: Job J9, Op 1, Machine M2, Start: 4175.0, End: 4191.0, Setup: 20
2025-04-10 17:59:37,122 - JSPGymEnvironment - INFO - Material change on machine M2: Citybike_Schaltauge_bearbeitet -> Citybike_Fahrrad_endmontiert, setup time: 20
2025-04-10 17:59:37,122 - JSPGymEnvironment - INFO - Executed operation: Job J11, Op 7, Machine M2, Start: 4211.0, End: 4240.0, Setup: 20
2025-04-10 17:59:37,122 - JSPGymEnvironment - INFO - Job J11 completed at time 4240.0, deadline: 2880, met: False, priority: 7
2025-04-10 17:59:37,154 - JSPGymEnvironment - INFO - Material change on machine M2: Citybike_Fahrrad_endmontiert -> Mountainbike_Fahrrad_endmontiert, setup time: 20
2025-04-10 17:59:37,155 - JSPGymEnvironment - INFO - Executed operation: Job J18, Op 4, Machine M2, Start: 4260.0, End: 4273.0, Setup: 20
2025-04-10 17:59:37,155 - JSPGymEnvironment - INFO - Job J18 completed at time 4273.0, deadline: 2880, met: False, priority: 6
2025-04-10 17:59:37,188 - JSPGymEnvironment - INFO - Material change on machine M2: Mountainbike_Fahrrad_endmontiert -> E-Bike_Rahmen_nachbearbeitet, setup time: 20
2025-04-10 17:59:37,188 - JSPGymEnvironment - INFO - Executed operation: Job J3, Op 5, Machine M2, Start: 4293.0, End: 4314.0, Setup: 20
2025-04-10 17:59:37,216 - JSPGymEnvironment - INFO - Material change on machine M2: E-Bike_Rahmen_nachbearbeitet -> E-Bike_Fahrrad_endmontiert, setup time: 20
2025-04-10 17:59:37,216 - JSPGymEnvironment - INFO - Executed operation: Job J3, Op 6, Machine M2, Start: 4334.0, End: 4344.0, Setup: 20
2025-04-10 17:59:37,216 - JSPGymEnvironment - INFO - Job J3 completed at time 4344.0, deadline: 2862, met: False, priority: 8
2025-04-10 17:59:37,255 - JSPGymEnvironment - INFO - Material change on machine M2: E-Bike_Fahrrad_endmontiert -> Racebike_Schaltauge_bearbeitet, setup time: 20
2025-04-10 17:59:37,255 - JSPGymEnvironment - INFO - Executed operation: Job J4, Op 1, Machine M2, Start: 4364.0, End: 4379.0, Setup: 20
2025-04-10 17:59:37,317 - JSPGymEnvironment - INFO - Material change on machine M2: Racebike_Schaltauge_bearbeitet -> Racebike_Rahmen_nachbearbeitet, setup time: 20
2025-04-10 17:59:37,317 - JSPGymEnvironment - INFO - Executed operation: Job J16, Op 4, Machine M2, Start: 4399.0, End: 4413.0, Setup: 20
2025-04-10 17:59:37,352 - JSPGymEnvironment - INFO - Material change on machine M3: Citybike_Fahrrad_endmontiert -> Racebike_Antrieb_installiert, setup time: 15
2025-04-10 17:59:37,353 - JSPGymEnvironment - INFO - Executed operation: Job J4, Op 2, Machine M3, Start: 4428.0, End: 4468.0, Setup: 15
2025-04-10 17:59:37,940 - JSPGymEnvironment - INFO - Material change on machine M3: Racebike_Antrieb_installiert -> Citybike_Antrieb_installiert, setup time: 15
2025-04-10 17:59:37,940 - JSPGymEnvironment - INFO - Executed operation: Job J9, Op 2, Machine M3, Start: 4483.0, End: 4537.0, Setup: 15
2025-04-10 17:59:38,013 - JSPGymEnvironment - INFO - Material change on machine M2: Racebike_Rahmen_nachbearbeitet -> Racebike_Bremsaufnahme_gebohrt, setup time: 20
2025-04-10 17:59:38,014 - JSPGymEnvironment - INFO - Executed operation: Job J4, Op 3, Machine M2, Start: 4557.0, End: 4571.0, Setup: 20
2025-04-10 17:59:38,081 - JSPGymEnvironment - INFO - Material change on machine M2: Racebike_Bremsaufnahme_gebohrt -> Racebike_Rahmen_nachbearbeitet, setup time: 20
2025-04-10 17:59:38,081 - JSPGymEnvironment - INFO - Executed operation: Job J4, Op 4, Machine M2, Start: 4591.0, End: 4616.0, Setup: 20
2025-04-10 17:59:38,153 - JSPGymEnvironment - INFO - Material change on machine M2: Racebike_Rahmen_nachbearbeitet -> Citybike_Schaltauge_bearbeitet, setup time: 20
2025-04-10 17:59:38,154 - JSPGymEnvironment - INFO - Executed operation: Job J8, Op 1, Machine M2, Start: 4636.0, End: 4649.0, Setup: 20
2025-04-10 17:59:38,232 - JSPGymEnvironment - INFO - Executed operation: Job J8, Op 2, Machine M3, Start: 4659.0, End: 4713.0, Setup: 10
2025-04-10 17:59:38,536 - JSPGymEnvironment - INFO - Material change on machine M2: Citybike_Schaltauge_bearbeitet -> Racebike_Rahmen_nachbearbeitet, setup time: 20
2025-04-10 17:59:38,536 - JSPGymEnvironment - INFO - Executed operation: Job J4, Op 5, Machine M2, Start: 4733.0, End: 4757.0, Setup: 20
2025-04-10 17:59:38,629 - JSPGymEnvironment - INFO - Material change on machine M3: Citybike_Antrieb_installiert -> Citybike_Bremsen_justiert, setup time: 15
2025-04-10 17:59:38,629 - JSPGymEnvironment - INFO - Executed operation: Job J8, Op 3, Machine M3, Start: 4772.0, End: 4830.0, Setup: 15
2025-04-10 17:59:38,681 - JSPGymEnvironment - INFO - Material change on machine M3: Citybike_Bremsen_justiert -> Racebike_Fahrrad_endmontiert, setup time: 15
2025-04-10 17:59:38,681 - JSPGymEnvironment - INFO - Executed operation: Job J4, Op 6, Machine M3, Start: 4845.0, End: 4871.0, Setup: 15
2025-04-10 17:59:38,681 - JSPGymEnvironment - INFO - Job J4 completed at time 4871.0, deadline: 2757, met: False, priority: 7
2025-04-10 17:59:38,725 - JSPGymEnvironment - INFO - Material change on machine M2: Racebike_Rahmen_nachbearbeitet -> Mountainbike_Schaltauge_bearbeitet, setup time: 20
2025-04-10 17:59:38,725 - JSPGymEnvironment - INFO - Executed operation: Job J5, Op 1, Machine M2, Start: 4891.0, End: 4906.0, Setup: 20
2025-04-10 17:59:38,785 - JSPGymEnvironment - INFO - Material change on machine M3: Racebike_Fahrrad_endmontiert -> Citybike_Fahrrad_endmontiert, setup time: 15
2025-04-10 17:59:38,785 - JSPGymEnvironment - INFO - Executed operation: Job J8, Op 4, Machine M3, Start: 4921.0, End: 4970.0, Setup: 15
2025-04-10 17:59:38,829 - JSPGymEnvironment - INFO - Material change on machine M2: Mountainbike_Schaltauge_bearbeitet -> Citybike_Fahrrad_endmontiert, setup time: 20
2025-04-10 17:59:38,829 - JSPGymEnvironment - INFO - Executed operation: Job J8, Op 5, Machine M2, Start: 4990.0, End: 5020.0, Setup: 20
2025-04-10 17:59:38,829 - JSPGymEnvironment - INFO - Job J8 completed at time 5020.0, deadline: 2762, met: False, priority: 5
2025-04-10 17:59:38,879 - JSPGymEnvironment - INFO - Material change on machine M2: Citybike_Fahrrad_endmontiert -> Citybike_Bremsaufnahme_gebohrt, setup time: 20
2025-04-10 17:59:38,880 - JSPGymEnvironment - INFO - Executed operation: Job J9, Op 3, Machine M2, Start: 5040.0, End: 5063.0, Setup: 20
2025-04-10 17:59:38,926 - JSPGymEnvironment - INFO - Material change on machine M2: Citybike_Bremsaufnahme_gebohrt -> Citybike_Rahmen_nachbearbeitet, setup time: 20
2025-04-10 17:59:38,926 - JSPGymEnvironment - INFO - Executed operation: Job J9, Op 4, Machine M2, Start: 5083.0, End: 5095.0, Setup: 20
2025-04-10 17:59:39,259 - JSPGymEnvironment - INFO - Material change on machine M1: E-Bike_Hauptrahmen_zugeschnitten -> Racebike_Hauptrahmen_zugeschnitten, setup time: 40
2025-04-10 17:59:39,260 - JSPGymEnvironment - INFO - Executed operation: Job J15, Op 0, Machine M1, Start: 5135.0, End: 5158.0, Setup: 40
2025-04-10 17:59:39,341 - JSPGymEnvironment - INFO - Executed operation: Job J9, Op 5, Machine M3, Start: 5168.0, End: 5219.0, Setup: 10
2025-04-10 17:59:39,403 - JSPGymEnvironment - INFO - Material change on machine M3: Citybike_Fahrrad_endmontiert -> Mountainbike_Antrieb_installiert, setup time: 15
2025-04-10 17:59:39,403 - JSPGymEnvironment - INFO - Executed operation: Job J5, Op 2, Machine M3, Start: 5234.0, End: 5259.0, Setup: 15
2025-04-10 17:59:39,450 - JSPGymEnvironment - INFO - Material change on machine M2: Citybike_Rahmen_nachbearbeitet -> Racebike_Schaltauge_bearbeitet, setup time: 20
2025-04-10 17:59:39,450 - JSPGymEnvironment - INFO - Executed operation: Job J7, Op 1, Machine M2, Start: 5279.0, End: 5302.0, Setup: 20
2025-04-10 17:59:39,533 - JSPGymEnvironment - INFO - Material change on machine M2: Racebike_Schaltauge_bearbeitet -> Racebike_Fahrrad_endmontiert, setup time: 20
2025-04-10 17:59:39,533 - JSPGymEnvironment - INFO - Executed operation: Job J16, Op 5, Machine M2, Start: 5322.0, End: 5352.0, Setup: 20
2025-04-10 17:59:39,533 - JSPGymEnvironment - INFO - Job J16 completed at time 5352.0, deadline: 2855, met: False, priority: 7
2025-04-10 17:59:39,579 - JSPGymEnvironment - INFO - Material change on machine M3: Mountainbike_Antrieb_installiert -> Citybike_Fahrrad_endmontiert, setup time: 15
2025-04-10 17:59:39,580 - JSPGymEnvironment - INFO - Executed operation: Job J9, Op 6, Machine M3, Start: 5367.0, End: 5390.0, Setup: 15
2025-04-10 17:59:39,580 - JSPGymEnvironment - INFO - Job J9 completed at time 5390.0, deadline: 2880, met: False, priority: 8
2025-04-10 17:59:39,623 - JSPGymEnvironment - INFO - Material change on machine M2: Racebike_Fahrrad_endmontiert -> Mountainbike_Bremsaufnahme_gebohrt, setup time: 20
2025-04-10 17:59:39,624 - JSPGymEnvironment - INFO - Executed operation: Job J5, Op 3, Machine M2, Start: 5410.0, End: 5425.0, Setup: 20
2025-04-10 17:59:39,670 - JSPGymEnvironment - INFO - Material change on machine M2: Mountainbike_Bremsaufnahme_gebohrt -> Racebike_Schaltauge_bearbeitet, setup time: 20
2025-04-10 17:59:39,670 - JSPGymEnvironment - INFO - Executed operation: Job J15, Op 1, Machine M2, Start: 5445.0, End: 5458.0, Setup: 20
2025-04-10 17:59:39,710 - JSPGymEnvironment - INFO - Material change on machine M3: Citybike_Fahrrad_endmontiert -> Racebike_Antrieb_installiert, setup time: 15
2025-04-10 17:59:39,710 - JSPGymEnvironment - INFO - Executed operation: Job J15, Op 2, Machine M3, Start: 5473.0, End: 5508.0, Setup: 15
2025-04-10 17:59:39,753 - JSPGymEnvironment - INFO - Executed operation: Job J7, Op 2, Machine M3, Start: 5518.0, End: 5542.0, Setup: 10
2025-04-10 17:59:39,794 - JSPGymEnvironment - INFO - Material change on machine M2: Racebike_Schaltauge_bearbeitet -> E-Bike_Schaltauge_bearbeitet, setup time: 20
2025-04-10 17:59:39,794 - JSPGymEnvironment - INFO - Executed operation: Job J19, Op 1, Machine M2, Start: 5562.0, End: 5592.0, Setup: 20
2025-04-10 17:59:39,835 - JSPGymEnvironment - INFO - Material change on machine M2: E-Bike_Schaltauge_bearbeitet -> Racebike_Bremsaufnahme_gebohrt, setup time: 20
2025-04-10 17:59:39,835 - JSPGymEnvironment - INFO - Executed operation: Job J7, Op 3, Machine M2, Start: 5612.0, End: 5635.0, Setup: 20
2025-04-10 17:59:39,877 - JSPGymEnvironment - INFO - Material change on machine M2: Racebike_Bremsaufnahme_gebohrt -> Mountainbike_Rahmen_nachbearbeitet, setup time: 20
2025-04-10 17:59:39,878 - JSPGymEnvironment - INFO - Executed operation: Job J5, Op 4, Machine M2, Start: 5655.0, End: 5685.0, Setup: 20
2025-04-10 17:59:39,914 - JSPGymEnvironment - INFO - Material change on machine M3: Racebike_Antrieb_installiert -> E-Bike_Antrieb_installiert, setup time: 15
2025-04-10 17:59:39,914 - JSPGymEnvironment - INFO - Executed operation: Job J19, Op 2, Machine M3, Start: 5700.0, End: 5722.0, Setup: 15
2025-04-10 17:59:39,955 - JSPGymEnvironment - INFO - Material change on machine M3: E-Bike_Antrieb_installiert -> Racebike_Bremsen_justiert, setup time: 15
2025-04-10 17:59:39,956 - JSPGymEnvironment - INFO - Executed operation: Job J15, Op 3, Machine M3, Start: 5737.0, End: 5764.0, Setup: 15
2025-04-10 17:59:40,177 - JSPGymEnvironment - INFO - Material change on machine M2: Mountainbike_Rahmen_nachbearbeitet -> Racebike_Rahmen_nachbearbeitet, setup time: 20
2025-04-10 17:59:40,177 - JSPGymEnvironment - INFO - Executed operation: Job J15, Op 4, Machine M2, Start: 5784.0, End: 5804.0, Setup: 20
2025-04-10 17:59:40,211 - JSPGymEnvironment - INFO - Executed operation: Job J15, Op 5, Machine M2, Start: 5819.0, End: 5842.0, Setup: 15
2025-04-10 17:59:40,247 - JSPGymEnvironment - INFO - Material change on machine M3: Racebike_Bremsen_justiert -> Racebike_Fahrrad_endmontiert, setup time: 15
2025-04-10 17:59:40,247 - JSPGymEnvironment - INFO - Executed operation: Job J15, Op 6, Machine M3, Start: 5857.0, End: 5884.0, Setup: 15
2025-04-10 17:59:40,292 - JSPGymEnvironment - INFO - Executed operation: Job J15, Op 7, Machine M3, Start: 5894.0, End: 5940.0, Setup: 10
2025-04-10 17:59:40,292 - JSPGymEnvironment - INFO - Job J15 completed at time 5940.0, deadline: 2833, met: False, priority: 10
2025-04-10 17:59:40,332 - JSPGymEnvironment - INFO - Material change on machine M2: Racebike_Rahmen_nachbearbeitet -> E-Bike_Bremsaufnahme_gebohrt, setup time: 20
2025-04-10 17:59:40,332 - JSPGymEnvironment - INFO - Executed operation: Job J19, Op 3, Machine M2, Start: 5960.0, End: 5973.0, Setup: 20
2025-04-10 17:59:40,370 - JSPGymEnvironment - INFO - Material change on machine M2: E-Bike_Bremsaufnahme_gebohrt -> E-Bike_Rahmen_nachbearbeitet, setup time: 20
2025-04-10 17:59:40,371 - JSPGymEnvironment - INFO - Executed operation: Job J19, Op 4, Machine M2, Start: 5993.0, End: 6010.0, Setup: 20
2025-04-10 17:59:40,421 - JSPGymEnvironment - INFO - Material change on machine M2: E-Bike_Rahmen_nachbearbeitet -> Racebike_Rahmen_nachbearbeitet, setup time: 20
2025-04-10 17:59:40,421 - JSPGymEnvironment - INFO - Executed operation: Job J7, Op 4, Machine M2, Start: 6030.0, End: 6056.0, Setup: 20
2025-04-10 17:59:40,471 - JSPGymEnvironment - INFO - Executed operation: Job J7, Op 5, Machine M2, Start: 6071.0, End: 6089.0, Setup: 15
2025-04-10 17:59:40,519 - JSPGymEnvironment - INFO - Executed operation: Job J7, Op 6, Machine M2, Start: 6104.0, End: 6119.0, Setup: 15
2025-04-10 17:59:40,602 - JSPGymEnvironment - INFO - Material change on machine M2: Racebike_Rahmen_nachbearbeitet -> E-Bike_Rahmen_nachbearbeitet, setup time: 20
2025-04-10 17:59:40,602 - JSPGymEnvironment - INFO - Executed operation: Job J19, Op 5, Machine M2, Start: 6139.0, End: 6160.0, Setup: 20
2025-04-10 17:59:40,655 - JSPGymEnvironment - INFO - Material change on machine M2: E-Bike_Rahmen_nachbearbeitet -> Mountainbike_Fahrrad_endmontiert, setup time: 20
2025-04-10 17:59:40,656 - JSPGymEnvironment - INFO - Executed operation: Job J5, Op 5, Machine M2, Start: 6180.0, End: 6202.0, Setup: 20
2025-04-10 17:59:40,656 - JSPGymEnvironment - INFO - Job J5 completed at time 6202.0, deadline: 2880, met: False, priority: 1
2025-04-10 17:59:40,715 - JSPGymEnvironment - INFO - Material change on machine M2: Mountainbike_Fahrrad_endmontiert -> Racebike_Fahrrad_endmontiert, setup time: 20
2025-04-10 17:59:40,715 - JSPGymEnvironment - INFO - Executed operation: Job J7, Op 7, Machine M2, Start: 6222.0, End: 6247.0, Setup: 20
2025-04-10 17:59:40,715 - JSPGymEnvironment - INFO - Job J7 completed at time 6247.0, deadline: 2880, met: False, priority: 9
2025-04-10 17:59:40,763 - JSPGymEnvironment - INFO - Material change on machine M2: Racebike_Fahrrad_endmontiert -> E-Bike_Fahrrad_endmontiert, setup time: 20
2025-04-10 17:59:40,763 - JSPGymEnvironment - INFO - Executed operation: Job J19, Op 6, Machine M2, Start: 6267.0, End: 6292.0, Setup: 20
2025-04-10 17:59:40,764 - JSPGymEnvironment - INFO - Job J19 completed at time 6292.0, deadline: 2737, met: False, priority: 8
2025-04-10 17:59:40,765 - JSPGymEnvironment - INFO - Reward function updated with 53 insights
2025-04-10 17:59:40,765 - JSPGymEnvironment - INFO -   Material change on critical path at Job 18 Operation 0 on Machine M1 (Severity: 1.00)
2025-04-10 17:59:40,765 - JSPGymEnvironment - INFO -   Material change on critical path at Job 18 Operation 1 on Machine M2 (Severity: 1.00)
2025-04-10 17:59:40,765 - JSPGymEnvironment - INFO -   Material change on critical path at Job 18 Operation 2 on Machine M3 (Severity: 1.00)
2025-04-10 17:59:40,765 - JSPGymEnvironment - INFO -   Material change on critical path at Job 18 Operation 3 on Machine M2 (Severity: 1.00)
2025-04-10 17:59:40,765 - JSPGymEnvironment - INFO -   Material change on critical path at Job 18 Operation 4 on Machine M2 (Severity: 1.00)
2025-04-10 17:59:40,765 - JSPGymEnvironment - INFO -   Idle time on critical path before Job 18 Operation 4 on Machine M2 (Severity: 1.18)
2025-04-10 17:59:40,765 - JSPGymEnvironment - INFO -   Material change on critical path at Job 18 Operation 5 on Machine M2 (Severity: 1.00)
2025-04-10 17:59:40,765 - JSPGymEnvironment - INFO -   Idle time on critical path before Job 18 Operation 5 on Machine M2 (Severity: 6.14)
2025-04-10 17:59:40,766 - JSPGymEnvironment - INFO -   Material change on critical path at Job 18 Operation 6 on Machine M2 (Severity: 1.00)
2025-04-10 17:59:40,766 - JSPGymEnvironment - INFO -   Idle time on critical path before Job 18 Operation 6 on Machine M2 (Severity: 4.28)
2025-04-10 17:59:40,766 - JSPGymEnvironment - INFO -   High priority (10) not on critical path: Job 5 Operation 0 (Severity: 1.00)
2025-04-10 17:59:40,766 - JSPGymEnvironment - INFO -   High priority (10) not on critical path: Job 5 Operation 1 (Severity: 1.00)
2025-04-10 17:59:40,766 - JSPGymEnvironment - INFO -   High priority (10) not on critical path: Job 5 Operation 2 (Severity: 1.00)
2025-04-10 17:59:40,766 - JSPGymEnvironment - INFO -   High priority (8) not on critical path: Job 2 Operation 0 (Severity: 0.33)
2025-04-10 17:59:40,766 - JSPGymEnvironment - INFO -   High priority (9) not on critical path: Job 9 Operation 0 (Severity: 0.67)
2025-04-10 17:59:40,766 - JSPGymEnvironment - INFO -   High priority (10) not on critical path: Job 5 Operation 3 (Severity: 1.00)
2025-04-10 17:59:40,766 - JSPGymEnvironment - INFO -   High priority (10) not on critical path: Job 5 Operation 4 (Severity: 1.00)
2025-04-10 17:59:40,766 - JSPGymEnvironment - INFO -   High priority (8) not on critical path: Job 2 Operation 1 (Severity: 0.33)
2025-04-10 17:59:40,766 - JSPGymEnvironment - INFO -   High priority (9) not on critical path: Job 9 Operation 1 (Severity: 0.67)
2025-04-10 17:59:40,766 - JSPGymEnvironment - INFO -   High priority (9) not on critical path: Job 9 Operation 2 (Severity: 0.67)
2025-04-10 17:59:40,766 - JSPGymEnvironment - INFO -   High priority (8) not on critical path: Job 2 Operation 2 (Severity: 0.33)
2025-04-10 17:59:40,766 - JSPGymEnvironment - INFO -   High priority (9) not on critical path: Job 9 Operation 3 (Severity: 0.67)
2025-04-10 17:59:40,767 - JSPGymEnvironment - INFO -   High priority (9) not on critical path: Job 9 Operation 4 (Severity: 0.67)
2025-04-10 17:59:40,767 - JSPGymEnvironment - INFO -   High priority (9) not on critical path: Job 9 Operation 5 (Severity: 0.67)
2025-04-10 17:59:40,767 - JSPGymEnvironment - INFO -   High priority (8) not on critical path: Job 2 Operation 3 (Severity: 0.33)
2025-04-10 17:59:40,767 - JSPGymEnvironment - INFO -   High priority (9) not on critical path: Job 9 Operation 6 (Severity: 0.67)
2025-04-10 17:59:40,767 - JSPGymEnvironment - INFO -   High priority (8) not on critical path: Job 2 Operation 4 (Severity: 0.33)
2025-04-10 17:59:40,767 - JSPGymEnvironment - INFO -   High priority (9) not on critical path: Job 9 Operation 7 (Severity: 0.67)
2025-04-10 17:59:40,767 - JSPGymEnvironment - INFO -   High priority (8) not on critical path: Job 8 Operation 0 (Severity: 0.33)
2025-04-10 17:59:40,767 - JSPGymEnvironment - INFO -   High priority (9) not on critical path: Job 6 Operation 0 (Severity: 0.67)
2025-04-10 17:59:40,767 - JSPGymEnvironment - INFO -   High priority (8) not on critical path: Job 8 Operation 1 (Severity: 0.33)
2025-04-10 17:59:40,767 - JSPGymEnvironment - INFO -   High priority (8) not on critical path: Job 2 Operation 5 (Severity: 0.33)
2025-04-10 17:59:40,767 - JSPGymEnvironment - INFO -   High priority (8) not on critical path: Job 2 Operation 6 (Severity: 0.33)
2025-04-10 17:59:40,767 - JSPGymEnvironment - INFO -   High priority (8) not on critical path: Job 8 Operation 2 (Severity: 0.33)
2025-04-10 17:59:40,767 - JSPGymEnvironment - INFO -   High priority (8) not on critical path: Job 8 Operation 3 (Severity: 0.33)
2025-04-10 17:59:40,767 - JSPGymEnvironment - INFO -   High priority (8) not on critical path: Job 8 Operation 4 (Severity: 0.33)
2025-04-10 17:59:40,767 - JSPGymEnvironment - INFO -   High priority (10) not on critical path: Job 14 Operation 0 (Severity: 1.00)
2025-04-10 17:59:40,767 - JSPGymEnvironment - INFO -   High priority (8) not on critical path: Job 8 Operation 5 (Severity: 0.33)
2025-04-10 17:59:40,767 - JSPGymEnvironment - INFO -   High priority (9) not on critical path: Job 6 Operation 1 (Severity: 0.67)
2025-04-10 17:59:40,768 - JSPGymEnvironment - INFO -   High priority (8) not on critical path: Job 8 Operation 6 (Severity: 0.33)
2025-04-10 17:59:40,768 - JSPGymEnvironment - INFO -   High priority (10) not on critical path: Job 14 Operation 1 (Severity: 1.00)
2025-04-10 17:59:40,768 - JSPGymEnvironment - INFO -   High priority (10) not on critical path: Job 14 Operation 2 (Severity: 1.00)
2025-04-10 17:59:40,768 - JSPGymEnvironment - INFO -   High priority (9) not on critical path: Job 6 Operation 2 (Severity: 0.67)
2025-04-10 17:59:40,768 - JSPGymEnvironment - INFO -   High priority (9) not on critical path: Job 6 Operation 3 (Severity: 0.67)
2025-04-10 17:59:40,768 - JSPGymEnvironment - INFO -   High priority (10) not on critical path: Job 14 Operation 3 (Severity: 1.00)
2025-04-10 17:59:40,768 - JSPGymEnvironment - INFO -   High priority (10) not on critical path: Job 14 Operation 4 (Severity: 1.00)
2025-04-10 17:59:40,768 - JSPGymEnvironment - INFO -   High priority (10) not on critical path: Job 14 Operation 5 (Severity: 1.00)
2025-04-10 17:59:40,768 - JSPGymEnvironment - INFO -   High priority (10) not on critical path: Job 14 Operation 6 (Severity: 1.00)
2025-04-10 17:59:40,768 - JSPGymEnvironment - INFO -   High priority (10) not on critical path: Job 14 Operation 7 (Severity: 1.00)
2025-04-10 17:59:40,768 - JSPGymEnvironment - INFO -   High priority (9) not on critical path: Job 6 Operation 4 (Severity: 0.67)
2025-04-10 17:59:40,768 - JSPGymEnvironment - INFO -   High priority (9) not on critical path: Job 6 Operation 5 (Severity: 0.67)
2025-04-10 17:59:40,768 - JSPGymEnvironment - INFO -   High priority (9) not on critical path: Job 6 Operation 6 (Severity: 0.67)
2025-04-10 17:59:40,768 - JSPGymEnvironment - INFO -   High priority (9) not on critical path: Job 6 Operation 7 (Severity: 0.67)
2025-04-10 17:59:40,768 - JSPGymEnvironment - INFO - Episode completed. Critical path: 7 operations, Suboptimal placements: 53
2025-04-10 17:59:40,768 - JSPGymEnvironment - INFO - Reward components: {'makespan_reward': -0.45, 'setup_reward': -10.0, 'idle_penalty': 0.0, 'deadline_reward': -6.494336865180855, 'priority_reward': 16.0, 'critical_job_reward': 15.0, 'global_progress_reward': 5.0, 'objective_reward': 0.0, 'placement_reward': 3.0, 'lookahead_reward': 0.0}
2025-04-10 18:00:47,571 - JSPGymEnvironment - INFO - Environment reset
2025-04-10 18:00:47,610 - JSPGymEnvironment - INFO - Material change on machine M1:  -> Racebike_Hauptrahmen_zugeschnitten, setup time: 0
2025-04-10 18:00:47,610 - JSPGymEnvironment - INFO - Executed operation: Job J15, Op 0, Machine M1, Start: 0.0, End: 23.0, Setup: 0
2025-04-10 18:00:47,646 - JSPGymEnvironment - INFO - Material change on machine M1: Racebike_Hauptrahmen_zugeschnitten -> Citybike_Hauptrahmen_zugeschnitten, setup time: 40
2025-04-10 18:00:47,646 - JSPGymEnvironment - INFO - Executed operation: Job J17, Op 0, Machine M1, Start: 63.0, End: 101.0, Setup: 40
2025-04-10 18:00:47,682 - JSPGymEnvironment - INFO - Executed operation: Job J9, Op 0, Machine M1, Start: 126.0, End: 166.0, Setup: 25
2025-04-10 18:00:47,880 - JSPGymEnvironment - INFO - Material change on machine M2:  -> Racebike_Schaltauge_bearbeitet, setup time: 0
2025-04-10 18:00:47,880 - JSPGymEnvironment - INFO - Executed operation: Job J15, Op 1, Machine M2, Start: 166.0, End: 179.0, Setup: 0
2025-04-10 18:00:47,911 - JSPGymEnvironment - INFO - Executed operation: Job J11, Op 0, Machine M1, Start: 204.0, End: 235.0, Setup: 25
2025-04-10 18:00:47,941 - JSPGymEnvironment - INFO - Material change on machine M1: Citybike_Hauptrahmen_zugeschnitten -> Racebike_Hauptrahmen_zugeschnitten, setup time: 40
2025-04-10 18:00:47,941 - JSPGymEnvironment - INFO - Executed operation: Job J10, Op 0, Machine M1, Start: 275.0, End: 307.0, Setup: 40
2025-04-10 18:00:47,976 - JSPGymEnvironment - INFO - Material change on machine M1: Racebike_Hauptrahmen_zugeschnitten -> E-Bike_Hauptrahmen_zugeschnitten, setup time: 40
2025-04-10 18:00:47,976 - JSPGymEnvironment - INFO - Executed operation: Job J19, Op 0, Machine M1, Start: 347.0, End: 362.0, Setup: 40
2025-04-10 18:00:48,013 - JSPGymEnvironment - INFO - Material change on machine M3:  -> Racebike_Antrieb_installiert, setup time: 0
2025-04-10 18:00:48,013 - JSPGymEnvironment - INFO - Executed operation: Job J15, Op 2, Machine M3, Start: 362.0, End: 397.0, Setup: 0
2025-04-10 18:00:48,053 - JSPGymEnvironment - INFO - Material change on machine M2: Racebike_Schaltauge_bearbeitet -> E-Bike_Schaltauge_bearbeitet, setup time: 20
2025-04-10 18:00:48,053 - JSPGymEnvironment - INFO - Executed operation: Job J19, Op 1, Machine M2, Start: 417.0, End: 447.0, Setup: 20
2025-04-10 18:00:48,082 - JSPGymEnvironment - INFO - Material change on machine M2: E-Bike_Schaltauge_bearbeitet -> Citybike_Schaltauge_bearbeitet, setup time: 20
2025-04-10 18:00:48,083 - JSPGymEnvironment - INFO - Executed operation: Job J9, Op 1, Machine M2, Start: 467.0, End: 483.0, Setup: 20
2025-04-10 18:00:48,111 - JSPGymEnvironment - INFO - Material change on machine M1: E-Bike_Hauptrahmen_zugeschnitten -> Racebike_Hauptrahmen_zugeschnitten, setup time: 40
2025-04-10 18:00:48,111 - JSPGymEnvironment - INFO - Executed operation: Job J7, Op 0, Machine M1, Start: 523.0, End: 558.0, Setup: 40
2025-04-10 18:00:48,146 - JSPGymEnvironment - INFO - Material change on machine M3: Racebike_Antrieb_installiert -> Racebike_Bremsen_justiert, setup time: 15
2025-04-10 18:00:48,146 - JSPGymEnvironment - INFO - Executed operation: Job J15, Op 3, Machine M3, Start: 573.0, End: 600.0, Setup: 15
2025-04-10 18:00:48,180 - JSPGymEnvironment - INFO - Material change on machine M2: Citybike_Schaltauge_bearbeitet -> Racebike_Rahmen_nachbearbeitet, setup time: 20
2025-04-10 18:00:48,180 - JSPGymEnvironment - INFO - Executed operation: Job J15, Op 4, Machine M2, Start: 620.0, End: 640.0, Setup: 20
2025-04-10 18:00:48,214 - JSPGymEnvironment - INFO - Material change on machine M2: Racebike_Rahmen_nachbearbeitet -> Racebike_Schaltauge_bearbeitet, setup time: 20
2025-04-10 18:00:48,214 - JSPGymEnvironment - INFO - Executed operation: Job J7, Op 1, Machine M2, Start: 660.0, End: 683.0, Setup: 20
2025-04-10 18:00:48,248 - JSPGymEnvironment - INFO - Executed operation: Job J4, Op 0, Machine M1, Start: 708.0, End: 733.0, Setup: 25
2025-04-10 18:00:48,284 - JSPGymEnvironment - INFO - Material change on machine M1: Racebike_Hauptrahmen_zugeschnitten -> Mountainbike_Hauptrahmen_zugeschnitten, setup time: 40
2025-04-10 18:00:48,284 - JSPGymEnvironment - INFO - Executed operation: Job J20, Op 0, Machine M1, Start: 773.0, End: 792.0, Setup: 40
2025-04-10 18:00:48,318 - JSPGymEnvironment - INFO - Material change on machine M3: Racebike_Bremsen_justiert -> Citybike_Antrieb_installiert, setup time: 15
2025-04-10 18:00:48,318 - JSPGymEnvironment - INFO - Executed operation: Job J9, Op 2, Machine M3, Start: 807.0, End: 861.0, Setup: 15
2025-04-10 18:00:48,352 - JSPGymEnvironment - INFO - Material change on machine M2: Racebike_Schaltauge_bearbeitet -> Racebike_Rahmen_nachbearbeitet, setup time: 20
2025-04-10 18:00:48,352 - JSPGymEnvironment - INFO - Executed operation: Job J15, Op 5, Machine M2, Start: 881.0, End: 904.0, Setup: 20
2025-04-10 18:00:48,543 - JSPGymEnvironment - INFO - Material change on machine M3: Citybike_Antrieb_installiert -> Racebike_Antrieb_installiert, setup time: 15
2025-04-10 18:00:48,543 - JSPGymEnvironment - INFO - Executed operation: Job J7, Op 2, Machine M3, Start: 919.0, End: 943.0, Setup: 15
2025-04-10 18:00:48,575 - JSPGymEnvironment - INFO - Material change on machine M2: Racebike_Rahmen_nachbearbeitet -> Citybike_Bremsaufnahme_gebohrt, setup time: 20
2025-04-10 18:00:48,575 - JSPGymEnvironment - INFO - Executed operation: Job J9, Op 3, Machine M2, Start: 963.0, End: 986.0, Setup: 20
2025-04-10 18:00:48,612 - JSPGymEnvironment - INFO - Material change on machine M1: Mountainbike_Hauptrahmen_zugeschnitten -> E-Bike_Hauptrahmen_zugeschnitten, setup time: 40
2025-04-10 18:00:48,612 - JSPGymEnvironment - INFO - Executed operation: Job J3, Op 0, Machine M1, Start: 1026.0, End: 1060.0, Setup: 40
2025-04-10 18:00:48,648 - JSPGymEnvironment - INFO - Material change on machine M2: Citybike_Bremsaufnahme_gebohrt -> Citybike_Schaltauge_bearbeitet, setup time: 20
2025-04-10 18:00:48,648 - JSPGymEnvironment - INFO - Executed operation: Job J11, Op 1, Machine M2, Start: 1080.0, End: 1093.0, Setup: 20
2025-04-10 18:00:48,691 - JSPGymEnvironment - INFO - Material change on machine M2: Citybike_Schaltauge_bearbeitet -> Racebike_Bremsaufnahme_gebohrt, setup time: 20
2025-04-10 18:00:48,691 - JSPGymEnvironment - INFO - Executed operation: Job J7, Op 3, Machine M2, Start: 1113.0, End: 1136.0, Setup: 20
2025-04-10 18:00:48,726 - JSPGymEnvironment - INFO - Material change on machine M3: Racebike_Antrieb_installiert -> Racebike_Fahrrad_endmontiert, setup time: 15
2025-04-10 18:00:48,726 - JSPGymEnvironment - INFO - Executed operation: Job J15, Op 6, Machine M3, Start: 1151.0, End: 1178.0, Setup: 15
2025-04-10 18:00:48,761 - JSPGymEnvironment - INFO - Material change on machine M2: Racebike_Bremsaufnahme_gebohrt -> Citybike_Rahmen_nachbearbeitet, setup time: 20
2025-04-10 18:00:48,761 - JSPGymEnvironment - INFO - Executed operation: Job J9, Op 4, Machine M2, Start: 1198.0, End: 1210.0, Setup: 20
2025-04-10 18:00:48,793 - JSPGymEnvironment - INFO - Material change on machine M1: E-Bike_Hauptrahmen_zugeschnitten -> Racebike_Hauptrahmen_zugeschnitten, setup time: 40
2025-04-10 18:00:48,794 - JSPGymEnvironment - INFO - Executed operation: Job J1, Op 0, Machine M1, Start: 1250.0, End: 1290.0, Setup: 40
2025-04-10 18:00:48,825 - JSPGymEnvironment - INFO - Material change on machine M3: Racebike_Fahrrad_endmontiert -> E-Bike_Antrieb_installiert, setup time: 15
2025-04-10 18:00:48,825 - JSPGymEnvironment - INFO - Executed operation: Job J19, Op 2, Machine M3, Start: 1305.0, End: 1327.0, Setup: 15
2025-04-10 18:00:48,859 - JSPGymEnvironment - INFO - Material change on machine M2: Citybike_Rahmen_nachbearbeitet -> Racebike_Schaltauge_bearbeitet, setup time: 20
2025-04-10 18:00:48,859 - JSPGymEnvironment - INFO - Executed operation: Job J10, Op 1, Machine M2, Start: 1347.0, End: 1372.0, Setup: 20
2025-04-10 18:00:48,892 - JSPGymEnvironment - INFO - Material change on machine M1: Racebike_Hauptrahmen_zugeschnitten -> Mountainbike_Hauptrahmen_zugeschnitten, setup time: 40
2025-04-10 18:00:48,892 - JSPGymEnvironment - INFO - Executed operation: Job J18, Op 0, Machine M1, Start: 1412.0, End: 1434.0, Setup: 40
2025-04-10 18:00:48,927 - JSPGymEnvironment - INFO - Material change on machine M3: E-Bike_Antrieb_installiert -> Racebike_Fahrrad_endmontiert, setup time: 15
2025-04-10 18:00:48,927 - JSPGymEnvironment - INFO - Executed operation: Job J15, Op 7, Machine M3, Start: 1449.0, End: 1495.0, Setup: 15
2025-04-10 18:00:48,927 - JSPGymEnvironment - INFO - Job J15 completed at time 1495.0, deadline: 2833, met: True, priority: 10
2025-04-10 18:00:48,958 - JSPGymEnvironment - INFO - Material change on machine M3: Racebike_Fahrrad_endmontiert -> Citybike_Antrieb_installiert, setup time: 15
2025-04-10 18:00:48,958 - JSPGymEnvironment - INFO - Executed operation: Job J11, Op 2, Machine M3, Start: 1510.0, End: 1552.0, Setup: 15
2025-04-10 18:00:48,987 - JSPGymEnvironment - INFO - Material change on machine M2: Racebike_Schaltauge_bearbeitet -> E-Bike_Bremsaufnahme_gebohrt, setup time: 20
2025-04-10 18:00:48,988 - JSPGymEnvironment - INFO - Executed operation: Job J19, Op 3, Machine M2, Start: 1572.0, End: 1585.0, Setup: 20
2025-04-10 18:00:49,186 - JSPGymEnvironment - INFO - Material change on machine M2: E-Bike_Bremsaufnahme_gebohrt -> E-Bike_Rahmen_nachbearbeitet, setup time: 20
2025-04-10 18:00:49,186 - JSPGymEnvironment - INFO - Executed operation: Job J19, Op 4, Machine M2, Start: 1605.0, End: 1622.0, Setup: 20
2025-04-10 18:00:49,220 - JSPGymEnvironment - INFO - Material change on machine M2: E-Bike_Rahmen_nachbearbeitet -> Mountainbike_Schaltauge_bearbeitet, setup time: 20
2025-04-10 18:00:49,220 - JSPGymEnvironment - INFO - Executed operation: Job J18, Op 1, Machine M2, Start: 1642.0, End: 1662.0, Setup: 20
2025-04-10 18:00:49,251 - JSPGymEnvironment - INFO - Material change on machine M1: Mountainbike_Hauptrahmen_zugeschnitten -> Citybike_Hauptrahmen_zugeschnitten, setup time: 40
2025-04-10 18:00:49,252 - JSPGymEnvironment - INFO - Executed operation: Job J2, Op 0, Machine M1, Start: 1702.0, End: 1718.0, Setup: 40
2025-04-10 18:00:49,282 - JSPGymEnvironment - INFO - Executed operation: Job J14, Op 0, Machine M1, Start: 1743.0, End: 1761.0, Setup: 25
2025-04-10 18:00:49,312 - JSPGymEnvironment - INFO - Material change on machine M3: Citybike_Antrieb_installiert -> Citybike_Fahrrad_endmontiert, setup time: 15
2025-04-10 18:00:49,312 - JSPGymEnvironment - INFO - Executed operation: Job J9, Op 5, Machine M3, Start: 1776.0, End: 1827.0, Setup: 15
2025-04-10 18:00:49,341 - JSPGymEnvironment - INFO - Material change on machine M3: Citybike_Fahrrad_endmontiert -> Mountainbike_Antrieb_installiert, setup time: 15
2025-04-10 18:00:49,342 - JSPGymEnvironment - INFO - Executed operation: Job J18, Op 2, Machine M3, Start: 1842.0, End: 1871.0, Setup: 15
2025-04-10 18:00:49,376 - JSPGymEnvironment - INFO - Material change on machine M3: Mountainbike_Antrieb_installiert -> Citybike_Bremsen_justiert, setup time: 15
2025-04-10 18:00:49,376 - JSPGymEnvironment - INFO - Executed operation: Job J11, Op 3, Machine M3, Start: 1886.0, End: 1908.0, Setup: 15
2025-04-10 18:00:49,410 - JSPGymEnvironment - INFO - Material change on machine M3: Citybike_Bremsen_justiert -> Citybike_Fahrrad_endmontiert, setup time: 15
2025-04-10 18:00:49,410 - JSPGymEnvironment - INFO - Executed operation: Job J9, Op 6, Machine M3, Start: 1923.0, End: 1946.0, Setup: 15
2025-04-10 18:00:49,410 - JSPGymEnvironment - INFO - Job J9 completed at time 1946.0, deadline: 2880, met: True, priority: 8
2025-04-10 18:00:49,441 - JSPGymEnvironment - INFO - Material change on machine M2: Mountainbike_Schaltauge_bearbeitet -> Citybike_Schaltauge_bearbeitet, setup time: 20
2025-04-10 18:00:49,441 - JSPGymEnvironment - INFO - Executed operation: Job J14, Op 1, Machine M2, Start: 1966.0, End: 1982.0, Setup: 20
2025-04-10 18:00:49,474 - JSPGymEnvironment - INFO - Material change on machine M2: Citybike_Schaltauge_bearbeitet -> Racebike_Rahmen_nachbearbeitet, setup time: 20
2025-04-10 18:00:49,475 - JSPGymEnvironment - INFO - Executed operation: Job J7, Op 4, Machine M2, Start: 2002.0, End: 2028.0, Setup: 20
2025-04-10 18:00:49,511 - JSPGymEnvironment - INFO - Executed operation: Job J7, Op 5, Machine M2, Start: 2043.0, End: 2061.0, Setup: 15
2025-04-10 18:00:49,539 - JSPGymEnvironment - INFO - Material change on machine M2: Racebike_Rahmen_nachbearbeitet -> E-Bike_Rahmen_nachbearbeitet, setup time: 20
2025-04-10 18:00:49,539 - JSPGymEnvironment - INFO - Executed operation: Job J19, Op 5, Machine M2, Start: 2081.0, End: 2102.0, Setup: 20
2025-04-10 18:00:49,570 - JSPGymEnvironment - INFO - Executed operation: Job J11, Op 4, Machine M3, Start: 2112.0, End: 2151.0, Setup: 10
2025-04-10 18:00:49,600 - JSPGymEnvironment - INFO - Material change on machine M1: Citybike_Hauptrahmen_zugeschnitten -> E-Bike_Hauptrahmen_zugeschnitten, setup time: 40
2025-04-10 18:00:49,600 - JSPGymEnvironment - INFO - Executed operation: Job J13, Op 0, Machine M1, Start: 2191.0, End: 2232.0, Setup: 40
2025-04-10 18:00:49,779 - JSPGymEnvironment - INFO - Material change on machine M3: Citybike_Fahrrad_endmontiert -> Racebike_Antrieb_installiert, setup time: 15
2025-04-10 18:00:49,779 - JSPGymEnvironment - INFO - Executed operation: Job J10, Op 2, Machine M3, Start: 2247.0, End: 2286.0, Setup: 15
2025-04-10 18:00:49,813 - JSPGymEnvironment - INFO - Material change on machine M2: E-Bike_Rahmen_nachbearbeitet -> E-Bike_Schaltauge_bearbeitet, setup time: 20
2025-04-10 18:00:49,813 - JSPGymEnvironment - INFO - Executed operation: Job J3, Op 1, Machine M2, Start: 2306.0, End: 2326.0, Setup: 20
2025-04-10 18:00:49,853 - JSPGymEnvironment - INFO - Material change on machine M2: E-Bike_Schaltauge_bearbeitet -> E-Bike_Fahrrad_endmontiert, setup time: 20
2025-04-10 18:00:49,853 - JSPGymEnvironment - INFO - Executed operation: Job J19, Op 6, Machine M2, Start: 2346.0, End: 2371.0, Setup: 20
2025-04-10 18:00:49,853 - JSPGymEnvironment - INFO - Job J19 completed at time 2371.0, deadline: 2737, met: True, priority: 8
2025-04-10 18:00:49,880 - JSPGymEnvironment - INFO - Material change on machine M2: E-Bike_Fahrrad_endmontiert -> Racebike_Schaltauge_bearbeitet, setup time: 20
2025-04-10 18:00:49,880 - JSPGymEnvironment - INFO - Executed operation: Job J4, Op 1, Machine M2, Start: 2391.0, End: 2406.0, Setup: 20
2025-04-10 18:00:49,910 - JSPGymEnvironment - INFO - Material change on machine M2: Racebike_Schaltauge_bearbeitet -> Citybike_Rahmen_nachbearbeitet, setup time: 20
2025-04-10 18:00:49,910 - JSPGymEnvironment - INFO - Executed operation: Job J11, Op 5, Machine M2, Start: 2426.0, End: 2443.0, Setup: 20
2025-04-10 18:00:49,938 - JSPGymEnvironment - INFO - Material change on machine M1: E-Bike_Hauptrahmen_zugeschnitten -> Racebike_Hauptrahmen_zugeschnitten, setup time: 40
2025-04-10 18:00:49,938 - JSPGymEnvironment - INFO - Executed operation: Job J6, Op 0, Machine M1, Start: 2483.0, End: 2519.0, Setup: 40
2025-04-10 18:00:49,968 - JSPGymEnvironment - INFO - Material change on machine M2: Citybike_Rahmen_nachbearbeitet -> Citybike_Schaltauge_bearbeitet, setup time: 20
2025-04-10 18:00:49,968 - JSPGymEnvironment - INFO - Executed operation: Job J2, Op 1, Machine M2, Start: 2539.0, End: 2549.0, Setup: 20
2025-04-10 18:00:49,998 - JSPGymEnvironment - INFO - Material change on machine M1: Racebike_Hauptrahmen_zugeschnitten -> Mountainbike_Hauptrahmen_zugeschnitten, setup time: 40
2025-04-10 18:00:49,998 - JSPGymEnvironment - INFO - Executed operation: Job J12, Op 0, Machine M1, Start: 2589.0, End: 2620.0, Setup: 40
2025-04-10 18:00:50,029 - JSPGymEnvironment - INFO - Material change on machine M2: Citybike_Schaltauge_bearbeitet -> Racebike_Schaltauge_bearbeitet, setup time: 20
2025-04-10 18:00:50,029 - JSPGymEnvironment - INFO - Executed operation: Job J6, Op 1, Machine M2, Start: 2640.0, End: 2653.0, Setup: 20
2025-04-10 18:00:50,063 - JSPGymEnvironment - INFO - Executed operation: Job J1, Op 1, Machine M2, Start: 2668.0, End: 2684.0, Setup: 15
2025-04-10 18:00:50,095 - JSPGymEnvironment - INFO - Material change on machine M2: Racebike_Schaltauge_bearbeitet -> Citybike_Rahmen_nachbearbeitet, setup time: 20
2025-04-10 18:00:50,109 - JSPGymEnvironment - INFO - Executed operation: Job J11, Op 6, Machine M2, Start: 2704.0, End: 2726.0, Setup: 20
2025-04-10 18:00:50,138 - JSPGymEnvironment - INFO - Executed operation: Job J4, Op 2, Machine M3, Start: 2736.0, End: 2776.0, Setup: 10
2025-04-10 18:00:50,166 - JSPGymEnvironment - INFO - Material change on machine M2: Citybike_Rahmen_nachbearbeitet -> Citybike_Fahrrad_endmontiert, setup time: 20
2025-04-10 18:00:50,166 - JSPGymEnvironment - INFO - Executed operation: Job J11, Op 7, Machine M2, Start: 2796.0, End: 2825.0, Setup: 20
2025-04-10 18:00:50,166 - JSPGymEnvironment - INFO - Job J11 completed at time 2825.0, deadline: 2880, met: True, priority: 7
2025-04-10 18:00:50,334 - JSPGymEnvironment - INFO - Material change on machine M2: Citybike_Fahrrad_endmontiert -> Racebike_Rahmen_nachbearbeitet, setup time: 20
2025-04-10 18:00:50,334 - JSPGymEnvironment - INFO - Executed operation: Job J7, Op 6, Machine M2, Start: 2845.0, End: 2860.0, Setup: 20
2025-04-10 18:00:50,361 - JSPGymEnvironment - INFO - Material change on machine M2: Racebike_Rahmen_nachbearbeitet -> Racebike_Bremsaufnahme_gebohrt, setup time: 20
2025-04-10 18:00:50,361 - JSPGymEnvironment - INFO - Executed operation: Job J4, Op 3, Machine M2, Start: 2880.0, End: 2894.0, Setup: 20
2025-04-10 18:00:50,388 - JSPGymEnvironment - INFO - Material change on machine M3: Racebike_Antrieb_installiert -> Citybike_Antrieb_installiert, setup time: 15
2025-04-10 18:00:50,388 - JSPGymEnvironment - INFO - Executed operation: Job J2, Op 2, Machine M3, Start: 2909.0, End: 2937.0, Setup: 15
2025-04-10 18:00:50,416 - JSPGymEnvironment - INFO - Material change on machine M3: Citybike_Antrieb_installiert -> E-Bike_Antrieb_installiert, setup time: 15
2025-04-10 18:00:50,416 - JSPGymEnvironment - INFO - Executed operation: Job J3, Op 2, Machine M3, Start: 2952.0, End: 3010.0, Setup: 15
2025-04-10 18:00:50,443 - JSPGymEnvironment - INFO - Material change on machine M3: E-Bike_Antrieb_installiert -> Citybike_Antrieb_installiert, setup time: 15
2025-04-10 18:00:50,443 - JSPGymEnvironment - INFO - Executed operation: Job J14, Op 2, Machine M3, Start: 3025.0, End: 3047.0, Setup: 15
2025-04-10 18:00:50,472 - JSPGymEnvironment - INFO - Material change on machine M3: Citybike_Antrieb_installiert -> Racebike_Antrieb_installiert, setup time: 15
2025-04-10 18:00:50,472 - JSPGymEnvironment - INFO - Executed operation: Job J6, Op 2, Machine M3, Start: 3062.0, End: 3100.0, Setup: 15
2025-04-10 18:00:50,498 - JSPGymEnvironment - INFO - Material change on machine M2: Racebike_Bremsaufnahme_gebohrt -> Racebike_Fahrrad_endmontiert, setup time: 20
2025-04-10 18:00:50,498 - JSPGymEnvironment - INFO - Executed operation: Job J7, Op 7, Machine M2, Start: 3120.0, End: 3145.0, Setup: 20
2025-04-10 18:00:50,499 - JSPGymEnvironment - INFO - Job J7 completed at time 3145.0, deadline: 2880, met: False, priority: 9
2025-04-10 18:00:50,528 - JSPGymEnvironment - INFO - Material change on machine M2: Racebike_Fahrrad_endmontiert -> Citybike_Bremsaufnahme_gebohrt, setup time: 20
2025-04-10 18:00:50,528 - JSPGymEnvironment - INFO - Executed operation: Job J2, Op 3, Machine M2, Start: 3165.0, End: 3186.0, Setup: 20
2025-04-10 18:00:50,558 - JSPGymEnvironment - INFO - Material change on machine M2: Citybike_Bremsaufnahme_gebohrt -> E-Bike_Bremsaufnahme_gebohrt, setup time: 20
2025-04-10 18:00:50,558 - JSPGymEnvironment - INFO - Executed operation: Job J3, Op 3, Machine M2, Start: 3206.0, End: 3236.0, Setup: 20
2025-04-10 18:00:50,587 - JSPGymEnvironment - INFO - Material change on machine M2: E-Bike_Bremsaufnahme_gebohrt -> Citybike_Bremsaufnahme_gebohrt, setup time: 20
2025-04-10 18:00:50,587 - JSPGymEnvironment - INFO - Executed operation: Job J14, Op 3, Machine M2, Start: 3256.0, End: 3274.0, Setup: 20
2025-04-10 18:00:50,619 - JSPGymEnvironment - INFO - Material change on machine M2: Citybike_Bremsaufnahme_gebohrt -> Racebike_Bremsaufnahme_gebohrt, setup time: 20
2025-04-10 18:00:50,619 - JSPGymEnvironment - INFO - Executed operation: Job J10, Op 3, Machine M2, Start: 3294.0, End: 3316.0, Setup: 20
2025-04-10 18:00:50,650 - JSPGymEnvironment - INFO - Executed operation: Job J1, Op 2, Machine M3, Start: 3326.0, End: 3362.0, Setup: 10
2025-04-10 18:00:50,682 - JSPGymEnvironment - INFO - Material change on machine M2: Racebike_Bremsaufnahme_gebohrt -> Mountainbike_Schaltauge_bearbeitet, setup time: 20
2025-04-10 18:00:50,682 - JSPGymEnvironment - INFO - Executed operation: Job J12, Op 1, Machine M2, Start: 3382.0, End: 3404.0, Setup: 20
2025-04-10 18:00:50,709 - JSPGymEnvironment - INFO - Material change on machine M1: Mountainbike_Hauptrahmen_zugeschnitten -> Citybike_Hauptrahmen_zugeschnitten, setup time: 40
2025-04-10 18:00:50,709 - JSPGymEnvironment - INFO - Executed operation: Job J8, Op 0, Machine M1, Start: 3444.0, End: 3463.0, Setup: 40
2025-04-10 18:00:50,736 - JSPGymEnvironment - INFO - Executed operation: Job J20, Op 1, Machine M2, Start: 3478.0, End: 3503.0, Setup: 15
2025-04-10 18:00:50,901 - JSPGymEnvironment - INFO - Material change on machine M3: Racebike_Antrieb_installiert -> Mountainbike_Antrieb_installiert, setup time: 15
2025-04-10 18:00:50,901 - JSPGymEnvironment - INFO - Executed operation: Job J12, Op 2, Machine M3, Start: 3518.0, End: 3563.0, Setup: 15
2025-04-10 18:00:50,927 - JSPGymEnvironment - INFO - Material change on machine M2: Mountainbike_Schaltauge_bearbeitet -> Racebike_Rahmen_nachbearbeitet, setup time: 20
2025-04-10 18:00:50,927 - JSPGymEnvironment - INFO - Executed operation: Job J10, Op 4, Machine M2, Start: 3583.0, End: 3594.0, Setup: 20
2025-04-10 18:00:50,954 - JSPGymEnvironment - INFO - Material change on machine M3: Mountainbike_Antrieb_installiert -> Racebike_Bremsen_justiert, setup time: 15
2025-04-10 18:00:50,954 - JSPGymEnvironment - INFO - Executed operation: Job J6, Op 3, Machine M3, Start: 3609.0, End: 3667.0, Setup: 15
2025-04-10 18:00:50,981 - JSPGymEnvironment - INFO - Executed operation: Job J4, Op 4, Machine M2, Start: 3682.0, End: 3707.0, Setup: 15
2025-04-10 18:00:51,007 - JSPGymEnvironment - INFO - Material change on machine M2: Racebike_Rahmen_nachbearbeitet -> E-Bike_Schaltauge_bearbeitet, setup time: 20
2025-04-10 18:00:51,007 - JSPGymEnvironment - INFO - Executed operation: Job J13, Op 1, Machine M2, Start: 3727.0, End: 3750.0, Setup: 20
2025-04-10 18:00:51,035 - JSPGymEnvironment - INFO - Material change on machine M3: Racebike_Bremsen_justiert -> E-Bike_Antrieb_installiert, setup time: 15
2025-04-10 18:00:51,035 - JSPGymEnvironment - INFO - Executed operation: Job J13, Op 2, Machine M3, Start: 3765.0, End: 3818.0, Setup: 15
2025-04-10 18:00:51,062 - JSPGymEnvironment - INFO - Material change on machine M3: E-Bike_Antrieb_installiert -> Mountainbike_Bremsen_justiert, setup time: 15
2025-04-10 18:00:51,062 - JSPGymEnvironment - INFO - Executed operation: Job J18, Op 3, Machine M3, Start: 3833.0, End: 3888.0, Setup: 15
2025-04-10 18:00:51,088 - JSPGymEnvironment - INFO - Material change on machine M2: E-Bike_Schaltauge_bearbeitet -> Citybike_Rahmen_nachbearbeitet, setup time: 20
2025-04-10 18:00:51,088 - JSPGymEnvironment - INFO - Executed operation: Job J2, Op 4, Machine M2, Start: 3908.0, End: 3932.0, Setup: 20
2025-04-10 18:00:51,115 - JSPGymEnvironment - INFO - Material change on machine M2: Citybike_Rahmen_nachbearbeitet -> Racebike_Rahmen_nachbearbeitet, setup time: 20
2025-04-10 18:00:51,115 - JSPGymEnvironment - INFO - Executed operation: Job J10, Op 5, Machine M2, Start: 3952.0, End: 3970.0, Setup: 20
2025-04-10 18:00:51,142 - JSPGymEnvironment - INFO - Material change on machine M2: Racebike_Rahmen_nachbearbeitet -> E-Bike_Bremsaufnahme_gebohrt, setup time: 20
2025-04-10 18:00:51,142 - JSPGymEnvironment - INFO - Executed operation: Job J13, Op 3, Machine M2, Start: 3990.0, End: 4012.0, Setup: 20
2025-04-10 18:00:51,169 - JSPGymEnvironment - INFO - Material change on machine M2: E-Bike_Bremsaufnahme_gebohrt -> Racebike_Rahmen_nachbearbeitet, setup time: 20
2025-04-10 18:00:51,169 - JSPGymEnvironment - INFO - Executed operation: Job J10, Op 6, Machine M2, Start: 4032.0, End: 4043.0, Setup: 20
2025-04-10 18:00:51,196 - JSPGymEnvironment - INFO - Material change on machine M2: Racebike_Rahmen_nachbearbeitet -> Mountainbike_Bremsaufnahme_gebohrt, setup time: 20
2025-04-10 18:00:51,196 - JSPGymEnvironment - INFO - Executed operation: Job J12, Op 3, Machine M2, Start: 4063.0, End: 4089.0, Setup: 20
2025-04-10 18:00:51,223 - JSPGymEnvironment - INFO - Material change on machine M3: Mountainbike_Bremsen_justiert -> Mountainbike_Antrieb_installiert, setup time: 15
2025-04-10 18:00:51,223 - JSPGymEnvironment - INFO - Executed operation: Job J20, Op 2, Machine M3, Start: 4104.0, End: 4128.0, Setup: 15
2025-04-10 18:00:51,250 - JSPGymEnvironment - INFO - Material change on machine M2: Mountainbike_Bremsaufnahme_gebohrt -> Racebike_Rahmen_nachbearbeitet, setup time: 20
2025-04-10 18:00:51,250 - JSPGymEnvironment - INFO - Executed operation: Job J4, Op 5, Machine M2, Start: 4148.0, End: 4172.0, Setup: 20
2025-04-10 18:00:51,416 - JSPGymEnvironment - INFO - Material change on machine M3: Mountainbike_Antrieb_installiert -> Citybike_Fahrrad_endmontiert, setup time: 15
2025-04-10 18:00:51,417 - JSPGymEnvironment - INFO - Executed operation: Job J2, Op 5, Machine M3, Start: 4187.0, End: 4208.0, Setup: 15
2025-04-10 18:00:51,417 - JSPGymEnvironment - INFO - Job J2 completed at time 4208.0, deadline: 2880, met: False, priority: 3
2025-04-10 18:00:51,443 - JSPGymEnvironment - INFO - Material change on machine M3: Citybike_Fahrrad_endmontiert -> E-Bike_Fahrrad_endmontiert, setup time: 15
2025-04-10 18:00:51,443 - JSPGymEnvironment - INFO - Executed operation: Job J13, Op 4, Machine M3, Start: 4223.0, End: 4276.0, Setup: 15
2025-04-10 18:00:51,443 - JSPGymEnvironment - INFO - Job J13 completed at time 4276.0, deadline: 2863, met: False, priority: 7
2025-04-10 18:00:51,470 - JSPGymEnvironment - INFO - Material change on machine M2: Racebike_Rahmen_nachbearbeitet -> Racebike_Bremsaufnahme_gebohrt, setup time: 20
2025-04-10 18:00:51,470 - JSPGymEnvironment - INFO - Executed operation: Job J1, Op 3, Machine M2, Start: 4296.0, End: 4314.0, Setup: 20
2025-04-10 18:00:51,497 - JSPGymEnvironment - INFO - Material change on machine M2: Racebike_Bremsaufnahme_gebohrt -> Citybike_Rahmen_nachbearbeitet, setup time: 20
2025-04-10 18:00:51,497 - JSPGymEnvironment - INFO - Executed operation: Job J14, Op 4, Machine M2, Start: 4334.0, End: 4363.0, Setup: 20
2025-04-10 18:00:51,523 - JSPGymEnvironment - INFO - Material change on machine M3: E-Bike_Fahrrad_endmontiert -> Racebike_Fahrrad_endmontiert, setup time: 15
2025-04-10 18:00:51,523 - JSPGymEnvironment - INFO - Executed operation: Job J4, Op 6, Machine M3, Start: 4378.0, End: 4404.0, Setup: 15
2025-04-10 18:00:51,523 - JSPGymEnvironment - INFO - Job J4 completed at time 4404.0, deadline: 2757, met: False, priority: 7
2025-04-10 18:00:51,550 - JSPGymEnvironment - INFO - Material change on machine M2: Citybike_Rahmen_nachbearbeitet -> Mountainbike_Rahmen_nachbearbeitet, setup time: 20
2025-04-10 18:00:51,550 - JSPGymEnvironment - INFO - Executed operation: Job J12, Op 4, Machine M2, Start: 4424.0, End: 4452.0, Setup: 20
2025-04-10 18:00:51,576 - JSPGymEnvironment - INFO - Material change on machine M2: Mountainbike_Rahmen_nachbearbeitet -> Racebike_Fahrrad_endmontiert, setup time: 20
2025-04-10 18:00:51,576 - JSPGymEnvironment - INFO - Executed operation: Job J10, Op 7, Machine M2, Start: 4472.0, End: 4484.0, Setup: 20
2025-04-10 18:00:51,576 - JSPGymEnvironment - INFO - Job J10 completed at time 4484.0, deadline: 2880, met: False, priority: 9
2025-04-10 18:00:51,602 - JSPGymEnvironment - INFO - Material change on machine M2: Racebike_Fahrrad_endmontiert -> Citybike_Rahmen_nachbearbeitet, setup time: 20
2025-04-10 18:00:51,602 - JSPGymEnvironment - INFO - Executed operation: Job J14, Op 5, Machine M2, Start: 4504.0, End: 4534.0, Setup: 20
2025-04-10 18:00:51,628 - JSPGymEnvironment - INFO - Material change on machine M2: Citybike_Rahmen_nachbearbeitet -> E-Bike_Rahmen_nachbearbeitet, setup time: 20
2025-04-10 18:00:51,628 - JSPGymEnvironment - INFO - Executed operation: Job J3, Op 4, Machine M2, Start: 4554.0, End: 4571.0, Setup: 20
2025-04-10 18:00:51,655 - JSPGymEnvironment - INFO - Material change on machine M2: E-Bike_Rahmen_nachbearbeitet -> Citybike_Rahmen_nachbearbeitet, setup time: 20
2025-04-10 18:00:51,655 - JSPGymEnvironment - INFO - Executed operation: Job J14, Op 6, Machine M2, Start: 4591.0, End: 4615.0, Setup: 20
2025-04-10 18:00:51,683 - JSPGymEnvironment - INFO - Material change on machine M2: Citybike_Rahmen_nachbearbeitet -> Citybike_Fahrrad_endmontiert, setup time: 20
2025-04-10 18:00:51,683 - JSPGymEnvironment - INFO - Executed operation: Job J14, Op 7, Machine M2, Start: 4635.0, End: 4656.0, Setup: 20
2025-04-10 18:00:51,683 - JSPGymEnvironment - INFO - Job J14 completed at time 4656.0, deadline: 2880, met: False, priority: 3
2025-04-10 18:00:51,715 - JSPGymEnvironment - INFO - Material change on machine M3: Racebike_Fahrrad_endmontiert -> Mountainbike_Bremsen_justiert, setup time: 15
2025-04-10 18:00:51,715 - JSPGymEnvironment - INFO - Executed operation: Job J20, Op 3, Machine M3, Start: 4671.0, End: 4712.0, Setup: 15
2025-04-10 18:00:51,749 - JSPGymEnvironment - INFO - Material change on machine M2: Citybike_Fahrrad_endmontiert -> Mountainbike_Fahrrad_endmontiert, setup time: 20
2025-04-10 18:00:51,749 - JSPGymEnvironment - INFO - Executed operation: Job J18, Op 4, Machine M2, Start: 4732.0, End: 4745.0, Setup: 20
2025-04-10 18:00:51,750 - JSPGymEnvironment - INFO - Job J18 completed at time 4745.0, deadline: 2880, met: False, priority: 6
2025-04-10 18:00:51,781 - JSPGymEnvironment - INFO - Material change on machine M2: Mountainbike_Fahrrad_endmontiert -> Citybike_Schaltauge_bearbeitet, setup time: 20
2025-04-10 18:00:51,781 - JSPGymEnvironment - INFO - Executed operation: Job J17, Op 1, Machine M2, Start: 4765.0, End: 4785.0, Setup: 20
2025-04-10 18:00:51,956 - JSPGymEnvironment - INFO - Material change on machine M3: Mountainbike_Bremsen_justiert -> Citybike_Antrieb_installiert, setup time: 15
2025-04-10 18:00:51,957 - JSPGymEnvironment - INFO - Executed operation: Job J17, Op 2, Machine M3, Start: 4800.0, End: 4834.0, Setup: 15
2025-04-10 18:00:51,983 - JSPGymEnvironment - INFO - Material change on machine M2: Citybike_Schaltauge_bearbeitet -> Racebike_Rahmen_nachbearbeitet, setup time: 20
2025-04-10 18:00:51,983 - JSPGymEnvironment - INFO - Executed operation: Job J1, Op 4, Machine M2, Start: 4854.0, End: 4876.0, Setup: 20
2025-04-10 18:00:52,010 - JSPGymEnvironment - INFO - Material change on machine M2: Racebike_Rahmen_nachbearbeitet -> Mountainbike_Rahmen_nachbearbeitet, setup time: 20
2025-04-10 18:00:52,010 - JSPGymEnvironment - INFO - Executed operation: Job J12, Op 5, Machine M2, Start: 4896.0, End: 4924.0, Setup: 20
2025-04-10 18:00:52,037 - JSPGymEnvironment - INFO - Material change on machine M2: Mountainbike_Rahmen_nachbearbeitet -> Racebike_Fahrrad_endmontiert, setup time: 20
2025-04-10 18:00:52,038 - JSPGymEnvironment - INFO - Executed operation: Job J1, Op 5, Machine M2, Start: 4944.0, End: 4956.0, Setup: 20
2025-04-10 18:00:52,038 - JSPGymEnvironment - INFO - Job J1 completed at time 4956.0, deadline: 2790, met: False, priority: 7
2025-04-10 18:00:52,064 - JSPGymEnvironment - INFO - Material change on machine M2: Racebike_Fahrrad_endmontiert -> Mountainbike_Fahrrad_endmontiert, setup time: 20
2025-04-10 18:00:52,064 - JSPGymEnvironment - INFO - Executed operation: Job J12, Op 6, Machine M2, Start: 4976.0, End: 4998.0, Setup: 20
2025-04-10 18:00:52,064 - JSPGymEnvironment - INFO - Job J12 completed at time 4998.0, deadline: 2863, met: False, priority: 2
2025-04-10 18:00:52,091 - JSPGymEnvironment - INFO - Material change on machine M2: Mountainbike_Fahrrad_endmontiert -> E-Bike_Rahmen_nachbearbeitet, setup time: 20
2025-04-10 18:00:52,091 - JSPGymEnvironment - INFO - Executed operation: Job J3, Op 5, Machine M2, Start: 5018.0, End: 5039.0, Setup: 20
2025-04-10 18:00:52,117 - JSPGymEnvironment - INFO - Material change on machine M3: Citybike_Antrieb_installiert -> Citybike_Bremsen_justiert, setup time: 15
2025-04-10 18:00:52,117 - JSPGymEnvironment - INFO - Executed operation: Job J17, Op 3, Machine M3, Start: 5054.0, End: 5080.0, Setup: 15
2025-04-10 18:00:52,143 - JSPGymEnvironment - INFO - Material change on machine M2: E-Bike_Rahmen_nachbearbeitet -> E-Bike_Fahrrad_endmontiert, setup time: 20
2025-04-10 18:00:52,143 - JSPGymEnvironment - INFO - Executed operation: Job J3, Op 6, Machine M2, Start: 5100.0, End: 5110.0, Setup: 20
2025-04-10 18:00:52,143 - JSPGymEnvironment - INFO - Job J3 completed at time 5110.0, deadline: 2862, met: False, priority: 8
2025-04-10 18:00:52,170 - JSPGymEnvironment - INFO - Material change on machine M2: E-Bike_Fahrrad_endmontiert -> Citybike_Schaltauge_bearbeitet, setup time: 20
2025-04-10 18:00:52,170 - JSPGymEnvironment - INFO - Executed operation: Job J8, Op 1, Machine M2, Start: 5130.0, End: 5143.0, Setup: 20
2025-04-10 18:00:52,197 - JSPGymEnvironment - INFO - Material change on machine M2: Citybike_Schaltauge_bearbeitet -> Mountainbike_Rahmen_nachbearbeitet, setup time: 20
2025-04-10 18:00:52,197 - JSPGymEnvironment - INFO - Executed operation: Job J20, Op 4, Machine M2, Start: 5163.0, End: 5180.0, Setup: 20
2025-04-10 18:00:52,223 - JSPGymEnvironment - INFO - Material change on machine M3: Citybike_Bremsen_justiert -> Mountainbike_Fahrrad_endmontiert, setup time: 15
2025-04-10 18:00:52,223 - JSPGymEnvironment - INFO - Executed operation: Job J20, Op 5, Machine M3, Start: 5195.0, End: 5220.0, Setup: 15
2025-04-10 18:00:52,250 - JSPGymEnvironment - INFO - Material change on machine M3: Mountainbike_Fahrrad_endmontiert -> Racebike_Fahrrad_endmontiert, setup time: 15
2025-04-10 18:00:52,250 - JSPGymEnvironment - INFO - Executed operation: Job J6, Op 4, Machine M3, Start: 5235.0, End: 5276.0, Setup: 15
2025-04-10 18:00:52,250 - JSPGymEnvironment - INFO - Job J6 completed at time 5276.0, deadline: 2880, met: False, priority: 10
2025-04-10 18:00:52,277 - JSPGymEnvironment - INFO - Material change on machine M3: Racebike_Fahrrad_endmontiert -> Mountainbike_Fahrrad_endmontiert, setup time: 15
2025-04-10 18:00:52,277 - JSPGymEnvironment - INFO - Executed operation: Job J20, Op 6, Machine M3, Start: 5291.0, End: 5331.0, Setup: 15
2025-04-10 18:00:52,277 - JSPGymEnvironment - INFO - Job J20 completed at time 5331.0, deadline: 2744, met: False, priority: 3
2025-04-10 18:00:52,441 - JSPGymEnvironment - INFO - Material change on machine M1: Citybike_Hauptrahmen_zugeschnitten -> Racebike_Hauptrahmen_zugeschnitten, setup time: 40
2025-04-10 18:00:52,441 - JSPGymEnvironment - INFO - Executed operation: Job J16, Op 0, Machine M1, Start: 5371.0, End: 5397.0, Setup: 40
2025-04-10 18:00:52,468 - JSPGymEnvironment - INFO - Material change on machine M3: Mountainbike_Fahrrad_endmontiert -> Citybike_Fahrrad_endmontiert, setup time: 15
2025-04-10 18:00:52,468 - JSPGymEnvironment - INFO - Executed operation: Job J17, Op 4, Machine M3, Start: 5412.0, End: 5462.0, Setup: 15
2025-04-10 18:00:52,495 - JSPGymEnvironment - INFO - Executed operation: Job J17, Op 5, Machine M3, Start: 5472.0, End: 5531.0, Setup: 10
2025-04-10 18:00:52,521 - JSPGymEnvironment - INFO - Material change on machine M3: Citybike_Fahrrad_endmontiert -> Citybike_Antrieb_installiert, setup time: 15
2025-04-10 18:00:52,521 - JSPGymEnvironment - INFO - Executed operation: Job J8, Op 2, Machine M3, Start: 5546.0, End: 5600.0, Setup: 15
2025-04-10 18:00:52,548 - JSPGymEnvironment - INFO - Material change on machine M3: Citybike_Antrieb_installiert -> Citybike_Fahrrad_endmontiert, setup time: 15
2025-04-10 18:00:52,548 - JSPGymEnvironment - INFO - Executed operation: Job J17, Op 6, Machine M3, Start: 5615.0, End: 5640.0, Setup: 15
2025-04-10 18:00:52,548 - JSPGymEnvironment - INFO - Job J17 completed at time 5640.0, deadline: 2880, met: False, priority: 6
2025-04-10 18:00:52,575 - JSPGymEnvironment - INFO - Material change on machine M2: Mountainbike_Rahmen_nachbearbeitet -> Racebike_Schaltauge_bearbeitet, setup time: 20
2025-04-10 18:00:52,575 - JSPGymEnvironment - INFO - Executed operation: Job J16, Op 1, Machine M2, Start: 5660.0, End: 5675.0, Setup: 20
2025-04-10 18:00:52,602 - JSPGymEnvironment - INFO - Material change on machine M3: Citybike_Fahrrad_endmontiert -> Racebike_Antrieb_installiert, setup time: 15
2025-04-10 18:00:52,602 - JSPGymEnvironment - INFO - Executed operation: Job J16, Op 2, Machine M3, Start: 5690.0, End: 5720.0, Setup: 15
2025-04-10 18:00:52,628 - JSPGymEnvironment - INFO - Material change on machine M3: Racebike_Antrieb_installiert -> Citybike_Bremsen_justiert, setup time: 15
2025-04-10 18:00:52,628 - JSPGymEnvironment - INFO - Executed operation: Job J8, Op 3, Machine M3, Start: 5735.0, End: 5793.0, Setup: 15
2025-04-10 18:00:52,654 - JSPGymEnvironment - INFO - Material change on machine M1: Racebike_Hauptrahmen_zugeschnitten -> Mountainbike_Hauptrahmen_zugeschnitten, setup time: 40
2025-04-10 18:00:52,654 - JSPGymEnvironment - INFO - Executed operation: Job J5, Op 0, Machine M1, Start: 5833.0, End: 5869.0, Setup: 40
2025-04-10 18:00:52,680 - JSPGymEnvironment - INFO - Material change on machine M2: Racebike_Schaltauge_bearbeitet -> Racebike_Bremsaufnahme_gebohrt, setup time: 20
2025-04-10 18:00:52,680 - JSPGymEnvironment - INFO - Executed operation: Job J16, Op 3, Machine M2, Start: 5889.0, End: 5912.0, Setup: 20
2025-04-10 18:00:52,707 - JSPGymEnvironment - INFO - Material change on machine M2: Racebike_Bremsaufnahme_gebohrt -> Mountainbike_Schaltauge_bearbeitet, setup time: 20
2025-04-10 18:00:52,707 - JSPGymEnvironment - INFO - Executed operation: Job J5, Op 1, Machine M2, Start: 5932.0, End: 5947.0, Setup: 20
2025-04-10 18:00:52,734 - JSPGymEnvironment - INFO - Material change on machine M2: Mountainbike_Schaltauge_bearbeitet -> Racebike_Rahmen_nachbearbeitet, setup time: 20
2025-04-10 18:00:52,734 - JSPGymEnvironment - INFO - Executed operation: Job J16, Op 4, Machine M2, Start: 5967.0, End: 5981.0, Setup: 20
2025-04-10 18:00:52,760 - JSPGymEnvironment - INFO - Material change on machine M3: Citybike_Bremsen_justiert -> Mountainbike_Antrieb_installiert, setup time: 15
2025-04-10 18:00:52,760 - JSPGymEnvironment - INFO - Executed operation: Job J5, Op 2, Machine M3, Start: 5996.0, End: 6021.0, Setup: 15
2025-04-10 18:00:52,786 - JSPGymEnvironment - INFO - Material change on machine M3: Mountainbike_Antrieb_installiert -> Citybike_Fahrrad_endmontiert, setup time: 15
2025-04-10 18:00:52,786 - JSPGymEnvironment - INFO - Executed operation: Job J8, Op 4, Machine M3, Start: 6036.0, End: 6085.0, Setup: 15
2025-04-10 18:00:52,813 - JSPGymEnvironment - INFO - Material change on machine M2: Racebike_Rahmen_nachbearbeitet -> Racebike_Fahrrad_endmontiert, setup time: 20
2025-04-10 18:00:52,813 - JSPGymEnvironment - INFO - Executed operation: Job J16, Op 5, Machine M2, Start: 6105.0, End: 6135.0, Setup: 20
2025-04-10 18:00:52,813 - JSPGymEnvironment - INFO - Job J16 completed at time 6135.0, deadline: 2855, met: False, priority: 7
2025-04-10 18:00:52,998 - JSPGymEnvironment - INFO - Material change on machine M2: Racebike_Fahrrad_endmontiert -> Citybike_Fahrrad_endmontiert, setup time: 20
2025-04-10 18:00:52,998 - JSPGymEnvironment - INFO - Executed operation: Job J8, Op 5, Machine M2, Start: 6155.0, End: 6185.0, Setup: 20
2025-04-10 18:00:52,998 - JSPGymEnvironment - INFO - Job J8 completed at time 6185.0, deadline: 2762, met: False, priority: 5
2025-04-10 18:00:53,028 - JSPGymEnvironment - INFO - Material change on machine M2: Citybike_Fahrrad_endmontiert -> Mountainbike_Bremsaufnahme_gebohrt, setup time: 20
2025-04-10 18:00:53,028 - JSPGymEnvironment - INFO - Executed operation: Job J5, Op 3, Machine M2, Start: 6205.0, End: 6220.0, Setup: 20
2025-04-10 18:00:53,054 - JSPGymEnvironment - INFO - Material change on machine M2: Mountainbike_Bremsaufnahme_gebohrt -> Mountainbike_Rahmen_nachbearbeitet, setup time: 20
2025-04-10 18:00:53,054 - JSPGymEnvironment - INFO - Executed operation: Job J5, Op 4, Machine M2, Start: 6240.0, End: 6270.0, Setup: 20
2025-04-10 18:00:53,081 - JSPGymEnvironment - INFO - Material change on machine M2: Mountainbike_Rahmen_nachbearbeitet -> Mountainbike_Fahrrad_endmontiert, setup time: 20
2025-04-10 18:00:53,081 - JSPGymEnvironment - INFO - Executed operation: Job J5, Op 5, Machine M2, Start: 6290.0, End: 6312.0, Setup: 20
2025-04-10 18:00:53,081 - JSPGymEnvironment - INFO - Job J5 completed at time 6312.0, deadline: 2880, met: False, priority: 1
2025-04-10 18:00:53,082 - JSPGymEnvironment - INFO - Reward function updated with 64 insights
2025-04-10 18:00:53,082 - JSPGymEnvironment - INFO -   Material change on critical path at Job 4 Operation 0 on Machine M1 (Severity: 1.00)
2025-04-10 18:00:53,082 - JSPGymEnvironment - INFO -   Low priority (1) on critical path: Job 4 Operation 0 (Severity: 0.80)
2025-04-10 18:00:53,082 - JSPGymEnvironment - INFO -   Material change on critical path at Job 4 Operation 1 on Machine M2 (Severity: 1.00)
2025-04-10 18:00:53,082 - JSPGymEnvironment - INFO -   Low priority (1) on critical path: Job 4 Operation 1 (Severity: 0.80)
2025-04-10 18:00:53,082 - JSPGymEnvironment - INFO -   Material change on critical path at Job 4 Operation 2 on Machine M3 (Severity: 1.00)
2025-04-10 18:00:53,082 - JSPGymEnvironment - INFO -   Low priority (1) on critical path: Job 4 Operation 2 (Severity: 0.80)
2025-04-10 18:00:53,082 - JSPGymEnvironment - INFO -   Material change on critical path at Job 4 Operation 3 on Machine M2 (Severity: 1.00)
2025-04-10 18:00:53,082 - JSPGymEnvironment - INFO -   Low priority (1) on critical path: Job 4 Operation 3 (Severity: 0.80)
2025-04-10 18:00:53,082 - JSPGymEnvironment - INFO -   Material change on critical path at Job 4 Operation 4 on Machine M2 (Severity: 1.00)
2025-04-10 18:00:53,082 - JSPGymEnvironment - INFO -   Idle time on critical path before Job 4 Operation 4 on Machine M2 (Severity: 0.67)
2025-04-10 18:00:53,082 - JSPGymEnvironment - INFO -   Low priority (1) on critical path: Job 4 Operation 4 (Severity: 0.80)
2025-04-10 18:00:53,082 - JSPGymEnvironment - INFO -   Material change on critical path at Job 4 Operation 5 on Machine M2 (Severity: 1.00)
2025-04-10 18:00:53,082 - JSPGymEnvironment - INFO -   Idle time on critical path before Job 4 Operation 5 on Machine M2 (Severity: 0.91)
2025-04-10 18:00:53,082 - JSPGymEnvironment - INFO -   Low priority (1) on critical path: Job 4 Operation 5 (Severity: 0.80)
2025-04-10 18:00:53,082 - JSPGymEnvironment - INFO -   High priority (10) not on critical path: Job 14 Operation 0 (Severity: 1.00)
2025-04-10 18:00:53,082 - JSPGymEnvironment - INFO -   High priority (8) not on critical path: Job 8 Operation 0 (Severity: 0.33)
2025-04-10 18:00:53,082 - JSPGymEnvironment - INFO -   High priority (10) not on critical path: Job 14 Operation 1 (Severity: 1.00)
2025-04-10 18:00:53,082 - JSPGymEnvironment - INFO -   High priority (9) not on critical path: Job 9 Operation 0 (Severity: 0.67)
2025-04-10 18:00:53,082 - JSPGymEnvironment - INFO -   High priority (8) not on critical path: Job 18 Operation 0 (Severity: 0.33)
2025-04-10 18:00:53,082 - JSPGymEnvironment - INFO -   High priority (10) not on critical path: Job 14 Operation 2 (Severity: 1.00)
2025-04-10 18:00:53,082 - JSPGymEnvironment - INFO -   High priority (8) not on critical path: Job 18 Operation 1 (Severity: 0.33)
2025-04-10 18:00:53,082 - JSPGymEnvironment - INFO -   High priority (8) not on critical path: Job 8 Operation 1 (Severity: 0.33)
2025-04-10 18:00:53,082 - JSPGymEnvironment - INFO -   High priority (9) not on critical path: Job 6 Operation 0 (Severity: 0.67)
2025-04-10 18:00:53,082 - JSPGymEnvironment - INFO -   High priority (10) not on critical path: Job 14 Operation 3 (Severity: 1.00)
2025-04-10 18:00:53,082 - JSPGymEnvironment - INFO -   High priority (10) not on critical path: Job 14 Operation 4 (Severity: 1.00)
2025-04-10 18:00:53,083 - JSPGymEnvironment - INFO -   High priority (9) not on critical path: Job 6 Operation 1 (Severity: 0.67)
2025-04-10 18:00:53,083 - JSPGymEnvironment - INFO -   High priority (8) not on critical path: Job 8 Operation 2 (Severity: 0.33)
2025-04-10 18:00:53,083 - JSPGymEnvironment - INFO -   High priority (10) not on critical path: Job 14 Operation 5 (Severity: 1.00)
2025-04-10 18:00:53,083 - JSPGymEnvironment - INFO -   High priority (9) not on critical path: Job 6 Operation 2 (Severity: 0.67)
2025-04-10 18:00:53,083 - JSPGymEnvironment - INFO -   High priority (8) not on critical path: Job 8 Operation 3 (Severity: 0.33)
2025-04-10 18:00:53,083 - JSPGymEnvironment - INFO -   High priority (8) not on critical path: Job 2 Operation 0 (Severity: 0.33)
2025-04-10 18:00:53,083 - JSPGymEnvironment - INFO -   High priority (9) not on critical path: Job 6 Operation 3 (Severity: 0.67)
2025-04-10 18:00:53,083 - JSPGymEnvironment - INFO -   High priority (10) not on critical path: Job 14 Operation 6 (Severity: 1.00)
2025-04-10 18:00:53,083 - JSPGymEnvironment - INFO -   High priority (8) not on critical path: Job 8 Operation 4 (Severity: 0.33)
2025-04-10 18:00:53,083 - JSPGymEnvironment - INFO -   High priority (8) not on critical path: Job 18 Operation 2 (Severity: 0.33)
2025-04-10 18:00:53,083 - JSPGymEnvironment - INFO -   High priority (9) not on critical path: Job 9 Operation 1 (Severity: 0.67)
2025-04-10 18:00:53,083 - JSPGymEnvironment - INFO -   High priority (10) not on critical path: Job 14 Operation 7 (Severity: 1.00)
2025-04-10 18:00:53,083 - JSPGymEnvironment - INFO -   High priority (8) not on critical path: Job 18 Operation 3 (Severity: 0.33)
2025-04-10 18:00:53,083 - JSPGymEnvironment - INFO -   High priority (8) not on critical path: Job 18 Operation 4 (Severity: 0.33)
2025-04-10 18:00:53,083 - JSPGymEnvironment - INFO -   High priority (8) not on critical path: Job 8 Operation 5 (Severity: 0.33)
2025-04-10 18:00:53,083 - JSPGymEnvironment - INFO -   High priority (8) not on critical path: Job 8 Operation 6 (Severity: 0.33)
2025-04-10 18:00:53,083 - JSPGymEnvironment - INFO -   High priority (9) not on critical path: Job 6 Operation 4 (Severity: 0.67)
2025-04-10 18:00:53,083 - JSPGymEnvironment - INFO -   High priority (9) not on critical path: Job 6 Operation 5 (Severity: 0.67)
2025-04-10 18:00:53,083 - JSPGymEnvironment - INFO -   High priority (8) not on critical path: Job 18 Operation 5 (Severity: 0.33)
2025-04-10 18:00:53,083 - JSPGymEnvironment - INFO -   High priority (9) not on critical path: Job 9 Operation 2 (Severity: 0.67)
2025-04-10 18:00:53,083 - JSPGymEnvironment - INFO -   High priority (8) not on critical path: Job 2 Operation 1 (Severity: 0.33)
2025-04-10 18:00:53,083 - JSPGymEnvironment - INFO -   High priority (8) not on critical path: Job 18 Operation 6 (Severity: 0.33)
2025-04-10 18:00:53,083 - JSPGymEnvironment - INFO -   High priority (10) not on critical path: Job 5 Operation 0 (Severity: 1.00)
2025-04-10 18:00:53,083 - JSPGymEnvironment - INFO -   High priority (10) not on critical path: Job 5 Operation 1 (Severity: 1.00)
2025-04-10 18:00:53,083 - JSPGymEnvironment - INFO -   High priority (9) not on critical path: Job 6 Operation 6 (Severity: 0.67)
2025-04-10 18:00:53,083 - JSPGymEnvironment - INFO -   High priority (8) not on critical path: Job 2 Operation 2 (Severity: 0.33)
2025-04-10 18:00:53,083 - JSPGymEnvironment - INFO -   High priority (10) not on critical path: Job 5 Operation 2 (Severity: 1.00)
2025-04-10 18:00:53,083 - JSPGymEnvironment - INFO -   High priority (9) not on critical path: Job 6 Operation 7 (Severity: 0.67)
2025-04-10 18:00:53,083 - JSPGymEnvironment - INFO -   High priority (8) not on critical path: Job 2 Operation 3 (Severity: 0.33)
2025-04-10 18:00:53,084 - JSPGymEnvironment - INFO -   High priority (9) not on critical path: Job 9 Operation 3 (Severity: 0.67)
2025-04-10 18:00:53,084 - JSPGymEnvironment - INFO -   High priority (9) not on critical path: Job 9 Operation 4 (Severity: 0.67)
2025-04-10 18:00:53,084 - JSPGymEnvironment - INFO -   High priority (10) not on critical path: Job 5 Operation 3 (Severity: 1.00)
2025-04-10 18:00:53,084 - JSPGymEnvironment - INFO -   High priority (9) not on critical path: Job 9 Operation 5 (Severity: 0.67)
2025-04-10 18:00:53,084 - JSPGymEnvironment - INFO -   High priority (9) not on critical path: Job 9 Operation 6 (Severity: 0.67)
2025-04-10 18:00:53,084 - JSPGymEnvironment - INFO -   High priority (9) not on critical path: Job 9 Operation 7 (Severity: 0.67)
2025-04-10 18:00:53,084 - JSPGymEnvironment - INFO -   High priority (8) not on critical path: Job 2 Operation 4 (Severity: 0.33)
2025-04-10 18:00:53,084 - JSPGymEnvironment - INFO -   High priority (8) not on critical path: Job 2 Operation 5 (Severity: 0.33)
2025-04-10 18:00:53,084 - JSPGymEnvironment - INFO -   High priority (8) not on critical path: Job 2 Operation 6 (Severity: 0.33)
2025-04-10 18:00:53,084 - JSPGymEnvironment - INFO -   High priority (10) not on critical path: Job 5 Operation 4 (Severity: 1.00)
2025-04-10 18:00:53,084 - JSPGymEnvironment - INFO - Episode completed. Critical path: 6 operations, Suboptimal placements: 64
2025-04-10 18:00:53,084 - JSPGymEnvironment - INFO - Reward components: {'makespan_reward': -0.42, 'setup_reward': -10.0, 'idle_penalty': 0.0, 'deadline_reward': -5.958333333333333, 'priority_reward': 2.0, 'critical_job_reward': 0.0, 'global_progress_reward': 5.0, 'objective_reward': 0.0, 'placement_reward': 1.0, 'lookahead_reward': 0.0}
