2025-05-22 15:28:41,938 - JSPGymEnvironment - INFO - Environment reset
2025-05-22 15:28:42,029 - JSPGymEnvironment - INFO - Environment reset
2025-05-22 15:28:42,168 - JSPGymEnvironment - INFO - Material change on machine M1:  -> Racebike_Hauptrahmen_zugeschnitten, setup time: 0
2025-05-22 15:28:42,168 - JSPGymEnvironment - INFO - Executed operation: Job J10, Op 0, Machine M1, Start: 0, End: 32, Setup: 0
2025-05-22 15:28:42,169 - JSPGymEnvironment - INFO - 
===== REWARD DETAILS FOR STEP 1 =====
Job: J10, Operation: 0, Job Completed: False
Current Time: 0.00 -> 32.00, Setup Time: 0.00
Processing Time: 32.00, Idle Time: 0.00
Completed Jobs: 0/20
Machine: M1, Material: Racebike_Hauptrahmen_zugeschnitten

REWARD COMPONENTS:
- makespan_reward: -0.1600
- setup_reward: 0.0000
- deadline_reward: 0.0000
- priority_reward: 0.0000
- critical_job_reward: 0.5000
- placement_reward: 0.0000
- timeliness_reward: 9.1710
- machine_idle_penalty: -0.9000

TOTAL REWARD: 8.6110

CUMULATIVE REWARD COMPONENTS:
- makespan_reward: -0.1600
- setup_reward: 0.0000
- deadline_reward: 0.0000
- priority_reward: 0.0000
- critical_job_reward: 0.5000
- placement_reward: 0.0000
- timeliness_reward: 9.1710
- machine_idle_penalty: -0.9000

CUMULATIVE TOTAL: 8.6110

CRITICAL STATE INFO:
- Valid actions: ['J1', 'J2', 'J3', 'J4', 'J5', 'J6', 'J7', 'J8', 'J9', 'J10', 'J11', 'J12', 'J13', 'J14', 'J15', 'J16', 'J17', 'J18', 'J19', 'J20']
- Machine states:
  - Machine M1: Time=32.00, Idle=0.00, Material=Racebike_Hauptrahmen_zugeschnitten
  - Machine M2: Time=0.00, Idle=32.00, Material=None
  - Machine M3: Time=0.00, Idle=32.00, Material=None
==================================================

