2025-06-10 13:08:34,430 - JSPGymEnvironment - INFO - Environment reset
2025-06-10 13:08:34,476 - JSPGymEnvironment - INFO - Environment reset
2025-06-10 13:08:34,607 - JSPGymEnvironment - INFO - Material change on machine M2:  -> Mountainbike_Hinterbau_vorbereitet, setup time: 0
2025-06-10 13:08:34,607 - JSPGymEnvironment - INFO - Executed operation: Job J1, Op 0, Machine M2, Start: 0, End: 16, Setup: 0
2025-06-10 13:08:34,607 - JSPGymEnvironment - INFO - 
===== REWARD DETAILS FOR STEP 1 =====
Job: J1, Operation: 0, Job Completed: False
Current Time: 0.00 -> 16.00, Setup Time: 0.00
Processing Time: 16.00, Idle Time: 0.00
Completed Jobs: 0/1
Machine: M2, Material: Mountainbike_Hinterbau_vorbereitet

REWARD COMPONENTS:
- makespan_reward: -0.0800
- setup_reward: 0.0000
- deadline_reward: 0.0000
- priority_reward: 0.0000
- critical_job_reward: 0.0000
- placement_reward: 0.0000
- timeliness_reward: 9.1691
- machine_idle_penalty: -0.5000

TOTAL REWARD: 8.5891

CUMULATIVE REWARD COMPONENTS:
- makespan_reward: -0.0800
- setup_reward: 0.0000
- deadline_reward: 0.0000
- priority_reward: 0.0000
- critical_job_reward: 0.0000
- placement_reward: 0.0000
- timeliness_reward: 9.1691
- machine_idle_penalty: -0.5000

CUMULATIVE TOTAL: 8.5891

CRITICAL STATE INFO:
- Valid actions: ['J1']
- Machine states:
  - Machine M1: Time=0.00, Idle=16.00, Material=None
  - Machine M2: Time=16.00, Idle=0.00, Material=Mountainbike_Hinterbau_vorbereitet
  - Machine M3: Time=0.00, Idle=16.00, Material=None
==================================================

2025-06-10 13:08:34,819 - JSPGymEnvironment - INFO - Material change on machine M1:  -> Mountainbike_Rahmen_lackiert, setup time: 0
2025-06-10 13:08:34,819 - JSPGymEnvironment - INFO - Executed operation: Job J1, Op 1, Machine M1, Start: 16, End: 32, Setup: 0
2025-06-10 13:08:34,819 - JSPGymEnvironment - INFO - 
===== REWARD DETAILS FOR STEP 2 =====
Job: J1, Operation: 1, Job Completed: False
Current Time: 16.00 -> 32.00, Setup Time: 0.00
Processing Time: 16.00, Idle Time: 0.00
Completed Jobs: 0/1
Machine: M1, Material: Mountainbike_Rahmen_lackiert

REWARD COMPONENTS:
- makespan_reward: -0.0800
- setup_reward: 0.0000
- deadline_reward: 0.0000
- priority_reward: 0.0000
- critical_job_reward: 0.0000
- placement_reward: 0.0000
- timeliness_reward: 9.1777
- machine_idle_penalty: -0.7000

TOTAL REWARD: 8.3977

CUMULATIVE REWARD COMPONENTS:
- makespan_reward: -0.1600
- setup_reward: 0.0000
- deadline_reward: 0.0000
- priority_reward: 0.0000
- critical_job_reward: 0.0000
- placement_reward: 0.0000
- timeliness_reward: 18.3468
- machine_idle_penalty: -1.2000

CUMULATIVE TOTAL: 16.9868

CRITICAL STATE INFO:
- Valid actions: ['J1']
- Machine states:
  - Machine M1: Time=32.00, Idle=0.00, Material=Mountainbike_Rahmen_lackiert
  - Machine M2: Time=16.00, Idle=16.00, Material=Mountainbike_Hinterbau_vorbereitet
  - Machine M3: Time=0.00, Idle=32.00, Material=None
==================================================

2025-06-10 13:08:34,822 - JSPGymEnvironment - INFO - Material change on machine M2: Mountainbike_Hinterbau_vorbereitet -> Mountainbike_Laufraeder_montiert, setup time: 20
2025-06-10 13:08:34,822 - JSPGymEnvironment - INFO - Executed operation: Job J1, Op 2, Machine M2, Start: 52, End: 62, Setup: 20
2025-06-10 13:08:34,823 - JSPGymEnvironment - INFO - 
===== REWARD DETAILS FOR STEP 3 =====
Job: J1, Operation: 2, Job Completed: False
Current Time: 32.00 -> 62.00, Setup Time: 20.00
Processing Time: 10.00, Idle Time: 0.00
Completed Jobs: 0/1
Machine: M2, Material: Mountainbike_Laufraeder_montiert

REWARD COMPONENTS:
- makespan_reward: -0.1500
- setup_reward: -5.0000
- deadline_reward: 0.0000
- priority_reward: 0.0000
- critical_job_reward: 0.0000
- placement_reward: 0.0000
- timeliness_reward: 9.1934
- machine_idle_penalty: -1.2500

TOTAL REWARD: 2.7934

CUMULATIVE REWARD COMPONENTS:
- makespan_reward: -0.3100
- setup_reward: -5.0000
- deadline_reward: 0.0000
- priority_reward: 0.0000
- critical_job_reward: 0.0000
- placement_reward: 0.0000
- timeliness_reward: 27.5401
- machine_idle_penalty: -2.4500

CUMULATIVE TOTAL: 19.7801

CRITICAL STATE INFO:
- Valid actions: ['J1']
- Machine states:
  - Machine M1: Time=32.00, Idle=30.00, Material=Mountainbike_Rahmen_lackiert
  - Machine M2: Time=62.00, Idle=0.00, Material=Mountainbike_Laufraeder_montiert
  - Machine M3: Time=0.00, Idle=62.00, Material=None
==================================================

2025-06-10 13:08:34,825 - JSPGymEnvironment - INFO - Material change on machine M3:  -> Mountainbike_Bremsen_justiert, setup time: 0
2025-06-10 13:08:34,826 - JSPGymEnvironment - INFO - Executed operation: Job J1, Op 3, Machine M3, Start: 62, End: 99, Setup: 0
2025-06-10 13:08:34,826 - JSPGymEnvironment - INFO - 
===== REWARD DETAILS FOR STEP 4 =====
Job: J1, Operation: 3, Job Completed: False
Current Time: 62.00 -> 99.00, Setup Time: 0.00
Processing Time: 37.00, Idle Time: 0.00
Completed Jobs: 0/1
Machine: M3, Material: Mountainbike_Bremsen_justiert

REWARD COMPONENTS:
- makespan_reward: -0.1850
- setup_reward: 0.0000
- deadline_reward: 0.0000
- priority_reward: 0.0000
- critical_job_reward: 0.0000
- placement_reward: 0.0000
- timeliness_reward: 9.2120
- machine_idle_penalty: -1.3500

TOTAL REWARD: 7.6770

CUMULATIVE REWARD COMPONENTS:
- makespan_reward: -0.4950
- setup_reward: -5.0000
- deadline_reward: 0.0000
- priority_reward: 0.0000
- critical_job_reward: 0.0000
- placement_reward: 0.0000
- timeliness_reward: 36.7521
- machine_idle_penalty: -3.8000

CUMULATIVE TOTAL: 27.4571

CRITICAL STATE INFO:
- Valid actions: ['J1']
- Machine states:
  - Machine M1: Time=32.00, Idle=67.00, Material=Mountainbike_Rahmen_lackiert
  - Machine M2: Time=62.00, Idle=37.00, Material=Mountainbike_Laufraeder_montiert
  - Machine M3: Time=99.00, Idle=0.00, Material=Mountainbike_Bremsen_justiert
==================================================

2025-06-10 13:08:34,829 - JSPGymEnvironment - INFO - Material change on machine M1: Mountainbike_Rahmen_lackiert -> Mountainbike_Antrieb_installiert, setup time: 40
2025-06-10 13:08:34,829 - JSPGymEnvironment - INFO - Executed operation: Job J1, Op 4, Machine M1, Start: 139, End: 181, Setup: 40
2025-06-10 13:08:34,829 - JSPGymEnvironment - INFO - 
===== REWARD DETAILS FOR STEP 5 =====
Job: J1, Operation: 4, Job Completed: False
Current Time: 99.00 -> 181.00, Setup Time: 40.00
Processing Time: 42.00, Idle Time: 0.00
Completed Jobs: 0/1
Machine: M1, Material: Mountainbike_Antrieb_installiert

REWARD COMPONENTS:
- makespan_reward: -0.4100
- setup_reward: -10.0000
- deadline_reward: 0.0000
- priority_reward: 0.0000
- critical_job_reward: 0.0000
- placement_reward: 0.0000
- timeliness_reward: 9.2501
- machine_idle_penalty: -2.6125

TOTAL REWARD: -3.7724

CUMULATIVE REWARD COMPONENTS:
- makespan_reward: -0.9050
- setup_reward: -15.0000
- deadline_reward: 0.0000
- priority_reward: 0.0000
- critical_job_reward: 0.0000
- placement_reward: 0.0000
- timeliness_reward: 46.0022
- machine_idle_penalty: -6.4125

CUMULATIVE TOTAL: 23.6847

CRITICAL STATE INFO:
- Valid actions: ['J1']
- Machine states:
  - Machine M1: Time=181.00, Idle=0.00, Material=Mountainbike_Antrieb_installiert
  - Machine M2: Time=62.00, Idle=119.00, Material=Mountainbike_Laufraeder_montiert
  - Machine M3: Time=99.00, Idle=82.00, Material=Mountainbike_Bremsen_justiert
==================================================

2025-06-10 13:08:34,832 - JSPGymEnvironment - INFO - Material change on machine M1: Mountainbike_Antrieb_installiert -> Mountainbike_Rahmen_nachbearbeitet, setup time: 40
2025-06-10 13:08:34,832 - JSPGymEnvironment - INFO - Executed operation: Job J1, Op 5, Machine M1, Start: 221, End: 238, Setup: 40
2025-06-10 13:08:34,832 - JSPGymEnvironment - INFO - 
===== REWARD DETAILS FOR STEP 6 =====
Job: J1, Operation: 5, Job Completed: False
Current Time: 181.00 -> 238.00, Setup Time: 40.00
Processing Time: 17.00, Idle Time: 0.00
Completed Jobs: 0/1
Machine: M1, Material: Mountainbike_Rahmen_nachbearbeitet

REWARD COMPONENTS:
- makespan_reward: -0.2850
- setup_reward: -10.0000
- deadline_reward: 0.0000
- priority_reward: 0.0000
- critical_job_reward: 0.0000
- placement_reward: 0.0000
- timeliness_reward: 9.2733
- machine_idle_penalty: -4.0375

TOTAL REWARD: -5.0492

CUMULATIVE REWARD COMPONENTS:
- makespan_reward: -1.1900
- setup_reward: -25.0000
- deadline_reward: 0.0000
- priority_reward: 0.0000
- critical_job_reward: 0.0000
- placement_reward: 0.0000
- timeliness_reward: 55.2755
- machine_idle_penalty: -10.4500

CUMULATIVE TOTAL: 18.6355

CRITICAL STATE INFO:
- Valid actions: ['J1']
- Machine states:
  - Machine M1: Time=238.00, Idle=0.00, Material=Mountainbike_Rahmen_nachbearbeitet
  - Machine M2: Time=62.00, Idle=176.00, Material=Mountainbike_Laufraeder_montiert
  - Machine M3: Time=99.00, Idle=139.00, Material=Mountainbike_Bremsen_justiert
==================================================

2025-06-10 13:08:34,835 - JSPGymEnvironment - INFO - Material change on machine M3: Mountainbike_Bremsen_justiert -> Mountainbike_Schaltauge_bearbeitet, setup time: 15
2025-06-10 13:08:34,835 - JSPGymEnvironment - INFO - Executed operation: Job J1, Op 6, Machine M3, Start: 253, End: 288, Setup: 15
2025-06-10 13:08:34,835 - JSPGymEnvironment - INFO - Job J1 completed at time 288, deadline: 1764, met: True, priority: 6
2025-06-10 13:08:34,835 - JSPGymEnvironment - INFO - 
===== REWARD DETAILS FOR STEP 7 =====
Job: J1, Operation: 6, Job Completed: True
Current Time: 238.00 -> 288.00, Setup Time: 15.00
Processing Time: 35.00, Idle Time: 0.00
Completed Jobs: 1/1
Machine: M3, Material: Mountainbike_Schaltauge_bearbeitet
Job Deadline: 1764.00 (Met), Priority: 6

REWARD COMPONENTS:
- makespan_reward: -0.2500
- setup_reward: -3.7500
- deadline_reward: 20.0000
- priority_reward: 24.0000
- critical_job_reward: 0.0000
- placement_reward: 0.0000
- timeliness_reward: 1.3959
- machine_idle_penalty: -3.5000

TOTAL REWARD: 37.8959

CUMULATIVE REWARD COMPONENTS:
- makespan_reward: -1.4400
- setup_reward: -28.7500
- deadline_reward: 20.0000
- priority_reward: 24.0000
- critical_job_reward: 0.0000
- placement_reward: 0.0000
- timeliness_reward: 56.6714
- machine_idle_penalty: -13.9500

CUMULATIVE TOTAL: 56.5314

CRITICAL STATE INFO:
- Valid actions: []
- Machine states:
  - Machine M1: Time=238.00, Idle=50.00, Material=Mountainbike_Rahmen_nachbearbeitet
  - Machine M2: Time=62.00, Idle=226.00, Material=Mountainbike_Laufraeder_montiert
  - Machine M3: Time=288.00, Idle=0.00, Material=Mountainbike_Schaltauge_bearbeitet
==================================================

2025-06-10 13:08:34,835 - JSPGymEnvironment - INFO - Retro-Bonus für Job J1: +10.0
2025-06-10 13:08:34,835 - JSPGymEnvironment - INFO - Reward function updated with 5 insights
2025-06-10 13:08:34,835 - JSPGymEnvironment - INFO -   Material change on critical path at Job 0 Operation 2 on Machine M2 (Severity: 1.00)
2025-06-10 13:08:34,835 - JSPGymEnvironment - INFO -   Material change on critical path at Job 0 Operation 4 on Machine M1 (Severity: 1.00)
2025-06-10 13:08:34,835 - JSPGymEnvironment - INFO -   Material change on critical path at Job 0 Operation 5 on Machine M1 (Severity: 1.00)
2025-06-10 13:08:34,835 - JSPGymEnvironment - INFO -   Idle time on critical path before Job 0 Operation 5 on Machine M1 (Severity: 2.35)
2025-06-10 13:08:34,836 - JSPGymEnvironment - INFO -   Material change on critical path at Job 0 Operation 6 on Machine M3 (Severity: 1.00)
2025-06-10 13:08:34,836 - JSPGymEnvironment - INFO - Episode completed. Critical path: 7 operations, Suboptimal placements: 5
2025-06-10 13:08:34,836 - JSPGymEnvironment - INFO - Reward components: {'makespan_reward': -0.25, 'setup_reward': -3.75, 'deadline_reward': 20.0, 'priority_reward': 24.0, 'critical_job_reward': 0.0, 'placement_reward': 0.0, 'timeliness_reward': 1.3959183673469386, 'machine_idle_penalty': -3.5}
2025-06-10 13:08:39,124 - JSPGymEnvironment - INFO - Environment reset
2025-06-10 13:08:39,128 - JSPGymEnvironment - INFO - Material change on machine M2:  -> Mountainbike_Hinterbau_vorbereitet, setup time: 0
2025-06-10 13:08:39,128 - JSPGymEnvironment - INFO - Executed operation: Job J1, Op 0, Machine M2, Start: 0, End: 16, Setup: 0
2025-06-10 13:08:39,128 - JSPGymEnvironment - INFO - 
===== REWARD DETAILS FOR STEP 1 =====
Job: J1, Operation: 0, Job Completed: False
Current Time: 0.00 -> 16.00, Setup Time: 0.00
Processing Time: 16.00, Idle Time: 0.00
Completed Jobs: 0/1
Machine: M2, Material: Mountainbike_Hinterbau_vorbereitet

REWARD COMPONENTS:
- makespan_reward: -0.0800
- setup_reward: 0.0000
- deadline_reward: 0.0000
- priority_reward: 0.0000
- critical_job_reward: 0.0000
- placement_reward: 0.0000
- timeliness_reward: 9.1691
- machine_idle_penalty: -0.5000

TOTAL REWARD: 8.5891

CUMULATIVE REWARD COMPONENTS:
- makespan_reward: -0.0800
- setup_reward: 0.0000
- deadline_reward: 0.0000
- priority_reward: 0.0000
- critical_job_reward: 0.0000
- placement_reward: 0.0000
- timeliness_reward: 9.1691
- machine_idle_penalty: -0.5000

CUMULATIVE TOTAL: 8.5891

CRITICAL STATE INFO:
- Valid actions: ['J1']
- Machine states:
  - Machine M1: Time=0.00, Idle=16.00, Material=None
  - Machine M2: Time=16.00, Idle=0.00, Material=Mountainbike_Hinterbau_vorbereitet
  - Machine M3: Time=0.00, Idle=16.00, Material=None
==================================================

2025-06-10 13:08:39,131 - JSPGymEnvironment - INFO - Material change on machine M1:  -> Mountainbike_Rahmen_lackiert, setup time: 0
2025-06-10 13:08:39,131 - JSPGymEnvironment - INFO - Executed operation: Job J1, Op 1, Machine M1, Start: 16, End: 32, Setup: 0
2025-06-10 13:08:39,131 - JSPGymEnvironment - INFO - 
===== REWARD DETAILS FOR STEP 2 =====
Job: J1, Operation: 1, Job Completed: False
Current Time: 16.00 -> 32.00, Setup Time: 0.00
Processing Time: 16.00, Idle Time: 0.00
Completed Jobs: 0/1
Machine: M1, Material: Mountainbike_Rahmen_lackiert

REWARD COMPONENTS:
- makespan_reward: -0.0800
- setup_reward: 0.0000
- deadline_reward: 0.0000
- priority_reward: 0.0000
- critical_job_reward: 0.0000
- placement_reward: 0.0000
- timeliness_reward: 9.1777
- machine_idle_penalty: -0.7000

TOTAL REWARD: 8.3977

CUMULATIVE REWARD COMPONENTS:
- makespan_reward: -0.1600
- setup_reward: 0.0000
- deadline_reward: 0.0000
- priority_reward: 0.0000
- critical_job_reward: 0.0000
- placement_reward: 0.0000
- timeliness_reward: 18.3468
- machine_idle_penalty: -1.2000

CUMULATIVE TOTAL: 16.9868

CRITICAL STATE INFO:
- Valid actions: ['J1']
- Machine states:
  - Machine M1: Time=32.00, Idle=0.00, Material=Mountainbike_Rahmen_lackiert
  - Machine M2: Time=16.00, Idle=16.00, Material=Mountainbike_Hinterbau_vorbereitet
  - Machine M3: Time=0.00, Idle=32.00, Material=None
==================================================

2025-06-10 13:08:39,134 - JSPGymEnvironment - INFO - Material change on machine M2: Mountainbike_Hinterbau_vorbereitet -> Mountainbike_Laufraeder_montiert, setup time: 20
2025-06-10 13:08:39,134 - JSPGymEnvironment - INFO - Executed operation: Job J1, Op 2, Machine M2, Start: 52, End: 62, Setup: 20
2025-06-10 13:08:39,134 - JSPGymEnvironment - INFO - 
===== REWARD DETAILS FOR STEP 3 =====
Job: J1, Operation: 2, Job Completed: False
Current Time: 32.00 -> 62.00, Setup Time: 20.00
Processing Time: 10.00, Idle Time: 0.00
Completed Jobs: 0/1
Machine: M2, Material: Mountainbike_Laufraeder_montiert

REWARD COMPONENTS:
- makespan_reward: -0.1500
- setup_reward: -5.0000
- deadline_reward: 0.0000
- priority_reward: 0.0000
- critical_job_reward: 0.0000
- placement_reward: -2.5000
- timeliness_reward: 9.1934
- machine_idle_penalty: -1.2500

TOTAL REWARD: 0.2934

CUMULATIVE REWARD COMPONENTS:
- makespan_reward: -0.3100
- setup_reward: -5.0000
- deadline_reward: 0.0000
- priority_reward: 0.0000
- critical_job_reward: 0.0000
- placement_reward: -2.5000
- timeliness_reward: 27.5401
- machine_idle_penalty: -2.4500

CUMULATIVE TOTAL: 17.2801

CRITICAL STATE INFO:
- Valid actions: ['J1']
- Machine states:
  - Machine M1: Time=32.00, Idle=30.00, Material=Mountainbike_Rahmen_lackiert
  - Machine M2: Time=62.00, Idle=0.00, Material=Mountainbike_Laufraeder_montiert
  - Machine M3: Time=0.00, Idle=62.00, Material=None
==================================================

2025-06-10 13:08:39,137 - JSPGymEnvironment - INFO - Material change on machine M3:  -> Mountainbike_Bremsen_justiert, setup time: 0
2025-06-10 13:08:39,137 - JSPGymEnvironment - INFO - Executed operation: Job J1, Op 3, Machine M3, Start: 62, End: 99, Setup: 0
2025-06-10 13:08:39,137 - JSPGymEnvironment - INFO - 
===== REWARD DETAILS FOR STEP 4 =====
Job: J1, Operation: 3, Job Completed: False
Current Time: 62.00 -> 99.00, Setup Time: 0.00
Processing Time: 37.00, Idle Time: 0.00
Completed Jobs: 0/1
Machine: M3, Material: Mountainbike_Bremsen_justiert

REWARD COMPONENTS:
- makespan_reward: -0.1850
- setup_reward: 0.0000
- deadline_reward: 0.0000
- priority_reward: 0.0000
- critical_job_reward: 0.0000
- placement_reward: 0.0000
- timeliness_reward: 9.2120
- machine_idle_penalty: -1.3500

TOTAL REWARD: 7.6770

CUMULATIVE REWARD COMPONENTS:
- makespan_reward: -0.4950
- setup_reward: -5.0000
- deadline_reward: 0.0000
- priority_reward: 0.0000
- critical_job_reward: 0.0000
- placement_reward: -2.5000
- timeliness_reward: 36.7521
- machine_idle_penalty: -3.8000

CUMULATIVE TOTAL: 24.9571

CRITICAL STATE INFO:
- Valid actions: ['J1']
- Machine states:
  - Machine M1: Time=32.00, Idle=67.00, Material=Mountainbike_Rahmen_lackiert
  - Machine M2: Time=62.00, Idle=37.00, Material=Mountainbike_Laufraeder_montiert
  - Machine M3: Time=99.00, Idle=0.00, Material=Mountainbike_Bremsen_justiert
==================================================

2025-06-10 13:08:39,140 - JSPGymEnvironment - INFO - Material change on machine M1: Mountainbike_Rahmen_lackiert -> Mountainbike_Antrieb_installiert, setup time: 40
2025-06-10 13:08:39,140 - JSPGymEnvironment - INFO - Executed operation: Job J1, Op 4, Machine M1, Start: 139, End: 181, Setup: 40
2025-06-10 13:08:39,140 - JSPGymEnvironment - INFO - 
===== REWARD DETAILS FOR STEP 5 =====
Job: J1, Operation: 4, Job Completed: False
Current Time: 99.00 -> 181.00, Setup Time: 40.00
Processing Time: 42.00, Idle Time: 0.00
Completed Jobs: 0/1
Machine: M1, Material: Mountainbike_Antrieb_installiert

REWARD COMPONENTS:
- makespan_reward: -0.4100
- setup_reward: -10.0000
- deadline_reward: 0.0000
- priority_reward: 0.0000
- critical_job_reward: 0.0000
- placement_reward: -2.5000
- timeliness_reward: 9.2501
- machine_idle_penalty: -2.6125

TOTAL REWARD: -6.2724

CUMULATIVE REWARD COMPONENTS:
- makespan_reward: -0.9050
- setup_reward: -15.0000
- deadline_reward: 0.0000
- priority_reward: 0.0000
- critical_job_reward: 0.0000
- placement_reward: -5.0000
- timeliness_reward: 46.0022
- machine_idle_penalty: -6.4125

CUMULATIVE TOTAL: 18.6847

CRITICAL STATE INFO:
- Valid actions: ['J1']
- Machine states:
  - Machine M1: Time=181.00, Idle=0.00, Material=Mountainbike_Antrieb_installiert
  - Machine M2: Time=62.00, Idle=119.00, Material=Mountainbike_Laufraeder_montiert
  - Machine M3: Time=99.00, Idle=82.00, Material=Mountainbike_Bremsen_justiert
==================================================

2025-06-10 13:08:39,143 - JSPGymEnvironment - INFO - Material change on machine M1: Mountainbike_Antrieb_installiert -> Mountainbike_Rahmen_nachbearbeitet, setup time: 40
2025-06-10 13:08:39,143 - JSPGymEnvironment - INFO - Executed operation: Job J1, Op 5, Machine M1, Start: 221, End: 238, Setup: 40
2025-06-10 13:08:39,144 - JSPGymEnvironment - INFO - 
===== REWARD DETAILS FOR STEP 6 =====
Job: J1, Operation: 5, Job Completed: False
Current Time: 181.00 -> 238.00, Setup Time: 40.00
Processing Time: 17.00, Idle Time: 0.00
Completed Jobs: 0/1
Machine: M1, Material: Mountainbike_Rahmen_nachbearbeitet

REWARD COMPONENTS:
- makespan_reward: -0.2850
- setup_reward: -10.0000
- deadline_reward: 0.0000
- priority_reward: 0.0000
- critical_job_reward: 0.0000
- placement_reward: -8.3824
- timeliness_reward: 9.2733
- machine_idle_penalty: -4.0375

TOTAL REWARD: -13.4316

CUMULATIVE REWARD COMPONENTS:
- makespan_reward: -1.1900
- setup_reward: -25.0000
- deadline_reward: 0.0000
- priority_reward: 0.0000
- critical_job_reward: 0.0000
- placement_reward: -13.3824
- timeliness_reward: 55.2755
- machine_idle_penalty: -10.4500

CUMULATIVE TOTAL: 5.2531

CRITICAL STATE INFO:
- Valid actions: ['J1']
- Machine states:
  - Machine M1: Time=238.00, Idle=0.00, Material=Mountainbike_Rahmen_nachbearbeitet
  - Machine M2: Time=62.00, Idle=176.00, Material=Mountainbike_Laufraeder_montiert
  - Machine M3: Time=99.00, Idle=139.00, Material=Mountainbike_Bremsen_justiert
==================================================

2025-06-10 13:08:39,146 - JSPGymEnvironment - INFO - Material change on machine M3: Mountainbike_Bremsen_justiert -> Mountainbike_Schaltauge_bearbeitet, setup time: 15
2025-06-10 13:08:39,146 - JSPGymEnvironment - INFO - Executed operation: Job J1, Op 6, Machine M3, Start: 253, End: 288, Setup: 15
2025-06-10 13:08:39,147 - JSPGymEnvironment - INFO - Job J1 completed at time 288, deadline: 1764, met: True, priority: 6
2025-06-10 13:08:39,147 - JSPGymEnvironment - INFO - 
===== REWARD DETAILS FOR STEP 7 =====
Job: J1, Operation: 6, Job Completed: True
Current Time: 238.00 -> 288.00, Setup Time: 15.00
Processing Time: 35.00, Idle Time: 0.00
Completed Jobs: 1/1
Machine: M3, Material: Mountainbike_Schaltauge_bearbeitet
Job Deadline: 1764.00 (Met), Priority: 6

REWARD COMPONENTS:
- makespan_reward: -0.2500
- setup_reward: -3.7500
- deadline_reward: 20.0000
- priority_reward: 24.0000
- critical_job_reward: 0.0000
- placement_reward: -2.5000
- timeliness_reward: 1.3959
- machine_idle_penalty: -3.5000

TOTAL REWARD: 35.3959

CUMULATIVE REWARD COMPONENTS:
- makespan_reward: -1.4400
- setup_reward: -28.7500
- deadline_reward: 20.0000
- priority_reward: 24.0000
- critical_job_reward: 0.0000
- placement_reward: -15.8824
- timeliness_reward: 56.6714
- machine_idle_penalty: -13.9500

CUMULATIVE TOTAL: 40.6491

CRITICAL STATE INFO:
- Valid actions: []
- Machine states:
  - Machine M1: Time=238.00, Idle=50.00, Material=Mountainbike_Rahmen_nachbearbeitet
  - Machine M2: Time=62.00, Idle=226.00, Material=Mountainbike_Laufraeder_montiert
  - Machine M3: Time=288.00, Idle=0.00, Material=Mountainbike_Schaltauge_bearbeitet
==================================================

2025-06-10 13:08:39,147 - JSPGymEnvironment - INFO - Retro-Bonus für Job J1: +10.0
2025-06-10 13:08:39,147 - JSPGymEnvironment - INFO - Reward function updated with 5 insights
2025-06-10 13:08:39,147 - JSPGymEnvironment - INFO -   Material change on critical path at Job 0 Operation 2 on Machine M2 (Severity: 1.00)
2025-06-10 13:08:39,147 - JSPGymEnvironment - INFO -   Material change on critical path at Job 0 Operation 4 on Machine M1 (Severity: 1.00)
2025-06-10 13:08:39,147 - JSPGymEnvironment - INFO -   Material change on critical path at Job 0 Operation 5 on Machine M1 (Severity: 1.00)
2025-06-10 13:08:39,147 - JSPGymEnvironment - INFO -   Idle time on critical path before Job 0 Operation 5 on Machine M1 (Severity: 2.35)
2025-06-10 13:08:39,147 - JSPGymEnvironment - INFO -   Material change on critical path at Job 0 Operation 6 on Machine M3 (Severity: 1.00)
2025-06-10 13:08:39,147 - JSPGymEnvironment - INFO - Episode completed. Critical path: 7 operations, Suboptimal placements: 5
2025-06-10 13:08:39,147 - JSPGymEnvironment - INFO - Reward components: {'makespan_reward': -0.25, 'setup_reward': -3.75, 'deadline_reward': 20.0, 'priority_reward': 24.0, 'critical_job_reward': 0.0, 'placement_reward': -2.5, 'timeliness_reward': 1.3959183673469386, 'machine_idle_penalty': -3.5}
