2025-04-18 13:48:08,601 - JSPGymEnvironment - INFO - Environment reset
2025-04-18 13:48:08,670 - JSPGymEnvironment - INFO - Environment reset
2025-04-18 13:48:08,717 - JSPGymEnvironment - INFO - Material change on machine M1:  -> Racebike_Hauptrahmen_zugeschnitten, setup time: 0
2025-04-18 13:48:08,717 - JSPGymEnvironment - INFO - Executed operation: Job J10, Op 0, Machine M1, Start: 0, End: 32, Setup: 0
2025-04-18 13:48:08,779 - JSPGymEnvironment - INFO - Material change on machine M1: Racebike_Hauptrahmen_zugeschnitten -> E-Bike_Hauptrahmen_zugeschnitten, setup time: 40
2025-04-18 13:48:08,780 - JSPGymEnvironment - INFO - Executed operation: Job J13, Op 0, Machine M1, Start: 72, End: 113, Setup: 40
2025-04-18 13:48:08,825 - JSPGymEnvironment - INFO - Material change on machine M1: E-Bike_Hauptrahmen_zugeschnitten -> Racebike_Hauptrahmen_zugeschnitten, setup time: 40
2025-04-18 13:48:08,825 - JSPGymEnvironment - INFO - Executed operation: Job J4, Op 0, Machine M1, Start: 153, End: 178, Setup: 40
2025-04-18 13:48:08,864 - JSPGymEnvironment - INFO - Material change on machine M1: Racebike_Hauptrahmen_zugeschnitten -> Mountainbike_Hauptrahmen_zugeschnitten, setup time: 40
2025-04-18 13:48:08,864 - JSPGymEnvironment - INFO - Executed operation: Job J12, Op 0, Machine M1, Start: 218, End: 249, Setup: 40
2025-04-18 13:48:08,900 - JSPGymEnvironment - INFO - Material change on machine M1: Mountainbike_Hauptrahmen_zugeschnitten -> Racebike_Hauptrahmen_zugeschnitten, setup time: 40
2025-04-18 13:48:08,900 - JSPGymEnvironment - INFO - Executed operation: Job J7, Op 0, Machine M1, Start: 289, End: 324, Setup: 40
2025-04-18 13:48:08,937 - JSPGymEnvironment - INFO - Material change on machine M2:  -> Mountainbike_Schaltauge_bearbeitet, setup time: 0
2025-04-18 13:48:08,937 - JSPGymEnvironment - INFO - Executed operation: Job J12, Op 1, Machine M2, Start: 324, End: 346, Setup: 0
2025-04-18 13:48:08,969 - JSPGymEnvironment - INFO - Material change on machine M1: Racebike_Hauptrahmen_zugeschnitten -> Mountainbike_Hauptrahmen_zugeschnitten, setup time: 40
2025-04-18 13:48:08,970 - JSPGymEnvironment - INFO - Executed operation: Job J5, Op 0, Machine M1, Start: 386, End: 422, Setup: 40
2025-04-18 13:48:09,002 - JSPGymEnvironment - INFO - Material change on machine M2: Mountainbike_Schaltauge_bearbeitet -> Racebike_Schaltauge_bearbeitet, setup time: 20
2025-04-18 13:48:09,002 - JSPGymEnvironment - INFO - Executed operation: Job J4, Op 1, Machine M2, Start: 442, End: 457, Setup: 20
2025-04-18 13:48:09,038 - JSPGymEnvironment - INFO - Material change on machine M2: Racebike_Schaltauge_bearbeitet -> E-Bike_Schaltauge_bearbeitet, setup time: 20
2025-04-18 13:48:09,038 - JSPGymEnvironment - INFO - Executed operation: Job J13, Op 1, Machine M2, Start: 477, End: 500, Setup: 20
2025-04-18 13:48:09,073 - JSPGymEnvironment - INFO - Material change on machine M1: Mountainbike_Hauptrahmen_zugeschnitten -> Citybike_Hauptrahmen_zugeschnitten, setup time: 40
2025-04-18 13:48:09,074 - JSPGymEnvironment - INFO - Executed operation: Job J17, Op 0, Machine M1, Start: 540, End: 578, Setup: 40
2025-04-18 13:48:09,364 - JSPGymEnvironment - INFO - Material change on machine M3:  -> E-Bike_Antrieb_installiert, setup time: 0
2025-04-18 13:48:09,365 - JSPGymEnvironment - INFO - Executed operation: Job J13, Op 2, Machine M3, Start: 578, End: 631, Setup: 0
2025-04-18 13:48:09,400 - JSPGymEnvironment - INFO - Material change on machine M3: E-Bike_Antrieb_installiert -> Racebike_Antrieb_installiert, setup time: 15
2025-04-18 13:48:09,400 - JSPGymEnvironment - INFO - Executed operation: Job J4, Op 2, Machine M3, Start: 646, End: 686, Setup: 15
2025-04-18 13:48:09,436 - JSPGymEnvironment - INFO - Material change on machine M2: E-Bike_Schaltauge_bearbeitet -> E-Bike_Bremsaufnahme_gebohrt, setup time: 20
2025-04-18 13:48:09,436 - JSPGymEnvironment - INFO - Executed operation: Job J13, Op 3, Machine M2, Start: 706, End: 728, Setup: 20
2025-04-18 13:48:09,471 - JSPGymEnvironment - INFO - Material change on machine M3: Racebike_Antrieb_installiert -> Mountainbike_Antrieb_installiert, setup time: 15
2025-04-18 13:48:09,472 - JSPGymEnvironment - INFO - Executed operation: Job J12, Op 2, Machine M3, Start: 743, End: 788, Setup: 15
2025-04-18 13:48:09,507 - JSPGymEnvironment - INFO - Material change on machine M3: Mountainbike_Antrieb_installiert -> E-Bike_Fahrrad_endmontiert, setup time: 15
2025-04-18 13:48:09,507 - JSPGymEnvironment - INFO - Executed operation: Job J13, Op 4, Machine M3, Start: 803, End: 856, Setup: 15
2025-04-18 13:48:09,507 - JSPGymEnvironment - INFO - Job J13 completed at time 856, deadline: 2863, met: True, priority: 7
2025-04-18 13:48:09,549 - JSPGymEnvironment - INFO - Material change on machine M2: E-Bike_Bremsaufnahme_gebohrt -> Mountainbike_Schaltauge_bearbeitet, setup time: 20
2025-04-18 13:48:09,549 - JSPGymEnvironment - INFO - Executed operation: Job J5, Op 1, Machine M2, Start: 876, End: 891, Setup: 20
2025-04-18 13:48:09,583 - JSPGymEnvironment - INFO - Material change on machine M2: Mountainbike_Schaltauge_bearbeitet -> Citybike_Schaltauge_bearbeitet, setup time: 20
2025-04-18 13:48:09,583 - JSPGymEnvironment - INFO - Executed operation: Job J17, Op 1, Machine M2, Start: 911, End: 931, Setup: 20
2025-04-18 13:48:09,616 - JSPGymEnvironment - INFO - Material change on machine M3: E-Bike_Fahrrad_endmontiert -> Citybike_Antrieb_installiert, setup time: 15
2025-04-18 13:48:09,616 - JSPGymEnvironment - INFO - Executed operation: Job J17, Op 2, Machine M3, Start: 946, End: 980, Setup: 15
2025-04-18 13:48:09,649 - JSPGymEnvironment - INFO - Material change on machine M1: Citybike_Hauptrahmen_zugeschnitten -> Mountainbike_Hauptrahmen_zugeschnitten, setup time: 40
2025-04-18 13:48:09,649 - JSPGymEnvironment - INFO - Executed operation: Job J18, Op 0, Machine M1, Start: 1020, End: 1042, Setup: 40
2025-04-18 13:48:09,682 - JSPGymEnvironment - INFO - Material change on machine M2: Citybike_Schaltauge_bearbeitet -> Racebike_Schaltauge_bearbeitet, setup time: 20
2025-04-18 13:48:09,682 - JSPGymEnvironment - INFO - Executed operation: Job J10, Op 1, Machine M2, Start: 1062, End: 1087, Setup: 20
2025-04-18 13:48:09,716 - JSPGymEnvironment - INFO - Material change on machine M2: Racebike_Schaltauge_bearbeitet -> Mountainbike_Bremsaufnahme_gebohrt, setup time: 20
2025-04-18 13:48:09,716 - JSPGymEnvironment - INFO - Executed operation: Job J12, Op 3, Machine M2, Start: 1107, End: 1133, Setup: 20
2025-04-18 13:48:09,749 - JSPGymEnvironment - INFO - Material change on machine M3: Citybike_Antrieb_installiert -> Racebike_Antrieb_installiert, setup time: 15
2025-04-18 13:48:09,749 - JSPGymEnvironment - INFO - Executed operation: Job J10, Op 2, Machine M3, Start: 1148, End: 1187, Setup: 15
2025-04-18 13:48:09,784 - JSPGymEnvironment - INFO - Material change on machine M2: Mountainbike_Bremsaufnahme_gebohrt -> Racebike_Bremsaufnahme_gebohrt, setup time: 20
2025-04-18 13:48:09,784 - JSPGymEnvironment - INFO - Executed operation: Job J10, Op 3, Machine M2, Start: 1207, End: 1229, Setup: 20
2025-04-18 13:48:09,827 - JSPGymEnvironment - INFO - Material change on machine M2: Racebike_Bremsaufnahme_gebohrt -> Mountainbike_Rahmen_nachbearbeitet, setup time: 20
2025-04-18 13:48:09,827 - JSPGymEnvironment - INFO - Executed operation: Job J12, Op 4, Machine M2, Start: 1249, End: 1277, Setup: 20
2025-04-18 13:48:10,077 - JSPGymEnvironment - INFO - Executed operation: Job J12, Op 5, Machine M2, Start: 1292, End: 1320, Setup: 15
2025-04-18 13:48:10,117 - JSPGymEnvironment - INFO - Material change on machine M2: Mountainbike_Rahmen_nachbearbeitet -> Racebike_Schaltauge_bearbeitet, setup time: 20
2025-04-18 13:48:10,117 - JSPGymEnvironment - INFO - Executed operation: Job J7, Op 1, Machine M2, Start: 1340, End: 1363, Setup: 20
2025-04-18 13:48:10,150 - JSPGymEnvironment - INFO - Material change on machine M2: Racebike_Schaltauge_bearbeitet -> Racebike_Rahmen_nachbearbeitet, setup time: 20
2025-04-18 13:48:10,150 - JSPGymEnvironment - INFO - Executed operation: Job J10, Op 4, Machine M2, Start: 1383, End: 1394, Setup: 20
2025-04-18 13:48:10,187 - JSPGymEnvironment - INFO - Material change on machine M2: Racebike_Rahmen_nachbearbeitet -> Mountainbike_Fahrrad_endmontiert, setup time: 20
2025-04-18 13:48:10,187 - JSPGymEnvironment - INFO - Executed operation: Job J12, Op 6, Machine M2, Start: 1414, End: 1436, Setup: 20
2025-04-18 13:48:10,187 - JSPGymEnvironment - INFO - Job J12 completed at time 1436, deadline: 2863, met: True, priority: 2
2025-04-18 13:48:10,233 - JSPGymEnvironment - INFO - Material change on machine M1: Mountainbike_Hauptrahmen_zugeschnitten -> Racebike_Hauptrahmen_zugeschnitten, setup time: 40
2025-04-18 13:48:10,233 - JSPGymEnvironment - INFO - Executed operation: Job J15, Op 0, Machine M1, Start: 1476, End: 1499, Setup: 40
2025-04-18 13:48:10,287 - JSPGymEnvironment - INFO - Material change on machine M2: Mountainbike_Fahrrad_endmontiert -> Racebike_Rahmen_nachbearbeitet, setup time: 20
2025-04-18 13:48:10,287 - JSPGymEnvironment - INFO - Executed operation: Job J10, Op 5, Machine M2, Start: 1519, End: 1537, Setup: 20
2025-04-18 13:48:10,338 - JSPGymEnvironment - INFO - Material change on machine M2: Racebike_Rahmen_nachbearbeitet -> Racebike_Bremsaufnahme_gebohrt, setup time: 20
2025-04-18 13:48:10,338 - JSPGymEnvironment - INFO - Executed operation: Job J4, Op 3, Machine M2, Start: 1557, End: 1571, Setup: 20
2025-04-18 13:48:10,394 - JSPGymEnvironment - INFO - Executed operation: Job J7, Op 2, Machine M3, Start: 1581, End: 1605, Setup: 10
2025-04-18 13:48:10,445 - JSPGymEnvironment - INFO - Material change on machine M3: Racebike_Antrieb_installiert -> Citybike_Bremsen_justiert, setup time: 15
2025-04-18 13:48:10,445 - JSPGymEnvironment - INFO - Executed operation: Job J17, Op 3, Machine M3, Start: 1620, End: 1646, Setup: 15
2025-04-18 13:48:10,489 - JSPGymEnvironment - INFO - Material change on machine M3: Citybike_Bremsen_justiert -> Citybike_Fahrrad_endmontiert, setup time: 15
2025-04-18 13:48:10,489 - JSPGymEnvironment - INFO - Executed operation: Job J17, Op 4, Machine M3, Start: 1661, End: 1711, Setup: 15
2025-04-18 13:48:10,533 - JSPGymEnvironment - INFO - Material change on machine M1: Racebike_Hauptrahmen_zugeschnitten -> Mountainbike_Hauptrahmen_zugeschnitten, setup time: 40
2025-04-18 13:48:10,533 - JSPGymEnvironment - INFO - Executed operation: Job J20, Op 0, Machine M1, Start: 1751, End: 1770, Setup: 40
2025-04-18 13:48:10,570 - JSPGymEnvironment - INFO - Material change on machine M2: Racebike_Bremsaufnahme_gebohrt -> Racebike_Schaltauge_bearbeitet, setup time: 20
2025-04-18 13:48:10,570 - JSPGymEnvironment - INFO - Executed operation: Job J15, Op 1, Machine M2, Start: 1790, End: 1803, Setup: 20
2025-04-18 13:48:10,616 - JSPGymEnvironment - INFO - Material change on machine M2: Racebike_Schaltauge_bearbeitet -> Racebike_Bremsaufnahme_gebohrt, setup time: 20
2025-04-18 13:48:10,616 - JSPGymEnvironment - INFO - Executed operation: Job J7, Op 3, Machine M2, Start: 1823, End: 1846, Setup: 20
2025-04-18 13:48:10,850 - JSPGymEnvironment - INFO - Material change on machine M2: Racebike_Bremsaufnahme_gebohrt -> Racebike_Rahmen_nachbearbeitet, setup time: 20
2025-04-18 13:48:10,850 - JSPGymEnvironment - INFO - Executed operation: Job J10, Op 6, Machine M2, Start: 1866, End: 1877, Setup: 20
2025-04-18 13:48:10,884 - JSPGymEnvironment - INFO - Material change on machine M1: Mountainbike_Hauptrahmen_zugeschnitten -> E-Bike_Hauptrahmen_zugeschnitten, setup time: 40
2025-04-18 13:48:10,884 - JSPGymEnvironment - INFO - Executed operation: Job J19, Op 0, Machine M1, Start: 1917, End: 1932, Setup: 40
2025-04-18 13:48:10,917 - JSPGymEnvironment - INFO - Executed operation: Job J4, Op 4, Machine M2, Start: 1947, End: 1972, Setup: 15
2025-04-18 13:48:10,950 - JSPGymEnvironment - INFO - Material change on machine M3: Citybike_Fahrrad_endmontiert -> Racebike_Antrieb_installiert, setup time: 15
2025-04-18 13:48:10,950 - JSPGymEnvironment - INFO - Executed operation: Job J15, Op 2, Machine M3, Start: 1987, End: 2022, Setup: 15
2025-04-18 13:48:10,983 - JSPGymEnvironment - INFO - Executed operation: Job J4, Op 5, Machine M2, Start: 2037, End: 2061, Setup: 15
2025-04-18 13:48:11,017 - JSPGymEnvironment - INFO - Material change on machine M2: Racebike_Rahmen_nachbearbeitet -> E-Bike_Schaltauge_bearbeitet, setup time: 20
2025-04-18 13:48:11,017 - JSPGymEnvironment - INFO - Executed operation: Job J19, Op 1, Machine M2, Start: 2081, End: 2111, Setup: 20
2025-04-18 13:48:11,051 - JSPGymEnvironment - INFO - Material change on machine M1: E-Bike_Hauptrahmen_zugeschnitten -> Racebike_Hauptrahmen_zugeschnitten, setup time: 40
2025-04-18 13:48:11,051 - JSPGymEnvironment - INFO - Executed operation: Job J1, Op 0, Machine M1, Start: 2151, End: 2191, Setup: 40
2025-04-18 13:48:11,094 - JSPGymEnvironment - INFO - Material change on machine M3: Racebike_Antrieb_installiert -> Racebike_Fahrrad_endmontiert, setup time: 15
2025-04-18 13:48:11,094 - JSPGymEnvironment - INFO - Executed operation: Job J4, Op 6, Machine M3, Start: 2206, End: 2232, Setup: 15
2025-04-18 13:48:11,094 - JSPGymEnvironment - INFO - Job J4 completed at time 2232, deadline: 2757, met: True, priority: 7
2025-04-18 13:48:11,136 - JSPGymEnvironment - INFO - Material change on machine M3: Racebike_Fahrrad_endmontiert -> Mountainbike_Antrieb_installiert, setup time: 15
2025-04-18 13:48:11,138 - JSPGymEnvironment - INFO - Executed operation: Job J5, Op 2, Machine M3, Start: 2247, End: 2272, Setup: 15
2025-04-18 13:48:11,185 - JSPGymEnvironment - INFO - Material change on machine M1: Racebike_Hauptrahmen_zugeschnitten -> Citybike_Hauptrahmen_zugeschnitten, setup time: 40
2025-04-18 13:48:11,186 - JSPGymEnvironment - INFO - Executed operation: Job J9, Op 0, Machine M1, Start: 2312, End: 2352, Setup: 40
2025-04-18 13:48:11,223 - JSPGymEnvironment - INFO - Material change on machine M3: Mountainbike_Antrieb_installiert -> Citybike_Fahrrad_endmontiert, setup time: 15
2025-04-18 13:48:11,223 - JSPGymEnvironment - INFO - Executed operation: Job J17, Op 5, Machine M3, Start: 2367, End: 2426, Setup: 15
2025-04-18 13:48:11,256 - JSPGymEnvironment - INFO - Material change on machine M2: E-Bike_Schaltauge_bearbeitet -> Racebike_Fahrrad_endmontiert, setup time: 20
2025-04-18 13:48:11,256 - JSPGymEnvironment - INFO - Executed operation: Job J10, Op 7, Machine M2, Start: 2446, End: 2458, Setup: 20
2025-04-18 13:48:11,256 - JSPGymEnvironment - INFO - Job J10 completed at time 2458, deadline: 2880, met: True, priority: 9
2025-04-18 13:48:11,291 - JSPGymEnvironment - INFO - Material change on machine M2: Racebike_Fahrrad_endmontiert -> Racebike_Rahmen_nachbearbeitet, setup time: 20
2025-04-18 13:48:11,291 - JSPGymEnvironment - INFO - Executed operation: Job J7, Op 4, Machine M2, Start: 2478, End: 2504, Setup: 20
2025-04-18 13:48:11,509 - JSPGymEnvironment - INFO - Executed operation: Job J7, Op 5, Machine M2, Start: 2519, End: 2537, Setup: 15
2025-04-18 13:48:11,547 - JSPGymEnvironment - INFO - Executed operation: Job J7, Op 6, Machine M2, Start: 2552, End: 2567, Setup: 15
2025-04-18 13:48:11,590 - JSPGymEnvironment - INFO - Executed operation: Job J17, Op 6, Machine M3, Start: 2577, End: 2602, Setup: 10
2025-04-18 13:48:11,590 - JSPGymEnvironment - INFO - Job J17 completed at time 2602, deadline: 2880, met: True, priority: 6
2025-04-18 13:48:11,631 - JSPGymEnvironment - INFO - Material change on machine M3: Citybike_Fahrrad_endmontiert -> E-Bike_Antrieb_installiert, setup time: 15
2025-04-18 13:48:11,632 - JSPGymEnvironment - INFO - Executed operation: Job J19, Op 2, Machine M3, Start: 2617, End: 2639, Setup: 15
2025-04-18 13:48:11,671 - JSPGymEnvironment - INFO - Material change on machine M3: E-Bike_Antrieb_installiert -> Racebike_Bremsen_justiert, setup time: 15
2025-04-18 13:48:11,671 - JSPGymEnvironment - INFO - Executed operation: Job J15, Op 3, Machine M3, Start: 2654, End: 2681, Setup: 15
2025-04-18 13:48:11,711 - JSPGymEnvironment - INFO - Executed operation: Job J15, Op 4, Machine M2, Start: 2696, End: 2716, Setup: 15
2025-04-18 13:48:11,746 - JSPGymEnvironment - INFO - Material change on machine M2: Racebike_Rahmen_nachbearbeitet -> Mountainbike_Bremsaufnahme_gebohrt, setup time: 20
2025-04-18 13:48:11,747 - JSPGymEnvironment - INFO - Executed operation: Job J5, Op 3, Machine M2, Start: 2736, End: 2751, Setup: 20
2025-04-18 13:48:11,783 - JSPGymEnvironment - INFO - Material change on machine M2: Mountainbike_Bremsaufnahme_gebohrt -> Citybike_Schaltauge_bearbeitet, setup time: 20
2025-04-18 13:48:11,783 - JSPGymEnvironment - INFO - Executed operation: Job J9, Op 1, Machine M2, Start: 2771, End: 2787, Setup: 20
2025-04-18 13:48:11,817 - JSPGymEnvironment - INFO - Material change on machine M2: Citybike_Schaltauge_bearbeitet -> Racebike_Fahrrad_endmontiert, setup time: 20
2025-04-18 13:48:11,817 - JSPGymEnvironment - INFO - Executed operation: Job J7, Op 7, Machine M2, Start: 2807, End: 2832, Setup: 20
2025-04-18 13:48:11,817 - JSPGymEnvironment - INFO - Job J7 completed at time 2832, deadline: 2880, met: True, priority: 9
2025-04-18 13:48:11,850 - JSPGymEnvironment - INFO - Material change on machine M2: Racebike_Fahrrad_endmontiert -> Racebike_Rahmen_nachbearbeitet, setup time: 20
2025-04-18 13:48:11,850 - JSPGymEnvironment - INFO - Executed operation: Job J15, Op 5, Machine M2, Start: 2852, End: 2875, Setup: 20
2025-04-18 13:48:11,884 - JSPGymEnvironment - INFO - Material change on machine M2: Racebike_Rahmen_nachbearbeitet -> Racebike_Schaltauge_bearbeitet, setup time: 20
2025-04-18 13:48:11,884 - JSPGymEnvironment - INFO - Executed operation: Job J1, Op 1, Machine M2, Start: 2895, End: 2911, Setup: 20
2025-04-18 13:48:11,918 - JSPGymEnvironment - INFO - Material change on machine M2: Racebike_Schaltauge_bearbeitet -> Mountainbike_Schaltauge_bearbeitet, setup time: 20
2025-04-18 13:48:11,918 - JSPGymEnvironment - INFO - Executed operation: Job J20, Op 1, Machine M2, Start: 2931, End: 2956, Setup: 20
2025-04-18 13:48:11,954 - JSPGymEnvironment - INFO - Material change on machine M2: Mountainbike_Schaltauge_bearbeitet -> Mountainbike_Rahmen_nachbearbeitet, setup time: 20
2025-04-18 13:48:11,954 - JSPGymEnvironment - INFO - Executed operation: Job J5, Op 4, Machine M2, Start: 2976, End: 3006, Setup: 20
2025-04-18 13:48:11,989 - JSPGymEnvironment - INFO - Material change on machine M3: Racebike_Bremsen_justiert -> Racebike_Fahrrad_endmontiert, setup time: 15
2025-04-18 13:48:11,989 - JSPGymEnvironment - INFO - Executed operation: Job J15, Op 6, Machine M3, Start: 3021, End: 3048, Setup: 15
2025-04-18 13:48:12,024 - JSPGymEnvironment - INFO - Material change on machine M2: Mountainbike_Rahmen_nachbearbeitet -> E-Bike_Bremsaufnahme_gebohrt, setup time: 20
2025-04-18 13:48:12,024 - JSPGymEnvironment - INFO - Executed operation: Job J19, Op 3, Machine M2, Start: 3068, End: 3081, Setup: 20
2025-04-18 13:48:12,258 - JSPGymEnvironment - INFO - Material change on machine M2: E-Bike_Bremsaufnahme_gebohrt -> E-Bike_Rahmen_nachbearbeitet, setup time: 20
2025-04-18 13:48:12,258 - JSPGymEnvironment - INFO - Executed operation: Job J19, Op 4, Machine M2, Start: 3101, End: 3118, Setup: 20
2025-04-18 13:48:12,302 - JSPGymEnvironment - INFO - Executed operation: Job J19, Op 5, Machine M2, Start: 3133, End: 3154, Setup: 15
2025-04-18 13:48:12,342 - JSPGymEnvironment - INFO - Material change on machine M2: E-Bike_Rahmen_nachbearbeitet -> Mountainbike_Fahrrad_endmontiert, setup time: 20
2025-04-18 13:48:12,343 - JSPGymEnvironment - INFO - Executed operation: Job J5, Op 5, Machine M2, Start: 3174, End: 3196, Setup: 20
2025-04-18 13:48:12,343 - JSPGymEnvironment - INFO - Job J5 completed at time 3196, deadline: 2880, met: False, priority: 1
2025-04-18 13:48:12,343 - JSPGymEnvironment - INFO - CREDIT_ASSIGNMENT_PROBLEM: Scheduled penalty of -0.38 for step 63 due to missed_deadline at step 68
2025-04-18 13:48:12,379 - JSPGymEnvironment - INFO - Material change on machine M2: Mountainbike_Fahrrad_endmontiert -> E-Bike_Fahrrad_endmontiert, setup time: 20
2025-04-18 13:48:12,380 - JSPGymEnvironment - INFO - Executed operation: Job J19, Op 6, Machine M2, Start: 3216, End: 3241, Setup: 20
2025-04-18 13:48:12,380 - JSPGymEnvironment - INFO - Job J19 completed at time 3241, deadline: 2737, met: False, priority: 8
2025-04-18 13:48:12,381 - JSPGymEnvironment - INFO - CREDIT_ASSIGNMENT_PROBLEM: Scheduled penalty of -0.64 for step 67 due to missed_deadline at step 69
2025-04-18 13:48:12,381 - JSPGymEnvironment - INFO - CREDIT_ASSIGNMENT_PROBLEM: Scheduled penalty of -0.45 for step 66 due to missed_deadline at step 69
2025-04-18 13:48:12,381 - JSPGymEnvironment - INFO - CREDIT_ASSIGNMENT_PROBLEM: Scheduled penalty of -0.32 for step 65 due to missed_deadline at step 69
2025-04-18 13:48:12,417 - JSPGymEnvironment - INFO - Executed operation: Job J15, Op 7, Machine M3, Start: 3251, End: 3297, Setup: 10
2025-04-18 13:48:12,417 - JSPGymEnvironment - INFO - Job J15 completed at time 3297, deadline: 2833, met: False, priority: 10
2025-04-18 13:48:12,417 - JSPGymEnvironment - INFO - CREDIT_ASSIGNMENT_PROBLEM: Scheduled penalty of -0.57 for step 64 due to missed_deadline at step 70
2025-04-18 13:48:12,454 - JSPGymEnvironment - INFO - Material change on machine M2: E-Bike_Fahrrad_endmontiert -> Mountainbike_Schaltauge_bearbeitet, setup time: 20
2025-04-18 13:48:12,455 - JSPGymEnvironment - INFO - Executed operation: Job J18, Op 1, Machine M2, Start: 3317, End: 3337, Setup: 20
2025-04-18 13:48:12,490 - JSPGymEnvironment - INFO - Executed operation: Job J8, Op 0, Machine M1, Start: 3362, End: 3381, Setup: 25
2025-04-18 13:48:12,526 - JSPGymEnvironment - INFO - Material change on machine M3: Racebike_Fahrrad_endmontiert -> Mountainbike_Antrieb_installiert, setup time: 15
2025-04-18 13:48:12,526 - JSPGymEnvironment - INFO - Executed operation: Job J18, Op 2, Machine M3, Start: 3396, End: 3425, Setup: 15
2025-04-18 13:48:12,565 - JSPGymEnvironment - INFO - Material change on machine M1: Citybike_Hauptrahmen_zugeschnitten -> Racebike_Hauptrahmen_zugeschnitten, setup time: 40
2025-04-18 13:48:12,566 - JSPGymEnvironment - INFO - Executed operation: Job J16, Op 0, Machine M1, Start: 3465, End: 3491, Setup: 40
2025-04-18 13:48:12,604 - JSPGymEnvironment - INFO - Material change on machine M3: Mountainbike_Antrieb_installiert -> Mountainbike_Bremsen_justiert, setup time: 15
2025-04-18 13:48:12,604 - JSPGymEnvironment - INFO - Executed operation: Job J18, Op 3, Machine M3, Start: 3506, End: 3561, Setup: 15
2025-04-18 13:48:12,641 - JSPGymEnvironment - INFO - Material change on machine M3: Mountainbike_Bremsen_justiert -> Mountainbike_Antrieb_installiert, setup time: 15
2025-04-18 13:48:12,641 - JSPGymEnvironment - INFO - Executed operation: Job J20, Op 2, Machine M3, Start: 3576, End: 3600, Setup: 15
2025-04-18 13:48:12,687 - JSPGymEnvironment - INFO - Material change on machine M2: Mountainbike_Schaltauge_bearbeitet -> Racebike_Schaltauge_bearbeitet, setup time: 20
2025-04-18 13:48:12,688 - JSPGymEnvironment - INFO - Executed operation: Job J16, Op 1, Machine M2, Start: 3620, End: 3635, Setup: 20
2025-04-18 13:48:12,727 - JSPGymEnvironment - INFO - Material change on machine M2: Racebike_Schaltauge_bearbeitet -> Mountainbike_Fahrrad_endmontiert, setup time: 20
2025-04-18 13:48:12,728 - JSPGymEnvironment - INFO - Executed operation: Job J18, Op 4, Machine M2, Start: 3655, End: 3668, Setup: 20
2025-04-18 13:48:12,728 - JSPGymEnvironment - INFO - Job J18 completed at time 3668, deadline: 2880, met: False, priority: 6
2025-04-18 13:48:12,728 - JSPGymEnvironment - INFO - CREDIT_ASSIGNMENT_PROBLEM: Scheduled penalty of -0.96 for step 75 due to missed_deadline at step 78
2025-04-18 13:48:12,728 - JSPGymEnvironment - INFO - CREDIT_ASSIGNMENT_PROBLEM: Scheduled penalty of -0.67 for step 73 due to missed_deadline at step 78
2025-04-18 13:48:12,729 - JSPGymEnvironment - INFO - CREDIT_ASSIGNMENT_PROBLEM: Scheduled penalty of -0.47 for step 71 due to missed_deadline at step 78
2025-04-18 13:48:12,774 - JSPGymEnvironment - INFO - Material change on machine M1: Racebike_Hauptrahmen_zugeschnitten -> E-Bike_Hauptrahmen_zugeschnitten, setup time: 40
2025-04-18 13:48:12,774 - JSPGymEnvironment - INFO - Executed operation: Job J3, Op 0, Machine M1, Start: 3708, End: 3742, Setup: 40
2025-04-18 13:48:13,033 - JSPGymEnvironment - INFO - Material change on machine M3: Mountainbike_Antrieb_installiert -> Racebike_Antrieb_installiert, setup time: 15
2025-04-18 13:48:13,034 - JSPGymEnvironment - INFO - Executed operation: Job J16, Op 2, Machine M3, Start: 3757, End: 3787, Setup: 15
2025-04-18 13:48:13,078 - JSPGymEnvironment - INFO - Material change on machine M2: Mountainbike_Fahrrad_endmontiert -> E-Bike_Schaltauge_bearbeitet, setup time: 20
2025-04-18 13:48:13,078 - JSPGymEnvironment - INFO - Executed operation: Job J3, Op 1, Machine M2, Start: 3807, End: 3827, Setup: 20
2025-04-18 13:48:13,123 - JSPGymEnvironment - INFO - Material change on machine M2: E-Bike_Schaltauge_bearbeitet -> Racebike_Bremsaufnahme_gebohrt, setup time: 20
2025-04-18 13:48:13,123 - JSPGymEnvironment - INFO - Executed operation: Job J16, Op 3, Machine M2, Start: 3847, End: 3870, Setup: 20
2025-04-18 13:48:13,168 - JSPGymEnvironment - INFO - Material change on machine M1: E-Bike_Hauptrahmen_zugeschnitten -> Citybike_Hauptrahmen_zugeschnitten, setup time: 40
2025-04-18 13:48:13,168 - JSPGymEnvironment - INFO - Executed operation: Job J11, Op 0, Machine M1, Start: 3910, End: 3941, Setup: 40
2025-04-18 13:48:13,210 - JSPGymEnvironment - INFO - Executed operation: Job J1, Op 2, Machine M3, Start: 3951, End: 3987, Setup: 10
2025-04-18 13:48:13,271 - JSPGymEnvironment - INFO - Executed operation: Job J1, Op 3, Machine M2, Start: 4002, End: 4020, Setup: 15
2025-04-18 13:48:13,324 - JSPGymEnvironment - INFO - Material change on machine M3: Racebike_Antrieb_installiert -> Mountainbike_Bremsen_justiert, setup time: 15
2025-04-18 13:48:13,324 - JSPGymEnvironment - INFO - Executed operation: Job J20, Op 3, Machine M3, Start: 4035, End: 4076, Setup: 15
2025-04-18 13:48:13,390 - JSPGymEnvironment - INFO - Material change on machine M2: Racebike_Bremsaufnahme_gebohrt -> Mountainbike_Rahmen_nachbearbeitet, setup time: 20
2025-04-18 13:48:13,391 - JSPGymEnvironment - INFO - Executed operation: Job J20, Op 4, Machine M2, Start: 4096, End: 4113, Setup: 20
2025-04-18 13:48:13,451 - JSPGymEnvironment - INFO - Executed operation: Job J14, Op 0, Machine M1, Start: 4138, End: 4156, Setup: 25
2025-04-18 13:48:13,504 - JSPGymEnvironment - INFO - Material change on machine M3: Mountainbike_Bremsen_justiert -> Mountainbike_Fahrrad_endmontiert, setup time: 15
2025-04-18 13:48:13,504 - JSPGymEnvironment - INFO - Executed operation: Job J20, Op 5, Machine M3, Start: 4171, End: 4196, Setup: 15
2025-04-18 13:48:13,559 - JSPGymEnvironment - INFO - Material change on machine M2: Mountainbike_Rahmen_nachbearbeitet -> Racebike_Rahmen_nachbearbeitet, setup time: 20
2025-04-18 13:48:13,559 - JSPGymEnvironment - INFO - Executed operation: Job J1, Op 4, Machine M2, Start: 4216, End: 4238, Setup: 20
2025-04-18 13:48:13,609 - JSPGymEnvironment - INFO - Material change on machine M2: Racebike_Rahmen_nachbearbeitet -> Racebike_Fahrrad_endmontiert, setup time: 20
2025-04-18 13:48:13,610 - JSPGymEnvironment - INFO - Executed operation: Job J1, Op 5, Machine M2, Start: 4258, End: 4270, Setup: 20
2025-04-18 13:48:13,610 - JSPGymEnvironment - INFO - Job J1 completed at time 4270, deadline: 2790, met: False, priority: 7
2025-04-18 13:48:13,610 - JSPGymEnvironment - INFO - CREDIT_ASSIGNMENT_PROBLEM: Scheduled penalty of -1.86 for step 90 due to missed_deadline at step 91
2025-04-18 13:48:13,610 - JSPGymEnvironment - INFO - CREDIT_ASSIGNMENT_PROBLEM: Scheduled penalty of -1.30 for step 85 due to missed_deadline at step 91
2025-04-18 13:48:13,610 - JSPGymEnvironment - INFO - CREDIT_ASSIGNMENT_PROBLEM: Scheduled penalty of -0.91 for step 84 due to missed_deadline at step 91
2025-04-18 13:48:13,661 - JSPGymEnvironment - INFO - Executed operation: Job J2, Op 0, Machine M1, Start: 4295, End: 4311, Setup: 25
2025-04-18 13:48:13,710 - JSPGymEnvironment - INFO - Material change on machine M3: Mountainbike_Fahrrad_endmontiert -> E-Bike_Antrieb_installiert, setup time: 15
2025-04-18 13:48:13,710 - JSPGymEnvironment - INFO - Executed operation: Job J3, Op 2, Machine M3, Start: 4326, End: 4384, Setup: 15
2025-04-18 13:48:14,206 - JSPGymEnvironment - INFO - Material change on machine M3: E-Bike_Antrieb_installiert -> Mountainbike_Fahrrad_endmontiert, setup time: 15
2025-04-18 13:48:14,207 - JSPGymEnvironment - INFO - Executed operation: Job J20, Op 6, Machine M3, Start: 4399, End: 4439, Setup: 15
2025-04-18 13:48:14,207 - JSPGymEnvironment - INFO - Job J20 completed at time 4439, deadline: 2744, met: False, priority: 3
2025-04-18 13:48:14,207 - JSPGymEnvironment - INFO - CREDIT_ASSIGNMENT_PROBLEM: Scheduled penalty of -2.16 for step 89 due to missed_deadline at step 94
2025-04-18 13:48:14,207 - JSPGymEnvironment - INFO - CREDIT_ASSIGNMENT_PROBLEM: Scheduled penalty of -1.51 for step 87 due to missed_deadline at step 94
2025-04-18 13:48:14,208 - JSPGymEnvironment - INFO - CREDIT_ASSIGNMENT_PROBLEM: Scheduled penalty of -1.06 for step 86 due to missed_deadline at step 94
2025-04-18 13:48:14,343 - JSPGymEnvironment - INFO - Material change on machine M2: Racebike_Fahrrad_endmontiert -> E-Bike_Bremsaufnahme_gebohrt, setup time: 20
2025-04-18 13:48:14,343 - JSPGymEnvironment - INFO - Executed operation: Job J3, Op 3, Machine M2, Start: 4459, End: 4489, Setup: 20
2025-04-18 13:48:14,425 - JSPGymEnvironment - INFO - Material change on machine M2: E-Bike_Bremsaufnahme_gebohrt -> Racebike_Rahmen_nachbearbeitet, setup time: 20
2025-04-18 13:48:14,425 - JSPGymEnvironment - INFO - Executed operation: Job J16, Op 4, Machine M2, Start: 4509, End: 4523, Setup: 20
2025-04-18 13:48:14,508 - JSPGymEnvironment - INFO - Material change on machine M2: Racebike_Rahmen_nachbearbeitet -> Racebike_Fahrrad_endmontiert, setup time: 20
2025-04-18 13:48:14,508 - JSPGymEnvironment - INFO - Executed operation: Job J16, Op 5, Machine M2, Start: 4543, End: 4573, Setup: 20
2025-04-18 13:48:14,509 - JSPGymEnvironment - INFO - Job J16 completed at time 4573, deadline: 2855, met: False, priority: 7
2025-04-18 13:48:14,509 - JSPGymEnvironment - INFO - CREDIT_ASSIGNMENT_PROBLEM: Scheduled penalty of -2.11 for step 96 due to missed_deadline at step 97
2025-04-18 13:48:14,600 - JSPGymEnvironment - INFO - Material change on machine M2: Racebike_Fahrrad_endmontiert -> Citybike_Schaltauge_bearbeitet, setup time: 20
2025-04-18 13:48:14,600 - JSPGymEnvironment - INFO - Executed operation: Job J14, Op 1, Machine M2, Start: 4593, End: 4609, Setup: 20
2025-04-18 13:48:14,688 - JSPGymEnvironment - INFO - Executed operation: Job J8, Op 1, Machine M2, Start: 4624, End: 4637, Setup: 15
2025-04-18 13:48:14,828 - JSPGymEnvironment - INFO - Executed operation: Job J2, Op 1, Machine M2, Start: 4652, End: 4662, Setup: 15
2025-04-18 13:48:14,898 - JSPGymEnvironment - INFO - Material change on machine M3: Mountainbike_Fahrrad_endmontiert -> Citybike_Antrieb_installiert, setup time: 15
2025-04-18 13:48:14,899 - JSPGymEnvironment - INFO - Executed operation: Job J8, Op 2, Machine M3, Start: 4677, End: 4731, Setup: 15
2025-04-18 13:48:14,993 - JSPGymEnvironment - INFO - Executed operation: Job J11, Op 1, Machine M2, Start: 4746, End: 4759, Setup: 15
2025-04-18 13:48:15,119 - JSPGymEnvironment - INFO - Executed operation: Job J11, Op 2, Machine M3, Start: 4769, End: 4811, Setup: 10
2025-04-18 13:48:15,215 - JSPGymEnvironment - INFO - Material change on machine M3: Citybike_Antrieb_installiert -> Citybike_Bremsen_justiert, setup time: 15
2025-04-18 13:48:15,215 - JSPGymEnvironment - INFO - Executed operation: Job J8, Op 3, Machine M3, Start: 4826, End: 4884, Setup: 15
2025-04-18 13:48:15,841 - JSPGymEnvironment - INFO - Material change on machine M3: Citybike_Bremsen_justiert -> Citybike_Antrieb_installiert, setup time: 15
2025-04-18 13:48:15,842 - JSPGymEnvironment - INFO - Executed operation: Job J2, Op 2, Machine M3, Start: 4899, End: 4927, Setup: 15
2025-04-18 13:48:16,025 - JSPGymEnvironment - INFO - Material change on machine M2: Citybike_Schaltauge_bearbeitet -> E-Bike_Rahmen_nachbearbeitet, setup time: 20
2025-04-18 13:48:16,025 - JSPGymEnvironment - INFO - Executed operation: Job J3, Op 4, Machine M2, Start: 4947, End: 4964, Setup: 20
2025-04-18 13:48:16,415 - JSPGymEnvironment - INFO - Material change on machine M2: E-Bike_Rahmen_nachbearbeitet -> Citybike_Bremsaufnahme_gebohrt, setup time: 20
2025-04-18 13:48:16,416 - JSPGymEnvironment - INFO - Executed operation: Job J2, Op 3, Machine M2, Start: 4984, End: 5005, Setup: 20
2025-04-18 13:48:16,487 - JSPGymEnvironment - INFO - Material change on machine M3: Citybike_Antrieb_installiert -> Citybike_Fahrrad_endmontiert, setup time: 15
2025-04-18 13:48:16,487 - JSPGymEnvironment - INFO - Executed operation: Job J8, Op 4, Machine M3, Start: 5020, End: 5069, Setup: 15
2025-04-18 13:48:16,551 - JSPGymEnvironment - INFO - Material change on machine M3: Citybike_Fahrrad_endmontiert -> Citybike_Antrieb_installiert, setup time: 15
2025-04-18 13:48:16,551 - JSPGymEnvironment - INFO - Executed operation: Job J9, Op 2, Machine M3, Start: 5084, End: 5138, Setup: 15
2025-04-18 13:48:16,616 - JSPGymEnvironment - INFO - Material change on machine M2: Citybike_Bremsaufnahme_gebohrt -> Citybike_Fahrrad_endmontiert, setup time: 20
2025-04-18 13:48:16,617 - JSPGymEnvironment - INFO - Executed operation: Job J8, Op 5, Machine M2, Start: 5158, End: 5188, Setup: 20
2025-04-18 13:48:16,617 - JSPGymEnvironment - INFO - Job J8 completed at time 5188, deadline: 2762, met: False, priority: 5
2025-04-18 13:48:16,618 - JSPGymEnvironment - INFO - CREDIT_ASSIGNMENT_PROBLEM: Scheduled penalty of -3.07 for step 108 due to missed_deadline at step 110
2025-04-18 13:48:16,619 - JSPGymEnvironment - INFO - CREDIT_ASSIGNMENT_PROBLEM: Scheduled penalty of -2.15 for step 104 due to missed_deadline at step 110
2025-04-18 13:48:16,619 - JSPGymEnvironment - INFO - CREDIT_ASSIGNMENT_PROBLEM: Scheduled penalty of -1.51 for step 101 due to missed_deadline at step 110
2025-04-18 13:48:16,677 - JSPGymEnvironment - INFO - Material change on machine M2: Citybike_Fahrrad_endmontiert -> Citybike_Bremsaufnahme_gebohrt, setup time: 20
2025-04-18 13:48:16,678 - JSPGymEnvironment - INFO - Executed operation: Job J9, Op 3, Machine M2, Start: 5208, End: 5231, Setup: 20
2025-04-18 13:48:16,751 - JSPGymEnvironment - INFO - Material change on machine M3: Citybike_Antrieb_installiert -> Citybike_Bremsen_justiert, setup time: 15
2025-04-18 13:48:16,751 - JSPGymEnvironment - INFO - Executed operation: Job J11, Op 3, Machine M3, Start: 5246, End: 5268, Setup: 15
2025-04-18 13:48:16,822 - JSPGymEnvironment - INFO - Material change on machine M2: Citybike_Bremsaufnahme_gebohrt -> E-Bike_Rahmen_nachbearbeitet, setup time: 20
2025-04-18 13:48:16,822 - JSPGymEnvironment - INFO - Executed operation: Job J3, Op 5, Machine M2, Start: 5288, End: 5309, Setup: 20
2025-04-18 13:48:16,886 - JSPGymEnvironment - INFO - Material change on machine M2: E-Bike_Rahmen_nachbearbeitet -> Citybike_Rahmen_nachbearbeitet, setup time: 20
2025-04-18 13:48:16,886 - JSPGymEnvironment - INFO - Executed operation: Job J2, Op 4, Machine M2, Start: 5329, End: 5353, Setup: 20
2025-04-18 13:48:16,962 - JSPGymEnvironment - INFO - Executed operation: Job J9, Op 4, Machine M2, Start: 5368, End: 5380, Setup: 15
2025-04-18 13:48:17,227 - JSPGymEnvironment - INFO - Material change on machine M3: Citybike_Bremsen_justiert -> Citybike_Antrieb_installiert, setup time: 15
2025-04-18 13:48:17,228 - JSPGymEnvironment - INFO - Executed operation: Job J14, Op 2, Machine M3, Start: 5395, End: 5417, Setup: 15
2025-04-18 13:48:17,303 - JSPGymEnvironment - INFO - Material change on machine M2: Citybike_Rahmen_nachbearbeitet -> E-Bike_Fahrrad_endmontiert, setup time: 20
2025-04-18 13:48:17,304 - JSPGymEnvironment - INFO - Executed operation: Job J3, Op 6, Machine M2, Start: 5437, End: 5447, Setup: 20
2025-04-18 13:48:17,304 - JSPGymEnvironment - INFO - Job J3 completed at time 5447, deadline: 2862, met: False, priority: 8
2025-04-18 13:48:17,304 - JSPGymEnvironment - INFO - CREDIT_ASSIGNMENT_PROBLEM: Scheduled penalty of -3.16 for step 113 due to missed_deadline at step 117
2025-04-18 13:48:17,404 - JSPGymEnvironment - INFO - Material change on machine M3: Citybike_Antrieb_installiert -> Citybike_Fahrrad_endmontiert, setup time: 15
2025-04-18 13:48:17,404 - JSPGymEnvironment - INFO - Executed operation: Job J9, Op 5, Machine M3, Start: 5462, End: 5513, Setup: 15
