2025-04-10 12:59:52,184 - JSPGymEnvironment - INFO - Environment reset
2025-04-10 12:59:52,268 - JSPGymEnvironment - INFO - Environment reset
2025-04-10 12:59:52,311 - JSPGymEnvironment - INFO - Material change on machine M1:  -> Citybike_Hauptrahmen_zugeschnitten, setup time: 0
2025-04-10 12:59:52,312 - JSPGymEnvironment - INFO - Executed operation: Job J8, Op 0, Machine M1, Start: 0.0, End: 19.0, Setup: 0
2025-04-10 12:59:52,350 - JSPGymEnvironment - INFO - Executed operation: Job J14, Op 0, Machine M1, Start: 44.0, End: 62.0, Setup: 25
2025-04-10 12:59:52,379 - JSPGymEnvironment - INFO - Executed operation: Job J17, Op 0, Machine M1, Start: 87.0, End: 125.0, Setup: 25
2025-04-10 12:59:52,409 - JSPGymEnvironment - INFO - Material change on machine M2:  -> Citybike_Schaltauge_bearbeitet, setup time: 0
2025-04-10 12:59:52,409 - JSPGymEnvironment - INFO - Executed operation: Job J8, Op 1, Machine M2, Start: 125.0, End: 138.0, Setup: 0
2025-04-10 12:59:52,442 - JSPGymEnvironment - INFO - Material change on machine M1: Citybike_Hauptrahmen_zugeschnitten -> Mountainbike_Hauptrahmen_zugeschnitten, setup time: 40
2025-04-10 12:59:52,442 - JSPGymEnvironment - INFO - Executed operation: Job J12, Op 0, Machine M1, Start: 178.0, End: 209.0, Setup: 40
2025-04-10 12:59:52,473 - JSPGymEnvironment - INFO - Material change on machine M3:  -> Citybike_Antrieb_installiert, setup time: 0
2025-04-10 12:59:52,473 - JSPGymEnvironment - INFO - Executed operation: Job J8, Op 2, Machine M3, Start: 209.0, End: 263.0, Setup: 0
2025-04-10 12:59:52,499 - JSPGymEnvironment - INFO - Material change on machine M3: Citybike_Antrieb_installiert -> Citybike_Bremsen_justiert, setup time: 15
2025-04-10 12:59:52,500 - JSPGymEnvironment - INFO - Executed operation: Job J8, Op 3, Machine M3, Start: 278.0, End: 336.0, Setup: 15
2025-04-10 12:59:52,530 - JSPGymEnvironment - INFO - Material change on machine M3: Citybike_Bremsen_justiert -> Citybike_Fahrrad_endmontiert, setup time: 15
2025-04-10 12:59:52,530 - JSPGymEnvironment - INFO - Executed operation: Job J8, Op 4, Machine M3, Start: 351.0, End: 400.0, Setup: 15
2025-04-10 12:59:52,559 - JSPGymEnvironment - INFO - Material change on machine M2: Citybike_Schaltauge_bearbeitet -> Citybike_Fahrrad_endmontiert, setup time: 20
2025-04-10 12:59:52,559 - JSPGymEnvironment - INFO - Executed operation: Job J8, Op 5, Machine M2, Start: 420.0, End: 450.0, Setup: 20
2025-04-10 12:59:52,559 - JSPGymEnvironment - INFO - Job J8 completed at time 450.0, deadline: 2762, met: True, priority: 5
2025-04-10 12:59:52,592 - JSPGymEnvironment - INFO - Material change on machine M1: Mountainbike_Hauptrahmen_zugeschnitten -> E-Bike_Hauptrahmen_zugeschnitten, setup time: 40
2025-04-10 12:59:52,592 - JSPGymEnvironment - INFO - Executed operation: Job J13, Op 0, Machine M1, Start: 490.0, End: 531.0, Setup: 40
2025-04-10 12:59:52,807 - JSPGymEnvironment - INFO - Material change on machine M1: E-Bike_Hauptrahmen_zugeschnitten -> Mountainbike_Hauptrahmen_zugeschnitten, setup time: 40
2025-04-10 12:59:52,808 - JSPGymEnvironment - INFO - Executed operation: Job J20, Op 0, Machine M1, Start: 571.0, End: 590.0, Setup: 40
2025-04-10 12:59:52,840 - JSPGymEnvironment - INFO - Material change on machine M2: Citybike_Fahrrad_endmontiert -> Mountainbike_Schaltauge_bearbeitet, setup time: 20
2025-04-10 12:59:52,840 - JSPGymEnvironment - INFO - Executed operation: Job J20, Op 1, Machine M2, Start: 610.0, End: 635.0, Setup: 20
2025-04-10 12:59:52,871 - JSPGymEnvironment - INFO - Material change on machine M1: Mountainbike_Hauptrahmen_zugeschnitten -> Racebike_Hauptrahmen_zugeschnitten, setup time: 40
2025-04-10 12:59:52,871 - JSPGymEnvironment - INFO - Executed operation: Job J15, Op 0, Machine M1, Start: 675.0, End: 698.0, Setup: 40
2025-04-10 12:59:52,900 - JSPGymEnvironment - INFO - Executed operation: Job J4, Op 0, Machine M1, Start: 723.0, End: 748.0, Setup: 25
2025-04-10 12:59:52,931 - JSPGymEnvironment - INFO - Material change on machine M2: Mountainbike_Schaltauge_bearbeitet -> Citybike_Schaltauge_bearbeitet, setup time: 20
2025-04-10 12:59:52,932 - JSPGymEnvironment - INFO - Executed operation: Job J17, Op 1, Machine M2, Start: 768.0, End: 788.0, Setup: 20
2025-04-10 12:59:52,969 - JSPGymEnvironment - INFO - Material change on machine M2: Citybike_Schaltauge_bearbeitet -> Racebike_Schaltauge_bearbeitet, setup time: 20
2025-04-10 12:59:52,969 - JSPGymEnvironment - INFO - Executed operation: Job J4, Op 1, Machine M2, Start: 808.0, End: 823.0, Setup: 20
2025-04-10 12:59:53,006 - JSPGymEnvironment - INFO - Executed operation: Job J15, Op 1, Machine M2, Start: 838.0, End: 851.0, Setup: 15
2025-04-10 12:59:53,042 - JSPGymEnvironment - INFO - Material change on machine M3: Citybike_Fahrrad_endmontiert -> Racebike_Antrieb_installiert, setup time: 15
2025-04-10 12:59:53,042 - JSPGymEnvironment - INFO - Executed operation: Job J15, Op 2, Machine M3, Start: 866.0, End: 901.0, Setup: 15
2025-04-10 12:59:53,080 - JSPGymEnvironment - INFO - Material change on machine M3: Racebike_Antrieb_installiert -> Mountainbike_Antrieb_installiert, setup time: 15
2025-04-10 12:59:53,080 - JSPGymEnvironment - INFO - Executed operation: Job J20, Op 2, Machine M3, Start: 916.0, End: 940.0, Setup: 15
2025-04-10 12:59:53,118 - JSPGymEnvironment - INFO - Material change on machine M3: Mountainbike_Antrieb_installiert -> Racebike_Bremsen_justiert, setup time: 15
2025-04-10 12:59:53,118 - JSPGymEnvironment - INFO - Executed operation: Job J15, Op 3, Machine M3, Start: 955.0, End: 982.0, Setup: 15
2025-04-10 12:59:53,158 - JSPGymEnvironment - INFO - Material change on machine M3: Racebike_Bremsen_justiert -> Mountainbike_Bremsen_justiert, setup time: 15
2025-04-10 12:59:53,158 - JSPGymEnvironment - INFO - Executed operation: Job J20, Op 3, Machine M3, Start: 997.0, End: 1038.0, Setup: 15
2025-04-10 12:59:53,192 - JSPGymEnvironment - INFO - Material change on machine M1: Racebike_Hauptrahmen_zugeschnitten -> Mountainbike_Hauptrahmen_zugeschnitten, setup time: 40
2025-04-10 12:59:53,192 - JSPGymEnvironment - INFO - Executed operation: Job J5, Op 0, Machine M1, Start: 1078.0, End: 1114.0, Setup: 40
2025-04-10 12:59:53,226 - JSPGymEnvironment - INFO - Material change on machine M2: Racebike_Schaltauge_bearbeitet -> Racebike_Rahmen_nachbearbeitet, setup time: 20
2025-04-10 12:59:53,227 - JSPGymEnvironment - INFO - Executed operation: Job J15, Op 4, Machine M2, Start: 1134.0, End: 1154.0, Setup: 20
2025-04-10 12:59:53,265 - JSPGymEnvironment - INFO - Material change on machine M2: Racebike_Rahmen_nachbearbeitet -> Mountainbike_Rahmen_nachbearbeitet, setup time: 20
2025-04-10 12:59:53,265 - JSPGymEnvironment - INFO - Executed operation: Job J20, Op 4, Machine M2, Start: 1174.0, End: 1191.0, Setup: 20
2025-04-10 12:59:53,492 - JSPGymEnvironment - INFO - Material change on machine M1: Mountainbike_Hauptrahmen_zugeschnitten -> Racebike_Hauptrahmen_zugeschnitten, setup time: 40
2025-04-10 12:59:53,492 - JSPGymEnvironment - INFO - Executed operation: Job J6, Op 0, Machine M1, Start: 1231.0, End: 1267.0, Setup: 40
2025-04-10 12:59:53,521 - JSPGymEnvironment - INFO - Material change on machine M3: Mountainbike_Bremsen_justiert -> Mountainbike_Fahrrad_endmontiert, setup time: 15
2025-04-10 12:59:53,521 - JSPGymEnvironment - INFO - Executed operation: Job J20, Op 5, Machine M3, Start: 1282.0, End: 1307.0, Setup: 15
2025-04-10 12:59:53,549 - JSPGymEnvironment - INFO - Material change on machine M1: Racebike_Hauptrahmen_zugeschnitten -> E-Bike_Hauptrahmen_zugeschnitten, setup time: 40
2025-04-10 12:59:53,549 - JSPGymEnvironment - INFO - Executed operation: Job J3, Op 0, Machine M1, Start: 1347.0, End: 1381.0, Setup: 40
2025-04-10 12:59:53,579 - JSPGymEnvironment - INFO - Material change on machine M3: Mountainbike_Fahrrad_endmontiert -> Racebike_Antrieb_installiert, setup time: 15
2025-04-10 12:59:53,579 - JSPGymEnvironment - INFO - Executed operation: Job J4, Op 2, Machine M3, Start: 1396.0, End: 1436.0, Setup: 15
2025-04-10 12:59:53,611 - JSPGymEnvironment - INFO - Material change on machine M2: Mountainbike_Rahmen_nachbearbeitet -> Racebike_Bremsaufnahme_gebohrt, setup time: 20
2025-04-10 12:59:53,611 - JSPGymEnvironment - INFO - Executed operation: Job J4, Op 3, Machine M2, Start: 1456.0, End: 1470.0, Setup: 20
2025-04-10 12:59:53,644 - JSPGymEnvironment - INFO - Material change on machine M2: Racebike_Bremsaufnahme_gebohrt -> Racebike_Rahmen_nachbearbeitet, setup time: 20
2025-04-10 12:59:53,644 - JSPGymEnvironment - INFO - Executed operation: Job J15, Op 5, Machine M2, Start: 1490.0, End: 1513.0, Setup: 20
2025-04-10 12:59:53,679 - JSPGymEnvironment - INFO - Executed operation: Job J4, Op 4, Machine M2, Start: 1528.0, End: 1553.0, Setup: 15
2025-04-10 12:59:53,717 - JSPGymEnvironment - INFO - Material change on machine M2: Racebike_Rahmen_nachbearbeitet -> Mountainbike_Schaltauge_bearbeitet, setup time: 20
2025-04-10 12:59:53,717 - JSPGymEnvironment - INFO - Executed operation: Job J12, Op 1, Machine M2, Start: 1573.0, End: 1595.0, Setup: 20
2025-04-10 12:59:53,751 - JSPGymEnvironment - INFO - Material change on machine M1: E-Bike_Hauptrahmen_zugeschnitten -> Racebike_Hauptrahmen_zugeschnitten, setup time: 40
2025-04-10 12:59:53,751 - JSPGymEnvironment - INFO - Executed operation: Job J1, Op 0, Machine M1, Start: 1635.0, End: 1675.0, Setup: 40
2025-04-10 12:59:53,787 - JSPGymEnvironment - INFO - Executed operation: Job J5, Op 1, Machine M2, Start: 1690.0, End: 1705.0, Setup: 15
2025-04-10 12:59:53,814 - JSPGymEnvironment - INFO - Material change on machine M1: Racebike_Hauptrahmen_zugeschnitten -> Citybike_Hauptrahmen_zugeschnitten, setup time: 40
2025-04-10 12:59:53,814 - JSPGymEnvironment - INFO - Executed operation: Job J9, Op 0, Machine M1, Start: 1745.0, End: 1785.0, Setup: 40
2025-04-10 12:59:53,842 - JSPGymEnvironment - INFO - Material change on machine M3: Racebike_Antrieb_installiert -> Mountainbike_Antrieb_installiert, setup time: 15
2025-04-10 12:59:53,842 - JSPGymEnvironment - INFO - Executed operation: Job J12, Op 2, Machine M3, Start: 1800.0, End: 1845.0, Setup: 15
2025-04-10 12:59:53,873 - JSPGymEnvironment - INFO - Material change on machine M2: Mountainbike_Schaltauge_bearbeitet -> Mountainbike_Bremsaufnahme_gebohrt, setup time: 20
2025-04-10 12:59:53,874 - JSPGymEnvironment - INFO - Executed operation: Job J12, Op 3, Machine M2, Start: 1865.0, End: 1891.0, Setup: 20
2025-04-10 12:59:54,092 - JSPGymEnvironment - INFO - Material change on machine M2: Mountainbike_Bremsaufnahme_gebohrt -> Racebike_Rahmen_nachbearbeitet, setup time: 20
2025-04-10 12:59:54,092 - JSPGymEnvironment - INFO - Executed operation: Job J4, Op 5, Machine M2, Start: 1911.0, End: 1935.0, Setup: 20
2025-04-10 12:59:54,126 - JSPGymEnvironment - INFO - Material change on machine M2: Racebike_Rahmen_nachbearbeitet -> E-Bike_Schaltauge_bearbeitet, setup time: 20
2025-04-10 12:59:54,136 - JSPGymEnvironment - INFO - Executed operation: Job J13, Op 1, Machine M2, Start: 1955.0, End: 1978.0, Setup: 20
2025-04-10 12:59:54,174 - JSPGymEnvironment - INFO - Material change on machine M1: Citybike_Hauptrahmen_zugeschnitten -> Racebike_Hauptrahmen_zugeschnitten, setup time: 40
2025-04-10 12:59:54,174 - JSPGymEnvironment - INFO - Executed operation: Job J16, Op 0, Machine M1, Start: 2018.0, End: 2044.0, Setup: 40
2025-04-10 12:59:54,202 - JSPGymEnvironment - INFO - Material change on machine M3: Mountainbike_Antrieb_installiert -> Racebike_Fahrrad_endmontiert, setup time: 15
2025-04-10 12:59:54,202 - JSPGymEnvironment - INFO - Executed operation: Job J4, Op 6, Machine M3, Start: 2059.0, End: 2085.0, Setup: 15
2025-04-10 12:59:54,202 - JSPGymEnvironment - INFO - Job J4 completed at time 2085.0, deadline: 2757, met: True, priority: 7
2025-04-10 12:59:54,229 - JSPGymEnvironment - INFO - Material change on machine M3: Racebike_Fahrrad_endmontiert -> Mountainbike_Fahrrad_endmontiert, setup time: 15
2025-04-10 12:59:54,230 - JSPGymEnvironment - INFO - Executed operation: Job J20, Op 6, Machine M3, Start: 2100.0, End: 2140.0, Setup: 15
2025-04-10 12:59:54,230 - JSPGymEnvironment - INFO - Job J20 completed at time 2140.0, deadline: 2744, met: True, priority: 3
2025-04-10 12:59:54,258 - JSPGymEnvironment - INFO - Executed operation: Job J7, Op 0, Machine M1, Start: 2165.0, End: 2200.0, Setup: 25
2025-04-10 12:59:54,286 - JSPGymEnvironment - INFO - Material change on machine M3: Mountainbike_Fahrrad_endmontiert -> Citybike_Antrieb_installiert, setup time: 15
2025-04-10 12:59:54,286 - JSPGymEnvironment - INFO - Executed operation: Job J17, Op 2, Machine M3, Start: 2215.0, End: 2249.0, Setup: 15
2025-04-10 12:59:54,321 - JSPGymEnvironment - INFO - Material change on machine M2: E-Bike_Schaltauge_bearbeitet -> Racebike_Schaltauge_bearbeitet, setup time: 20
2025-04-10 12:59:54,321 - JSPGymEnvironment - INFO - Executed operation: Job J16, Op 1, Machine M2, Start: 2269.0, End: 2284.0, Setup: 20
2025-04-10 12:59:54,356 - JSPGymEnvironment - INFO - Material change on machine M3: Citybike_Antrieb_installiert -> Citybike_Bremsen_justiert, setup time: 15
2025-04-10 12:59:54,356 - JSPGymEnvironment - INFO - Executed operation: Job J17, Op 3, Machine M3, Start: 2299.0, End: 2325.0, Setup: 15
2025-04-10 12:59:54,395 - JSPGymEnvironment - INFO - Material change on machine M3: Citybike_Bremsen_justiert -> Mountainbike_Antrieb_installiert, setup time: 15
2025-04-10 12:59:54,396 - JSPGymEnvironment - INFO - Executed operation: Job J5, Op 2, Machine M3, Start: 2340.0, End: 2365.0, Setup: 15
2025-04-10 12:59:54,433 - JSPGymEnvironment - INFO - Material change on machine M2: Racebike_Schaltauge_bearbeitet -> Mountainbike_Rahmen_nachbearbeitet, setup time: 20
2025-04-10 12:59:54,433 - JSPGymEnvironment - INFO - Executed operation: Job J12, Op 4, Machine M2, Start: 2385.0, End: 2413.0, Setup: 20
2025-04-10 12:59:54,475 - JSPGymEnvironment - INFO - Executed operation: Job J10, Op 0, Machine M1, Start: 2438.0, End: 2470.0, Setup: 25
2025-04-10 12:59:54,513 - JSPGymEnvironment - INFO - Material change on machine M3: Mountainbike_Antrieb_installiert -> Citybike_Fahrrad_endmontiert, setup time: 15
2025-04-10 12:59:54,513 - JSPGymEnvironment - INFO - Executed operation: Job J17, Op 4, Machine M3, Start: 2485.0, End: 2535.0, Setup: 15
2025-04-10 12:59:54,678 - JSPGymEnvironment - INFO - Material change on machine M2: Mountainbike_Rahmen_nachbearbeitet -> Racebike_Schaltauge_bearbeitet, setup time: 20
2025-04-10 12:59:54,679 - JSPGymEnvironment - INFO - Executed operation: Job J7, Op 1, Machine M2, Start: 2555.0, End: 2578.0, Setup: 20
2025-04-10 12:59:54,704 - JSPGymEnvironment - INFO - Material change on machine M1: Racebike_Hauptrahmen_zugeschnitten -> E-Bike_Hauptrahmen_zugeschnitten, setup time: 40
2025-04-10 12:59:54,705 - JSPGymEnvironment - INFO - Executed operation: Job J19, Op 0, Machine M1, Start: 2618.0, End: 2633.0, Setup: 40
2025-04-10 12:59:54,731 - JSPGymEnvironment - INFO - Material change on machine M3: Citybike_Fahrrad_endmontiert -> Racebike_Fahrrad_endmontiert, setup time: 15
2025-04-10 12:59:54,731 - JSPGymEnvironment - INFO - Executed operation: Job J15, Op 6, Machine M3, Start: 2648.0, End: 2675.0, Setup: 15
2025-04-10 12:59:54,759 - JSPGymEnvironment - INFO - Material change on machine M3: Racebike_Fahrrad_endmontiert -> Citybike_Fahrrad_endmontiert, setup time: 15
2025-04-10 12:59:54,759 - JSPGymEnvironment - INFO - Executed operation: Job J17, Op 5, Machine M3, Start: 2690.0, End: 2749.0, Setup: 15
2025-04-10 12:59:54,785 - JSPGymEnvironment - INFO - Material change on machine M2: Racebike_Schaltauge_bearbeitet -> Mountainbike_Bremsaufnahme_gebohrt, setup time: 20
2025-04-10 12:59:54,785 - JSPGymEnvironment - INFO - Executed operation: Job J5, Op 3, Machine M2, Start: 2769.0, End: 2784.0, Setup: 20
2025-04-10 12:59:54,812 - JSPGymEnvironment - INFO - Material change on machine M3: Citybike_Fahrrad_endmontiert -> Racebike_Antrieb_installiert, setup time: 15
2025-04-10 12:59:54,812 - JSPGymEnvironment - INFO - Executed operation: Job J7, Op 2, Machine M3, Start: 2799.0, End: 2823.0, Setup: 15
2025-04-10 12:59:54,838 - JSPGymEnvironment - INFO - Material change on machine M2: Mountainbike_Bremsaufnahme_gebohrt -> Racebike_Schaltauge_bearbeitet, setup time: 20
2025-04-10 12:59:54,838 - JSPGymEnvironment - INFO - Executed operation: Job J10, Op 1, Machine M2, Start: 2843.0, End: 2868.0, Setup: 20
2025-04-10 12:59:54,864 - JSPGymEnvironment - INFO - Executed operation: Job J10, Op 2, Machine M3, Start: 2878.0, End: 2917.0, Setup: 10
2025-04-10 12:59:54,891 - JSPGymEnvironment - INFO - Material change on machine M2: Racebike_Schaltauge_bearbeitet -> Citybike_Schaltauge_bearbeitet, setup time: 20
2025-04-10 12:59:54,891 - JSPGymEnvironment - INFO - Executed operation: Job J9, Op 1, Machine M2, Start: 2937.0, End: 2953.0, Setup: 20
2025-04-10 12:59:54,918 - JSPGymEnvironment - INFO - Material change on machine M3: Racebike_Antrieb_installiert -> Citybike_Fahrrad_endmontiert, setup time: 15
2025-04-10 12:59:54,918 - JSPGymEnvironment - INFO - Executed operation: Job J17, Op 6, Machine M3, Start: 2968.0, End: 2993.0, Setup: 15
2025-04-10 12:59:54,918 - JSPGymEnvironment - INFO - Job J17 completed at time 2993.0, deadline: 2880, met: False, priority: 6
2025-04-10 12:59:54,945 - JSPGymEnvironment - INFO - Material change on machine M2: Citybike_Schaltauge_bearbeitet -> Racebike_Schaltauge_bearbeitet, setup time: 20
2025-04-10 12:59:54,945 - JSPGymEnvironment - INFO - Executed operation: Job J6, Op 1, Machine M2, Start: 3013.0, End: 3026.0, Setup: 20
2025-04-10 12:59:54,973 - JSPGymEnvironment - INFO - Material change on machine M2: Racebike_Schaltauge_bearbeitet -> Citybike_Schaltauge_bearbeitet, setup time: 20
2025-04-10 12:59:54,973 - JSPGymEnvironment - INFO - Executed operation: Job J14, Op 1, Machine M2, Start: 3046.0, End: 3062.0, Setup: 20
2025-04-10 12:59:54,999 - JSPGymEnvironment - INFO - Material change on machine M3: Citybike_Fahrrad_endmontiert -> Racebike_Antrieb_installiert, setup time: 15
2025-04-10 12:59:54,999 - JSPGymEnvironment - INFO - Executed operation: Job J6, Op 2, Machine M3, Start: 3077.0, End: 3115.0, Setup: 15
2025-04-10 12:59:55,026 - JSPGymEnvironment - INFO - Material change on machine M3: Racebike_Antrieb_installiert -> Racebike_Fahrrad_endmontiert, setup time: 15
2025-04-10 12:59:55,026 - JSPGymEnvironment - INFO - Executed operation: Job J15, Op 7, Machine M3, Start: 3130.0, End: 3176.0, Setup: 15
2025-04-10 12:59:55,027 - JSPGymEnvironment - INFO - Job J15 completed at time 3176.0, deadline: 2833, met: False, priority: 10
2025-04-10 12:59:55,056 - JSPGymEnvironment - INFO - Material change on machine M3: Racebike_Fahrrad_endmontiert -> Citybike_Antrieb_installiert, setup time: 15
2025-04-10 12:59:55,057 - JSPGymEnvironment - INFO - Executed operation: Job J14, Op 2, Machine M3, Start: 3191.0, End: 3213.0, Setup: 15
2025-04-10 12:59:55,221 - JSPGymEnvironment - INFO - Material change on machine M3: Citybike_Antrieb_installiert -> Racebike_Antrieb_installiert, setup time: 15
2025-04-10 12:59:55,221 - JSPGymEnvironment - INFO - Executed operation: Job J16, Op 2, Machine M3, Start: 3228.0, End: 3258.0, Setup: 15
2025-04-10 12:59:55,247 - JSPGymEnvironment - INFO - Material change on machine M2: Citybike_Schaltauge_bearbeitet -> E-Bike_Schaltauge_bearbeitet, setup time: 20
2025-04-10 12:59:55,247 - JSPGymEnvironment - INFO - Executed operation: Job J3, Op 1, Machine M2, Start: 3278.0, End: 3298.0, Setup: 20
2025-04-10 12:59:55,275 - JSPGymEnvironment - INFO - Material change on machine M2: E-Bike_Schaltauge_bearbeitet -> Citybike_Bremsaufnahme_gebohrt, setup time: 20
2025-04-10 12:59:55,276 - JSPGymEnvironment - INFO - Executed operation: Job J14, Op 3, Machine M2, Start: 3318.0, End: 3336.0, Setup: 20
2025-04-10 12:59:55,302 - JSPGymEnvironment - INFO - Material change on machine M2: Citybike_Bremsaufnahme_gebohrt -> Mountainbike_Rahmen_nachbearbeitet, setup time: 20
2025-04-10 12:59:55,302 - JSPGymEnvironment - INFO - Executed operation: Job J12, Op 5, Machine M2, Start: 3356.0, End: 3384.0, Setup: 20
2025-04-10 12:59:55,329 - JSPGymEnvironment - INFO - Material change on machine M1: E-Bike_Hauptrahmen_zugeschnitten -> Mountainbike_Hauptrahmen_zugeschnitten, setup time: 40
2025-04-10 12:59:55,329 - JSPGymEnvironment - INFO - Executed operation: Job J18, Op 0, Machine M1, Start: 3424.0, End: 3446.0, Setup: 40
2025-04-10 12:59:55,356 - JSPGymEnvironment - INFO - Material change on machine M2: Mountainbike_Rahmen_nachbearbeitet -> Racebike_Bremsaufnahme_gebohrt, setup time: 20
2025-04-10 12:59:55,356 - JSPGymEnvironment - INFO - Executed operation: Job J10, Op 3, Machine M2, Start: 3466.0, End: 3488.0, Setup: 20
2025-04-10 12:59:55,383 - JSPGymEnvironment - INFO - Executed operation: Job J16, Op 3, Machine M2, Start: 3503.0, End: 3526.0, Setup: 15
2025-04-10 12:59:55,409 - JSPGymEnvironment - INFO - Material change on machine M3: Racebike_Antrieb_installiert -> Racebike_Bremsen_justiert, setup time: 15
2025-04-10 12:59:55,409 - JSPGymEnvironment - INFO - Executed operation: Job J6, Op 3, Machine M3, Start: 3541.0, End: 3599.0, Setup: 15
2025-04-10 12:59:55,435 - JSPGymEnvironment - INFO - Material change on machine M2: Racebike_Bremsaufnahme_gebohrt -> Racebike_Rahmen_nachbearbeitet, setup time: 20
2025-04-10 12:59:55,435 - JSPGymEnvironment - INFO - Executed operation: Job J16, Op 4, Machine M2, Start: 3619.0, End: 3633.0, Setup: 20
2025-04-10 12:59:55,463 - JSPGymEnvironment - INFO - Material change on machine M2: Racebike_Rahmen_nachbearbeitet -> Mountainbike_Fahrrad_endmontiert, setup time: 20
2025-04-10 12:59:55,463 - JSPGymEnvironment - INFO - Executed operation: Job J12, Op 6, Machine M2, Start: 3653.0, End: 3675.0, Setup: 20
2025-04-10 12:59:55,463 - JSPGymEnvironment - INFO - Job J12 completed at time 3675.0, deadline: 2863, met: False, priority: 2
2025-04-10 12:59:55,489 - JSPGymEnvironment - INFO - Material change on machine M3: Racebike_Bremsen_justiert -> E-Bike_Antrieb_installiert, setup time: 15
2025-04-10 12:59:55,489 - JSPGymEnvironment - INFO - Executed operation: Job J3, Op 2, Machine M3, Start: 3690.0, End: 3748.0, Setup: 15
2025-04-10 12:59:55,516 - JSPGymEnvironment - INFO - Material change on machine M1: Mountainbike_Hauptrahmen_zugeschnitten -> Citybike_Hauptrahmen_zugeschnitten, setup time: 40
2025-04-10 12:59:55,516 - JSPGymEnvironment - INFO - Executed operation: Job J2, Op 0, Machine M1, Start: 3788.0, End: 3804.0, Setup: 40
2025-04-10 12:59:55,547 - JSPGymEnvironment - INFO - Material change on machine M2: Mountainbike_Fahrrad_endmontiert -> Mountainbike_Schaltauge_bearbeitet, setup time: 20
2025-04-10 12:59:55,547 - JSPGymEnvironment - INFO - Executed operation: Job J18, Op 1, Machine M2, Start: 3824.0, End: 3844.0, Setup: 20
2025-04-10 12:59:55,577 - JSPGymEnvironment - INFO - Material change on machine M3: E-Bike_Antrieb_installiert -> Racebike_Fahrrad_endmontiert, setup time: 15
2025-04-10 12:59:55,577 - JSPGymEnvironment - INFO - Executed operation: Job J6, Op 4, Machine M3, Start: 3859.0, End: 3900.0, Setup: 15
2025-04-10 12:59:55,577 - JSPGymEnvironment - INFO - Job J6 completed at time 3900.0, deadline: 2880, met: False, priority: 10
2025-04-10 12:59:55,761 - JSPGymEnvironment - INFO - Material change on machine M2: Mountainbike_Schaltauge_bearbeitet -> Racebike_Fahrrad_endmontiert, setup time: 20
2025-04-10 12:59:55,761 - JSPGymEnvironment - INFO - Executed operation: Job J16, Op 5, Machine M2, Start: 3920.0, End: 3950.0, Setup: 20
2025-04-10 12:59:55,761 - JSPGymEnvironment - INFO - Job J16 completed at time 3950.0, deadline: 2855, met: False, priority: 7
2025-04-10 12:59:55,787 - JSPGymEnvironment - INFO - Material change on machine M2: Racebike_Fahrrad_endmontiert -> Racebike_Schaltauge_bearbeitet, setup time: 20
2025-04-10 12:59:55,787 - JSPGymEnvironment - INFO - Executed operation: Job J1, Op 1, Machine M2, Start: 3970.0, End: 3986.0, Setup: 20
2025-04-10 12:59:55,814 - JSPGymEnvironment - INFO - Material change on machine M2: Racebike_Schaltauge_bearbeitet -> Racebike_Bremsaufnahme_gebohrt, setup time: 20
2025-04-10 12:59:55,814 - JSPGymEnvironment - INFO - Executed operation: Job J7, Op 3, Machine M2, Start: 4006.0, End: 4029.0, Setup: 20
2025-04-10 12:59:55,840 - JSPGymEnvironment - INFO - Executed operation: Job J11, Op 0, Machine M1, Start: 4054.0, End: 4085.0, Setup: 25
2025-04-10 12:59:55,866 - JSPGymEnvironment - INFO - Material change on machine M2: Racebike_Bremsaufnahme_gebohrt -> Citybike_Schaltauge_bearbeitet, setup time: 20
2025-04-10 12:59:55,866 - JSPGymEnvironment - INFO - Executed operation: Job J2, Op 1, Machine M2, Start: 4105.0, End: 4115.0, Setup: 20
2025-04-10 12:59:55,893 - JSPGymEnvironment - INFO - Material change on machine M2: Citybike_Schaltauge_bearbeitet -> Citybike_Rahmen_nachbearbeitet, setup time: 20
2025-04-10 12:59:55,893 - JSPGymEnvironment - INFO - Executed operation: Job J14, Op 4, Machine M2, Start: 4135.0, End: 4164.0, Setup: 20
2025-04-10 12:59:55,921 - JSPGymEnvironment - INFO - Material change on machine M3: Racebike_Fahrrad_endmontiert -> Citybike_Antrieb_installiert, setup time: 15
2025-04-10 12:59:55,921 - JSPGymEnvironment - INFO - Executed operation: Job J2, Op 2, Machine M3, Start: 4179.0, End: 4207.0, Setup: 15
2025-04-10 12:59:55,947 - JSPGymEnvironment - INFO - Material change on machine M3: Citybike_Antrieb_installiert -> Mountainbike_Antrieb_installiert, setup time: 15
2025-04-10 12:59:55,947 - JSPGymEnvironment - INFO - Executed operation: Job J18, Op 2, Machine M3, Start: 4222.0, End: 4251.0, Setup: 15
2025-04-10 12:59:55,974 - JSPGymEnvironment - INFO - Material change on machine M3: Mountainbike_Antrieb_installiert -> Citybike_Antrieb_installiert, setup time: 15
2025-04-10 12:59:55,974 - JSPGymEnvironment - INFO - Executed operation: Job J9, Op 2, Machine M3, Start: 4266.0, End: 4320.0, Setup: 15
2025-04-10 12:59:56,000 - JSPGymEnvironment - INFO - Material change on machine M2: Citybike_Rahmen_nachbearbeitet -> Racebike_Rahmen_nachbearbeitet, setup time: 20
2025-04-10 12:59:56,000 - JSPGymEnvironment - INFO - Executed operation: Job J7, Op 4, Machine M2, Start: 4340.0, End: 4366.0, Setup: 20
2025-04-10 12:59:56,027 - JSPGymEnvironment - INFO - Material change on machine M2: Racebike_Rahmen_nachbearbeitet -> Mountainbike_Rahmen_nachbearbeitet, setup time: 20
2025-04-10 12:59:56,027 - JSPGymEnvironment - INFO - Executed operation: Job J5, Op 4, Machine M2, Start: 4386.0, End: 4416.0, Setup: 20
2025-04-10 12:59:56,053 - JSPGymEnvironment - INFO - Material change on machine M3: Citybike_Antrieb_installiert -> Racebike_Antrieb_installiert, setup time: 15
2025-04-10 12:59:56,053 - JSPGymEnvironment - INFO - Executed operation: Job J1, Op 2, Machine M3, Start: 4431.0, End: 4467.0, Setup: 15
2025-04-10 12:59:56,081 - JSPGymEnvironment - INFO - Material change on machine M2: Mountainbike_Rahmen_nachbearbeitet -> Citybike_Schaltauge_bearbeitet, setup time: 20
2025-04-10 12:59:56,081 - JSPGymEnvironment - INFO - Executed operation: Job J11, Op 1, Machine M2, Start: 4487.0, End: 4500.0, Setup: 20
2025-04-10 12:59:56,112 - JSPGymEnvironment - INFO - Material change on machine M2: Citybike_Schaltauge_bearbeitet -> Mountainbike_Fahrrad_endmontiert, setup time: 20
2025-04-10 12:59:56,112 - JSPGymEnvironment - INFO - Executed operation: Job J5, Op 5, Machine M2, Start: 4520.0, End: 4542.0, Setup: 20
2025-04-10 12:59:56,112 - JSPGymEnvironment - INFO - Job J5 completed at time 4542.0, deadline: 2880, met: False, priority: 1
2025-04-10 12:59:56,303 - JSPGymEnvironment - INFO - Material change on machine M3: Racebike_Antrieb_installiert -> Mountainbike_Bremsen_justiert, setup time: 15
2025-04-10 12:59:56,303 - JSPGymEnvironment - INFO - Executed operation: Job J18, Op 3, Machine M3, Start: 4557.0, End: 4612.0, Setup: 15
2025-04-10 12:59:56,330 - JSPGymEnvironment - INFO - Material change on machine M2: Mountainbike_Fahrrad_endmontiert -> Citybike_Rahmen_nachbearbeitet, setup time: 20
2025-04-10 12:59:56,330 - JSPGymEnvironment - INFO - Executed operation: Job J14, Op 5, Machine M2, Start: 4632.0, End: 4662.0, Setup: 20
2025-04-10 12:59:56,356 - JSPGymEnvironment - INFO - Material change on machine M2: Citybike_Rahmen_nachbearbeitet -> Racebike_Bremsaufnahme_gebohrt, setup time: 20
2025-04-10 12:59:56,356 - JSPGymEnvironment - INFO - Executed operation: Job J1, Op 3, Machine M2, Start: 4682.0, End: 4700.0, Setup: 20
2025-04-10 12:59:56,382 - JSPGymEnvironment - INFO - Material change on machine M2: Racebike_Bremsaufnahme_gebohrt -> Citybike_Rahmen_nachbearbeitet, setup time: 20
2025-04-10 12:59:56,382 - JSPGymEnvironment - INFO - Executed operation: Job J14, Op 6, Machine M2, Start: 4720.0, End: 4744.0, Setup: 20
2025-04-10 12:59:56,408 - JSPGymEnvironment - INFO - Material change on machine M2: Citybike_Rahmen_nachbearbeitet -> Mountainbike_Fahrrad_endmontiert, setup time: 20
2025-04-10 12:59:56,408 - JSPGymEnvironment - INFO - Executed operation: Job J18, Op 4, Machine M2, Start: 4764.0, End: 4777.0, Setup: 20
2025-04-10 12:59:56,408 - JSPGymEnvironment - INFO - Job J18 completed at time 4777.0, deadline: 2880, met: False, priority: 6
2025-04-10 12:59:56,435 - JSPGymEnvironment - INFO - Material change on machine M2: Mountainbike_Fahrrad_endmontiert -> Citybike_Fahrrad_endmontiert, setup time: 20
2025-04-10 12:59:56,435 - JSPGymEnvironment - INFO - Executed operation: Job J14, Op 7, Machine M2, Start: 4797.0, End: 4818.0, Setup: 20
2025-04-10 12:59:56,435 - JSPGymEnvironment - INFO - Job J14 completed at time 4818.0, deadline: 2880, met: False, priority: 3
2025-04-10 12:59:56,461 - JSPGymEnvironment - INFO - Material change on machine M2: Citybike_Fahrrad_endmontiert -> E-Bike_Bremsaufnahme_gebohrt, setup time: 20
2025-04-10 12:59:56,461 - JSPGymEnvironment - INFO - Executed operation: Job J3, Op 3, Machine M2, Start: 4838.0, End: 4868.0, Setup: 20
2025-04-10 12:59:56,489 - JSPGymEnvironment - INFO - Material change on machine M2: E-Bike_Bremsaufnahme_gebohrt -> E-Bike_Rahmen_nachbearbeitet, setup time: 20
2025-04-10 12:59:56,489 - JSPGymEnvironment - INFO - Executed operation: Job J3, Op 4, Machine M2, Start: 4888.0, End: 4905.0, Setup: 20
2025-04-10 12:59:56,520 - JSPGymEnvironment - INFO - Material change on machine M2: E-Bike_Rahmen_nachbearbeitet -> Citybike_Bremsaufnahme_gebohrt, setup time: 20
2025-04-10 12:59:56,520 - JSPGymEnvironment - INFO - Executed operation: Job J2, Op 3, Machine M2, Start: 4925.0, End: 4946.0, Setup: 20
2025-04-10 12:59:56,549 - JSPGymEnvironment - INFO - Material change on machine M2: Citybike_Bremsaufnahme_gebohrt -> Racebike_Rahmen_nachbearbeitet, setup time: 20
2025-04-10 12:59:56,549 - JSPGymEnvironment - INFO - Executed operation: Job J7, Op 5, Machine M2, Start: 4966.0, End: 4984.0, Setup: 20
2025-04-10 12:59:56,578 - JSPGymEnvironment - INFO - Material change on machine M2: Racebike_Rahmen_nachbearbeitet -> E-Bike_Rahmen_nachbearbeitet, setup time: 20
2025-04-10 12:59:56,578 - JSPGymEnvironment - INFO - Executed operation: Job J3, Op 5, Machine M2, Start: 5004.0, End: 5025.0, Setup: 20
2025-04-10 12:59:56,609 - JSPGymEnvironment - INFO - Material change on machine M2: E-Bike_Rahmen_nachbearbeitet -> E-Bike_Schaltauge_bearbeitet, setup time: 20
2025-04-10 12:59:56,609 - JSPGymEnvironment - INFO - Executed operation: Job J19, Op 1, Machine M2, Start: 5045.0, End: 5075.0, Setup: 20
2025-04-10 12:59:56,636 - JSPGymEnvironment - INFO - Material change on machine M3: Mountainbike_Bremsen_justiert -> E-Bike_Antrieb_installiert, setup time: 15
2025-04-10 12:59:56,636 - JSPGymEnvironment - INFO - Executed operation: Job J19, Op 2, Machine M3, Start: 5090.0, End: 5112.0, Setup: 15
2025-04-10 12:59:56,949 - JSPGymEnvironment - INFO - Material change on machine M2: E-Bike_Schaltauge_bearbeitet -> E-Bike_Fahrrad_endmontiert, setup time: 20
2025-04-10 12:59:56,949 - JSPGymEnvironment - INFO - Executed operation: Job J3, Op 6, Machine M2, Start: 5132.0, End: 5142.0, Setup: 20
2025-04-10 12:59:56,949 - JSPGymEnvironment - INFO - Job J3 completed at time 5142.0, deadline: 2862, met: False, priority: 8
2025-04-10 12:59:56,983 - JSPGymEnvironment - INFO - Material change on machine M2: E-Bike_Fahrrad_endmontiert -> Citybike_Bremsaufnahme_gebohrt, setup time: 20
2025-04-10 12:59:56,983 - JSPGymEnvironment - INFO - Executed operation: Job J9, Op 3, Machine M2, Start: 5162.0, End: 5185.0, Setup: 20
2025-04-10 12:59:57,011 - JSPGymEnvironment - INFO - Material change on machine M2: Citybike_Bremsaufnahme_gebohrt -> Citybike_Rahmen_nachbearbeitet, setup time: 20
2025-04-10 12:59:57,011 - JSPGymEnvironment - INFO - Executed operation: Job J9, Op 4, Machine M2, Start: 5205.0, End: 5217.0, Setup: 20
2025-04-10 12:59:57,040 - JSPGymEnvironment - INFO - Executed operation: Job J2, Op 4, Machine M2, Start: 5232.0, End: 5256.0, Setup: 15
2025-04-10 12:59:57,067 - JSPGymEnvironment - INFO - Material change on machine M3: E-Bike_Antrieb_installiert -> Citybike_Antrieb_installiert, setup time: 15
2025-04-10 12:59:57,067 - JSPGymEnvironment - INFO - Executed operation: Job J11, Op 2, Machine M3, Start: 5271.0, End: 5313.0, Setup: 15
2025-04-10 12:59:57,096 - JSPGymEnvironment - INFO - Material change on machine M2: Citybike_Rahmen_nachbearbeitet -> E-Bike_Bremsaufnahme_gebohrt, setup time: 20
2025-04-10 12:59:57,096 - JSPGymEnvironment - INFO - Executed operation: Job J19, Op 3, Machine M2, Start: 5333.0, End: 5346.0, Setup: 20
2025-04-10 12:59:57,127 - JSPGymEnvironment - INFO - Material change on machine M3: Citybike_Antrieb_installiert -> E-Bike_Antrieb_installiert, setup time: 15
2025-04-10 12:59:57,127 - JSPGymEnvironment - INFO - Executed operation: Job J13, Op 2, Machine M3, Start: 5361.0, End: 5414.0, Setup: 15
2025-04-10 12:59:57,166 - JSPGymEnvironment - INFO - Executed operation: Job J13, Op 3, Machine M2, Start: 5429.0, End: 5451.0, Setup: 15
2025-04-10 12:59:57,202 - JSPGymEnvironment - INFO - Material change on machine M3: E-Bike_Antrieb_installiert -> Citybike_Fahrrad_endmontiert, setup time: 15
2025-04-10 12:59:57,202 - JSPGymEnvironment - INFO - Executed operation: Job J9, Op 5, Machine M3, Start: 5466.0, End: 5517.0, Setup: 15
2025-04-10 12:59:57,239 - JSPGymEnvironment - INFO - Material change on machine M2: E-Bike_Bremsaufnahme_gebohrt -> Racebike_Rahmen_nachbearbeitet, setup time: 20
2025-04-10 12:59:57,239 - JSPGymEnvironment - INFO - Executed operation: Job J10, Op 4, Machine M2, Start: 5537.0, End: 5548.0, Setup: 20
2025-04-10 12:59:57,296 - JSPGymEnvironment - INFO - Material change on machine M3: Citybike_Fahrrad_endmontiert -> Citybike_Bremsen_justiert, setup time: 15
2025-04-10 12:59:57,296 - JSPGymEnvironment - INFO - Executed operation: Job J11, Op 3, Machine M3, Start: 5563.0, End: 5585.0, Setup: 15
2025-04-10 12:59:57,345 - JSPGymEnvironment - INFO - Material change on machine M3: Citybike_Bremsen_justiert -> Citybike_Fahrrad_endmontiert, setup time: 15
2025-04-10 12:59:57,345 - JSPGymEnvironment - INFO - Executed operation: Job J2, Op 5, Machine M3, Start: 5600.0, End: 5621.0, Setup: 15
2025-04-10 12:59:57,345 - JSPGymEnvironment - INFO - Job J2 completed at time 5621.0, deadline: 2880, met: False, priority: 3
2025-04-10 12:59:57,390 - JSPGymEnvironment - INFO - Material change on machine M3: Citybike_Fahrrad_endmontiert -> E-Bike_Fahrrad_endmontiert, setup time: 15
2025-04-10 12:59:57,391 - JSPGymEnvironment - INFO - Executed operation: Job J13, Op 4, Machine M3, Start: 5636.0, End: 5689.0, Setup: 15
2025-04-10 12:59:57,391 - JSPGymEnvironment - INFO - Job J13 completed at time 5689.0, deadline: 2863, met: False, priority: 7
2025-04-10 12:59:57,440 - JSPGymEnvironment - INFO - Material change on machine M3: E-Bike_Fahrrad_endmontiert -> Citybike_Fahrrad_endmontiert, setup time: 15
2025-04-10 12:59:57,441 - JSPGymEnvironment - INFO - Executed operation: Job J11, Op 4, Machine M3, Start: 5704.0, End: 5743.0, Setup: 15
2025-04-10 12:59:57,486 - JSPGymEnvironment - INFO - Executed operation: Job J1, Op 4, Machine M2, Start: 5758.0, End: 5780.0, Setup: 15
2025-04-10 12:59:57,713 - JSPGymEnvironment - INFO - Executed operation: Job J10, Op 5, Machine M2, Start: 5795.0, End: 5813.0, Setup: 15
2025-04-10 12:59:57,751 - JSPGymEnvironment - INFO - Executed operation: Job J9, Op 6, Machine M3, Start: 5823.0, End: 5846.0, Setup: 10
2025-04-10 12:59:57,751 - JSPGymEnvironment - INFO - Job J9 completed at time 5846.0, deadline: 2880, met: False, priority: 8
2025-04-10 12:59:57,788 - JSPGymEnvironment - INFO - Executed operation: Job J10, Op 6, Machine M2, Start: 5861.0, End: 5872.0, Setup: 15
2025-04-10 12:59:57,825 - JSPGymEnvironment - INFO - Material change on machine M2: Racebike_Rahmen_nachbearbeitet -> Racebike_Fahrrad_endmontiert, setup time: 20
2025-04-10 12:59:57,825 - JSPGymEnvironment - INFO - Executed operation: Job J1, Op 5, Machine M2, Start: 5892.0, End: 5904.0, Setup: 20
2025-04-10 12:59:57,825 - JSPGymEnvironment - INFO - Job J1 completed at time 5904.0, deadline: 2790, met: False, priority: 7
2025-04-10 12:59:57,863 - JSPGymEnvironment - INFO - Material change on machine M2: Racebike_Fahrrad_endmontiert -> Citybike_Rahmen_nachbearbeitet, setup time: 20
2025-04-10 12:59:57,863 - JSPGymEnvironment - INFO - Executed operation: Job J11, Op 5, Machine M2, Start: 5924.0, End: 5941.0, Setup: 20
2025-04-10 12:59:57,903 - JSPGymEnvironment - INFO - Material change on machine M2: Citybike_Rahmen_nachbearbeitet -> Racebike_Rahmen_nachbearbeitet, setup time: 20
2025-04-10 12:59:57,903 - JSPGymEnvironment - INFO - Executed operation: Job J7, Op 6, Machine M2, Start: 5961.0, End: 5976.0, Setup: 20
2025-04-10 12:59:57,946 - JSPGymEnvironment - INFO - Material change on machine M2: Racebike_Rahmen_nachbearbeitet -> Racebike_Fahrrad_endmontiert, setup time: 20
2025-04-10 12:59:57,946 - JSPGymEnvironment - INFO - Executed operation: Job J7, Op 7, Machine M2, Start: 5996.0, End: 6021.0, Setup: 20
2025-04-10 12:59:57,946 - JSPGymEnvironment - INFO - Job J7 completed at time 6021.0, deadline: 2880, met: False, priority: 9
2025-04-10 12:59:57,988 - JSPGymEnvironment - INFO - Material change on machine M2: Racebike_Fahrrad_endmontiert -> E-Bike_Rahmen_nachbearbeitet, setup time: 20
2025-04-10 12:59:57,989 - JSPGymEnvironment - INFO - Executed operation: Job J19, Op 4, Machine M2, Start: 6041.0, End: 6058.0, Setup: 20
2025-04-10 12:59:58,035 - JSPGymEnvironment - INFO - Material change on machine M2: E-Bike_Rahmen_nachbearbeitet -> Citybike_Rahmen_nachbearbeitet, setup time: 20
2025-04-10 12:59:58,035 - JSPGymEnvironment - INFO - Executed operation: Job J11, Op 6, Machine M2, Start: 6078.0, End: 6100.0, Setup: 20
2025-04-10 12:59:58,083 - JSPGymEnvironment - INFO - Material change on machine M2: Citybike_Rahmen_nachbearbeitet -> Racebike_Fahrrad_endmontiert, setup time: 20
2025-04-10 12:59:58,083 - JSPGymEnvironment - INFO - Executed operation: Job J10, Op 7, Machine M2, Start: 6120.0, End: 6132.0, Setup: 20
2025-04-10 12:59:58,083 - JSPGymEnvironment - INFO - Job J10 completed at time 6132.0, deadline: 2880, met: False, priority: 9
2025-04-10 12:59:58,118 - JSPGymEnvironment - INFO - Material change on machine M2: Racebike_Fahrrad_endmontiert -> Citybike_Fahrrad_endmontiert, setup time: 20
2025-04-10 12:59:58,118 - JSPGymEnvironment - INFO - Executed operation: Job J11, Op 7, Machine M2, Start: 6152.0, End: 6181.0, Setup: 20
2025-04-10 12:59:58,119 - JSPGymEnvironment - INFO - Job J11 completed at time 6181.0, deadline: 2880, met: False, priority: 7
2025-04-10 12:59:58,159 - JSPGymEnvironment - INFO - Material change on machine M2: Citybike_Fahrrad_endmontiert -> E-Bike_Rahmen_nachbearbeitet, setup time: 20
2025-04-10 12:59:58,160 - JSPGymEnvironment - INFO - Executed operation: Job J19, Op 5, Machine M2, Start: 6201.0, End: 6222.0, Setup: 20
2025-04-10 12:59:58,195 - JSPGymEnvironment - INFO - Material change on machine M2: E-Bike_Rahmen_nachbearbeitet -> E-Bike_Fahrrad_endmontiert, setup time: 20
2025-04-10 12:59:58,196 - JSPGymEnvironment - INFO - Executed operation: Job J19, Op 6, Machine M2, Start: 6242.0, End: 6267.0, Setup: 20
2025-04-10 12:59:58,196 - JSPGymEnvironment - INFO - Job J19 completed at time 6267.0, deadline: 2737, met: False, priority: 8
2025-04-10 12:59:58,197 - JSPGymEnvironment - INFO - Reward-Funktion mit 53 Erkenntnissen aktualisiert
2025-04-10 12:59:58,197 - JSPGymEnvironment - INFO -   Materialwechsel auf kritischem Pfad bei Job 18 Operation 0 auf Maschine M1 (Schweregrad: 1.00)
2025-04-10 12:59:58,197 - JSPGymEnvironment - INFO -   Materialwechsel auf kritischem Pfad bei Job 18 Operation 1 auf Maschine M2 (Schweregrad: 1.00)
2025-04-10 12:59:58,197 - JSPGymEnvironment - INFO -   Materialwechsel auf kritischem Pfad bei Job 18 Operation 2 auf Maschine M3 (Schweregrad: 1.00)
2025-04-10 12:59:58,197 - JSPGymEnvironment - INFO -   Materialwechsel auf kritischem Pfad bei Job 18 Operation 3 auf Maschine M2 (Schweregrad: 1.00)
2025-04-10 12:59:58,197 - JSPGymEnvironment - INFO -   Materialwechsel auf kritischem Pfad bei Job 18 Operation 4 auf Maschine M2 (Schweregrad: 1.00)
2025-04-10 12:59:58,197 - JSPGymEnvironment - INFO -   Leerlaufzeit auf kritischem Pfad vor Job 18 Operation 4 auf Maschine M2 (Schweregrad: 40.88)
2025-04-10 12:59:58,197 - JSPGymEnvironment - INFO -   Materialwechsel auf kritischem Pfad bei Job 18 Operation 5 auf Maschine M2 (Schweregrad: 1.00)
2025-04-10 12:59:58,197 - JSPGymEnvironment - INFO -   Leerlaufzeit auf kritischem Pfad vor Job 18 Operation 5 auf Maschine M2 (Schweregrad: 6.81)
2025-04-10 12:59:58,197 - JSPGymEnvironment - INFO -   Materialwechsel auf kritischem Pfad bei Job 18 Operation 6 auf Maschine M2 (Schweregrad: 1.00)
2025-04-10 12:59:58,197 - JSPGymEnvironment - INFO -   Leerlaufzeit auf kritischem Pfad vor Job 18 Operation 6 auf Maschine M2 (Schweregrad: 0.80)
2025-04-10 12:59:58,197 - JSPGymEnvironment - INFO -   Job mit hoher Priorität (10) nicht auf kritischem Pfad: Job 14 Operation 0 (Schweregrad: 1.00)
2025-04-10 12:59:58,197 - JSPGymEnvironment - INFO -   Job mit hoher Priorität (10) nicht auf kritischem Pfad: Job 14 Operation 1 (Schweregrad: 1.00)
2025-04-10 12:59:58,197 - JSPGymEnvironment - INFO -   Job mit hoher Priorität (10) nicht auf kritischem Pfad: Job 14 Operation 2 (Schweregrad: 1.00)
2025-04-10 12:59:58,197 - JSPGymEnvironment - INFO -   Job mit hoher Priorität (10) nicht auf kritischem Pfad: Job 14 Operation 3 (Schweregrad: 1.00)
2025-04-10 12:59:58,197 - JSPGymEnvironment - INFO -   Job mit hoher Priorität (10) nicht auf kritischem Pfad: Job 14 Operation 4 (Schweregrad: 1.00)
2025-04-10 12:59:58,198 - JSPGymEnvironment - INFO -   Job mit hoher Priorität (10) nicht auf kritischem Pfad: Job 5 Operation 0 (Schweregrad: 1.00)
2025-04-10 12:59:58,198 - JSPGymEnvironment - INFO -   Job mit hoher Priorität (8) nicht auf kritischem Pfad: Job 2 Operation 0 (Schweregrad: 0.33)
2025-04-10 12:59:58,198 - JSPGymEnvironment - INFO -   Job mit hoher Priorität (10) nicht auf kritischem Pfad: Job 14 Operation 5 (Schweregrad: 1.00)
2025-04-10 12:59:58,198 - JSPGymEnvironment - INFO -   Job mit hoher Priorität (8) nicht auf kritischem Pfad: Job 8 Operation 0 (Schweregrad: 0.33)
2025-04-10 12:59:58,198 - JSPGymEnvironment - INFO -   Job mit hoher Priorität (9) nicht auf kritischem Pfad: Job 6 Operation 0 (Schweregrad: 0.67)
2025-04-10 12:59:58,198 - JSPGymEnvironment - INFO -   Job mit hoher Priorität (9) nicht auf kritischem Pfad: Job 9 Operation 0 (Schweregrad: 0.67)
2025-04-10 12:59:58,198 - JSPGymEnvironment - INFO -   Job mit hoher Priorität (9) nicht auf kritischem Pfad: Job 6 Operation 1 (Schweregrad: 0.67)
2025-04-10 12:59:58,198 - JSPGymEnvironment - INFO -   Job mit hoher Priorität (10) nicht auf kritischem Pfad: Job 14 Operation 6 (Schweregrad: 1.00)
2025-04-10 12:59:58,198 - JSPGymEnvironment - INFO -   Job mit hoher Priorität (9) nicht auf kritischem Pfad: Job 6 Operation 2 (Schweregrad: 0.67)
2025-04-10 12:59:58,198 - JSPGymEnvironment - INFO -   Job mit hoher Priorität (9) nicht auf kritischem Pfad: Job 9 Operation 1 (Schweregrad: 0.67)
2025-04-10 12:59:58,198 - JSPGymEnvironment - INFO -   Job mit hoher Priorität (9) nicht auf kritischem Pfad: Job 9 Operation 2 (Schweregrad: 0.67)
2025-04-10 12:59:58,198 - JSPGymEnvironment - INFO -   Job mit hoher Priorität (8) nicht auf kritischem Pfad: Job 8 Operation 1 (Schweregrad: 0.33)
2025-04-10 12:59:58,198 - JSPGymEnvironment - INFO -   Job mit hoher Priorität (10) nicht auf kritischem Pfad: Job 5 Operation 1 (Schweregrad: 1.00)
2025-04-10 12:59:58,198 - JSPGymEnvironment - INFO -   Job mit hoher Priorität (10) nicht auf kritischem Pfad: Job 5 Operation 2 (Schweregrad: 1.00)
2025-04-10 12:59:58,198 - JSPGymEnvironment - INFO -   Job mit hoher Priorität (10) nicht auf kritischem Pfad: Job 14 Operation 7 (Schweregrad: 1.00)
2025-04-10 12:59:58,198 - JSPGymEnvironment - INFO -   Job mit hoher Priorität (8) nicht auf kritischem Pfad: Job 2 Operation 1 (Schweregrad: 0.33)
2025-04-10 12:59:58,198 - JSPGymEnvironment - INFO -   Job mit hoher Priorität (9) nicht auf kritischem Pfad: Job 9 Operation 3 (Schweregrad: 0.67)
2025-04-10 12:59:58,198 - JSPGymEnvironment - INFO -   Job mit hoher Priorität (10) nicht auf kritischem Pfad: Job 5 Operation 3 (Schweregrad: 1.00)
2025-04-10 12:59:58,198 - JSPGymEnvironment - INFO -   Job mit hoher Priorität (8) nicht auf kritischem Pfad: Job 2 Operation 2 (Schweregrad: 0.33)
2025-04-10 12:59:58,198 - JSPGymEnvironment - INFO -   Job mit hoher Priorität (10) nicht auf kritischem Pfad: Job 5 Operation 4 (Schweregrad: 1.00)
2025-04-10 12:59:58,198 - JSPGymEnvironment - INFO -   Job mit hoher Priorität (9) nicht auf kritischem Pfad: Job 6 Operation 3 (Schweregrad: 0.67)
2025-04-10 12:59:58,198 - JSPGymEnvironment - INFO -   Job mit hoher Priorität (8) nicht auf kritischem Pfad: Job 8 Operation 2 (Schweregrad: 0.33)
2025-04-10 12:59:58,199 - JSPGymEnvironment - INFO -   Job mit hoher Priorität (9) nicht auf kritischem Pfad: Job 6 Operation 4 (Schweregrad: 0.67)
2025-04-10 12:59:58,199 - JSPGymEnvironment - INFO -   Job mit hoher Priorität (8) nicht auf kritischem Pfad: Job 2 Operation 3 (Schweregrad: 0.33)
2025-04-10 12:59:58,199 - JSPGymEnvironment - INFO -   Job mit hoher Priorität (8) nicht auf kritischem Pfad: Job 2 Operation 4 (Schweregrad: 0.33)
2025-04-10 12:59:58,199 - JSPGymEnvironment - INFO -   Job mit hoher Priorität (9) nicht auf kritischem Pfad: Job 6 Operation 5 (Schweregrad: 0.67)
2025-04-10 12:59:58,199 - JSPGymEnvironment - INFO -   Job mit hoher Priorität (8) nicht auf kritischem Pfad: Job 2 Operation 5 (Schweregrad: 0.33)
2025-04-10 12:59:58,199 - JSPGymEnvironment - INFO -   Job mit hoher Priorität (8) nicht auf kritischem Pfad: Job 2 Operation 6 (Schweregrad: 0.33)
2025-04-10 12:59:58,199 - JSPGymEnvironment - INFO -   Job mit hoher Priorität (8) nicht auf kritischem Pfad: Job 8 Operation 3 (Schweregrad: 0.33)
2025-04-10 12:59:58,199 - JSPGymEnvironment - INFO -   Job mit hoher Priorität (8) nicht auf kritischem Pfad: Job 8 Operation 4 (Schweregrad: 0.33)
2025-04-10 12:59:58,199 - JSPGymEnvironment - INFO -   Job mit hoher Priorität (8) nicht auf kritischem Pfad: Job 8 Operation 5 (Schweregrad: 0.33)
2025-04-10 12:59:58,199 - JSPGymEnvironment - INFO -   Job mit hoher Priorität (9) nicht auf kritischem Pfad: Job 9 Operation 4 (Schweregrad: 0.67)
2025-04-10 12:59:58,199 - JSPGymEnvironment - INFO -   Job mit hoher Priorität (9) nicht auf kritischem Pfad: Job 9 Operation 5 (Schweregrad: 0.67)
2025-04-10 12:59:58,199 - JSPGymEnvironment - INFO -   Job mit hoher Priorität (8) nicht auf kritischem Pfad: Job 8 Operation 6 (Schweregrad: 0.33)
2025-04-10 12:59:58,199 - JSPGymEnvironment - INFO -   Job mit hoher Priorität (9) nicht auf kritischem Pfad: Job 9 Operation 6 (Schweregrad: 0.67)
2025-04-10 12:59:58,199 - JSPGymEnvironment - INFO -   Job mit hoher Priorität (9) nicht auf kritischem Pfad: Job 6 Operation 6 (Schweregrad: 0.67)
2025-04-10 12:59:58,199 - JSPGymEnvironment - INFO -   Job mit hoher Priorität (9) nicht auf kritischem Pfad: Job 6 Operation 7 (Schweregrad: 0.67)
2025-04-10 12:59:58,199 - JSPGymEnvironment - INFO -   Job mit hoher Priorität (9) nicht auf kritischem Pfad: Job 9 Operation 7 (Schweregrad: 0.67)
2025-04-10 12:59:58,199 - JSPGymEnvironment - INFO - Episode abgeschlossen. Kritischer Pfad: 7 Operationen, Suboptimale Platzierungen: 53
