2025-04-13 16:37:29,362 - JSPGymEnvironment - INFO - Environment reset
2025-04-13 16:37:29,429 - JSPGymEnvironment - INFO - Environment reset
2025-04-13 16:37:29,472 - JSPGymEnvironment - INFO - Material change on machine M1:  -> Racebike_Hauptrahmen_zugeschnitten, setup time: 0
2025-04-13 16:37:29,472 - JSPGymEnvironment - INFO - Executed operation: Job J10, Op 0, Machine M1, Start: 0.0, End: 32.0, Setup: 0
2025-04-13 16:37:29,500 - JSPGymEnvironment - INFO - Material change on machine M1: Racebike_Hauptrahmen_zugeschnitten -> Mountainbike_Hauptrahmen_zugeschnitten, setup time: 40
2025-04-13 16:37:29,501 - JSPGymEnvironment - INFO - Executed operation: Job J18, Op 0, Machine M1, Start: 72.0, End: 94.0, Setup: 40
2025-04-13 16:37:29,531 - JSPGymEnvironment - INFO - Material change on machine M2:  -> Racebike_Schaltauge_bearbeitet, setup time: 0
2025-04-13 16:37:29,531 - JSPGymEnvironment - INFO - Executed operation: Job J10, Op 1, Machine M2, Start: 94.0, End: 119.0, Setup: 0
2025-04-13 16:37:29,561 - JSPGymEnvironment - INFO - Material change on machine M3:  -> Racebike_Antrieb_installiert, setup time: 0
2025-04-13 16:37:29,561 - JSPGymEnvironment - INFO - Executed operation: Job J10, Op 2, Machine M3, Start: 119.0, End: 158.0, Setup: 0
2025-04-13 16:37:29,612 - JSPGymEnvironment - INFO - Material change on machine M2: Racebike_Schaltauge_bearbeitet -> Racebike_Bremsaufnahme_gebohrt, setup time: 20
2025-04-13 16:37:29,613 - JSPGymEnvironment - INFO - Executed operation: Job J10, Op 3, Machine M2, Start: 178.0, End: 200.0, Setup: 20
2025-04-13 16:37:29,644 - JSPGymEnvironment - INFO - Executed operation: Job J5, Op 0, Machine M1, Start: 225.0, End: 261.0, Setup: 25
2025-04-13 16:37:29,681 - JSPGymEnvironment - INFO - Material change on machine M2: Racebike_Bremsaufnahme_gebohrt -> Racebike_Rahmen_nachbearbeitet, setup time: 20
2025-04-13 16:37:29,681 - JSPGymEnvironment - INFO - Executed operation: Job J10, Op 4, Machine M2, Start: 281.0, End: 292.0, Setup: 20
2025-04-13 16:37:29,717 - JSPGymEnvironment - INFO - Material change on machine M2: Racebike_Rahmen_nachbearbeitet -> Mountainbike_Schaltauge_bearbeitet, setup time: 20
2025-04-13 16:37:29,718 - JSPGymEnvironment - INFO - Executed operation: Job J18, Op 1, Machine M2, Start: 312.0, End: 332.0, Setup: 20
2025-04-13 16:37:29,750 - JSPGymEnvironment - INFO - Material change on machine M1: Mountainbike_Hauptrahmen_zugeschnitten -> E-Bike_Hauptrahmen_zugeschnitten, setup time: 40
2025-04-13 16:37:29,750 - JSPGymEnvironment - INFO - Executed operation: Job J19, Op 0, Machine M1, Start: 372.0, End: 387.0, Setup: 40
2025-04-13 16:37:29,789 - JSPGymEnvironment - INFO - Material change on machine M2: Mountainbike_Schaltauge_bearbeitet -> E-Bike_Schaltauge_bearbeitet, setup time: 20
2025-04-13 16:37:29,789 - JSPGymEnvironment - INFO - Executed operation: Job J19, Op 1, Machine M2, Start: 407.0, End: 437.0, Setup: 20
2025-04-13 16:37:29,972 - JSPGymEnvironment - INFO - Material change on machine M2: E-Bike_Schaltauge_bearbeitet -> Racebike_Rahmen_nachbearbeitet, setup time: 20
2025-04-13 16:37:29,972 - JSPGymEnvironment - INFO - Executed operation: Job J10, Op 5, Machine M2, Start: 457.0, End: 475.0, Setup: 20
2025-04-13 16:37:29,999 - JSPGymEnvironment - INFO - Executed operation: Job J10, Op 6, Machine M2, Start: 490.0, End: 501.0, Setup: 15
2025-04-13 16:37:30,037 - JSPGymEnvironment - INFO - Material change on machine M2: Racebike_Rahmen_nachbearbeitet -> Racebike_Fahrrad_endmontiert, setup time: 20
2025-04-13 16:37:30,037 - JSPGymEnvironment - INFO - Executed operation: Job J10, Op 7, Machine M2, Start: 521.0, End: 533.0, Setup: 20
2025-04-13 16:37:30,037 - JSPGymEnvironment - INFO - Job J10 completed at time 533.0, deadline: 2880, met: True, priority: 9
2025-04-13 16:37:30,064 - JSPGymEnvironment - INFO - Material change on machine M1: E-Bike_Hauptrahmen_zugeschnitten -> Racebike_Hauptrahmen_zugeschnitten, setup time: 40
2025-04-13 16:37:30,065 - JSPGymEnvironment - INFO - Executed operation: Job J4, Op 0, Machine M1, Start: 573.0, End: 598.0, Setup: 40
2025-04-13 16:37:30,093 - JSPGymEnvironment - INFO - Material change on machine M3: Racebike_Antrieb_installiert -> Mountainbike_Antrieb_installiert, setup time: 15
2025-04-13 16:37:30,095 - JSPGymEnvironment - INFO - Executed operation: Job J18, Op 2, Machine M3, Start: 613.0, End: 642.0, Setup: 15
2025-04-13 16:37:30,125 - JSPGymEnvironment - INFO - Material change on machine M1: Racebike_Hauptrahmen_zugeschnitten -> Citybike_Hauptrahmen_zugeschnitten, setup time: 40
2025-04-13 16:37:30,126 - JSPGymEnvironment - INFO - Executed operation: Job J2, Op 0, Machine M1, Start: 682.0, End: 698.0, Setup: 40
2025-04-13 16:37:30,154 - JSPGymEnvironment - INFO - Material change on machine M3: Mountainbike_Antrieb_installiert -> E-Bike_Antrieb_installiert, setup time: 15
2025-04-13 16:37:30,154 - JSPGymEnvironment - INFO - Executed operation: Job J19, Op 2, Machine M3, Start: 713.0, End: 735.0, Setup: 15
2025-04-13 16:37:30,182 - JSPGymEnvironment - INFO - Executed operation: Job J11, Op 0, Machine M1, Start: 760.0, End: 791.0, Setup: 25
2025-04-13 16:37:30,210 - JSPGymEnvironment - INFO - Material change on machine M3: E-Bike_Antrieb_installiert -> Mountainbike_Bremsen_justiert, setup time: 15
2025-04-13 16:37:30,211 - JSPGymEnvironment - INFO - Executed operation: Job J18, Op 3, Machine M3, Start: 806.0, End: 861.0, Setup: 15
2025-04-13 16:37:30,240 - JSPGymEnvironment - INFO - Material change on machine M2: Racebike_Fahrrad_endmontiert -> Citybike_Schaltauge_bearbeitet, setup time: 20
2025-04-13 16:37:30,241 - JSPGymEnvironment - INFO - Executed operation: Job J11, Op 1, Machine M2, Start: 881.0, End: 894.0, Setup: 20
2025-04-13 16:37:30,273 - JSPGymEnvironment - INFO - Material change on machine M3: Mountainbike_Bremsen_justiert -> Citybike_Antrieb_installiert, setup time: 15
2025-04-13 16:37:30,273 - JSPGymEnvironment - INFO - Executed operation: Job J11, Op 2, Machine M3, Start: 909.0, End: 951.0, Setup: 15
2025-04-13 16:37:30,309 - JSPGymEnvironment - INFO - Material change on machine M3: Citybike_Antrieb_installiert -> Citybike_Bremsen_justiert, setup time: 15
2025-04-13 16:37:30,309 - JSPGymEnvironment - INFO - Executed operation: Job J11, Op 3, Machine M3, Start: 966.0, End: 988.0, Setup: 15
2025-04-13 16:37:30,345 - JSPGymEnvironment - INFO - Material change on machine M1: Citybike_Hauptrahmen_zugeschnitten -> Racebike_Hauptrahmen_zugeschnitten, setup time: 40
2025-04-13 16:37:30,345 - JSPGymEnvironment - INFO - Executed operation: Job J16, Op 0, Machine M1, Start: 1028.0, End: 1054.0, Setup: 40
2025-04-13 16:37:30,384 - JSPGymEnvironment - INFO - Material change on machine M2: Citybike_Schaltauge_bearbeitet -> Mountainbike_Fahrrad_endmontiert, setup time: 20
2025-04-13 16:37:30,384 - JSPGymEnvironment - INFO - Executed operation: Job J18, Op 4, Machine M2, Start: 1074.0, End: 1087.0, Setup: 20
2025-04-13 16:37:30,384 - JSPGymEnvironment - INFO - Job J18 completed at time 1087.0, deadline: 2880, met: True, priority: 6
2025-04-13 16:37:30,566 - JSPGymEnvironment - INFO - Executed operation: Job J7, Op 0, Machine M1, Start: 1112.0, End: 1147.0, Setup: 25
2025-04-13 16:37:30,599 - JSPGymEnvironment - INFO - Material change on machine M2: Mountainbike_Fahrrad_endmontiert -> Citybike_Schaltauge_bearbeitet, setup time: 20
2025-04-13 16:37:30,600 - JSPGymEnvironment - INFO - Executed operation: Job J2, Op 1, Machine M2, Start: 1167.0, End: 1177.0, Setup: 20
2025-04-13 16:37:30,631 - JSPGymEnvironment - INFO - Executed operation: Job J6, Op 0, Machine M1, Start: 1202.0, End: 1238.0, Setup: 25
2025-04-13 16:37:30,658 - JSPGymEnvironment - INFO - Material change on machine M2: Citybike_Schaltauge_bearbeitet -> Racebike_Schaltauge_bearbeitet, setup time: 20
2025-04-13 16:37:30,658 - JSPGymEnvironment - INFO - Executed operation: Job J7, Op 1, Machine M2, Start: 1258.0, End: 1281.0, Setup: 20
2025-04-13 16:37:30,685 - JSPGymEnvironment - INFO - Material change on machine M3: Citybike_Bremsen_justiert -> Citybike_Fahrrad_endmontiert, setup time: 15
2025-04-13 16:37:30,686 - JSPGymEnvironment - INFO - Executed operation: Job J11, Op 4, Machine M3, Start: 1296.0, End: 1335.0, Setup: 15
2025-04-13 16:37:30,715 - JSPGymEnvironment - INFO - Material change on machine M2: Racebike_Schaltauge_bearbeitet -> Citybike_Rahmen_nachbearbeitet, setup time: 20
2025-04-13 16:37:30,715 - JSPGymEnvironment - INFO - Executed operation: Job J11, Op 5, Machine M2, Start: 1355.0, End: 1372.0, Setup: 20
2025-04-13 16:37:30,743 - JSPGymEnvironment - INFO - Executed operation: Job J11, Op 6, Machine M2, Start: 1387.0, End: 1409.0, Setup: 15
2025-04-13 16:37:30,771 - JSPGymEnvironment - INFO - Material change on machine M2: Citybike_Rahmen_nachbearbeitet -> Mountainbike_Schaltauge_bearbeitet, setup time: 20
2025-04-13 16:37:30,771 - JSPGymEnvironment - INFO - Executed operation: Job J5, Op 1, Machine M2, Start: 1429.0, End: 1444.0, Setup: 20
2025-04-13 16:37:30,799 - JSPGymEnvironment - INFO - Material change on machine M2: Mountainbike_Schaltauge_bearbeitet -> Racebike_Schaltauge_bearbeitet, setup time: 20
2025-04-13 16:37:30,799 - JSPGymEnvironment - INFO - Executed operation: Job J4, Op 1, Machine M2, Start: 1464.0, End: 1479.0, Setup: 20
2025-04-13 16:37:30,836 - JSPGymEnvironment - INFO - Executed operation: Job J16, Op 1, Machine M2, Start: 1494.0, End: 1509.0, Setup: 15
2025-04-13 16:37:30,869 - JSPGymEnvironment - INFO - Material change on machine M2: Racebike_Schaltauge_bearbeitet -> Citybike_Fahrrad_endmontiert, setup time: 20
2025-04-13 16:37:30,869 - JSPGymEnvironment - INFO - Executed operation: Job J11, Op 7, Machine M2, Start: 1529.0, End: 1558.0, Setup: 20
2025-04-13 16:37:30,869 - JSPGymEnvironment - INFO - Job J11 completed at time 1558.0, deadline: 2880, met: True, priority: 7
2025-04-13 16:37:30,900 - JSPGymEnvironment - INFO - Material change on machine M3: Citybike_Fahrrad_endmontiert -> Racebike_Antrieb_installiert, setup time: 15
2025-04-13 16:37:30,900 - JSPGymEnvironment - INFO - Executed operation: Job J7, Op 2, Machine M3, Start: 1573.0, End: 1597.0, Setup: 15
2025-04-13 16:37:30,931 - JSPGymEnvironment - INFO - Material change on machine M2: Citybike_Fahrrad_endmontiert -> E-Bike_Bremsaufnahme_gebohrt, setup time: 20
2025-04-13 16:37:30,931 - JSPGymEnvironment - INFO - Executed operation: Job J19, Op 3, Machine M2, Start: 1617.0, End: 1630.0, Setup: 20
2025-04-13 16:37:31,118 - JSPGymEnvironment - INFO - Material change on machine M2: E-Bike_Bremsaufnahme_gebohrt -> E-Bike_Rahmen_nachbearbeitet, setup time: 20
2025-04-13 16:37:31,118 - JSPGymEnvironment - INFO - Executed operation: Job J19, Op 4, Machine M2, Start: 1650.0, End: 1667.0, Setup: 20
2025-04-13 16:37:31,146 - JSPGymEnvironment - INFO - Material change on machine M1: Racebike_Hauptrahmen_zugeschnitten -> Mountainbike_Hauptrahmen_zugeschnitten, setup time: 40
2025-04-13 16:37:31,146 - JSPGymEnvironment - INFO - Executed operation: Job J20, Op 0, Machine M1, Start: 1707.0, End: 1726.0, Setup: 40
2025-04-13 16:37:31,177 - JSPGymEnvironment - INFO - Material change on machine M1: Mountainbike_Hauptrahmen_zugeschnitten -> Citybike_Hauptrahmen_zugeschnitten, setup time: 40
2025-04-13 16:37:31,177 - JSPGymEnvironment - INFO - Executed operation: Job J17, Op 0, Machine M1, Start: 1766.0, End: 1804.0, Setup: 40
2025-04-13 16:37:31,209 - JSPGymEnvironment - INFO - Material change on machine M2: E-Bike_Rahmen_nachbearbeitet -> Racebike_Schaltauge_bearbeitet, setup time: 20
2025-04-13 16:37:31,209 - JSPGymEnvironment - INFO - Executed operation: Job J6, Op 1, Machine M2, Start: 1824.0, End: 1837.0, Setup: 20
2025-04-13 16:37:31,247 - JSPGymEnvironment - INFO - Material change on machine M2: Racebike_Schaltauge_bearbeitet -> Racebike_Bremsaufnahme_gebohrt, setup time: 20
2025-04-13 16:37:31,252 - JSPGymEnvironment - INFO - Executed operation: Job J7, Op 3, Machine M2, Start: 1857.0, End: 1880.0, Setup: 20
2025-04-13 16:37:31,290 - JSPGymEnvironment - INFO - Material change on machine M2: Racebike_Bremsaufnahme_gebohrt -> E-Bike_Rahmen_nachbearbeitet, setup time: 20
2025-04-13 16:37:31,290 - JSPGymEnvironment - INFO - Executed operation: Job J19, Op 5, Machine M2, Start: 1900.0, End: 1921.0, Setup: 20
2025-04-13 16:37:31,318 - JSPGymEnvironment - INFO - Material change on machine M3: Racebike_Antrieb_installiert -> Mountainbike_Antrieb_installiert, setup time: 15
2025-04-13 16:37:31,318 - JSPGymEnvironment - INFO - Executed operation: Job J5, Op 2, Machine M3, Start: 1936.0, End: 1961.0, Setup: 15
2025-04-13 16:37:31,345 - JSPGymEnvironment - INFO - Material change on machine M2: E-Bike_Rahmen_nachbearbeitet -> Racebike_Rahmen_nachbearbeitet, setup time: 20
2025-04-13 16:37:31,345 - JSPGymEnvironment - INFO - Executed operation: Job J7, Op 4, Machine M2, Start: 1981.0, End: 2007.0, Setup: 20
2025-04-13 16:37:31,374 - JSPGymEnvironment - INFO - Material change on machine M2: Racebike_Rahmen_nachbearbeitet -> Mountainbike_Bremsaufnahme_gebohrt, setup time: 20
2025-04-13 16:37:31,374 - JSPGymEnvironment - INFO - Executed operation: Job J5, Op 3, Machine M2, Start: 2027.0, End: 2042.0, Setup: 20
2025-04-13 16:37:31,406 - JSPGymEnvironment - INFO - Material change on machine M3: Mountainbike_Antrieb_installiert -> Racebike_Antrieb_installiert, setup time: 15
2025-04-13 16:37:31,407 - JSPGymEnvironment - INFO - Executed operation: Job J4, Op 2, Machine M3, Start: 2057.0, End: 2097.0, Setup: 15
2025-04-13 16:37:31,442 - JSPGymEnvironment - INFO - Material change on machine M2: Mountainbike_Bremsaufnahme_gebohrt -> Racebike_Bremsaufnahme_gebohrt, setup time: 20
2025-04-13 16:37:31,460 - JSPGymEnvironment - INFO - Executed operation: Job J4, Op 3, Machine M2, Start: 2117.0, End: 2131.0, Setup: 20
2025-04-13 16:37:31,496 - JSPGymEnvironment - INFO - Material change on machine M2: Racebike_Bremsaufnahme_gebohrt -> E-Bike_Fahrrad_endmontiert, setup time: 20
2025-04-13 16:37:31,496 - JSPGymEnvironment - INFO - Executed operation: Job J19, Op 6, Machine M2, Start: 2151.0, End: 2176.0, Setup: 20
2025-04-13 16:37:31,496 - JSPGymEnvironment - INFO - Job J19 completed at time 2176.0, deadline: 2737, met: True, priority: 8
2025-04-13 16:37:31,526 - JSPGymEnvironment - INFO - Material change on machine M2: E-Bike_Fahrrad_endmontiert -> Racebike_Rahmen_nachbearbeitet, setup time: 20
2025-04-13 16:37:31,527 - JSPGymEnvironment - INFO - Executed operation: Job J7, Op 5, Machine M2, Start: 2196.0, End: 2214.0, Setup: 20
2025-04-13 16:37:31,702 - JSPGymEnvironment - INFO - Material change on machine M2: Racebike_Rahmen_nachbearbeitet -> Citybike_Schaltauge_bearbeitet, setup time: 20
2025-04-13 16:37:31,702 - JSPGymEnvironment - INFO - Executed operation: Job J17, Op 1, Machine M2, Start: 2234.0, End: 2254.0, Setup: 20
2025-04-13 16:37:31,728 - JSPGymEnvironment - INFO - Material change on machine M2: Citybike_Schaltauge_bearbeitet -> Racebike_Rahmen_nachbearbeitet, setup time: 20
2025-04-13 16:37:31,728 - JSPGymEnvironment - INFO - Executed operation: Job J7, Op 6, Machine M2, Start: 2274.0, End: 2289.0, Setup: 20
2025-04-13 16:37:31,757 - JSPGymEnvironment - INFO - Material change on machine M3: Racebike_Antrieb_installiert -> Citybike_Antrieb_installiert, setup time: 15
2025-04-13 16:37:31,757 - JSPGymEnvironment - INFO - Executed operation: Job J2, Op 2, Machine M3, Start: 2304.0, End: 2332.0, Setup: 15
2025-04-13 16:37:31,784 - JSPGymEnvironment - INFO - Material change on machine M2: Racebike_Rahmen_nachbearbeitet -> Racebike_Fahrrad_endmontiert, setup time: 20
2025-04-13 16:37:31,784 - JSPGymEnvironment - INFO - Executed operation: Job J7, Op 7, Machine M2, Start: 2352.0, End: 2377.0, Setup: 20
2025-04-13 16:37:31,784 - JSPGymEnvironment - INFO - Job J7 completed at time 2377.0, deadline: 2880, met: True, priority: 9
2025-04-13 16:37:31,818 - JSPGymEnvironment - INFO - Executed operation: Job J17, Op 2, Machine M3, Start: 2387.0, End: 2421.0, Setup: 10
2025-04-13 16:37:31,847 - JSPGymEnvironment - INFO - Material change on machine M2: Racebike_Fahrrad_endmontiert -> Citybike_Bremsaufnahme_gebohrt, setup time: 20
2025-04-13 16:37:31,847 - JSPGymEnvironment - INFO - Executed operation: Job J2, Op 3, Machine M2, Start: 2441.0, End: 2462.0, Setup: 20
2025-04-13 16:37:31,877 - JSPGymEnvironment - INFO - Material change on machine M1: Citybike_Hauptrahmen_zugeschnitten -> Racebike_Hauptrahmen_zugeschnitten, setup time: 40
2025-04-13 16:37:31,877 - JSPGymEnvironment - INFO - Executed operation: Job J15, Op 0, Machine M1, Start: 2502.0, End: 2525.0, Setup: 40
2025-04-13 16:37:31,905 - JSPGymEnvironment - INFO - Material change on machine M3: Citybike_Antrieb_installiert -> Citybike_Bremsen_justiert, setup time: 15
2025-04-13 16:37:31,905 - JSPGymEnvironment - INFO - Executed operation: Job J17, Op 3, Machine M3, Start: 2540.0, End: 2566.0, Setup: 15
2025-04-13 16:37:31,932 - JSPGymEnvironment - INFO - Material change on machine M2: Citybike_Bremsaufnahme_gebohrt -> Citybike_Rahmen_nachbearbeitet, setup time: 20
2025-04-13 16:37:31,933 - JSPGymEnvironment - INFO - Executed operation: Job J2, Op 4, Machine M2, Start: 2586.0, End: 2610.0, Setup: 20
2025-04-13 16:37:31,959 - JSPGymEnvironment - INFO - Material change on machine M3: Citybike_Bremsen_justiert -> Citybike_Fahrrad_endmontiert, setup time: 15
2025-04-13 16:37:31,959 - JSPGymEnvironment - INFO - Executed operation: Job J17, Op 4, Machine M3, Start: 2625.0, End: 2675.0, Setup: 15
2025-04-13 16:37:31,988 - JSPGymEnvironment - INFO - Material change on machine M2: Citybike_Rahmen_nachbearbeitet -> Racebike_Schaltauge_bearbeitet, setup time: 20
2025-04-13 16:37:31,988 - JSPGymEnvironment - INFO - Executed operation: Job J15, Op 1, Machine M2, Start: 2695.0, End: 2708.0, Setup: 20
2025-04-13 16:37:32,018 - JSPGymEnvironment - INFO - Material change on machine M3: Citybike_Fahrrad_endmontiert -> Racebike_Antrieb_installiert, setup time: 15
2025-04-13 16:37:32,018 - JSPGymEnvironment - INFO - Executed operation: Job J16, Op 2, Machine M3, Start: 2723.0, End: 2753.0, Setup: 15
2025-04-13 16:37:32,047 - JSPGymEnvironment - INFO - Material change on machine M3: Racebike_Antrieb_installiert -> Citybike_Fahrrad_endmontiert, setup time: 15
2025-04-13 16:37:32,047 - JSPGymEnvironment - INFO - Executed operation: Job J2, Op 5, Machine M3, Start: 2768.0, End: 2789.0, Setup: 15
2025-04-13 16:37:32,047 - JSPGymEnvironment - INFO - Job J2 completed at time 2789.0, deadline: 2880, met: True, priority: 3
2025-04-13 16:37:32,074 - JSPGymEnvironment - INFO - Material change on machine M3: Citybike_Fahrrad_endmontiert -> Racebike_Antrieb_installiert, setup time: 15
2025-04-13 16:37:32,074 - JSPGymEnvironment - INFO - Executed operation: Job J15, Op 2, Machine M3, Start: 2804.0, End: 2839.0, Setup: 15
2025-04-13 16:37:32,103 - JSPGymEnvironment - INFO - Material change on machine M2: Racebike_Schaltauge_bearbeitet -> Racebike_Rahmen_nachbearbeitet, setup time: 20
2025-04-13 16:37:32,103 - JSPGymEnvironment - INFO - Executed operation: Job J4, Op 4, Machine M2, Start: 2859.0, End: 2884.0, Setup: 20
2025-04-13 16:37:32,265 - JSPGymEnvironment - INFO - Executed operation: Job J4, Op 5, Machine M2, Start: 2899.0, End: 2923.0, Setup: 15
2025-04-13 16:37:32,292 - JSPGymEnvironment - INFO - Material change on machine M3: Racebike_Antrieb_installiert -> Citybike_Fahrrad_endmontiert, setup time: 15
2025-04-13 16:37:32,293 - JSPGymEnvironment - INFO - Executed operation: Job J17, Op 5, Machine M3, Start: 2938.0, End: 2997.0, Setup: 15
2025-04-13 16:37:32,321 - JSPGymEnvironment - INFO - Executed operation: Job J17, Op 6, Machine M3, Start: 3007.0, End: 3032.0, Setup: 10
2025-04-13 16:37:32,322 - JSPGymEnvironment - INFO - Job J17 completed at time 3032.0, deadline: 2880, met: False, priority: 6
2025-04-13 16:37:32,349 - JSPGymEnvironment - INFO - Material change on machine M3: Citybike_Fahrrad_endmontiert -> Racebike_Fahrrad_endmontiert, setup time: 15
2025-04-13 16:37:32,350 - JSPGymEnvironment - INFO - Executed operation: Job J4, Op 6, Machine M3, Start: 3047.0, End: 3073.0, Setup: 15
2025-04-13 16:37:32,350 - JSPGymEnvironment - INFO - Job J4 completed at time 3073.0, deadline: 2757, met: False, priority: 7
2025-04-13 16:37:32,377 - JSPGymEnvironment - INFO - Material change on machine M3: Racebike_Fahrrad_endmontiert -> Racebike_Antrieb_installiert, setup time: 15
2025-04-13 16:37:32,377 - JSPGymEnvironment - INFO - Executed operation: Job J6, Op 2, Machine M3, Start: 3088.0, End: 3126.0, Setup: 15
2025-04-13 16:37:32,406 - JSPGymEnvironment - INFO - Material change on machine M3: Racebike_Antrieb_installiert -> Racebike_Bremsen_justiert, setup time: 15
2025-04-13 16:37:32,406 - JSPGymEnvironment - INFO - Executed operation: Job J6, Op 3, Machine M3, Start: 3141.0, End: 3199.0, Setup: 15
2025-04-13 16:37:32,445 - JSPGymEnvironment - INFO - Material change on machine M2: Racebike_Rahmen_nachbearbeitet -> Mountainbike_Rahmen_nachbearbeitet, setup time: 20
2025-04-13 16:37:32,445 - JSPGymEnvironment - INFO - Executed operation: Job J5, Op 4, Machine M2, Start: 3219.0, End: 3249.0, Setup: 20
2025-04-13 16:37:32,475 - JSPGymEnvironment - INFO - Material change on machine M2: Mountainbike_Rahmen_nachbearbeitet -> Racebike_Bremsaufnahme_gebohrt, setup time: 20
2025-04-13 16:37:32,475 - JSPGymEnvironment - INFO - Executed operation: Job J16, Op 3, Machine M2, Start: 3269.0, End: 3292.0, Setup: 20
2025-04-13 16:37:32,506 - JSPGymEnvironment - INFO - Material change on machine M2: Racebike_Bremsaufnahme_gebohrt -> Racebike_Rahmen_nachbearbeitet, setup time: 20
2025-04-13 16:37:32,507 - JSPGymEnvironment - INFO - Executed operation: Job J16, Op 4, Machine M2, Start: 3312.0, End: 3326.0, Setup: 20
2025-04-13 16:37:32,537 - JSPGymEnvironment - INFO - Material change on machine M1: Racebike_Hauptrahmen_zugeschnitten -> Citybike_Hauptrahmen_zugeschnitten, setup time: 40
2025-04-13 16:37:32,538 - JSPGymEnvironment - INFO - Executed operation: Job J8, Op 0, Machine M1, Start: 3366.0, End: 3385.0, Setup: 40
2025-04-13 16:37:32,567 - JSPGymEnvironment - INFO - Material change on machine M2: Racebike_Rahmen_nachbearbeitet -> Citybike_Schaltauge_bearbeitet, setup time: 20
2025-04-13 16:37:32,567 - JSPGymEnvironment - INFO - Executed operation: Job J8, Op 1, Machine M2, Start: 3405.0, End: 3418.0, Setup: 20
2025-04-13 16:37:32,599 - JSPGymEnvironment - INFO - Material change on machine M2: Citybike_Schaltauge_bearbeitet -> Racebike_Fahrrad_endmontiert, setup time: 20
2025-04-13 16:37:32,599 - JSPGymEnvironment - INFO - Executed operation: Job J16, Op 5, Machine M2, Start: 3438.0, End: 3468.0, Setup: 20
2025-04-13 16:37:32,599 - JSPGymEnvironment - INFO - Job J16 completed at time 3468.0, deadline: 2855, met: False, priority: 7
2025-04-13 16:37:32,634 - JSPGymEnvironment - INFO - Material change on machine M1: Citybike_Hauptrahmen_zugeschnitten -> Mountainbike_Hauptrahmen_zugeschnitten, setup time: 40
2025-04-13 16:37:32,634 - JSPGymEnvironment - INFO - Executed operation: Job J12, Op 0, Machine M1, Start: 3508.0, End: 3539.0, Setup: 40
2025-04-13 16:37:32,680 - JSPGymEnvironment - INFO - Material change on machine M2: Racebike_Fahrrad_endmontiert -> Mountainbike_Schaltauge_bearbeitet, setup time: 20
2025-04-13 16:37:32,681 - JSPGymEnvironment - INFO - Executed operation: Job J20, Op 1, Machine M2, Start: 3559.0, End: 3584.0, Setup: 20
2025-04-13 16:37:32,868 - JSPGymEnvironment - INFO - Executed operation: Job J15, Op 3, Machine M3, Start: 3594.0, End: 3621.0, Setup: 10
2025-04-13 16:37:32,898 - JSPGymEnvironment - INFO - Material change on machine M3: Racebike_Bremsen_justiert -> Citybike_Antrieb_installiert, setup time: 15
2025-04-13 16:37:32,899 - JSPGymEnvironment - INFO - Executed operation: Job J8, Op 2, Machine M3, Start: 3636.0, End: 3690.0, Setup: 15
2025-04-13 16:37:32,926 - JSPGymEnvironment - INFO - Material change on machine M2: Mountainbike_Schaltauge_bearbeitet -> Mountainbike_Fahrrad_endmontiert, setup time: 20
2025-04-13 16:37:32,926 - JSPGymEnvironment - INFO - Executed operation: Job J5, Op 5, Machine M2, Start: 3710.0, End: 3732.0, Setup: 20
2025-04-13 16:37:32,926 - JSPGymEnvironment - INFO - Job J5 completed at time 3732.0, deadline: 2880, met: False, priority: 1
2025-04-13 16:37:32,953 - JSPGymEnvironment - INFO - Material change on machine M1: Mountainbike_Hauptrahmen_zugeschnitten -> E-Bike_Hauptrahmen_zugeschnitten, setup time: 40
2025-04-13 16:37:32,953 - JSPGymEnvironment - INFO - Executed operation: Job J3, Op 0, Machine M1, Start: 3772.0, End: 3806.0, Setup: 40
2025-04-13 16:37:32,982 - JSPGymEnvironment - INFO - Material change on machine M3: Citybike_Antrieb_installiert -> Racebike_Fahrrad_endmontiert, setup time: 15
2025-04-13 16:37:32,982 - JSPGymEnvironment - INFO - Executed operation: Job J6, Op 4, Machine M3, Start: 3821.0, End: 3862.0, Setup: 15
2025-04-13 16:37:32,982 - JSPGymEnvironment - INFO - Job J6 completed at time 3862.0, deadline: 2880, met: False, priority: 10
2025-04-13 16:37:33,010 - JSPGymEnvironment - INFO - Material change on machine M2: Mountainbike_Fahrrad_endmontiert -> Racebike_Rahmen_nachbearbeitet, setup time: 20
2025-04-13 16:37:33,010 - JSPGymEnvironment - INFO - Executed operation: Job J15, Op 4, Machine M2, Start: 3882.0, End: 3902.0, Setup: 20
2025-04-13 16:37:33,038 - JSPGymEnvironment - INFO - Executed operation: Job J15, Op 5, Machine M2, Start: 3917.0, End: 3940.0, Setup: 15
2025-04-13 16:37:33,068 - JSPGymEnvironment - INFO - Material change on machine M1: E-Bike_Hauptrahmen_zugeschnitten -> Citybike_Hauptrahmen_zugeschnitten, setup time: 40
2025-04-13 16:37:33,068 - JSPGymEnvironment - INFO - Executed operation: Job J14, Op 0, Machine M1, Start: 3980.0, End: 3998.0, Setup: 40
2025-04-13 16:37:33,114 - JSPGymEnvironment - INFO - Material change on machine M1: Citybike_Hauptrahmen_zugeschnitten -> E-Bike_Hauptrahmen_zugeschnitten, setup time: 40
2025-04-13 16:37:33,114 - JSPGymEnvironment - INFO - Executed operation: Job J13, Op 0, Machine M1, Start: 4038.0, End: 4079.0, Setup: 40
2025-04-13 16:37:33,153 - JSPGymEnvironment - INFO - Executed operation: Job J15, Op 6, Machine M3, Start: 4089.0, End: 4116.0, Setup: 10
2025-04-13 16:37:33,194 - JSPGymEnvironment - INFO - Executed operation: Job J15, Op 7, Machine M3, Start: 4126.0, End: 4172.0, Setup: 10
2025-04-13 16:37:33,194 - JSPGymEnvironment - INFO - Job J15 completed at time 4172.0, deadline: 2833, met: False, priority: 10
2025-04-13 16:37:33,232 - JSPGymEnvironment - INFO - Material change on machine M3: Racebike_Fahrrad_endmontiert -> Mountainbike_Antrieb_installiert, setup time: 15
2025-04-13 16:37:33,232 - JSPGymEnvironment - INFO - Executed operation: Job J20, Op 2, Machine M3, Start: 4187.0, End: 4211.0, Setup: 15
2025-04-13 16:37:33,276 - JSPGymEnvironment - INFO - Material change on machine M3: Mountainbike_Antrieb_installiert -> Citybike_Bremsen_justiert, setup time: 15
2025-04-13 16:37:33,276 - JSPGymEnvironment - INFO - Executed operation: Job J8, Op 3, Machine M3, Start: 4226.0, End: 4284.0, Setup: 15
2025-04-13 16:37:33,317 - JSPGymEnvironment - INFO - Material change on machine M1: E-Bike_Hauptrahmen_zugeschnitten -> Citybike_Hauptrahmen_zugeschnitten, setup time: 40
2025-04-13 16:37:33,317 - JSPGymEnvironment - INFO - Executed operation: Job J9, Op 0, Machine M1, Start: 4324.0, End: 4364.0, Setup: 40
2025-04-13 16:37:33,495 - JSPGymEnvironment - INFO - Material change on machine M3: Citybike_Bremsen_justiert -> Mountainbike_Bremsen_justiert, setup time: 15
2025-04-13 16:37:33,495 - JSPGymEnvironment - INFO - Executed operation: Job J20, Op 3, Machine M3, Start: 4379.0, End: 4420.0, Setup: 15
2025-04-13 16:37:33,528 - JSPGymEnvironment - INFO - Material change on machine M2: Racebike_Rahmen_nachbearbeitet -> Citybike_Schaltauge_bearbeitet, setup time: 20
2025-04-13 16:37:33,528 - JSPGymEnvironment - INFO - Executed operation: Job J9, Op 1, Machine M2, Start: 4440.0, End: 4456.0, Setup: 20
2025-04-13 16:37:33,556 - JSPGymEnvironment - INFO - Material change on machine M2: Citybike_Schaltauge_bearbeitet -> Mountainbike_Schaltauge_bearbeitet, setup time: 20
2025-04-13 16:37:33,556 - JSPGymEnvironment - INFO - Executed operation: Job J12, Op 1, Machine M2, Start: 4476.0, End: 4498.0, Setup: 20
2025-04-13 16:37:33,589 - JSPGymEnvironment - INFO - Material change on machine M3: Mountainbike_Bremsen_justiert -> Mountainbike_Antrieb_installiert, setup time: 15
2025-04-13 16:37:33,589 - JSPGymEnvironment - INFO - Executed operation: Job J12, Op 2, Machine M3, Start: 4513.0, End: 4558.0, Setup: 15
2025-04-13 16:37:33,624 - JSPGymEnvironment - INFO - Material change on machine M2: Mountainbike_Schaltauge_bearbeitet -> Mountainbike_Bremsaufnahme_gebohrt, setup time: 20
2025-04-13 16:37:33,624 - JSPGymEnvironment - INFO - Executed operation: Job J12, Op 3, Machine M2, Start: 4578.0, End: 4604.0, Setup: 20
2025-04-13 16:37:33,658 - JSPGymEnvironment - INFO - Material change on machine M2: Mountainbike_Bremsaufnahme_gebohrt -> Mountainbike_Rahmen_nachbearbeitet, setup time: 20
2025-04-13 16:37:33,658 - JSPGymEnvironment - INFO - Executed operation: Job J20, Op 4, Machine M2, Start: 4624.0, End: 4641.0, Setup: 20
2025-04-13 16:37:33,694 - JSPGymEnvironment - INFO - Material change on machine M3: Mountainbike_Antrieb_installiert -> Citybike_Antrieb_installiert, setup time: 15
2025-04-13 16:37:33,694 - JSPGymEnvironment - INFO - Executed operation: Job J9, Op 2, Machine M3, Start: 4656.0, End: 4710.0, Setup: 15
2025-04-13 16:37:33,729 - JSPGymEnvironment - INFO - Material change on machine M2: Mountainbike_Rahmen_nachbearbeitet -> E-Bike_Schaltauge_bearbeitet, setup time: 20
2025-04-13 16:37:33,729 - JSPGymEnvironment - INFO - Executed operation: Job J3, Op 1, Machine M2, Start: 4730.0, End: 4750.0, Setup: 20
2025-04-13 16:37:33,779 - JSPGymEnvironment - INFO - Material change on machine M3: Citybike_Antrieb_installiert -> E-Bike_Antrieb_installiert, setup time: 15
2025-04-13 16:37:33,779 - JSPGymEnvironment - INFO - Executed operation: Job J3, Op 2, Machine M3, Start: 4765.0, End: 4823.0, Setup: 15
2025-04-13 16:37:33,876 - JSPGymEnvironment - INFO - Material change on machine M3: E-Bike_Antrieb_installiert -> Mountainbike_Fahrrad_endmontiert, setup time: 15
2025-04-13 16:37:33,876 - JSPGymEnvironment - INFO - Executed operation: Job J20, Op 5, Machine M3, Start: 4838.0, End: 4863.0, Setup: 15
2025-04-13 16:37:33,922 - JSPGymEnvironment - INFO - Executed operation: Job J20, Op 6, Machine M3, Start: 4873.0, End: 4913.0, Setup: 10
2025-04-13 16:37:33,922 - JSPGymEnvironment - INFO - Job J20 completed at time 4913.0, deadline: 2744, met: False, priority: 3
2025-04-13 16:37:33,963 - JSPGymEnvironment - INFO - Material change on machine M2: E-Bike_Schaltauge_bearbeitet -> E-Bike_Bremsaufnahme_gebohrt, setup time: 20
2025-04-13 16:37:33,964 - JSPGymEnvironment - INFO - Executed operation: Job J3, Op 3, Machine M2, Start: 4933.0, End: 4963.0, Setup: 20
2025-04-13 16:37:33,998 - JSPGymEnvironment - INFO - Material change on machine M2: E-Bike_Bremsaufnahme_gebohrt -> Citybike_Bremsaufnahme_gebohrt, setup time: 20
2025-04-13 16:37:33,998 - JSPGymEnvironment - INFO - Executed operation: Job J9, Op 3, Machine M2, Start: 4983.0, End: 5006.0, Setup: 20
2025-04-13 16:37:34,194 - JSPGymEnvironment - INFO - Material change on machine M2: Citybike_Bremsaufnahme_gebohrt -> E-Bike_Schaltauge_bearbeitet, setup time: 20
2025-04-13 16:37:34,194 - JSPGymEnvironment - INFO - Executed operation: Job J13, Op 1, Machine M2, Start: 5026.0, End: 5049.0, Setup: 20
2025-04-13 16:37:34,225 - JSPGymEnvironment - INFO - Material change on machine M2: E-Bike_Schaltauge_bearbeitet -> Mountainbike_Rahmen_nachbearbeitet, setup time: 20
2025-04-13 16:37:34,225 - JSPGymEnvironment - INFO - Executed operation: Job J12, Op 4, Machine M2, Start: 5069.0, End: 5097.0, Setup: 20
2025-04-13 16:37:34,271 - JSPGymEnvironment - INFO - Material change on machine M2: Mountainbike_Rahmen_nachbearbeitet -> Citybike_Rahmen_nachbearbeitet, setup time: 20
2025-04-13 16:37:34,271 - JSPGymEnvironment - INFO - Executed operation: Job J9, Op 4, Machine M2, Start: 5117.0, End: 5129.0, Setup: 20
2025-04-13 16:37:34,314 - JSPGymEnvironment - INFO - Material change on machine M2: Citybike_Rahmen_nachbearbeitet -> E-Bike_Rahmen_nachbearbeitet, setup time: 20
2025-04-13 16:37:34,314 - JSPGymEnvironment - INFO - Executed operation: Job J3, Op 4, Machine M2, Start: 5149.0, End: 5166.0, Setup: 20
2025-04-13 16:37:34,354 - JSPGymEnvironment - INFO - Material change on machine M2: E-Bike_Rahmen_nachbearbeitet -> Citybike_Schaltauge_bearbeitet, setup time: 20
2025-04-13 16:37:34,354 - JSPGymEnvironment - INFO - Executed operation: Job J14, Op 1, Machine M2, Start: 5186.0, End: 5202.0, Setup: 20
2025-04-13 16:37:34,392 - JSPGymEnvironment - INFO - Material change on machine M2: Citybike_Schaltauge_bearbeitet -> Mountainbike_Rahmen_nachbearbeitet, setup time: 20
2025-04-13 16:37:34,392 - JSPGymEnvironment - INFO - Executed operation: Job J12, Op 5, Machine M2, Start: 5222.0, End: 5250.0, Setup: 20
2025-04-13 16:37:34,425 - JSPGymEnvironment - INFO - Material change on machine M3: Mountainbike_Fahrrad_endmontiert -> E-Bike_Antrieb_installiert, setup time: 15
2025-04-13 16:37:34,425 - JSPGymEnvironment - INFO - Executed operation: Job J13, Op 2, Machine M3, Start: 5265.0, End: 5318.0, Setup: 15
2025-04-13 16:37:34,461 - JSPGymEnvironment - INFO - Material change on machine M3: E-Bike_Antrieb_installiert -> Citybike_Fahrrad_endmontiert, setup time: 15
2025-04-13 16:37:34,461 - JSPGymEnvironment - INFO - Executed operation: Job J9, Op 5, Machine M3, Start: 5333.0, End: 5384.0, Setup: 15
2025-04-13 16:37:34,495 - JSPGymEnvironment - INFO - Executed operation: Job J9, Op 6, Machine M3, Start: 5394.0, End: 5417.0, Setup: 10
2025-04-13 16:37:34,495 - JSPGymEnvironment - INFO - Job J9 completed at time 5417.0, deadline: 2880, met: False, priority: 8
2025-04-13 16:37:34,529 - JSPGymEnvironment - INFO - Material change on machine M2: Mountainbike_Rahmen_nachbearbeitet -> E-Bike_Rahmen_nachbearbeitet, setup time: 20
2025-04-13 16:37:34,529 - JSPGymEnvironment - INFO - Executed operation: Job J3, Op 5, Machine M2, Start: 5437.0, End: 5458.0, Setup: 20
2025-04-13 16:37:34,569 - JSPGymEnvironment - INFO - Material change on machine M3: Citybike_Fahrrad_endmontiert -> Citybike_Antrieb_installiert, setup time: 15
2025-04-13 16:37:34,569 - JSPGymEnvironment - INFO - Executed operation: Job J14, Op 2, Machine M3, Start: 5473.0, End: 5495.0, Setup: 15
2025-04-13 16:37:34,617 - JSPGymEnvironment - INFO - Material change on machine M3: Citybike_Antrieb_installiert -> Citybike_Fahrrad_endmontiert, setup time: 15
2025-04-13 16:37:34,618 - JSPGymEnvironment - INFO - Executed operation: Job J8, Op 4, Machine M3, Start: 5510.0, End: 5559.0, Setup: 15
2025-04-13 16:37:34,669 - JSPGymEnvironment - INFO - Material change on machine M2: E-Bike_Rahmen_nachbearbeitet -> Mountainbike_Fahrrad_endmontiert, setup time: 20
2025-04-13 16:37:34,669 - JSPGymEnvironment - INFO - Executed operation: Job J12, Op 6, Machine M2, Start: 5579.0, End: 5601.0, Setup: 20
2025-04-13 16:37:34,670 - JSPGymEnvironment - INFO - Job J12 completed at time 5601.0, deadline: 2863, met: False, priority: 2
2025-04-13 16:37:34,719 - JSPGymEnvironment - INFO - Material change on machine M2: Mountainbike_Fahrrad_endmontiert -> E-Bike_Fahrrad_endmontiert, setup time: 20
2025-04-13 16:37:34,720 - JSPGymEnvironment - INFO - Executed operation: Job J3, Op 6, Machine M2, Start: 5621.0, End: 5631.0, Setup: 20
2025-04-13 16:37:34,720 - JSPGymEnvironment - INFO - Job J3 completed at time 5631.0, deadline: 2862, met: False, priority: 8
2025-04-13 16:37:34,766 - JSPGymEnvironment - INFO - Material change on machine M2: E-Bike_Fahrrad_endmontiert -> Citybike_Bremsaufnahme_gebohrt, setup time: 20
2025-04-13 16:37:34,767 - JSPGymEnvironment - INFO - Executed operation: Job J14, Op 3, Machine M2, Start: 5651.0, End: 5669.0, Setup: 20
2025-04-13 16:37:35,016 - JSPGymEnvironment - INFO - Material change on machine M2: Citybike_Bremsaufnahme_gebohrt -> E-Bike_Bremsaufnahme_gebohrt, setup time: 20
2025-04-13 16:37:35,016 - JSPGymEnvironment - INFO - Executed operation: Job J13, Op 3, Machine M2, Start: 5689.0, End: 5711.0, Setup: 20
2025-04-13 16:37:35,057 - JSPGymEnvironment - INFO - Material change on machine M2: E-Bike_Bremsaufnahme_gebohrt -> Citybike_Fahrrad_endmontiert, setup time: 20
2025-04-13 16:37:35,057 - JSPGymEnvironment - INFO - Executed operation: Job J8, Op 5, Machine M2, Start: 5731.0, End: 5761.0, Setup: 20
2025-04-13 16:37:35,057 - JSPGymEnvironment - INFO - Job J8 completed at time 5761.0, deadline: 2762, met: False, priority: 5
2025-04-13 16:37:35,098 - JSPGymEnvironment - INFO - Material change on machine M1: Citybike_Hauptrahmen_zugeschnitten -> Racebike_Hauptrahmen_zugeschnitten, setup time: 40
2025-04-13 16:37:35,098 - JSPGymEnvironment - INFO - Executed operation: Job J1, Op 0, Machine M1, Start: 5801.0, End: 5841.0, Setup: 40
2025-04-13 16:37:35,142 - JSPGymEnvironment - INFO - Material change on machine M2: Citybike_Fahrrad_endmontiert -> Citybike_Rahmen_nachbearbeitet, setup time: 20
2025-04-13 16:37:35,142 - JSPGymEnvironment - INFO - Executed operation: Job J14, Op 4, Machine M2, Start: 5861.0, End: 5890.0, Setup: 20
2025-04-13 16:37:35,188 - JSPGymEnvironment - INFO - Material change on machine M3: Citybike_Fahrrad_endmontiert -> E-Bike_Fahrrad_endmontiert, setup time: 15
2025-04-13 16:37:35,188 - JSPGymEnvironment - INFO - Executed operation: Job J13, Op 4, Machine M3, Start: 5905.0, End: 5958.0, Setup: 15
2025-04-13 16:37:35,188 - JSPGymEnvironment - INFO - Job J13 completed at time 5958.0, deadline: 2863, met: False, priority: 7
2025-04-13 16:37:35,232 - JSPGymEnvironment - INFO - Executed operation: Job J14, Op 5, Machine M2, Start: 5973.0, End: 6003.0, Setup: 15
2025-04-13 16:37:35,282 - JSPGymEnvironment - INFO - Material change on machine M2: Citybike_Rahmen_nachbearbeitet -> Racebike_Schaltauge_bearbeitet, setup time: 20
2025-04-13 16:37:35,283 - JSPGymEnvironment - INFO - Executed operation: Job J1, Op 1, Machine M2, Start: 6023.0, End: 6039.0, Setup: 20
2025-04-13 16:37:35,326 - JSPGymEnvironment - INFO - Material change on machine M2: Racebike_Schaltauge_bearbeitet -> Citybike_Rahmen_nachbearbeitet, setup time: 20
2025-04-13 16:37:35,327 - JSPGymEnvironment - INFO - Executed operation: Job J14, Op 6, Machine M2, Start: 6059.0, End: 6083.0, Setup: 20
2025-04-13 16:37:35,366 - JSPGymEnvironment - INFO - Material change on machine M2: Citybike_Rahmen_nachbearbeitet -> Citybike_Fahrrad_endmontiert, setup time: 20
2025-04-13 16:37:35,367 - JSPGymEnvironment - INFO - Executed operation: Job J14, Op 7, Machine M2, Start: 6103.0, End: 6124.0, Setup: 20
2025-04-13 16:37:35,367 - JSPGymEnvironment - INFO - Job J14 completed at time 6124.0, deadline: 2880, met: False, priority: 3
2025-04-13 16:37:35,410 - JSPGymEnvironment - INFO - Material change on machine M3: E-Bike_Fahrrad_endmontiert -> Racebike_Antrieb_installiert, setup time: 15
2025-04-13 16:37:35,410 - JSPGymEnvironment - INFO - Executed operation: Job J1, Op 2, Machine M3, Start: 6139.0, End: 6175.0, Setup: 15
2025-04-13 16:37:35,452 - JSPGymEnvironment - INFO - Material change on machine M2: Citybike_Fahrrad_endmontiert -> Racebike_Bremsaufnahme_gebohrt, setup time: 20
2025-04-13 16:37:35,452 - JSPGymEnvironment - INFO - Executed operation: Job J1, Op 3, Machine M2, Start: 6195.0, End: 6213.0, Setup: 20
2025-04-13 16:37:35,488 - JSPGymEnvironment - INFO - Material change on machine M2: Racebike_Bremsaufnahme_gebohrt -> Racebike_Rahmen_nachbearbeitet, setup time: 20
2025-04-13 16:37:35,488 - JSPGymEnvironment - INFO - Executed operation: Job J1, Op 4, Machine M2, Start: 6233.0, End: 6255.0, Setup: 20
2025-04-13 16:37:35,522 - JSPGymEnvironment - INFO - Material change on machine M2: Racebike_Rahmen_nachbearbeitet -> Racebike_Fahrrad_endmontiert, setup time: 20
2025-04-13 16:37:35,522 - JSPGymEnvironment - INFO - Executed operation: Job J1, Op 5, Machine M2, Start: 6275.0, End: 6287.0, Setup: 20
2025-04-13 16:37:35,523 - JSPGymEnvironment - INFO - Job J1 completed at time 6287.0, deadline: 2790, met: False, priority: 7
2025-04-13 16:37:35,523 - JSPGymEnvironment - INFO - Reward function updated with 58 insights
2025-04-13 16:37:35,524 - JSPGymEnvironment - INFO -   Material change on critical path at Job 0 Operation 0 on Machine M1 (Severity: 1.00)
2025-04-13 16:37:35,524 - JSPGymEnvironment - INFO -   Material change on critical path at Job 0 Operation 1 on Machine M2 (Severity: 1.00)
2025-04-13 16:37:35,524 - JSPGymEnvironment - INFO -   Material change on critical path at Job 0 Operation 2 on Machine M3 (Severity: 1.00)
2025-04-13 16:37:35,524 - JSPGymEnvironment - INFO -   Material change on critical path at Job 0 Operation 3 on Machine M2 (Severity: 1.00)
2025-04-13 16:37:35,524 - JSPGymEnvironment - INFO -   Material change on critical path at Job 0 Operation 4 on Machine M2 (Severity: 1.00)
2025-04-13 16:37:35,524 - JSPGymEnvironment - INFO -   Idle time on critical path before Job 0 Operation 4 on Machine M2 (Severity: 0.91)
2025-04-13 16:37:35,524 - JSPGymEnvironment - INFO -   Material change on critical path at Job 0 Operation 5 on Machine M2 (Severity: 1.00)
2025-04-13 16:37:35,524 - JSPGymEnvironment - INFO -   Idle time on critical path before Job 0 Operation 5 on Machine M2 (Severity: 1.67)
2025-04-13 16:37:35,524 - JSPGymEnvironment - INFO -   High priority (9) not on critical path: Job 9 Operation 0 (Severity: 0.67)
2025-04-13 16:37:35,524 - JSPGymEnvironment - INFO -   High priority (9) not on critical path: Job 9 Operation 1 (Severity: 0.67)
2025-04-13 16:37:35,524 - JSPGymEnvironment - INFO -   High priority (9) not on critical path: Job 9 Operation 2 (Severity: 0.67)
2025-04-13 16:37:35,524 - JSPGymEnvironment - INFO -   High priority (9) not on critical path: Job 9 Operation 3 (Severity: 0.67)
2025-04-13 16:37:35,524 - JSPGymEnvironment - INFO -   High priority (9) not on critical path: Job 9 Operation 4 (Severity: 0.67)
2025-04-13 16:37:35,524 - JSPGymEnvironment - INFO -   High priority (8) not on critical path: Job 18 Operation 0 (Severity: 0.33)
2025-04-13 16:37:35,524 - JSPGymEnvironment - INFO -   High priority (8) not on critical path: Job 18 Operation 1 (Severity: 0.33)
2025-04-13 16:37:35,524 - JSPGymEnvironment - INFO -   High priority (9) not on critical path: Job 9 Operation 5 (Severity: 0.67)
2025-04-13 16:37:35,524 - JSPGymEnvironment - INFO -   High priority (9) not on critical path: Job 9 Operation 6 (Severity: 0.67)
2025-04-13 16:37:35,524 - JSPGymEnvironment - INFO -   High priority (9) not on critical path: Job 9 Operation 7 (Severity: 0.67)
2025-04-13 16:37:35,524 - JSPGymEnvironment - INFO -   High priority (8) not on critical path: Job 18 Operation 2 (Severity: 0.33)
2025-04-13 16:37:35,525 - JSPGymEnvironment - INFO -   High priority (9) not on critical path: Job 6 Operation 0 (Severity: 0.67)
2025-04-13 16:37:35,525 - JSPGymEnvironment - INFO -   High priority (10) not on critical path: Job 5 Operation 0 (Severity: 1.00)
2025-04-13 16:37:35,525 - JSPGymEnvironment - INFO -   High priority (9) not on critical path: Job 6 Operation 1 (Severity: 0.67)
2025-04-13 16:37:35,525 - JSPGymEnvironment - INFO -   High priority (9) not on critical path: Job 6 Operation 2 (Severity: 0.67)
2025-04-13 16:37:35,525 - JSPGymEnvironment - INFO -   High priority (8) not on critical path: Job 18 Operation 3 (Severity: 0.33)
2025-04-13 16:37:35,525 - JSPGymEnvironment - INFO -   High priority (8) not on critical path: Job 18 Operation 4 (Severity: 0.33)
2025-04-13 16:37:35,525 - JSPGymEnvironment - INFO -   High priority (10) not on critical path: Job 5 Operation 1 (Severity: 1.00)
2025-04-13 16:37:35,525 - JSPGymEnvironment - INFO -   High priority (9) not on critical path: Job 6 Operation 3 (Severity: 0.67)
2025-04-13 16:37:35,525 - JSPGymEnvironment - INFO -   High priority (8) not on critical path: Job 18 Operation 5 (Severity: 0.33)
2025-04-13 16:37:35,525 - JSPGymEnvironment - INFO -   High priority (9) not on critical path: Job 6 Operation 4 (Severity: 0.67)
2025-04-13 16:37:35,525 - JSPGymEnvironment - INFO -   High priority (8) not on critical path: Job 18 Operation 6 (Severity: 0.33)
2025-04-13 16:37:35,525 - JSPGymEnvironment - INFO -   High priority (9) not on critical path: Job 6 Operation 5 (Severity: 0.67)
2025-04-13 16:37:35,525 - JSPGymEnvironment - INFO -   High priority (9) not on critical path: Job 6 Operation 6 (Severity: 0.67)
2025-04-13 16:37:35,525 - JSPGymEnvironment - INFO -   High priority (9) not on critical path: Job 6 Operation 7 (Severity: 0.67)
2025-04-13 16:37:35,525 - JSPGymEnvironment - INFO -   High priority (10) not on critical path: Job 14 Operation 0 (Severity: 1.00)
2025-04-13 16:37:35,525 - JSPGymEnvironment - INFO -   High priority (10) not on critical path: Job 14 Operation 1 (Severity: 1.00)
2025-04-13 16:37:35,525 - JSPGymEnvironment - INFO -   High priority (10) not on critical path: Job 14 Operation 2 (Severity: 1.00)
2025-04-13 16:37:35,525 - JSPGymEnvironment - INFO -   High priority (10) not on critical path: Job 5 Operation 2 (Severity: 1.00)
2025-04-13 16:37:35,525 - JSPGymEnvironment - INFO -   High priority (10) not on critical path: Job 5 Operation 3 (Severity: 1.00)
2025-04-13 16:37:35,525 - JSPGymEnvironment - INFO -   High priority (10) not on critical path: Job 14 Operation 3 (Severity: 1.00)
2025-04-13 16:37:35,526 - JSPGymEnvironment - INFO -   High priority (8) not on critical path: Job 2 Operation 0 (Severity: 0.33)
2025-04-13 16:37:35,526 - JSPGymEnvironment - INFO -   High priority (10) not on critical path: Job 5 Operation 4 (Severity: 1.00)
2025-04-13 16:37:35,526 - JSPGymEnvironment - INFO -   High priority (10) not on critical path: Job 14 Operation 4 (Severity: 1.00)
2025-04-13 16:37:35,526 - JSPGymEnvironment - INFO -   High priority (10) not on critical path: Job 14 Operation 5 (Severity: 1.00)
2025-04-13 16:37:35,526 - JSPGymEnvironment - INFO -   High priority (10) not on critical path: Job 14 Operation 6 (Severity: 1.00)
2025-04-13 16:37:35,526 - JSPGymEnvironment - INFO -   High priority (10) not on critical path: Job 14 Operation 7 (Severity: 1.00)
2025-04-13 16:37:35,526 - JSPGymEnvironment - INFO -   High priority (8) not on critical path: Job 8 Operation 0 (Severity: 0.33)
2025-04-13 16:37:35,526 - JSPGymEnvironment - INFO -   High priority (8) not on critical path: Job 8 Operation 1 (Severity: 0.33)
2025-04-13 16:37:35,526 - JSPGymEnvironment - INFO -   High priority (8) not on critical path: Job 8 Operation 2 (Severity: 0.33)
2025-04-13 16:37:35,526 - JSPGymEnvironment - INFO -   High priority (8) not on critical path: Job 2 Operation 1 (Severity: 0.33)
2025-04-13 16:37:35,526 - JSPGymEnvironment - INFO -   High priority (8) not on critical path: Job 2 Operation 2 (Severity: 0.33)
2025-04-13 16:37:35,526 - JSPGymEnvironment - INFO -   High priority (8) not on critical path: Job 2 Operation 3 (Severity: 0.33)
2025-04-13 16:37:35,526 - JSPGymEnvironment - INFO -   High priority (8) not on critical path: Job 8 Operation 3 (Severity: 0.33)
2025-04-13 16:37:35,526 - JSPGymEnvironment - INFO -   High priority (8) not on critical path: Job 8 Operation 4 (Severity: 0.33)
2025-04-13 16:37:35,526 - JSPGymEnvironment - INFO -   High priority (8) not on critical path: Job 2 Operation 4 (Severity: 0.33)
2025-04-13 16:37:35,526 - JSPGymEnvironment - INFO -   High priority (8) not on critical path: Job 8 Operation 5 (Severity: 0.33)
2025-04-13 16:37:35,526 - JSPGymEnvironment - INFO -   High priority (8) not on critical path: Job 8 Operation 6 (Severity: 0.33)
2025-04-13 16:37:35,526 - JSPGymEnvironment - INFO -   High priority (8) not on critical path: Job 2 Operation 5 (Severity: 0.33)
2025-04-13 16:37:35,526 - JSPGymEnvironment - INFO -   High priority (8) not on critical path: Job 2 Operation 6 (Severity: 0.33)
2025-04-13 16:37:35,526 - JSPGymEnvironment - INFO - Episode completed. Critical path: 6 operations, Suboptimal placements: 58
2025-04-13 16:37:35,526 - JSPGymEnvironment - INFO - Reward components: {'makespan_reward': -0.32, 'setup_reward': -10.0, 'idle_penalty': 0.0, 'deadline_reward': -6.267025089605735, 'priority_reward': 14.0, 'critical_job_reward': 0.0, 'global_progress_reward': 5.0, 'objective_reward': 0.0, 'placement_reward': 3.0, 'lookahead_reward': 0.0}
2025-04-13 16:38:45,111 - JSPGymEnvironment - INFO - Environment reset
2025-04-13 16:38:45,143 - JSPGymEnvironment - INFO - Material change on machine M1:  -> Mountainbike_Hauptrahmen_zugeschnitten, setup time: 0
2025-04-13 16:38:45,144 - JSPGymEnvironment - INFO - Executed operation: Job J18, Op 0, Machine M1, Start: 0.0, End: 22.0, Setup: 0
2025-04-13 16:38:45,178 - JSPGymEnvironment - INFO - Material change on machine M1: Mountainbike_Hauptrahmen_zugeschnitten -> Citybike_Hauptrahmen_zugeschnitten, setup time: 40
2025-04-13 16:38:45,178 - JSPGymEnvironment - INFO - Executed operation: Job J14, Op 0, Machine M1, Start: 62.0, End: 80.0, Setup: 40
2025-04-13 16:38:45,207 - JSPGymEnvironment - INFO - Material change on machine M1: Citybike_Hauptrahmen_zugeschnitten -> E-Bike_Hauptrahmen_zugeschnitten, setup time: 40
2025-04-13 16:38:45,207 - JSPGymEnvironment - INFO - Executed operation: Job J19, Op 0, Machine M1, Start: 120.0, End: 135.0, Setup: 40
2025-04-13 16:38:45,388 - JSPGymEnvironment - INFO - Material change on machine M2:  -> Citybike_Schaltauge_bearbeitet, setup time: 0
2025-04-13 16:38:45,388 - JSPGymEnvironment - INFO - Executed operation: Job J14, Op 1, Machine M2, Start: 135.0, End: 151.0, Setup: 0
2025-04-13 16:38:45,414 - JSPGymEnvironment - INFO - Material change on machine M1: E-Bike_Hauptrahmen_zugeschnitten -> Racebike_Hauptrahmen_zugeschnitten, setup time: 40
2025-04-13 16:38:45,415 - JSPGymEnvironment - INFO - Executed operation: Job J4, Op 0, Machine M1, Start: 191.0, End: 216.0, Setup: 40
2025-04-13 16:38:45,443 - JSPGymEnvironment - INFO - Material change on machine M1: Racebike_Hauptrahmen_zugeschnitten -> Citybike_Hauptrahmen_zugeschnitten, setup time: 40
2025-04-13 16:38:45,444 - JSPGymEnvironment - INFO - Executed operation: Job J9, Op 0, Machine M1, Start: 256.0, End: 296.0, Setup: 40
2025-04-13 16:38:45,473 - JSPGymEnvironment - INFO - Material change on machine M1: Citybike_Hauptrahmen_zugeschnitten -> E-Bike_Hauptrahmen_zugeschnitten, setup time: 40
2025-04-13 16:38:45,473 - JSPGymEnvironment - INFO - Executed operation: Job J3, Op 0, Machine M1, Start: 336.0, End: 370.0, Setup: 40
2025-04-13 16:38:45,505 - JSPGymEnvironment - INFO - Material change on machine M1: E-Bike_Hauptrahmen_zugeschnitten -> Citybike_Hauptrahmen_zugeschnitten, setup time: 40
2025-04-13 16:38:45,505 - JSPGymEnvironment - INFO - Executed operation: Job J17, Op 0, Machine M1, Start: 410.0, End: 448.0, Setup: 40
2025-04-13 16:38:45,533 - JSPGymEnvironment - INFO - Executed operation: Job J9, Op 1, Machine M2, Start: 463.0, End: 479.0, Setup: 15
2025-04-13 16:38:45,561 - JSPGymEnvironment - INFO - Material change on machine M1: Citybike_Hauptrahmen_zugeschnitten -> Mountainbike_Hauptrahmen_zugeschnitten, setup time: 40
2025-04-13 16:38:45,561 - JSPGymEnvironment - INFO - Executed operation: Job J5, Op 0, Machine M1, Start: 519.0, End: 555.0, Setup: 40
2025-04-13 16:38:45,596 - JSPGymEnvironment - INFO - Material change on machine M1: Mountainbike_Hauptrahmen_zugeschnitten -> Citybike_Hauptrahmen_zugeschnitten, setup time: 40
2025-04-13 16:38:45,596 - JSPGymEnvironment - INFO - Executed operation: Job J8, Op 0, Machine M1, Start: 595.0, End: 614.0, Setup: 40
2025-04-13 16:38:45,626 - JSPGymEnvironment - INFO - Executed operation: Job J8, Op 1, Machine M2, Start: 629.0, End: 642.0, Setup: 15
2025-04-13 16:38:45,653 - JSPGymEnvironment - INFO - Material change on machine M1: Citybike_Hauptrahmen_zugeschnitten -> Mountainbike_Hauptrahmen_zugeschnitten, setup time: 40
2025-04-13 16:38:45,653 - JSPGymEnvironment - INFO - Executed operation: Job J12, Op 0, Machine M1, Start: 682.0, End: 713.0, Setup: 40
2025-04-13 16:38:45,682 - JSPGymEnvironment - INFO - Material change on machine M1: Mountainbike_Hauptrahmen_zugeschnitten -> E-Bike_Hauptrahmen_zugeschnitten, setup time: 40
2025-04-13 16:38:45,682 - JSPGymEnvironment - INFO - Executed operation: Job J13, Op 0, Machine M1, Start: 753.0, End: 794.0, Setup: 40
2025-04-13 16:38:45,709 - JSPGymEnvironment - INFO - Material change on machine M2: Citybike_Schaltauge_bearbeitet -> E-Bike_Schaltauge_bearbeitet, setup time: 20
2025-04-13 16:38:45,710 - JSPGymEnvironment - INFO - Executed operation: Job J3, Op 1, Machine M2, Start: 814.0, End: 834.0, Setup: 20
2025-04-13 16:38:45,737 - JSPGymEnvironment - INFO - Executed operation: Job J19, Op 1, Machine M2, Start: 849.0, End: 879.0, Setup: 15
2025-04-13 16:38:45,772 - JSPGymEnvironment - INFO - Material change on machine M3:  -> E-Bike_Antrieb_installiert, setup time: 0
2025-04-13 16:38:45,772 - JSPGymEnvironment - INFO - Executed operation: Job J3, Op 2, Machine M3, Start: 879.0, End: 937.0, Setup: 0
2025-04-13 16:38:45,803 - JSPGymEnvironment - INFO - Material change on machine M2: E-Bike_Schaltauge_bearbeitet -> Citybike_Schaltauge_bearbeitet, setup time: 20
2025-04-13 16:38:45,804 - JSPGymEnvironment - INFO - Executed operation: Job J17, Op 1, Machine M2, Start: 957.0, End: 977.0, Setup: 20
2025-04-13 16:38:45,981 - JSPGymEnvironment - INFO - Material change on machine M3: E-Bike_Antrieb_installiert -> Citybike_Antrieb_installiert, setup time: 15
2025-04-13 16:38:45,982 - JSPGymEnvironment - INFO - Executed operation: Job J14, Op 2, Machine M3, Start: 992.0, End: 1014.0, Setup: 15
2025-04-13 16:38:46,008 - JSPGymEnvironment - INFO - Material change on machine M1: E-Bike_Hauptrahmen_zugeschnitten -> Racebike_Hauptrahmen_zugeschnitten, setup time: 40
2025-04-13 16:38:46,009 - JSPGymEnvironment - INFO - Executed operation: Job J10, Op 0, Machine M1, Start: 1054.0, End: 1086.0, Setup: 40
2025-04-13 16:38:46,037 - JSPGymEnvironment - INFO - Material change on machine M2: Citybike_Schaltauge_bearbeitet -> Racebike_Schaltauge_bearbeitet, setup time: 20
2025-04-13 16:38:46,037 - JSPGymEnvironment - INFO - Executed operation: Job J10, Op 1, Machine M2, Start: 1106.0, End: 1131.0, Setup: 20
2025-04-13 16:38:46,064 - JSPGymEnvironment - INFO - Material change on machine M3: Citybike_Antrieb_installiert -> Racebike_Antrieb_installiert, setup time: 15
2025-04-13 16:38:46,064 - JSPGymEnvironment - INFO - Executed operation: Job J10, Op 2, Machine M3, Start: 1146.0, End: 1185.0, Setup: 15
2025-04-13 16:38:46,092 - JSPGymEnvironment - INFO - Material change on machine M2: Racebike_Schaltauge_bearbeitet -> Mountainbike_Schaltauge_bearbeitet, setup time: 20
2025-04-13 16:38:46,093 - JSPGymEnvironment - INFO - Executed operation: Job J12, Op 1, Machine M2, Start: 1205.0, End: 1227.0, Setup: 20
2025-04-13 16:38:46,127 - JSPGymEnvironment - INFO - Executed operation: Job J15, Op 0, Machine M1, Start: 1252.0, End: 1275.0, Setup: 25
2025-04-13 16:38:46,158 - JSPGymEnvironment - INFO - Material change on machine M2: Mountainbike_Schaltauge_bearbeitet -> Racebike_Schaltauge_bearbeitet, setup time: 20
2025-04-13 16:38:46,158 - JSPGymEnvironment - INFO - Executed operation: Job J4, Op 1, Machine M2, Start: 1295.0, End: 1310.0, Setup: 20
2025-04-13 16:38:46,188 - JSPGymEnvironment - INFO - Executed operation: Job J1, Op 0, Machine M1, Start: 1335.0, End: 1375.0, Setup: 25
2025-04-13 16:38:46,218 - JSPGymEnvironment - INFO - Material change on machine M2: Racebike_Schaltauge_bearbeitet -> Citybike_Bremsaufnahme_gebohrt, setup time: 20
2025-04-13 16:38:46,218 - JSPGymEnvironment - INFO - Executed operation: Job J14, Op 3, Machine M2, Start: 1395.0, End: 1413.0, Setup: 20
2025-04-13 16:38:46,246 - JSPGymEnvironment - INFO - Material change on machine M2: Citybike_Bremsaufnahme_gebohrt -> E-Bike_Bremsaufnahme_gebohrt, setup time: 20
2025-04-13 16:38:46,246 - JSPGymEnvironment - INFO - Executed operation: Job J3, Op 3, Machine M2, Start: 1433.0, End: 1463.0, Setup: 20
2025-04-13 16:38:46,276 - JSPGymEnvironment - INFO - Material change on machine M2: E-Bike_Bremsaufnahme_gebohrt -> Citybike_Rahmen_nachbearbeitet, setup time: 20
2025-04-13 16:38:46,276 - JSPGymEnvironment - INFO - Executed operation: Job J14, Op 4, Machine M2, Start: 1483.0, End: 1512.0, Setup: 20
2025-04-13 16:38:46,309 - JSPGymEnvironment - INFO - Material change on machine M2: Citybike_Rahmen_nachbearbeitet -> Racebike_Schaltauge_bearbeitet, setup time: 20
2025-04-13 16:38:46,309 - JSPGymEnvironment - INFO - Executed operation: Job J15, Op 1, Machine M2, Start: 1532.0, End: 1545.0, Setup: 20
2025-04-13 16:38:46,343 - JSPGymEnvironment - INFO - Material change on machine M2: Racebike_Schaltauge_bearbeitet -> E-Bike_Rahmen_nachbearbeitet, setup time: 20
2025-04-13 16:38:46,344 - JSPGymEnvironment - INFO - Executed operation: Job J3, Op 4, Machine M2, Start: 1565.0, End: 1582.0, Setup: 20
2025-04-13 16:38:46,374 - JSPGymEnvironment - INFO - Executed operation: Job J15, Op 2, Machine M3, Start: 1592.0, End: 1627.0, Setup: 10
2025-04-13 16:38:46,558 - JSPGymEnvironment - INFO - Material change on machine M2: E-Bike_Rahmen_nachbearbeitet -> Citybike_Rahmen_nachbearbeitet, setup time: 20
2025-04-13 16:38:46,558 - JSPGymEnvironment - INFO - Executed operation: Job J14, Op 5, Machine M2, Start: 1647.0, End: 1677.0, Setup: 20
2025-04-13 16:38:46,586 - JSPGymEnvironment - INFO - Material change on machine M2: Citybike_Rahmen_nachbearbeitet -> Racebike_Schaltauge_bearbeitet, setup time: 20
2025-04-13 16:38:46,586 - JSPGymEnvironment - INFO - Executed operation: Job J1, Op 1, Machine M2, Start: 1697.0, End: 1713.0, Setup: 20
2025-04-13 16:38:46,615 - JSPGymEnvironment - INFO - Material change on machine M1: Racebike_Hauptrahmen_zugeschnitten -> Citybike_Hauptrahmen_zugeschnitten, setup time: 40
2025-04-13 16:38:46,615 - JSPGymEnvironment - INFO - Executed operation: Job J2, Op 0, Machine M1, Start: 1753.0, End: 1769.0, Setup: 40
2025-04-13 16:38:46,642 - JSPGymEnvironment - INFO - Material change on machine M3: Racebike_Antrieb_installiert -> Mountainbike_Antrieb_installiert, setup time: 15
2025-04-13 16:38:46,643 - JSPGymEnvironment - INFO - Executed operation: Job J12, Op 2, Machine M3, Start: 1784.0, End: 1829.0, Setup: 15
2025-04-13 16:38:46,680 - JSPGymEnvironment - INFO - Material change on machine M2: Racebike_Schaltauge_bearbeitet -> E-Bike_Rahmen_nachbearbeitet, setup time: 20
2025-04-13 16:38:46,681 - JSPGymEnvironment - INFO - Executed operation: Job J3, Op 5, Machine M2, Start: 1849.0, End: 1870.0, Setup: 20
2025-04-13 16:38:46,708 - JSPGymEnvironment - INFO - Material change on machine M1: Citybike_Hauptrahmen_zugeschnitten -> Racebike_Hauptrahmen_zugeschnitten, setup time: 40
2025-04-13 16:38:46,708 - JSPGymEnvironment - INFO - Executed operation: Job J7, Op 0, Machine M1, Start: 1910.0, End: 1945.0, Setup: 40
2025-04-13 16:38:46,736 - JSPGymEnvironment - INFO - Material change on machine M2: E-Bike_Rahmen_nachbearbeitet -> Citybike_Rahmen_nachbearbeitet, setup time: 20
2025-04-13 16:38:46,736 - JSPGymEnvironment - INFO - Executed operation: Job J14, Op 6, Machine M2, Start: 1965.0, End: 1989.0, Setup: 20
2025-04-13 16:38:46,763 - JSPGymEnvironment - INFO - Material change on machine M3: Mountainbike_Antrieb_installiert -> Citybike_Antrieb_installiert, setup time: 15
2025-04-13 16:38:46,763 - JSPGymEnvironment - INFO - Executed operation: Job J9, Op 2, Machine M3, Start: 2004.0, End: 2058.0, Setup: 15
2025-04-13 16:38:46,791 - JSPGymEnvironment - INFO - Material change on machine M3: Citybike_Antrieb_installiert -> Racebike_Antrieb_installiert, setup time: 15
2025-04-13 16:38:46,791 - JSPGymEnvironment - INFO - Executed operation: Job J4, Op 2, Machine M3, Start: 2073.0, End: 2113.0, Setup: 15
2025-04-13 16:38:46,818 - JSPGymEnvironment - INFO - Material change on machine M3: Racebike_Antrieb_installiert -> Citybike_Antrieb_installiert, setup time: 15
2025-04-13 16:38:46,818 - JSPGymEnvironment - INFO - Executed operation: Job J8, Op 2, Machine M3, Start: 2128.0, End: 2182.0, Setup: 15
2025-04-13 16:38:46,846 - JSPGymEnvironment - INFO - Material change on machine M2: Citybike_Rahmen_nachbearbeitet -> E-Bike_Fahrrad_endmontiert, setup time: 20
2025-04-13 16:38:46,846 - JSPGymEnvironment - INFO - Executed operation: Job J3, Op 6, Machine M2, Start: 2202.0, End: 2212.0, Setup: 20
2025-04-13 16:38:46,846 - JSPGymEnvironment - INFO - Job J3 completed at time 2212.0, deadline: 2862, met: True, priority: 8
2025-04-13 16:38:46,874 - JSPGymEnvironment - INFO - Material change on machine M2: E-Bike_Fahrrad_endmontiert -> Citybike_Bremsaufnahme_gebohrt, setup time: 20
2025-04-13 16:38:46,874 - JSPGymEnvironment - INFO - Executed operation: Job J9, Op 3, Machine M2, Start: 2232.0, End: 2255.0, Setup: 20
2025-04-13 16:38:46,902 - JSPGymEnvironment - INFO - Material change on machine M2: Citybike_Bremsaufnahme_gebohrt -> Mountainbike_Bremsaufnahme_gebohrt, setup time: 20
2025-04-13 16:38:46,902 - JSPGymEnvironment - INFO - Executed operation: Job J12, Op 3, Machine M2, Start: 2275.0, End: 2301.0, Setup: 20
2025-04-13 16:38:46,929 - JSPGymEnvironment - INFO - Material change on machine M2: Mountainbike_Bremsaufnahme_gebohrt -> Racebike_Bremsaufnahme_gebohrt, setup time: 20
2025-04-13 16:38:46,930 - JSPGymEnvironment - INFO - Executed operation: Job J4, Op 3, Machine M2, Start: 2321.0, End: 2335.0, Setup: 20
2025-04-13 16:38:47,110 - JSPGymEnvironment - INFO - Material change on machine M2: Racebike_Bremsaufnahme_gebohrt -> Citybike_Fahrrad_endmontiert, setup time: 20
2025-04-13 16:38:47,110 - JSPGymEnvironment - INFO - Executed operation: Job J14, Op 7, Machine M2, Start: 2355.0, End: 2376.0, Setup: 20
2025-04-13 16:38:47,110 - JSPGymEnvironment - INFO - Job J14 completed at time 2376.0, deadline: 2880, met: True, priority: 3
2025-04-13 16:38:47,138 - JSPGymEnvironment - INFO - Material change on machine M2: Citybike_Fahrrad_endmontiert -> Mountainbike_Rahmen_nachbearbeitet, setup time: 20
2025-04-13 16:38:47,138 - JSPGymEnvironment - INFO - Executed operation: Job J12, Op 4, Machine M2, Start: 2396.0, End: 2424.0, Setup: 20
2025-04-13 16:38:47,166 - JSPGymEnvironment - INFO - Executed operation: Job J12, Op 5, Machine M2, Start: 2439.0, End: 2467.0, Setup: 15
2025-04-13 16:38:47,193 - JSPGymEnvironment - INFO - Material change on machine M3: Citybike_Antrieb_installiert -> Racebike_Antrieb_installiert, setup time: 15
2025-04-13 16:38:47,194 - JSPGymEnvironment - INFO - Executed operation: Job J1, Op 2, Machine M3, Start: 2482.0, End: 2518.0, Setup: 15
2025-04-13 16:38:47,222 - JSPGymEnvironment - INFO - Material change on machine M2: Mountainbike_Rahmen_nachbearbeitet -> Mountainbike_Fahrrad_endmontiert, setup time: 20
2025-04-13 16:38:47,222 - JSPGymEnvironment - INFO - Executed operation: Job J12, Op 6, Machine M2, Start: 2538.0, End: 2560.0, Setup: 20
2025-04-13 16:38:47,222 - JSPGymEnvironment - INFO - Job J12 completed at time 2560.0, deadline: 2863, met: True, priority: 2
2025-04-13 16:38:47,262 - JSPGymEnvironment - INFO - Material change on machine M2: Mountainbike_Fahrrad_endmontiert -> Racebike_Bremsaufnahme_gebohrt, setup time: 20
2025-04-13 16:38:47,262 - JSPGymEnvironment - INFO - Executed operation: Job J10, Op 3, Machine M2, Start: 2580.0, End: 2602.0, Setup: 20
2025-04-13 16:38:47,293 - JSPGymEnvironment - INFO - Material change on machine M2: Racebike_Bremsaufnahme_gebohrt -> E-Bike_Schaltauge_bearbeitet, setup time: 20
2025-04-13 16:38:47,293 - JSPGymEnvironment - INFO - Executed operation: Job J13, Op 1, Machine M2, Start: 2622.0, End: 2645.0, Setup: 20
2025-04-13 16:38:47,322 - JSPGymEnvironment - INFO - Material change on machine M2: E-Bike_Schaltauge_bearbeitet -> Racebike_Rahmen_nachbearbeitet, setup time: 20
2025-04-13 16:38:47,323 - JSPGymEnvironment - INFO - Executed operation: Job J4, Op 4, Machine M2, Start: 2665.0, End: 2690.0, Setup: 20
2025-04-13 16:38:47,350 - JSPGymEnvironment - INFO - Material change on machine M3: Racebike_Antrieb_installiert -> Racebike_Bremsen_justiert, setup time: 15
2025-04-13 16:38:47,351 - JSPGymEnvironment - INFO - Executed operation: Job J15, Op 3, Machine M3, Start: 2705.0, End: 2732.0, Setup: 15
2025-04-13 16:38:47,378 - JSPGymEnvironment - INFO - Material change on machine M3: Racebike_Bremsen_justiert -> Citybike_Antrieb_installiert, setup time: 15
2025-04-13 16:38:47,378 - JSPGymEnvironment - INFO - Executed operation: Job J17, Op 2, Machine M3, Start: 2747.0, End: 2781.0, Setup: 15
2025-04-13 16:38:47,406 - JSPGymEnvironment - INFO - Executed operation: Job J4, Op 5, Machine M2, Start: 2796.0, End: 2820.0, Setup: 15
2025-04-13 16:38:47,444 - JSPGymEnvironment - INFO - Material change on machine M3: Citybike_Antrieb_installiert -> Citybike_Bremsen_justiert, setup time: 15
2025-04-13 16:38:47,444 - JSPGymEnvironment - INFO - Executed operation: Job J17, Op 3, Machine M3, Start: 2835.0, End: 2861.0, Setup: 15
2025-04-13 16:38:47,477 - JSPGymEnvironment - INFO - Material change on machine M3: Citybike_Bremsen_justiert -> Citybike_Fahrrad_endmontiert, setup time: 15
2025-04-13 16:38:47,477 - JSPGymEnvironment - INFO - Executed operation: Job J17, Op 4, Machine M3, Start: 2876.0, End: 2926.0, Setup: 15
2025-04-13 16:38:47,663 - JSPGymEnvironment - INFO - Material change on machine M2: Racebike_Rahmen_nachbearbeitet -> Racebike_Bremsaufnahme_gebohrt, setup time: 20
2025-04-13 16:38:47,663 - JSPGymEnvironment - INFO - Executed operation: Job J1, Op 3, Machine M2, Start: 2946.0, End: 2964.0, Setup: 20
2025-04-13 16:38:47,690 - JSPGymEnvironment - INFO - Material change on machine M1: Racebike_Hauptrahmen_zugeschnitten -> Mountainbike_Hauptrahmen_zugeschnitten, setup time: 40
2025-04-13 16:38:47,690 - JSPGymEnvironment - INFO - Executed operation: Job J20, Op 0, Machine M1, Start: 3004.0, End: 3023.0, Setup: 40
2025-04-13 16:38:47,717 - JSPGymEnvironment - INFO - Material change on machine M2: Racebike_Bremsaufnahme_gebohrt -> Citybike_Rahmen_nachbearbeitet, setup time: 20
2025-04-13 16:38:47,717 - JSPGymEnvironment - INFO - Executed operation: Job J9, Op 4, Machine M2, Start: 3043.0, End: 3055.0, Setup: 20
2025-04-13 16:38:47,748 - JSPGymEnvironment - INFO - Material change on machine M3: Citybike_Fahrrad_endmontiert -> E-Bike_Antrieb_installiert, setup time: 15
2025-04-13 16:38:47,748 - JSPGymEnvironment - INFO - Executed operation: Job J19, Op 2, Machine M3, Start: 3070.0, End: 3092.0, Setup: 15
2025-04-13 16:38:47,777 - JSPGymEnvironment - INFO - Material change on machine M2: Citybike_Rahmen_nachbearbeitet -> Racebike_Rahmen_nachbearbeitet, setup time: 20
2025-04-13 16:38:47,778 - JSPGymEnvironment - INFO - Executed operation: Job J15, Op 4, Machine M2, Start: 3112.0, End: 3132.0, Setup: 20
2025-04-13 16:38:47,805 - JSPGymEnvironment - INFO - Executed operation: Job J15, Op 5, Machine M2, Start: 3147.0, End: 3170.0, Setup: 15
2025-04-13 16:38:47,832 - JSPGymEnvironment - INFO - Material change on machine M3: E-Bike_Antrieb_installiert -> Racebike_Fahrrad_endmontiert, setup time: 15
2025-04-13 16:38:47,833 - JSPGymEnvironment - INFO - Executed operation: Job J4, Op 6, Machine M3, Start: 3185.0, End: 3211.0, Setup: 15
2025-04-13 16:38:47,833 - JSPGymEnvironment - INFO - Job J4 completed at time 3211.0, deadline: 2757, met: False, priority: 7
2025-04-13 16:38:47,860 - JSPGymEnvironment - INFO - Material change on machine M2: Racebike_Rahmen_nachbearbeitet -> Citybike_Schaltauge_bearbeitet, setup time: 20
2025-04-13 16:38:47,861 - JSPGymEnvironment - INFO - Executed operation: Job J2, Op 1, Machine M2, Start: 3231.0, End: 3241.0, Setup: 20
2025-04-13 16:38:47,888 - JSPGymEnvironment - INFO - Material change on machine M1: Mountainbike_Hauptrahmen_zugeschnitten -> Citybike_Hauptrahmen_zugeschnitten, setup time: 40
2025-04-13 16:38:47,888 - JSPGymEnvironment - INFO - Executed operation: Job J11, Op 0, Machine M1, Start: 3281.0, End: 3312.0, Setup: 40
2025-04-13 16:38:47,915 - JSPGymEnvironment - INFO - Material change on machine M2: Citybike_Schaltauge_bearbeitet -> Racebike_Rahmen_nachbearbeitet, setup time: 20
2025-04-13 16:38:47,915 - JSPGymEnvironment - INFO - Executed operation: Job J1, Op 4, Machine M2, Start: 3332.0, End: 3354.0, Setup: 20
2025-04-13 16:38:47,942 - JSPGymEnvironment - INFO - Material change on machine M3: Racebike_Fahrrad_endmontiert -> Citybike_Bremsen_justiert, setup time: 15
2025-04-13 16:38:47,942 - JSPGymEnvironment - INFO - Executed operation: Job J8, Op 3, Machine M3, Start: 3369.0, End: 3427.0, Setup: 15
2025-04-13 16:38:47,970 - JSPGymEnvironment - INFO - Material change on machine M3: Citybike_Bremsen_justiert -> Citybike_Fahrrad_endmontiert, setup time: 15
2025-04-13 16:38:47,970 - JSPGymEnvironment - INFO - Executed operation: Job J9, Op 5, Machine M3, Start: 3442.0, End: 3493.0, Setup: 15
2025-04-13 16:38:48,002 - JSPGymEnvironment - INFO - Material change on machine M3: Citybike_Fahrrad_endmontiert -> E-Bike_Antrieb_installiert, setup time: 15
2025-04-13 16:38:48,002 - JSPGymEnvironment - INFO - Executed operation: Job J13, Op 2, Machine M3, Start: 3508.0, End: 3561.0, Setup: 15
2025-04-13 16:38:48,030 - JSPGymEnvironment - INFO - Material change on machine M2: Racebike_Rahmen_nachbearbeitet -> Mountainbike_Schaltauge_bearbeitet, setup time: 20
2025-04-13 16:38:48,030 - JSPGymEnvironment - INFO - Executed operation: Job J20, Op 1, Machine M2, Start: 3581.0, End: 3606.0, Setup: 20
2025-04-13 16:38:48,058 - JSPGymEnvironment - INFO - Material change on machine M2: Mountainbike_Schaltauge_bearbeitet -> Racebike_Fahrrad_endmontiert, setup time: 20
2025-04-13 16:38:48,058 - JSPGymEnvironment - INFO - Executed operation: Job J1, Op 5, Machine M2, Start: 3626.0, End: 3638.0, Setup: 20
2025-04-13 16:38:48,058 - JSPGymEnvironment - INFO - Job J1 completed at time 3638.0, deadline: 2790, met: False, priority: 7
2025-04-13 16:38:48,237 - JSPGymEnvironment - INFO - Material change on machine M3: E-Bike_Antrieb_installiert -> Citybike_Fahrrad_endmontiert, setup time: 15
2025-04-13 16:38:48,237 - JSPGymEnvironment - INFO - Executed operation: Job J8, Op 4, Machine M3, Start: 3653.0, End: 3702.0, Setup: 15
2025-04-13 16:38:48,264 - JSPGymEnvironment - INFO - Material change on machine M2: Racebike_Fahrrad_endmontiert -> E-Bike_Bremsaufnahme_gebohrt, setup time: 20
2025-04-13 16:38:48,264 - JSPGymEnvironment - INFO - Executed operation: Job J19, Op 3, Machine M2, Start: 3722.0, End: 3735.0, Setup: 20
2025-04-13 16:38:48,293 - JSPGymEnvironment - INFO - Material change on machine M2: E-Bike_Bremsaufnahme_gebohrt -> Citybike_Fahrrad_endmontiert, setup time: 20
2025-04-13 16:38:48,293 - JSPGymEnvironment - INFO - Executed operation: Job J8, Op 5, Machine M2, Start: 3755.0, End: 3785.0, Setup: 20
2025-04-13 16:38:48,293 - JSPGymEnvironment - INFO - Job J8 completed at time 3785.0, deadline: 2762, met: False, priority: 5
2025-04-13 16:38:48,320 - JSPGymEnvironment - INFO - Material change on machine M3: Citybike_Fahrrad_endmontiert -> Racebike_Fahrrad_endmontiert, setup time: 15
2025-04-13 16:38:48,320 - JSPGymEnvironment - INFO - Executed operation: Job J15, Op 6, Machine M3, Start: 3800.0, End: 3827.0, Setup: 15
2025-04-13 16:38:48,348 - JSPGymEnvironment - INFO - Material change on machine M2: Citybike_Fahrrad_endmontiert -> E-Bike_Bremsaufnahme_gebohrt, setup time: 20
2025-04-13 16:38:48,348 - JSPGymEnvironment - INFO - Executed operation: Job J13, Op 3, Machine M2, Start: 3847.0, End: 3869.0, Setup: 20
2025-04-13 16:38:48,375 - JSPGymEnvironment - INFO - Material change on machine M3: Racebike_Fahrrad_endmontiert -> Citybike_Fahrrad_endmontiert, setup time: 15
2025-04-13 16:38:48,375 - JSPGymEnvironment - INFO - Executed operation: Job J17, Op 5, Machine M3, Start: 3884.0, End: 3943.0, Setup: 15
2025-04-13 16:38:48,404 - JSPGymEnvironment - INFO - Executed operation: Job J9, Op 6, Machine M3, Start: 3953.0, End: 3976.0, Setup: 10
2025-04-13 16:38:48,404 - JSPGymEnvironment - INFO - Job J9 completed at time 3976.0, deadline: 2880, met: False, priority: 8
2025-04-13 16:38:48,433 - JSPGymEnvironment - INFO - Executed operation: Job J17, Op 6, Machine M3, Start: 3986.0, End: 4011.0, Setup: 10
2025-04-13 16:38:48,434 - JSPGymEnvironment - INFO - Job J17 completed at time 4011.0, deadline: 2880, met: False, priority: 6
2025-04-13 16:38:48,461 - JSPGymEnvironment - INFO - Material change on machine M2: E-Bike_Bremsaufnahme_gebohrt -> E-Bike_Rahmen_nachbearbeitet, setup time: 20
2025-04-13 16:38:48,461 - JSPGymEnvironment - INFO - Executed operation: Job J19, Op 4, Machine M2, Start: 4031.0, End: 4048.0, Setup: 20
2025-04-13 16:38:48,488 - JSPGymEnvironment - INFO - Material change on machine M1: Citybike_Hauptrahmen_zugeschnitten -> Racebike_Hauptrahmen_zugeschnitten, setup time: 40
2025-04-13 16:38:48,488 - JSPGymEnvironment - INFO - Executed operation: Job J6, Op 0, Machine M1, Start: 4088.0, End: 4124.0, Setup: 40
2025-04-13 16:38:48,516 - JSPGymEnvironment - INFO - Material change on machine M2: E-Bike_Rahmen_nachbearbeitet -> Racebike_Schaltauge_bearbeitet, setup time: 20
2025-04-13 16:38:48,516 - JSPGymEnvironment - INFO - Executed operation: Job J7, Op 1, Machine M2, Start: 4144.0, End: 4167.0, Setup: 20
2025-04-13 16:38:48,548 - JSPGymEnvironment - INFO - Material change on machine M3: Citybike_Fahrrad_endmontiert -> Racebike_Antrieb_installiert, setup time: 15
2025-04-13 16:38:48,548 - JSPGymEnvironment - INFO - Executed operation: Job J7, Op 2, Machine M3, Start: 4182.0, End: 4206.0, Setup: 15
2025-04-13 16:38:48,575 - JSPGymEnvironment - INFO - Material change on machine M3: Racebike_Antrieb_installiert -> E-Bike_Fahrrad_endmontiert, setup time: 15
2025-04-13 16:38:48,575 - JSPGymEnvironment - INFO - Executed operation: Job J13, Op 4, Machine M3, Start: 4221.0, End: 4274.0, Setup: 15
2025-04-13 16:38:48,575 - JSPGymEnvironment - INFO - Job J13 completed at time 4274.0, deadline: 2863, met: False, priority: 7
2025-04-13 16:38:48,604 - JSPGymEnvironment - INFO - Material change on machine M2: Racebike_Schaltauge_bearbeitet -> Racebike_Rahmen_nachbearbeitet, setup time: 20
2025-04-13 16:38:48,604 - JSPGymEnvironment - INFO - Executed operation: Job J10, Op 4, Machine M2, Start: 4294.0, End: 4305.0, Setup: 20
2025-04-13 16:38:48,801 - JSPGymEnvironment - INFO - Material change on machine M2: Racebike_Rahmen_nachbearbeitet -> Mountainbike_Schaltauge_bearbeitet, setup time: 20
2025-04-13 16:38:48,801 - JSPGymEnvironment - INFO - Executed operation: Job J18, Op 1, Machine M2, Start: 4325.0, End: 4345.0, Setup: 20
2025-04-13 16:38:48,829 - JSPGymEnvironment - INFO - Executed operation: Job J5, Op 1, Machine M2, Start: 4360.0, End: 4375.0, Setup: 15
2025-04-13 16:38:48,861 - JSPGymEnvironment - INFO - Material change on machine M3: E-Bike_Fahrrad_endmontiert -> Racebike_Fahrrad_endmontiert, setup time: 15
2025-04-13 16:38:48,861 - JSPGymEnvironment - INFO - Executed operation: Job J15, Op 7, Machine M3, Start: 4390.0, End: 4436.0, Setup: 15
2025-04-13 16:38:48,861 - JSPGymEnvironment - INFO - Job J15 completed at time 4436.0, deadline: 2833, met: False, priority: 10
2025-04-13 16:38:48,888 - JSPGymEnvironment - INFO - Material change on machine M3: Racebike_Fahrrad_endmontiert -> Citybike_Antrieb_installiert, setup time: 15
2025-04-13 16:38:48,888 - JSPGymEnvironment - INFO - Executed operation: Job J2, Op 2, Machine M3, Start: 4451.0, End: 4479.0, Setup: 15
2025-04-13 16:38:48,916 - JSPGymEnvironment - INFO - Material change on machine M2: Mountainbike_Schaltauge_bearbeitet -> Racebike_Rahmen_nachbearbeitet, setup time: 20
2025-04-13 16:38:48,916 - JSPGymEnvironment - INFO - Executed operation: Job J10, Op 5, Machine M2, Start: 4499.0, End: 4517.0, Setup: 20
2025-04-13 16:38:48,943 - JSPGymEnvironment - INFO - Executed operation: Job J10, Op 6, Machine M2, Start: 4532.0, End: 4543.0, Setup: 15
2025-04-13 16:38:48,971 - JSPGymEnvironment - INFO - Material change on machine M3: Citybike_Antrieb_installiert -> Mountainbike_Antrieb_installiert, setup time: 15
2025-04-13 16:38:48,971 - JSPGymEnvironment - INFO - Executed operation: Job J18, Op 2, Machine M3, Start: 4558.0, End: 4587.0, Setup: 15
2025-04-13 16:38:48,998 - JSPGymEnvironment - INFO - Material change on machine M2: Racebike_Rahmen_nachbearbeitet -> Citybike_Bremsaufnahme_gebohrt, setup time: 20
2025-04-13 16:38:48,998 - JSPGymEnvironment - INFO - Executed operation: Job J2, Op 3, Machine M2, Start: 4607.0, End: 4628.0, Setup: 20
2025-04-13 16:38:49,027 - JSPGymEnvironment - INFO - Executed operation: Job J16, Op 0, Machine M1, Start: 4653.0, End: 4679.0, Setup: 25
2025-04-13 16:38:49,066 - JSPGymEnvironment - INFO - Material change on machine M2: Citybike_Bremsaufnahme_gebohrt -> Racebike_Bremsaufnahme_gebohrt, setup time: 20
2025-04-13 16:38:49,066 - JSPGymEnvironment - INFO - Executed operation: Job J7, Op 3, Machine M2, Start: 4699.0, End: 4722.0, Setup: 20
2025-04-13 16:38:49,093 - JSPGymEnvironment - INFO - Material change on machine M2: Racebike_Bremsaufnahme_gebohrt -> Citybike_Schaltauge_bearbeitet, setup time: 20
2025-04-13 16:38:49,093 - JSPGymEnvironment - INFO - Executed operation: Job J11, Op 1, Machine M2, Start: 4742.0, End: 4755.0, Setup: 20
2025-04-13 16:38:49,121 - JSPGymEnvironment - INFO - Material change on machine M2: Citybike_Schaltauge_bearbeitet -> Racebike_Fahrrad_endmontiert, setup time: 20
2025-04-13 16:38:49,121 - JSPGymEnvironment - INFO - Executed operation: Job J10, Op 7, Machine M2, Start: 4775.0, End: 4787.0, Setup: 20
2025-04-13 16:38:49,121 - JSPGymEnvironment - INFO - Job J10 completed at time 4787.0, deadline: 2880, met: False, priority: 9
2025-04-13 16:38:49,148 - JSPGymEnvironment - INFO - Material change on machine M3: Mountainbike_Antrieb_installiert -> Citybike_Antrieb_installiert, setup time: 15
2025-04-13 16:38:49,148 - JSPGymEnvironment - INFO - Executed operation: Job J11, Op 2, Machine M3, Start: 4802.0, End: 4844.0, Setup: 15
2025-04-13 16:38:49,178 - JSPGymEnvironment - INFO - Material change on machine M3: Citybike_Antrieb_installiert -> Mountainbike_Antrieb_installiert, setup time: 15
2025-04-13 16:38:49,178 - JSPGymEnvironment - INFO - Executed operation: Job J20, Op 2, Machine M3, Start: 4859.0, End: 4883.0, Setup: 15
2025-04-13 16:38:49,371 - JSPGymEnvironment - INFO - Material change on machine M2: Racebike_Fahrrad_endmontiert -> Racebike_Schaltauge_bearbeitet, setup time: 20
2025-04-13 16:38:49,371 - JSPGymEnvironment - INFO - Executed operation: Job J6, Op 1, Machine M2, Start: 4903.0, End: 4916.0, Setup: 20
2025-04-13 16:38:49,398 - JSPGymEnvironment - INFO - Material change on machine M3: Mountainbike_Antrieb_installiert -> Mountainbike_Bremsen_justiert, setup time: 15
2025-04-13 16:38:49,398 - JSPGymEnvironment - INFO - Executed operation: Job J20, Op 3, Machine M3, Start: 4931.0, End: 4972.0, Setup: 15
2025-04-13 16:38:49,426 - JSPGymEnvironment - INFO - Material change on machine M2: Racebike_Schaltauge_bearbeitet -> Mountainbike_Rahmen_nachbearbeitet, setup time: 20
2025-04-13 16:38:49,426 - JSPGymEnvironment - INFO - Executed operation: Job J20, Op 4, Machine M2, Start: 4992.0, End: 5009.0, Setup: 20
2025-04-13 16:38:49,454 - JSPGymEnvironment - INFO - Material change on machine M2: Mountainbike_Rahmen_nachbearbeitet -> E-Bike_Rahmen_nachbearbeitet, setup time: 20
2025-04-13 16:38:49,455 - JSPGymEnvironment - INFO - Executed operation: Job J19, Op 5, Machine M2, Start: 5029.0, End: 5050.0, Setup: 20
2025-04-13 16:38:49,482 - JSPGymEnvironment - INFO - Material change on machine M2: E-Bike_Rahmen_nachbearbeitet -> Racebike_Schaltauge_bearbeitet, setup time: 20
2025-04-13 16:38:49,482 - JSPGymEnvironment - INFO - Executed operation: Job J16, Op 1, Machine M2, Start: 5070.0, End: 5085.0, Setup: 20
2025-04-13 16:38:49,512 - JSPGymEnvironment - INFO - Material change on machine M2: Racebike_Schaltauge_bearbeitet -> E-Bike_Fahrrad_endmontiert, setup time: 20
2025-04-13 16:38:49,512 - JSPGymEnvironment - INFO - Executed operation: Job J19, Op 6, Machine M2, Start: 5105.0, End: 5130.0, Setup: 20
2025-04-13 16:38:49,512 - JSPGymEnvironment - INFO - Job J19 completed at time 5130.0, deadline: 2737, met: False, priority: 8
2025-04-13 16:38:49,541 - JSPGymEnvironment - INFO - Material change on machine M3: Mountainbike_Bremsen_justiert -> Mountainbike_Antrieb_installiert, setup time: 15
2025-04-13 16:38:49,541 - JSPGymEnvironment - INFO - Executed operation: Job J5, Op 2, Machine M3, Start: 5145.0, End: 5170.0, Setup: 15
2025-04-13 16:38:49,568 - JSPGymEnvironment - INFO - Material change on machine M2: E-Bike_Fahrrad_endmontiert -> Citybike_Rahmen_nachbearbeitet, setup time: 20
2025-04-13 16:38:49,568 - JSPGymEnvironment - INFO - Executed operation: Job J2, Op 4, Machine M2, Start: 5190.0, End: 5214.0, Setup: 20
2025-04-13 16:38:49,596 - JSPGymEnvironment - INFO - Material change on machine M3: Mountainbike_Antrieb_installiert -> Citybike_Fahrrad_endmontiert, setup time: 15
2025-04-13 16:38:49,596 - JSPGymEnvironment - INFO - Executed operation: Job J2, Op 5, Machine M3, Start: 5229.0, End: 5250.0, Setup: 15
2025-04-13 16:38:49,596 - JSPGymEnvironment - INFO - Job J2 completed at time 5250.0, deadline: 2880, met: False, priority: 3
2025-04-13 16:38:49,628 - JSPGymEnvironment - INFO - Material change on machine M2: Citybike_Rahmen_nachbearbeitet -> Mountainbike_Bremsaufnahme_gebohrt, setup time: 20
2025-04-13 16:38:49,628 - JSPGymEnvironment - INFO - Executed operation: Job J5, Op 3, Machine M2, Start: 5270.0, End: 5285.0, Setup: 20
2025-04-13 16:38:49,655 - JSPGymEnvironment - INFO - Material change on machine M3: Citybike_Fahrrad_endmontiert -> Racebike_Antrieb_installiert, setup time: 15
2025-04-13 16:38:49,655 - JSPGymEnvironment - INFO - Executed operation: Job J6, Op 2, Machine M3, Start: 5300.0, End: 5338.0, Setup: 15
2025-04-13 16:38:49,682 - JSPGymEnvironment - INFO - Material change on machine M3: Racebike_Antrieb_installiert -> Racebike_Bremsen_justiert, setup time: 15
2025-04-13 16:38:49,682 - JSPGymEnvironment - INFO - Executed operation: Job J6, Op 3, Machine M3, Start: 5353.0, End: 5411.0, Setup: 15
2025-04-13 16:38:49,709 - JSPGymEnvironment - INFO - Material change on machine M2: Mountainbike_Bremsaufnahme_gebohrt -> Mountainbike_Rahmen_nachbearbeitet, setup time: 20
2025-04-13 16:38:49,709 - JSPGymEnvironment - INFO - Executed operation: Job J5, Op 4, Machine M2, Start: 5431.0, End: 5461.0, Setup: 20
2025-04-13 16:38:49,914 - JSPGymEnvironment - INFO - Material change on machine M3: Racebike_Bremsen_justiert -> Racebike_Fahrrad_endmontiert, setup time: 15
2025-04-13 16:38:49,914 - JSPGymEnvironment - INFO - Executed operation: Job J6, Op 4, Machine M3, Start: 5476.0, End: 5517.0, Setup: 15
2025-04-13 16:38:49,914 - JSPGymEnvironment - INFO - Job J6 completed at time 5517.0, deadline: 2880, met: False, priority: 10
2025-04-13 16:38:49,944 - JSPGymEnvironment - INFO - Material change on machine M2: Mountainbike_Rahmen_nachbearbeitet -> Mountainbike_Fahrrad_endmontiert, setup time: 20
2025-04-13 16:38:49,944 - JSPGymEnvironment - INFO - Executed operation: Job J5, Op 5, Machine M2, Start: 5537.0, End: 5559.0, Setup: 20
2025-04-13 16:38:49,944 - JSPGymEnvironment - INFO - Job J5 completed at time 5559.0, deadline: 2880, met: False, priority: 1
2025-04-13 16:38:49,981 - JSPGymEnvironment - INFO - Material change on machine M3: Racebike_Fahrrad_endmontiert -> Mountainbike_Fahrrad_endmontiert, setup time: 15
2025-04-13 16:38:49,981 - JSPGymEnvironment - INFO - Executed operation: Job J20, Op 5, Machine M3, Start: 5574.0, End: 5599.0, Setup: 15
2025-04-13 16:38:50,016 - JSPGymEnvironment - INFO - Material change on machine M2: Mountainbike_Fahrrad_endmontiert -> Racebike_Rahmen_nachbearbeitet, setup time: 20
2025-04-13 16:38:50,016 - JSPGymEnvironment - INFO - Executed operation: Job J7, Op 4, Machine M2, Start: 5619.0, End: 5645.0, Setup: 20
2025-04-13 16:38:50,051 - JSPGymEnvironment - INFO - Material change on machine M3: Mountainbike_Fahrrad_endmontiert -> Citybike_Bremsen_justiert, setup time: 15
2025-04-13 16:38:50,051 - JSPGymEnvironment - INFO - Executed operation: Job J11, Op 3, Machine M3, Start: 5660.0, End: 5682.0, Setup: 15
2025-04-13 16:38:50,079 - JSPGymEnvironment - INFO - Material change on machine M3: Citybike_Bremsen_justiert -> Racebike_Antrieb_installiert, setup time: 15
2025-04-13 16:38:50,079 - JSPGymEnvironment - INFO - Executed operation: Job J16, Op 2, Machine M3, Start: 5697.0, End: 5727.0, Setup: 15
2025-04-13 16:38:50,107 - JSPGymEnvironment - INFO - Material change on machine M3: Racebike_Antrieb_installiert -> Mountainbike_Bremsen_justiert, setup time: 15
2025-04-13 16:38:50,107 - JSPGymEnvironment - INFO - Executed operation: Job J18, Op 3, Machine M3, Start: 5742.0, End: 5797.0, Setup: 15
2025-04-13 16:38:50,135 - JSPGymEnvironment - INFO - Material change on machine M2: Racebike_Rahmen_nachbearbeitet -> Racebike_Bremsaufnahme_gebohrt, setup time: 20
2025-04-13 16:38:50,135 - JSPGymEnvironment - INFO - Executed operation: Job J16, Op 3, Machine M2, Start: 5817.0, End: 5840.0, Setup: 20
2025-04-13 16:38:50,162 - JSPGymEnvironment - INFO - Material change on machine M3: Mountainbike_Bremsen_justiert -> Citybike_Fahrrad_endmontiert, setup time: 15
2025-04-13 16:38:50,162 - JSPGymEnvironment - INFO - Executed operation: Job J11, Op 4, Machine M3, Start: 5855.0, End: 5894.0, Setup: 15
2025-04-13 16:38:50,189 - JSPGymEnvironment - INFO - Material change on machine M2: Racebike_Bremsaufnahme_gebohrt -> Mountainbike_Fahrrad_endmontiert, setup time: 20
2025-04-13 16:38:50,189 - JSPGymEnvironment - INFO - Executed operation: Job J18, Op 4, Machine M2, Start: 5914.0, End: 5927.0, Setup: 20
2025-04-13 16:38:50,189 - JSPGymEnvironment - INFO - Job J18 completed at time 5927.0, deadline: 2880, met: False, priority: 6
2025-04-13 16:38:50,216 - JSPGymEnvironment - INFO - Material change on machine M2: Mountainbike_Fahrrad_endmontiert -> Racebike_Rahmen_nachbearbeitet, setup time: 20
2025-04-13 16:38:50,216 - JSPGymEnvironment - INFO - Executed operation: Job J7, Op 5, Machine M2, Start: 5947.0, End: 5965.0, Setup: 20
2025-04-13 16:38:50,243 - JSPGymEnvironment - INFO - Executed operation: Job J7, Op 6, Machine M2, Start: 5980.0, End: 5995.0, Setup: 15
2025-04-13 16:38:50,271 - JSPGymEnvironment - INFO - Executed operation: Job J16, Op 4, Machine M2, Start: 6010.0, End: 6024.0, Setup: 15
2025-04-13 16:38:50,307 - JSPGymEnvironment - INFO - Material change on machine M2: Racebike_Rahmen_nachbearbeitet -> Citybike_Rahmen_nachbearbeitet, setup time: 20
2025-04-13 16:38:50,307 - JSPGymEnvironment - INFO - Executed operation: Job J11, Op 5, Machine M2, Start: 6044.0, End: 6061.0, Setup: 20
2025-04-13 16:38:50,337 - JSPGymEnvironment - INFO - Material change on machine M2: Citybike_Rahmen_nachbearbeitet -> Racebike_Fahrrad_endmontiert, setup time: 20
2025-04-13 16:38:50,337 - JSPGymEnvironment - INFO - Executed operation: Job J7, Op 7, Machine M2, Start: 6081.0, End: 6106.0, Setup: 20
2025-04-13 16:38:50,337 - JSPGymEnvironment - INFO - Job J7 completed at time 6106.0, deadline: 2880, met: False, priority: 9
2025-04-13 16:38:50,518 - JSPGymEnvironment - INFO - Material change on machine M2: Racebike_Fahrrad_endmontiert -> Citybike_Rahmen_nachbearbeitet, setup time: 20
2025-04-13 16:38:50,518 - JSPGymEnvironment - INFO - Executed operation: Job J11, Op 6, Machine M2, Start: 6126.0, End: 6148.0, Setup: 20
2025-04-13 16:38:50,548 - JSPGymEnvironment - INFO - Material change on machine M3: Citybike_Fahrrad_endmontiert -> Mountainbike_Fahrrad_endmontiert, setup time: 15
2025-04-13 16:38:50,548 - JSPGymEnvironment - INFO - Executed operation: Job J20, Op 6, Machine M3, Start: 6163.0, End: 6203.0, Setup: 15
2025-04-13 16:38:50,548 - JSPGymEnvironment - INFO - Job J20 completed at time 6203.0, deadline: 2744, met: False, priority: 3
2025-04-13 16:38:50,576 - JSPGymEnvironment - INFO - Material change on machine M2: Citybike_Rahmen_nachbearbeitet -> Racebike_Fahrrad_endmontiert, setup time: 20
2025-04-13 16:38:50,576 - JSPGymEnvironment - INFO - Executed operation: Job J16, Op 5, Machine M2, Start: 6223.0, End: 6253.0, Setup: 20
2025-04-13 16:38:50,576 - JSPGymEnvironment - INFO - Job J16 completed at time 6253.0, deadline: 2855, met: False, priority: 7
2025-04-13 16:38:50,604 - JSPGymEnvironment - INFO - Material change on machine M2: Racebike_Fahrrad_endmontiert -> Citybike_Fahrrad_endmontiert, setup time: 20
2025-04-13 16:38:50,604 - JSPGymEnvironment - INFO - Executed operation: Job J11, Op 7, Machine M2, Start: 6273.0, End: 6302.0, Setup: 20
2025-04-13 16:38:50,604 - JSPGymEnvironment - INFO - Job J11 completed at time 6302.0, deadline: 2880, met: False, priority: 7
2025-04-13 16:38:50,605 - JSPGymEnvironment - INFO - Reward function updated with 62 insights
2025-04-13 16:38:50,605 - JSPGymEnvironment - INFO -   Material change on critical path at Job 10 Operation 0 on Machine M1 (Severity: 1.00)
2025-04-13 16:38:50,605 - JSPGymEnvironment - INFO -   Material change on critical path at Job 10 Operation 1 on Machine M2 (Severity: 1.00)
2025-04-13 16:38:50,605 - JSPGymEnvironment - INFO -   Material change on critical path at Job 10 Operation 2 on Machine M3 (Severity: 1.00)
2025-04-13 16:38:50,605 - JSPGymEnvironment - INFO -   Material change on critical path at Job 10 Operation 3 on Machine M3 (Severity: 1.00)
2025-04-13 16:38:50,605 - JSPGymEnvironment - INFO -   Idle time on critical path before Job 10 Operation 3 on Machine M3 (Severity: 37.09)
2025-04-13 16:38:50,605 - JSPGymEnvironment - INFO -   Material change on critical path at Job 10 Operation 4 on Machine M3 (Severity: 1.00)
2025-04-13 16:38:50,605 - JSPGymEnvironment - INFO -   Idle time on critical path before Job 10 Operation 4 on Machine M3 (Severity: 4.44)
2025-04-13 16:38:50,605 - JSPGymEnvironment - INFO -   Material change on critical path at Job 10 Operation 5 on Machine M2 (Severity: 1.00)
2025-04-13 16:38:50,605 - JSPGymEnvironment - INFO -   Material change on critical path at Job 10 Operation 6 on Machine M2 (Severity: 1.00)
2025-04-13 16:38:50,605 - JSPGymEnvironment - INFO -   Idle time on critical path before Job 10 Operation 6 on Machine M2 (Severity: 2.95)
2025-04-13 16:38:50,605 - JSPGymEnvironment - INFO -   Material change on critical path at Job 10 Operation 7 on Machine M2 (Severity: 1.00)
2025-04-13 16:38:50,605 - JSPGymEnvironment - INFO -   Idle time on critical path before Job 10 Operation 7 on Machine M2 (Severity: 4.31)
2025-04-13 16:38:50,605 - JSPGymEnvironment - INFO -   High priority (8) not on critical path: Job 18 Operation 0 (Severity: 0.33)
2025-04-13 16:38:50,605 - JSPGymEnvironment - INFO -   High priority (8) not on critical path: Job 8 Operation 0 (Severity: 0.33)
2025-04-13 16:38:50,605 - JSPGymEnvironment - INFO -   High priority (8) not on critical path: Job 2 Operation 0 (Severity: 0.33)
2025-04-13 16:38:50,605 - JSPGymEnvironment - INFO -   High priority (8) not on critical path: Job 8 Operation 1 (Severity: 0.33)
2025-04-13 16:38:50,605 - JSPGymEnvironment - INFO -   High priority (8) not on critical path: Job 2 Operation 1 (Severity: 0.33)
2025-04-13 16:38:50,605 - JSPGymEnvironment - INFO -   High priority (8) not on critical path: Job 18 Operation 1 (Severity: 0.33)
2025-04-13 16:38:50,605 - JSPGymEnvironment - INFO -   High priority (8) not on critical path: Job 2 Operation 2 (Severity: 0.33)
2025-04-13 16:38:50,605 - JSPGymEnvironment - INFO -   High priority (9) not on critical path: Job 9 Operation 0 (Severity: 0.67)
2025-04-13 16:38:50,605 - JSPGymEnvironment - INFO -   High priority (9) not on critical path: Job 9 Operation 1 (Severity: 0.67)
2025-04-13 16:38:50,605 - JSPGymEnvironment - INFO -   High priority (9) not on critical path: Job 9 Operation 2 (Severity: 0.67)
2025-04-13 16:38:50,605 - JSPGymEnvironment - INFO -   High priority (10) not on critical path: Job 14 Operation 0 (Severity: 1.00)
2025-04-13 16:38:50,606 - JSPGymEnvironment - INFO -   High priority (8) not on critical path: Job 2 Operation 3 (Severity: 0.33)
2025-04-13 16:38:50,606 - JSPGymEnvironment - INFO -   High priority (10) not on critical path: Job 14 Operation 1 (Severity: 1.00)
2025-04-13 16:38:50,606 - JSPGymEnvironment - INFO -   High priority (8) not on critical path: Job 2 Operation 4 (Severity: 0.33)
2025-04-13 16:38:50,606 - JSPGymEnvironment - INFO -   High priority (10) not on critical path: Job 14 Operation 2 (Severity: 1.00)
2025-04-13 16:38:50,606 - JSPGymEnvironment - INFO -   High priority (8) not on critical path: Job 2 Operation 5 (Severity: 0.33)
2025-04-13 16:38:50,606 - JSPGymEnvironment - INFO -   High priority (9) not on critical path: Job 6 Operation 0 (Severity: 0.67)
2025-04-13 16:38:50,606 - JSPGymEnvironment - INFO -   High priority (8) not on critical path: Job 8 Operation 2 (Severity: 0.33)
2025-04-13 16:38:50,606 - JSPGymEnvironment - INFO -   High priority (8) not on critical path: Job 2 Operation 6 (Severity: 0.33)
2025-04-13 16:38:50,606 - JSPGymEnvironment - INFO -   High priority (8) not on critical path: Job 8 Operation 3 (Severity: 0.33)
2025-04-13 16:38:50,606 - JSPGymEnvironment - INFO -   High priority (9) not on critical path: Job 9 Operation 3 (Severity: 0.67)
2025-04-13 16:38:50,606 - JSPGymEnvironment - INFO -   High priority (10) not on critical path: Job 14 Operation 3 (Severity: 1.00)
2025-04-13 16:38:50,606 - JSPGymEnvironment - INFO -   High priority (8) not on critical path: Job 8 Operation 4 (Severity: 0.33)
2025-04-13 16:38:50,606 - JSPGymEnvironment - INFO -   High priority (8) not on critical path: Job 18 Operation 2 (Severity: 0.33)
2025-04-13 16:38:50,606 - JSPGymEnvironment - INFO -   High priority (10) not on critical path: Job 14 Operation 4 (Severity: 1.00)
2025-04-13 16:38:50,606 - JSPGymEnvironment - INFO -   High priority (10) not on critical path: Job 14 Operation 5 (Severity: 1.00)
2025-04-13 16:38:50,606 - JSPGymEnvironment - INFO -   High priority (8) not on critical path: Job 8 Operation 5 (Severity: 0.33)
2025-04-13 16:38:50,606 - JSPGymEnvironment - INFO -   High priority (8) not on critical path: Job 18 Operation 3 (Severity: 0.33)
2025-04-13 16:38:50,606 - JSPGymEnvironment - INFO -   High priority (10) not on critical path: Job 14 Operation 6 (Severity: 1.00)
2025-04-13 16:38:50,606 - JSPGymEnvironment - INFO -   High priority (8) not on critical path: Job 8 Operation 6 (Severity: 0.33)
2025-04-13 16:38:50,606 - JSPGymEnvironment - INFO -   High priority (8) not on critical path: Job 18 Operation 4 (Severity: 0.33)
2025-04-13 16:38:50,606 - JSPGymEnvironment - INFO -   High priority (10) not on critical path: Job 5 Operation 0 (Severity: 1.00)
2025-04-13 16:38:50,606 - JSPGymEnvironment - INFO -   High priority (9) not on critical path: Job 6 Operation 1 (Severity: 0.67)
2025-04-13 16:38:50,606 - JSPGymEnvironment - INFO -   High priority (9) not on critical path: Job 6 Operation 2 (Severity: 0.67)
2025-04-13 16:38:50,606 - JSPGymEnvironment - INFO -   High priority (9) not on critical path: Job 9 Operation 4 (Severity: 0.67)
2025-04-13 16:38:50,606 - JSPGymEnvironment - INFO -   High priority (10) not on critical path: Job 14 Operation 7 (Severity: 1.00)
2025-04-13 16:38:50,606 - JSPGymEnvironment - INFO -   High priority (9) not on critical path: Job 9 Operation 5 (Severity: 0.67)
2025-04-13 16:38:50,607 - JSPGymEnvironment - INFO -   High priority (9) not on critical path: Job 9 Operation 6 (Severity: 0.67)
2025-04-13 16:38:50,607 - JSPGymEnvironment - INFO -   High priority (9) not on critical path: Job 6 Operation 3 (Severity: 0.67)
2025-04-13 16:38:50,607 - JSPGymEnvironment - INFO -   High priority (9) not on critical path: Job 9 Operation 7 (Severity: 0.67)
2025-04-13 16:38:50,607 - JSPGymEnvironment - INFO -   High priority (10) not on critical path: Job 5 Operation 1 (Severity: 1.00)
2025-04-13 16:38:50,607 - JSPGymEnvironment - INFO -   High priority (8) not on critical path: Job 18 Operation 5 (Severity: 0.33)
2025-04-13 16:38:50,607 - JSPGymEnvironment - INFO -   High priority (8) not on critical path: Job 18 Operation 6 (Severity: 0.33)
2025-04-13 16:38:50,607 - JSPGymEnvironment - INFO -   High priority (10) not on critical path: Job 5 Operation 2 (Severity: 1.00)
2025-04-13 16:38:50,607 - JSPGymEnvironment - INFO -   High priority (10) not on critical path: Job 5 Operation 3 (Severity: 1.00)
2025-04-13 16:38:50,607 - JSPGymEnvironment - INFO -   High priority (10) not on critical path: Job 5 Operation 4 (Severity: 1.00)
2025-04-13 16:38:50,607 - JSPGymEnvironment - INFO -   High priority (9) not on critical path: Job 6 Operation 4 (Severity: 0.67)
2025-04-13 16:38:50,607 - JSPGymEnvironment - INFO -   High priority (9) not on critical path: Job 6 Operation 5 (Severity: 0.67)
2025-04-13 16:38:50,607 - JSPGymEnvironment - INFO -   High priority (9) not on critical path: Job 6 Operation 6 (Severity: 0.67)
2025-04-13 16:38:50,607 - JSPGymEnvironment - INFO -   High priority (9) not on critical path: Job 6 Operation 7 (Severity: 0.67)
2025-04-13 16:38:50,607 - JSPGymEnvironment - INFO - Episode completed. Critical path: 8 operations, Suboptimal placements: 62
2025-04-13 16:38:50,607 - JSPGymEnvironment - INFO - Reward components: {'makespan_reward': -0.49, 'setup_reward': -10.0, 'idle_penalty': 0.0, 'deadline_reward': -5.940972222222222, 'priority_reward': 14.0, 'critical_job_reward': 0.0, 'global_progress_reward': 5.0, 'objective_reward': 0.0, 'placement_reward': 3.0, 'lookahead_reward': 0.0}
