2025-04-13 16:29:23,820 - JSPGymEnvironment - INFO - Environment reset
2025-04-13 16:29:23,931 - JSPGymEnvironment - INFO - Environment reset
2025-04-13 16:29:24,008 - JSPGymEnvironment - INFO - Material change on machine M1:  -> E-Bike_Hauptrahmen_zugeschnitten, setup time: 0
2025-04-13 16:29:24,008 - JSPGymEnvironment - INFO - Executed operation: Job J3, Op 0, Machine M1, Start: 0.0, End: 34.0, Setup: 0
2025-04-13 16:29:24,067 - JSPGymEnvironment - INFO - Material change on machine M1: E-Bike_Hauptrahmen_zugeschnitten -> Citybike_Hauptrahmen_zugeschnitten, setup time: 40
2025-04-13 16:29:24,067 - JSPGymEnvironment - INFO - Executed operation: Job J8, Op 0, Machine M1, Start: 74.0, End: 93.0, Setup: 40
2025-04-13 16:29:24,122 - JSPGymEnvironment - INFO - Material change on machine M1: Citybike_Hauptrahmen_zugeschnitten -> Racebike_Hauptrahmen_zugeschnitten, setup time: 40
2025-04-13 16:29:24,123 - JSPGymEnvironment - INFO - Executed operation: Job J15, Op 0, Machine M1, Start: 133.0, End: 156.0, Setup: 40
2025-04-13 16:29:24,157 - JSPGymEnvironment - INFO - Material change on machine M1: Racebike_Hauptrahmen_zugeschnitten -> Citybike_Hauptrahmen_zugeschnitten, setup time: 40
2025-04-13 16:29:24,157 - JSPGymEnvironment - INFO - Executed operation: Job J14, Op 0, Machine M1, Start: 196.0, End: 214.0, Setup: 40
2025-04-13 16:29:24,190 - JSPGymEnvironment - INFO - Executed operation: Job J17, Op 0, Machine M1, Start: 239.0, End: 277.0, Setup: 25
2025-04-13 16:29:24,227 - JSPGymEnvironment - INFO - Material change on machine M2:  -> Citybike_Schaltauge_bearbeitet, setup time: 0
2025-04-13 16:29:24,227 - JSPGymEnvironment - INFO - Executed operation: Job J8, Op 1, Machine M2, Start: 277.0, End: 290.0, Setup: 0
2025-04-13 16:29:24,259 - JSPGymEnvironment - INFO - Material change on machine M1: Citybike_Hauptrahmen_zugeschnitten -> Mountainbike_Hauptrahmen_zugeschnitten, setup time: 40
2025-04-13 16:29:24,259 - JSPGymEnvironment - INFO - Executed operation: Job J18, Op 0, Machine M1, Start: 330.0, End: 352.0, Setup: 40
2025-04-13 16:29:24,297 - JSPGymEnvironment - INFO - Executed operation: Job J17, Op 1, Machine M2, Start: 367.0, End: 387.0, Setup: 15
2025-04-13 16:29:24,335 - JSPGymEnvironment - INFO - Material change on machine M1: Mountainbike_Hauptrahmen_zugeschnitten -> Citybike_Hauptrahmen_zugeschnitten, setup time: 40
2025-04-13 16:29:24,335 - JSPGymEnvironment - INFO - Executed operation: Job J11, Op 0, Machine M1, Start: 427.0, End: 458.0, Setup: 40
2025-04-13 16:29:24,374 - JSPGymEnvironment - INFO - Executed operation: Job J2, Op 0, Machine M1, Start: 483.0, End: 499.0, Setup: 25
2025-04-13 16:29:24,673 - JSPGymEnvironment - INFO - Material change on machine M3:  -> Citybike_Antrieb_installiert, setup time: 0
2025-04-13 16:29:24,674 - JSPGymEnvironment - INFO - Executed operation: Job J17, Op 2, Machine M3, Start: 499.0, End: 533.0, Setup: 0
2025-04-13 16:29:24,720 - JSPGymEnvironment - INFO - Material change on machine M3: Citybike_Antrieb_installiert -> Citybike_Bremsen_justiert, setup time: 15
2025-04-13 16:29:24,720 - JSPGymEnvironment - INFO - Executed operation: Job J17, Op 3, Machine M3, Start: 548.0, End: 574.0, Setup: 15
2025-04-13 16:29:24,762 - JSPGymEnvironment - INFO - Executed operation: Job J11, Op 1, Machine M2, Start: 589.0, End: 602.0, Setup: 15
2025-04-13 16:29:24,803 - JSPGymEnvironment - INFO - Executed operation: Job J2, Op 1, Machine M2, Start: 617.0, End: 627.0, Setup: 15
2025-04-13 16:29:24,844 - JSPGymEnvironment - INFO - Material change on machine M3: Citybike_Bremsen_justiert -> Citybike_Antrieb_installiert, setup time: 15
2025-04-13 16:29:24,844 - JSPGymEnvironment - INFO - Executed operation: Job J8, Op 2, Machine M3, Start: 642.0, End: 696.0, Setup: 15
2025-04-13 16:29:24,880 - JSPGymEnvironment - INFO - Material change on machine M2: Citybike_Schaltauge_bearbeitet -> E-Bike_Schaltauge_bearbeitet, setup time: 20
2025-04-13 16:29:24,881 - JSPGymEnvironment - INFO - Executed operation: Job J3, Op 1, Machine M2, Start: 716.0, End: 736.0, Setup: 20
2025-04-13 16:29:24,916 - JSPGymEnvironment - INFO - Material change on machine M1: Citybike_Hauptrahmen_zugeschnitten -> E-Bike_Hauptrahmen_zugeschnitten, setup time: 40
2025-04-13 16:29:24,916 - JSPGymEnvironment - INFO - Executed operation: Job J19, Op 0, Machine M1, Start: 776.0, End: 791.0, Setup: 40
2025-04-13 16:29:24,952 - JSPGymEnvironment - INFO - Material change on machine M1: E-Bike_Hauptrahmen_zugeschnitten -> Mountainbike_Hauptrahmen_zugeschnitten, setup time: 40
2025-04-13 16:29:24,952 - JSPGymEnvironment - INFO - Executed operation: Job J12, Op 0, Machine M1, Start: 831.0, End: 862.0, Setup: 40
2025-04-13 16:29:24,994 - JSPGymEnvironment - INFO - Material change on machine M3: Citybike_Antrieb_installiert -> E-Bike_Antrieb_installiert, setup time: 15
2025-04-13 16:29:24,994 - JSPGymEnvironment - INFO - Executed operation: Job J3, Op 2, Machine M3, Start: 877.0, End: 935.0, Setup: 15
2025-04-13 16:29:25,028 - JSPGymEnvironment - INFO - Material change on machine M3: E-Bike_Antrieb_installiert -> Citybike_Fahrrad_endmontiert, setup time: 15
2025-04-13 16:29:25,028 - JSPGymEnvironment - INFO - Executed operation: Job J17, Op 4, Machine M3, Start: 950.0, End: 1000.0, Setup: 15
2025-04-13 16:29:25,063 - JSPGymEnvironment - INFO - Executed operation: Job J5, Op 0, Machine M1, Start: 1025.0, End: 1061.0, Setup: 25
2025-04-13 16:29:25,103 - JSPGymEnvironment - INFO - Material change on machine M2: E-Bike_Schaltauge_bearbeitet -> E-Bike_Bremsaufnahme_gebohrt, setup time: 20
2025-04-13 16:29:25,103 - JSPGymEnvironment - INFO - Executed operation: Job J3, Op 3, Machine M2, Start: 1081.0, End: 1111.0, Setup: 20
2025-04-13 16:29:25,142 - JSPGymEnvironment - INFO - Material change on machine M1: Mountainbike_Hauptrahmen_zugeschnitten -> Racebike_Hauptrahmen_zugeschnitten, setup time: 40
2025-04-13 16:29:25,143 - JSPGymEnvironment - INFO - Executed operation: Job J6, Op 0, Machine M1, Start: 1151.0, End: 1187.0, Setup: 40
2025-04-13 16:29:25,190 - JSPGymEnvironment - INFO - Material change on machine M3: Citybike_Fahrrad_endmontiert -> Citybike_Antrieb_installiert, setup time: 15
2025-04-13 16:29:25,190 - JSPGymEnvironment - INFO - Executed operation: Job J2, Op 2, Machine M3, Start: 1202.0, End: 1230.0, Setup: 15
2025-04-13 16:29:25,477 - JSPGymEnvironment - INFO - Material change on machine M2: E-Bike_Bremsaufnahme_gebohrt -> E-Bike_Rahmen_nachbearbeitet, setup time: 20
2025-04-13 16:29:25,477 - JSPGymEnvironment - INFO - Executed operation: Job J3, Op 4, Machine M2, Start: 1250.0, End: 1267.0, Setup: 20
2025-04-13 16:29:25,523 - JSPGymEnvironment - INFO - Material change on machine M2: E-Bike_Rahmen_nachbearbeitet -> Mountainbike_Schaltauge_bearbeitet, setup time: 20
2025-04-13 16:29:25,524 - JSPGymEnvironment - INFO - Executed operation: Job J18, Op 1, Machine M2, Start: 1287.0, End: 1307.0, Setup: 20
2025-04-13 16:29:25,740 - JSPGymEnvironment - INFO - Material change on machine M3: Citybike_Antrieb_installiert -> Citybike_Bremsen_justiert, setup time: 15
2025-04-13 16:29:25,740 - JSPGymEnvironment - INFO - Executed operation: Job J8, Op 3, Machine M3, Start: 1322.0, End: 1380.0, Setup: 15
2025-04-13 16:29:25,798 - JSPGymEnvironment - INFO - Material change on machine M3: Citybike_Bremsen_justiert -> Citybike_Fahrrad_endmontiert, setup time: 15
2025-04-13 16:29:25,798 - JSPGymEnvironment - INFO - Executed operation: Job J8, Op 4, Machine M3, Start: 1395.0, End: 1444.0, Setup: 15
2025-04-13 16:29:25,844 - JSPGymEnvironment - INFO - Material change on machine M2: Mountainbike_Schaltauge_bearbeitet -> Citybike_Schaltauge_bearbeitet, setup time: 20
2025-04-13 16:29:25,844 - JSPGymEnvironment - INFO - Executed operation: Job J14, Op 1, Machine M2, Start: 1464.0, End: 1480.0, Setup: 20
2025-04-13 16:29:25,891 - JSPGymEnvironment - INFO - Material change on machine M2: Citybike_Schaltauge_bearbeitet -> Mountainbike_Schaltauge_bearbeitet, setup time: 20
2025-04-13 16:29:25,891 - JSPGymEnvironment - INFO - Executed operation: Job J5, Op 1, Machine M2, Start: 1500.0, End: 1515.0, Setup: 20
2025-04-13 16:29:25,945 - JSPGymEnvironment - INFO - Material change on machine M2: Mountainbike_Schaltauge_bearbeitet -> Citybike_Fahrrad_endmontiert, setup time: 20
2025-04-13 16:29:25,945 - JSPGymEnvironment - INFO - Executed operation: Job J8, Op 5, Machine M2, Start: 1535.0, End: 1565.0, Setup: 20
2025-04-13 16:29:25,945 - JSPGymEnvironment - INFO - Job J8 completed at time 1565.0, deadline: 2762, met: True, priority: 5
2025-04-13 16:29:25,996 - JSPGymEnvironment - INFO - Executed operation: Job J17, Op 5, Machine M3, Start: 1575.0, End: 1634.0, Setup: 10
2025-04-13 16:29:26,048 - JSPGymEnvironment - INFO - Executed operation: Job J10, Op 0, Machine M1, Start: 1659.0, End: 1691.0, Setup: 25
2025-04-13 16:29:26,102 - JSPGymEnvironment - INFO - Material change on machine M2: Citybike_Fahrrad_endmontiert -> E-Bike_Rahmen_nachbearbeitet, setup time: 20
2025-04-13 16:29:26,102 - JSPGymEnvironment - INFO - Executed operation: Job J3, Op 5, Machine M2, Start: 1711.0, End: 1732.0, Setup: 20
2025-04-13 16:29:26,153 - JSPGymEnvironment - INFO - Material change on machine M3: Citybike_Fahrrad_endmontiert -> Mountainbike_Antrieb_installiert, setup time: 15
2025-04-13 16:29:26,154 - JSPGymEnvironment - INFO - Executed operation: Job J5, Op 2, Machine M3, Start: 1747.0, End: 1772.0, Setup: 15
2025-04-13 16:29:26,204 - JSPGymEnvironment - INFO - Material change on machine M2: E-Bike_Rahmen_nachbearbeitet -> E-Bike_Fahrrad_endmontiert, setup time: 20
2025-04-13 16:29:26,204 - JSPGymEnvironment - INFO - Executed operation: Job J3, Op 6, Machine M2, Start: 1792.0, End: 1802.0, Setup: 20
2025-04-13 16:29:26,204 - JSPGymEnvironment - INFO - Job J3 completed at time 1802.0, deadline: 2862, met: True, priority: 8
2025-04-13 16:29:26,246 - JSPGymEnvironment - INFO - Material change on machine M3: Mountainbike_Antrieb_installiert -> Citybike_Antrieb_installiert, setup time: 15
2025-04-13 16:29:26,247 - JSPGymEnvironment - INFO - Executed operation: Job J11, Op 2, Machine M3, Start: 1817.0, End: 1859.0, Setup: 15
2025-04-13 16:29:26,493 - JSPGymEnvironment - INFO - Material change on machine M1: Racebike_Hauptrahmen_zugeschnitten -> Citybike_Hauptrahmen_zugeschnitten, setup time: 40
2025-04-13 16:29:26,493 - JSPGymEnvironment - INFO - Executed operation: Job J9, Op 0, Machine M1, Start: 1899.0, End: 1939.0, Setup: 40
2025-04-13 16:29:26,538 - JSPGymEnvironment - INFO - Material change on machine M1: Citybike_Hauptrahmen_zugeschnitten -> Racebike_Hauptrahmen_zugeschnitten, setup time: 40
2025-04-13 16:29:26,538 - JSPGymEnvironment - INFO - Executed operation: Job J4, Op 0, Machine M1, Start: 1979.0, End: 2004.0, Setup: 40
2025-04-13 16:29:26,578 - JSPGymEnvironment - INFO - Material change on machine M2: E-Bike_Fahrrad_endmontiert -> Racebike_Schaltauge_bearbeitet, setup time: 20
2025-04-13 16:29:26,578 - JSPGymEnvironment - INFO - Executed operation: Job J10, Op 1, Machine M2, Start: 2024.0, End: 2049.0, Setup: 20
2025-04-13 16:29:26,616 - JSPGymEnvironment - INFO - Executed operation: Job J14, Op 2, Machine M3, Start: 2059.0, End: 2081.0, Setup: 10
2025-04-13 16:29:26,653 - JSPGymEnvironment - INFO - Executed operation: Job J15, Op 1, Machine M2, Start: 2096.0, End: 2109.0, Setup: 15
2025-04-13 16:29:26,693 - JSPGymEnvironment - INFO - Material change on machine M3: Citybike_Antrieb_installiert -> Citybike_Fahrrad_endmontiert, setup time: 15
2025-04-13 16:29:26,693 - JSPGymEnvironment - INFO - Executed operation: Job J17, Op 6, Machine M3, Start: 2124.0, End: 2149.0, Setup: 15
2025-04-13 16:29:26,693 - JSPGymEnvironment - INFO - Job J17 completed at time 2149.0, deadline: 2880, met: True, priority: 6
2025-04-13 16:29:26,730 - JSPGymEnvironment - INFO - Material change on machine M1: Racebike_Hauptrahmen_zugeschnitten -> Mountainbike_Hauptrahmen_zugeschnitten, setup time: 40
2025-04-13 16:29:26,730 - JSPGymEnvironment - INFO - Executed operation: Job J20, Op 0, Machine M1, Start: 2189.0, End: 2208.0, Setup: 40
2025-04-13 16:29:26,767 - JSPGymEnvironment - INFO - Material change on machine M2: Racebike_Schaltauge_bearbeitet -> Mountainbike_Bremsaufnahme_gebohrt, setup time: 20
2025-04-13 16:29:26,767 - JSPGymEnvironment - INFO - Executed operation: Job J5, Op 3, Machine M2, Start: 2228.0, End: 2243.0, Setup: 20
2025-04-13 16:29:26,804 - JSPGymEnvironment - INFO - Material change on machine M2: Mountainbike_Bremsaufnahme_gebohrt -> Citybike_Bremsaufnahme_gebohrt, setup time: 20
2025-04-13 16:29:26,804 - JSPGymEnvironment - INFO - Executed operation: Job J2, Op 3, Machine M2, Start: 2263.0, End: 2284.0, Setup: 20
2025-04-13 16:29:26,842 - JSPGymEnvironment - INFO - Material change on machine M3: Citybike_Fahrrad_endmontiert -> Racebike_Antrieb_installiert, setup time: 15
2025-04-13 16:29:26,842 - JSPGymEnvironment - INFO - Executed operation: Job J15, Op 2, Machine M3, Start: 2299.0, End: 2334.0, Setup: 15
2025-04-13 16:29:26,879 - JSPGymEnvironment - INFO - Material change on machine M3: Racebike_Antrieb_installiert -> Citybike_Bremsen_justiert, setup time: 15
2025-04-13 16:29:26,879 - JSPGymEnvironment - INFO - Executed operation: Job J11, Op 3, Machine M3, Start: 2349.0, End: 2371.0, Setup: 15
2025-04-13 16:29:26,916 - JSPGymEnvironment - INFO - Executed operation: Job J14, Op 3, Machine M2, Start: 2386.0, End: 2404.0, Setup: 15
2025-04-13 16:29:26,953 - JSPGymEnvironment - INFO - Material change on machine M3: Citybike_Bremsen_justiert -> Citybike_Fahrrad_endmontiert, setup time: 15
2025-04-13 16:29:26,953 - JSPGymEnvironment - INFO - Executed operation: Job J11, Op 4, Machine M3, Start: 2419.0, End: 2458.0, Setup: 15
2025-04-13 16:29:27,214 - JSPGymEnvironment - INFO - Material change on machine M2: Citybike_Bremsaufnahme_gebohrt -> Mountainbike_Schaltauge_bearbeitet, setup time: 20
2025-04-13 16:29:27,215 - JSPGymEnvironment - INFO - Executed operation: Job J20, Op 1, Machine M2, Start: 2478.0, End: 2503.0, Setup: 20
2025-04-13 16:29:27,261 - JSPGymEnvironment - INFO - Material change on machine M2: Mountainbike_Schaltauge_bearbeitet -> Citybike_Rahmen_nachbearbeitet, setup time: 20
2025-04-13 16:29:27,261 - JSPGymEnvironment - INFO - Executed operation: Job J11, Op 5, Machine M2, Start: 2523.0, End: 2540.0, Setup: 20
2025-04-13 16:29:27,302 - JSPGymEnvironment - INFO - Executed operation: Job J14, Op 4, Machine M2, Start: 2555.0, End: 2584.0, Setup: 15
2025-04-13 16:29:27,340 - JSPGymEnvironment - INFO - Material change on machine M2: Citybike_Rahmen_nachbearbeitet -> Racebike_Schaltauge_bearbeitet, setup time: 20
2025-04-13 16:29:27,340 - JSPGymEnvironment - INFO - Executed operation: Job J4, Op 1, Machine M2, Start: 2604.0, End: 2619.0, Setup: 20
2025-04-13 16:29:27,376 - JSPGymEnvironment - INFO - Material change on machine M2: Racebike_Schaltauge_bearbeitet -> Citybike_Rahmen_nachbearbeitet, setup time: 20
2025-04-13 16:29:27,376 - JSPGymEnvironment - INFO - Executed operation: Job J2, Op 4, Machine M2, Start: 2639.0, End: 2663.0, Setup: 20
2025-04-13 16:29:27,411 - JSPGymEnvironment - INFO - Executed operation: Job J14, Op 5, Machine M2, Start: 2678.0, End: 2708.0, Setup: 15
2025-04-13 16:29:27,448 - JSPGymEnvironment - INFO - Material change on machine M3: Citybike_Fahrrad_endmontiert -> Mountainbike_Antrieb_installiert, setup time: 15
2025-04-13 16:29:27,448 - JSPGymEnvironment - INFO - Executed operation: Job J20, Op 2, Machine M3, Start: 2723.0, End: 2747.0, Setup: 15
2025-04-13 16:29:27,486 - JSPGymEnvironment - INFO - Executed operation: Job J11, Op 6, Machine M2, Start: 2762.0, End: 2784.0, Setup: 15
2025-04-13 16:29:27,524 - JSPGymEnvironment - INFO - Material change on machine M1: Mountainbike_Hauptrahmen_zugeschnitten -> Racebike_Hauptrahmen_zugeschnitten, setup time: 40
2025-04-13 16:29:27,525 - JSPGymEnvironment - INFO - Executed operation: Job J1, Op 0, Machine M1, Start: 2824.0, End: 2864.0, Setup: 40
2025-04-13 16:29:27,561 - JSPGymEnvironment - INFO - Executed operation: Job J14, Op 6, Machine M2, Start: 2879.0, End: 2903.0, Setup: 15
2025-04-13 16:29:27,598 - JSPGymEnvironment - INFO - Material change on machine M2: Citybike_Rahmen_nachbearbeitet -> E-Bike_Schaltauge_bearbeitet, setup time: 20
2025-04-13 16:29:27,598 - JSPGymEnvironment - INFO - Executed operation: Job J19, Op 1, Machine M2, Start: 2923.0, End: 2953.0, Setup: 20
2025-04-13 16:29:27,636 - JSPGymEnvironment - INFO - Material change on machine M3: Mountainbike_Antrieb_installiert -> Racebike_Antrieb_installiert, setup time: 15
2025-04-13 16:29:27,636 - JSPGymEnvironment - INFO - Executed operation: Job J10, Op 2, Machine M3, Start: 2968.0, End: 3007.0, Setup: 15
2025-04-13 16:29:27,674 - JSPGymEnvironment - INFO - Material change on machine M2: E-Bike_Schaltauge_bearbeitet -> Citybike_Fahrrad_endmontiert, setup time: 20
2025-04-13 16:29:27,675 - JSPGymEnvironment - INFO - Executed operation: Job J11, Op 7, Machine M2, Start: 3027.0, End: 3056.0, Setup: 20
2025-04-13 16:29:27,675 - JSPGymEnvironment - INFO - Job J11 completed at time 3056.0, deadline: 2880, met: False, priority: 7
2025-04-13 16:29:27,718 - JSPGymEnvironment - INFO - Executed operation: Job J7, Op 0, Machine M1, Start: 3081.0, End: 3116.0, Setup: 25
2025-04-13 16:29:27,760 - JSPGymEnvironment - INFO - Material change on machine M3: Racebike_Antrieb_installiert -> Mountainbike_Antrieb_installiert, setup time: 15
2025-04-13 16:29:27,761 - JSPGymEnvironment - INFO - Executed operation: Job J18, Op 2, Machine M3, Start: 3131.0, End: 3160.0, Setup: 15
2025-04-13 16:29:28,006 - JSPGymEnvironment - INFO - Material change on machine M3: Mountainbike_Antrieb_installiert -> Racebike_Bremsen_justiert, setup time: 15
2025-04-13 16:29:28,007 - JSPGymEnvironment - INFO - Executed operation: Job J15, Op 3, Machine M3, Start: 3175.0, End: 3202.0, Setup: 15
2025-04-13 16:29:28,050 - JSPGymEnvironment - INFO - Material change on machine M2: Citybike_Fahrrad_endmontiert -> Racebike_Rahmen_nachbearbeitet, setup time: 20
2025-04-13 16:29:28,050 - JSPGymEnvironment - INFO - Executed operation: Job J15, Op 4, Machine M2, Start: 3222.0, End: 3242.0, Setup: 20
2025-04-13 16:29:28,097 - JSPGymEnvironment - INFO - Material change on machine M3: Racebike_Bremsen_justiert -> Mountainbike_Bremsen_justiert, setup time: 15
2025-04-13 16:29:28,097 - JSPGymEnvironment - INFO - Executed operation: Job J20, Op 3, Machine M3, Start: 3257.0, End: 3298.0, Setup: 15
2025-04-13 16:29:28,140 - JSPGymEnvironment - INFO - Material change on machine M2: Racebike_Rahmen_nachbearbeitet -> Citybike_Fahrrad_endmontiert, setup time: 20
2025-04-13 16:29:28,141 - JSPGymEnvironment - INFO - Executed operation: Job J14, Op 7, Machine M2, Start: 3318.0, End: 3339.0, Setup: 20
2025-04-13 16:29:28,141 - JSPGymEnvironment - INFO - Job J14 completed at time 3339.0, deadline: 2880, met: False, priority: 3
2025-04-13 16:29:28,187 - JSPGymEnvironment - INFO - Executed operation: Job J16, Op 0, Machine M1, Start: 3364.0, End: 3390.0, Setup: 25
2025-04-13 16:29:28,231 - JSPGymEnvironment - INFO - Material change on machine M2: Citybike_Fahrrad_endmontiert -> Mountainbike_Rahmen_nachbearbeitet, setup time: 20
2025-04-13 16:29:28,231 - JSPGymEnvironment - INFO - Executed operation: Job J5, Op 4, Machine M2, Start: 3410.0, End: 3440.0, Setup: 20
2025-04-13 16:29:28,279 - JSPGymEnvironment - INFO - Executed operation: Job J20, Op 4, Machine M2, Start: 3455.0, End: 3472.0, Setup: 15
2025-04-13 16:29:28,332 - JSPGymEnvironment - INFO - Material change on machine M3: Mountainbike_Bremsen_justiert -> Citybike_Fahrrad_endmontiert, setup time: 15
2025-04-13 16:29:28,333 - JSPGymEnvironment - INFO - Executed operation: Job J2, Op 5, Machine M3, Start: 3487.0, End: 3508.0, Setup: 15
2025-04-13 16:29:28,333 - JSPGymEnvironment - INFO - Job J2 completed at time 3508.0, deadline: 2880, met: False, priority: 3
2025-04-13 16:29:28,380 - JSPGymEnvironment - INFO - Material change on machine M2: Mountainbike_Rahmen_nachbearbeitet -> Mountainbike_Fahrrad_endmontiert, setup time: 20
2025-04-13 16:29:28,380 - JSPGymEnvironment - INFO - Executed operation: Job J5, Op 5, Machine M2, Start: 3528.0, End: 3550.0, Setup: 20
2025-04-13 16:29:28,380 - JSPGymEnvironment - INFO - Job J5 completed at time 3550.0, deadline: 2880, met: False, priority: 1
2025-04-13 16:29:28,424 - JSPGymEnvironment - INFO - Material change on machine M2: Mountainbike_Fahrrad_endmontiert -> Racebike_Schaltauge_bearbeitet, setup time: 20
2025-04-13 16:29:28,424 - JSPGymEnvironment - INFO - Executed operation: Job J1, Op 1, Machine M2, Start: 3570.0, End: 3586.0, Setup: 20
2025-04-13 16:29:28,481 - JSPGymEnvironment - INFO - Material change on machine M3: Citybike_Fahrrad_endmontiert -> Mountainbike_Fahrrad_endmontiert, setup time: 15
2025-04-13 16:29:28,481 - JSPGymEnvironment - INFO - Executed operation: Job J20, Op 5, Machine M3, Start: 3601.0, End: 3626.0, Setup: 15
2025-04-13 16:29:28,526 - JSPGymEnvironment - INFO - Executed operation: Job J6, Op 1, Machine M2, Start: 3641.0, End: 3654.0, Setup: 15
2025-04-13 16:29:28,564 - JSPGymEnvironment - INFO - Executed operation: Job J16, Op 1, Machine M2, Start: 3669.0, End: 3684.0, Setup: 15
2025-04-13 16:29:28,607 - JSPGymEnvironment - INFO - Executed operation: Job J20, Op 6, Machine M3, Start: 3694.0, End: 3734.0, Setup: 10
2025-04-13 16:29:28,608 - JSPGymEnvironment - INFO - Job J20 completed at time 3734.0, deadline: 2744, met: False, priority: 3
2025-04-13 16:29:28,886 - JSPGymEnvironment - INFO - Material change on machine M3: Mountainbike_Fahrrad_endmontiert -> Racebike_Antrieb_installiert, setup time: 15
2025-04-13 16:29:28,887 - JSPGymEnvironment - INFO - Executed operation: Job J4, Op 2, Machine M3, Start: 3749.0, End: 3789.0, Setup: 15
2025-04-13 16:29:28,994 - JSPGymEnvironment - INFO - Executed operation: Job J1, Op 2, Machine M3, Start: 3799.0, End: 3835.0, Setup: 10
2025-04-13 16:29:29,069 - JSPGymEnvironment - INFO - Executed operation: Job J16, Op 2, Machine M3, Start: 3845.0, End: 3875.0, Setup: 10
2025-04-13 16:29:29,130 - JSPGymEnvironment - INFO - Material change on machine M2: Racebike_Schaltauge_bearbeitet -> Racebike_Bremsaufnahme_gebohrt, setup time: 20
2025-04-13 16:29:29,130 - JSPGymEnvironment - INFO - Executed operation: Job J16, Op 3, Machine M2, Start: 3895.0, End: 3918.0, Setup: 20
2025-04-13 16:29:29,179 - JSPGymEnvironment - INFO - Executed operation: Job J6, Op 2, Machine M3, Start: 3928.0, End: 3966.0, Setup: 10
2025-04-13 16:29:29,234 - JSPGymEnvironment - INFO - Executed operation: Job J10, Op 3, Machine M2, Start: 3981.0, End: 4003.0, Setup: 15
2025-04-13 16:29:29,305 - JSPGymEnvironment - INFO - Executed operation: Job J4, Op 3, Machine M2, Start: 4018.0, End: 4032.0, Setup: 15
2025-04-13 16:29:29,364 - JSPGymEnvironment - INFO - Material change on machine M3: Racebike_Antrieb_installiert -> Mountainbike_Bremsen_justiert, setup time: 15
2025-04-13 16:29:29,365 - JSPGymEnvironment - INFO - Executed operation: Job J18, Op 3, Machine M3, Start: 4047.0, End: 4102.0, Setup: 15
2025-04-13 16:29:29,423 - JSPGymEnvironment - INFO - Material change on machine M2: Racebike_Bremsaufnahme_gebohrt -> Racebike_Rahmen_nachbearbeitet, setup time: 20
2025-04-13 16:29:29,424 - JSPGymEnvironment - INFO - Executed operation: Job J15, Op 5, Machine M2, Start: 4122.0, End: 4145.0, Setup: 20
2025-04-13 16:29:29,482 - JSPGymEnvironment - INFO - Executed operation: Job J10, Op 4, Machine M2, Start: 4160.0, End: 4171.0, Setup: 15
2025-04-13 16:29:29,534 - JSPGymEnvironment - INFO - Executed operation: Job J4, Op 4, Machine M2, Start: 4186.0, End: 4211.0, Setup: 15
2025-04-13 16:29:29,587 - JSPGymEnvironment - INFO - Executed operation: Job J10, Op 5, Machine M2, Start: 4226.0, End: 4244.0, Setup: 15
2025-04-13 16:29:29,645 - JSPGymEnvironment - INFO - Material change on machine M3: Mountainbike_Bremsen_justiert -> E-Bike_Antrieb_installiert, setup time: 15
2025-04-13 16:29:29,645 - JSPGymEnvironment - INFO - Executed operation: Job J19, Op 2, Machine M3, Start: 4259.0, End: 4281.0, Setup: 15
2025-04-13 16:29:29,696 - JSPGymEnvironment - INFO - Executed operation: Job J4, Op 5, Machine M2, Start: 4296.0, End: 4320.0, Setup: 15
2025-04-13 16:29:30,022 - JSPGymEnvironment - INFO - Material change on machine M2: Racebike_Rahmen_nachbearbeitet -> Mountainbike_Fahrrad_endmontiert, setup time: 20
2025-04-13 16:29:30,022 - JSPGymEnvironment - INFO - Executed operation: Job J18, Op 4, Machine M2, Start: 4340.0, End: 4353.0, Setup: 20
2025-04-13 16:29:30,022 - JSPGymEnvironment - INFO - Job J18 completed at time 4353.0, deadline: 2880, met: False, priority: 6
2025-04-13 16:29:30,081 - JSPGymEnvironment - INFO - Material change on machine M3: E-Bike_Antrieb_installiert -> Racebike_Bremsen_justiert, setup time: 15
2025-04-13 16:29:30,081 - JSPGymEnvironment - INFO - Executed operation: Job J6, Op 3, Machine M3, Start: 4368.0, End: 4426.0, Setup: 15
2025-04-13 16:29:30,137 - JSPGymEnvironment - INFO - Material change on machine M2: Mountainbike_Fahrrad_endmontiert -> Racebike_Rahmen_nachbearbeitet, setup time: 20
2025-04-13 16:29:30,137 - JSPGymEnvironment - INFO - Executed operation: Job J16, Op 4, Machine M2, Start: 4446.0, End: 4460.0, Setup: 20
2025-04-13 16:29:30,201 - JSPGymEnvironment - INFO - Material change on machine M3: Racebike_Bremsen_justiert -> Racebike_Fahrrad_endmontiert, setup time: 15
2025-04-13 16:29:30,201 - JSPGymEnvironment - INFO - Executed operation: Job J15, Op 6, Machine M3, Start: 4475.0, End: 4502.0, Setup: 15
2025-04-13 16:29:30,266 - JSPGymEnvironment - INFO - Material change on machine M2: Racebike_Rahmen_nachbearbeitet -> E-Bike_Bremsaufnahme_gebohrt, setup time: 20
2025-04-13 16:29:30,268 - JSPGymEnvironment - INFO - Executed operation: Job J19, Op 3, Machine M2, Start: 4522.0, End: 4535.0, Setup: 20
2025-04-13 16:29:30,329 - JSPGymEnvironment - INFO - Material change on machine M2: E-Bike_Bremsaufnahme_gebohrt -> Citybike_Schaltauge_bearbeitet, setup time: 20
2025-04-13 16:29:30,330 - JSPGymEnvironment - INFO - Executed operation: Job J9, Op 1, Machine M2, Start: 4555.0, End: 4571.0, Setup: 20
2025-04-13 16:29:30,393 - JSPGymEnvironment - INFO - Material change on machine M2: Citybike_Schaltauge_bearbeitet -> Racebike_Bremsaufnahme_gebohrt, setup time: 20
2025-04-13 16:29:30,393 - JSPGymEnvironment - INFO - Executed operation: Job J1, Op 3, Machine M2, Start: 4591.0, End: 4609.0, Setup: 20
2025-04-13 16:29:30,455 - JSPGymEnvironment - INFO - Material change on machine M2: Racebike_Bremsaufnahme_gebohrt -> Racebike_Rahmen_nachbearbeitet, setup time: 20
2025-04-13 16:29:30,455 - JSPGymEnvironment - INFO - Executed operation: Job J1, Op 4, Machine M2, Start: 4629.0, End: 4651.0, Setup: 20
2025-04-13 16:29:30,511 - JSPGymEnvironment - INFO - Executed operation: Job J10, Op 6, Machine M2, Start: 4666.0, End: 4677.0, Setup: 15
2025-04-13 16:29:30,596 - JSPGymEnvironment - INFO - Executed operation: Job J15, Op 7, Machine M3, Start: 4687.0, End: 4733.0, Setup: 10
2025-04-13 16:29:30,596 - JSPGymEnvironment - INFO - Job J15 completed at time 4733.0, deadline: 2833, met: False, priority: 10
2025-04-13 16:29:30,746 - JSPGymEnvironment - INFO - Material change on machine M2: Racebike_Rahmen_nachbearbeitet -> Racebike_Fahrrad_endmontiert, setup time: 20
2025-04-13 16:29:30,747 - JSPGymEnvironment - INFO - Executed operation: Job J10, Op 7, Machine M2, Start: 4753.0, End: 4765.0, Setup: 20
2025-04-13 16:29:30,747 - JSPGymEnvironment - INFO - Job J10 completed at time 4765.0, deadline: 2880, met: False, priority: 9
2025-04-13 16:29:30,846 - JSPGymEnvironment - INFO - Executed operation: Job J1, Op 5, Machine M2, Start: 4780.0, End: 4792.0, Setup: 15
2025-04-13 16:29:30,846 - JSPGymEnvironment - INFO - Job J1 completed at time 4792.0, deadline: 2790, met: False, priority: 7
2025-04-13 16:29:30,900 - JSPGymEnvironment - INFO - Material change on machine M2: Racebike_Fahrrad_endmontiert -> E-Bike_Rahmen_nachbearbeitet, setup time: 20
2025-04-13 16:29:30,901 - JSPGymEnvironment - INFO - Executed operation: Job J19, Op 4, Machine M2, Start: 4812.0, End: 4829.0, Setup: 20
2025-04-13 16:29:31,235 - JSPGymEnvironment - INFO - Material change on machine M2: E-Bike_Rahmen_nachbearbeitet -> Racebike_Schaltauge_bearbeitet, setup time: 20
2025-04-13 16:29:31,236 - JSPGymEnvironment - INFO - Executed operation: Job J7, Op 1, Machine M2, Start: 4849.0, End: 4872.0, Setup: 20
2025-04-13 16:29:31,286 - JSPGymEnvironment - INFO - Executed operation: Job J6, Op 4, Machine M3, Start: 4882.0, End: 4923.0, Setup: 10
2025-04-13 16:29:31,286 - JSPGymEnvironment - INFO - Job J6 completed at time 4923.0, deadline: 2880, met: False, priority: 10
2025-04-13 16:29:31,334 - JSPGymEnvironment - INFO - Executed operation: Job J4, Op 6, Machine M3, Start: 4933.0, End: 4959.0, Setup: 10
2025-04-13 16:29:31,334 - JSPGymEnvironment - INFO - Job J4 completed at time 4959.0, deadline: 2757, met: False, priority: 7
2025-04-13 16:29:31,381 - JSPGymEnvironment - INFO - Material change on machine M2: Racebike_Schaltauge_bearbeitet -> Racebike_Fahrrad_endmontiert, setup time: 20
2025-04-13 16:29:31,381 - JSPGymEnvironment - INFO - Executed operation: Job J16, Op 5, Machine M2, Start: 4979.0, End: 5009.0, Setup: 20
2025-04-13 16:29:31,381 - JSPGymEnvironment - INFO - Job J16 completed at time 5009.0, deadline: 2855, met: False, priority: 7
2025-04-13 16:29:31,431 - JSPGymEnvironment - INFO - Material change on machine M2: Racebike_Fahrrad_endmontiert -> E-Bike_Rahmen_nachbearbeitet, setup time: 20
2025-04-13 16:29:31,431 - JSPGymEnvironment - INFO - Executed operation: Job J19, Op 5, Machine M2, Start: 5029.0, End: 5050.0, Setup: 20
2025-04-13 16:29:31,487 - JSPGymEnvironment - INFO - Material change on machine M2: E-Bike_Rahmen_nachbearbeitet -> Mountainbike_Schaltauge_bearbeitet, setup time: 20
2025-04-13 16:29:31,487 - JSPGymEnvironment - INFO - Executed operation: Job J12, Op 1, Machine M2, Start: 5070.0, End: 5092.0, Setup: 20
2025-04-13 16:29:31,539 - JSPGymEnvironment - INFO - Material change on machine M2: Mountainbike_Schaltauge_bearbeitet -> E-Bike_Fahrrad_endmontiert, setup time: 20
2025-04-13 16:29:31,539 - JSPGymEnvironment - INFO - Executed operation: Job J19, Op 6, Machine M2, Start: 5112.0, End: 5137.0, Setup: 20
2025-04-13 16:29:31,539 - JSPGymEnvironment - INFO - Job J19 completed at time 5137.0, deadline: 2737, met: False, priority: 8
2025-04-13 16:29:31,586 - JSPGymEnvironment - INFO - Material change on machine M3: Racebike_Fahrrad_endmontiert -> Citybike_Antrieb_installiert, setup time: 15
2025-04-13 16:29:31,586 - JSPGymEnvironment - INFO - Executed operation: Job J9, Op 2, Machine M3, Start: 5152.0, End: 5206.0, Setup: 15
2025-04-13 16:29:31,652 - JSPGymEnvironment - INFO - Material change on machine M3: Citybike_Antrieb_installiert -> Racebike_Antrieb_installiert, setup time: 15
2025-04-13 16:29:31,652 - JSPGymEnvironment - INFO - Executed operation: Job J7, Op 2, Machine M3, Start: 5221.0, End: 5245.0, Setup: 15
2025-04-13 16:29:31,708 - JSPGymEnvironment - INFO - Material change on machine M3: Racebike_Antrieb_installiert -> Mountainbike_Antrieb_installiert, setup time: 15
2025-04-13 16:29:31,709 - JSPGymEnvironment - INFO - Executed operation: Job J12, Op 2, Machine M3, Start: 5260.0, End: 5305.0, Setup: 15
2025-04-13 16:29:31,779 - JSPGymEnvironment - INFO - Material change on machine M2: E-Bike_Fahrrad_endmontiert -> Citybike_Bremsaufnahme_gebohrt, setup time: 20
2025-04-13 16:29:31,779 - JSPGymEnvironment - INFO - Executed operation: Job J9, Op 3, Machine M2, Start: 5325.0, End: 5348.0, Setup: 20
2025-04-13 16:29:31,835 - JSPGymEnvironment - INFO - Material change on machine M2: Citybike_Bremsaufnahme_gebohrt -> Racebike_Bremsaufnahme_gebohrt, setup time: 20
2025-04-13 16:29:31,835 - JSPGymEnvironment - INFO - Executed operation: Job J7, Op 3, Machine M2, Start: 5368.0, End: 5391.0, Setup: 20
2025-04-13 16:29:31,885 - JSPGymEnvironment - INFO - Material change on machine M2: Racebike_Bremsaufnahme_gebohrt -> Mountainbike_Bremsaufnahme_gebohrt, setup time: 20
2025-04-13 16:29:31,885 - JSPGymEnvironment - INFO - Executed operation: Job J12, Op 3, Machine M2, Start: 5411.0, End: 5437.0, Setup: 20
2025-04-13 16:29:31,932 - JSPGymEnvironment - INFO - Material change on machine M2: Mountainbike_Bremsaufnahme_gebohrt -> Mountainbike_Rahmen_nachbearbeitet, setup time: 20
2025-04-13 16:29:31,932 - JSPGymEnvironment - INFO - Executed operation: Job J12, Op 4, Machine M2, Start: 5457.0, End: 5485.0, Setup: 20
2025-04-13 16:29:31,978 - JSPGymEnvironment - INFO - Executed operation: Job J12, Op 5, Machine M2, Start: 5500.0, End: 5528.0, Setup: 15
2025-04-13 16:29:32,382 - JSPGymEnvironment - INFO - Material change on machine M2: Mountainbike_Rahmen_nachbearbeitet -> Citybike_Rahmen_nachbearbeitet, setup time: 20
2025-04-13 16:29:32,382 - JSPGymEnvironment - INFO - Executed operation: Job J9, Op 4, Machine M2, Start: 5548.0, End: 5560.0, Setup: 20
2025-04-13 16:29:32,430 - JSPGymEnvironment - INFO - Material change on machine M2: Citybike_Rahmen_nachbearbeitet -> Mountainbike_Fahrrad_endmontiert, setup time: 20
2025-04-13 16:29:32,430 - JSPGymEnvironment - INFO - Executed operation: Job J12, Op 6, Machine M2, Start: 5580.0, End: 5602.0, Setup: 20
2025-04-13 16:29:32,430 - JSPGymEnvironment - INFO - Job J12 completed at time 5602.0, deadline: 2863, met: False, priority: 2
2025-04-13 16:29:32,482 - JSPGymEnvironment - INFO - Material change on machine M3: Mountainbike_Antrieb_installiert -> Citybike_Fahrrad_endmontiert, setup time: 15
2025-04-13 16:29:32,483 - JSPGymEnvironment - INFO - Executed operation: Job J9, Op 5, Machine M3, Start: 5617.0, End: 5668.0, Setup: 15
2025-04-13 16:29:32,534 - JSPGymEnvironment - INFO - Material change on machine M1: Racebike_Hauptrahmen_zugeschnitten -> E-Bike_Hauptrahmen_zugeschnitten, setup time: 40
2025-04-13 16:29:32,535 - JSPGymEnvironment - INFO - Executed operation: Job J13, Op 0, Machine M1, Start: 5708.0, End: 5749.0, Setup: 40
2025-04-13 16:29:32,583 - JSPGymEnvironment - INFO - Executed operation: Job J9, Op 6, Machine M3, Start: 5759.0, End: 5782.0, Setup: 10
2025-04-13 16:29:32,583 - JSPGymEnvironment - INFO - Job J9 completed at time 5782.0, deadline: 2880, met: False, priority: 8
2025-04-13 16:29:32,631 - JSPGymEnvironment - INFO - Material change on machine M2: Mountainbike_Fahrrad_endmontiert -> E-Bike_Schaltauge_bearbeitet, setup time: 20
2025-04-13 16:29:32,631 - JSPGymEnvironment - INFO - Executed operation: Job J13, Op 1, Machine M2, Start: 5802.0, End: 5825.0, Setup: 20
2025-04-13 16:29:32,679 - JSPGymEnvironment - INFO - Material change on machine M2: E-Bike_Schaltauge_bearbeitet -> Racebike_Rahmen_nachbearbeitet, setup time: 20
2025-04-13 16:29:32,679 - JSPGymEnvironment - INFO - Executed operation: Job J7, Op 4, Machine M2, Start: 5845.0, End: 5871.0, Setup: 20
2025-04-13 16:29:32,728 - JSPGymEnvironment - INFO - Executed operation: Job J7, Op 5, Machine M2, Start: 5886.0, End: 5904.0, Setup: 15
2025-04-13 16:29:32,783 - JSPGymEnvironment - INFO - Executed operation: Job J7, Op 6, Machine M2, Start: 5919.0, End: 5934.0, Setup: 15
2025-04-13 16:29:32,830 - JSPGymEnvironment - INFO - Material change on machine M2: Racebike_Rahmen_nachbearbeitet -> Racebike_Fahrrad_endmontiert, setup time: 20
2025-04-13 16:29:32,831 - JSPGymEnvironment - INFO - Executed operation: Job J7, Op 7, Machine M2, Start: 5954.0, End: 5979.0, Setup: 20
2025-04-13 16:29:32,831 - JSPGymEnvironment - INFO - Job J7 completed at time 5979.0, deadline: 2880, met: False, priority: 9
2025-04-13 16:29:32,879 - JSPGymEnvironment - INFO - Material change on machine M3: Citybike_Fahrrad_endmontiert -> E-Bike_Antrieb_installiert, setup time: 15
2025-04-13 16:29:32,879 - JSPGymEnvironment - INFO - Executed operation: Job J13, Op 2, Machine M3, Start: 5994.0, End: 6047.0, Setup: 15
2025-04-13 16:29:32,928 - JSPGymEnvironment - INFO - Material change on machine M2: Racebike_Fahrrad_endmontiert -> E-Bike_Bremsaufnahme_gebohrt, setup time: 20
2025-04-13 16:29:32,928 - JSPGymEnvironment - INFO - Executed operation: Job J13, Op 3, Machine M2, Start: 6067.0, End: 6089.0, Setup: 20
2025-04-13 16:29:32,986 - JSPGymEnvironment - INFO - Material change on machine M3: E-Bike_Antrieb_installiert -> E-Bike_Fahrrad_endmontiert, setup time: 15
2025-04-13 16:29:32,986 - JSPGymEnvironment - INFO - Executed operation: Job J13, Op 4, Machine M3, Start: 6104.0, End: 6157.0, Setup: 15
2025-04-13 16:29:32,986 - JSPGymEnvironment - INFO - Job J13 completed at time 6157.0, deadline: 2863, met: False, priority: 7
2025-04-13 16:29:32,987 - JSPGymEnvironment - INFO - Reward function updated with 55 insights
2025-04-13 16:29:32,987 - JSPGymEnvironment - INFO -   Material change on critical path at Job 12 Operation 0 on Machine M1 (Severity: 1.00)
2025-04-13 16:29:32,987 - JSPGymEnvironment - INFO -   Material change on critical path at Job 12 Operation 1 on Machine M2 (Severity: 1.00)
2025-04-13 16:29:32,987 - JSPGymEnvironment - INFO -   Material change on critical path at Job 12 Operation 2 on Machine M3 (Severity: 1.00)
2025-04-13 16:29:32,987 - JSPGymEnvironment - INFO -   Material change on critical path at Job 12 Operation 3 on Machine M2 (Severity: 1.00)
2025-04-13 16:29:32,988 - JSPGymEnvironment - INFO -   Material change on critical path at Job 12 Operation 4 on Machine M3 (Severity: 1.00)
2025-04-13 16:29:32,988 - JSPGymEnvironment - INFO -   High priority (8) not on critical path: Job 2 Operation 0 (Severity: 0.33)
2025-04-13 16:29:32,988 - JSPGymEnvironment - INFO -   High priority (10) not on critical path: Job 14 Operation 0 (Severity: 1.00)
2025-04-13 16:29:32,988 - JSPGymEnvironment - INFO -   High priority (8) not on critical path: Job 2 Operation 1 (Severity: 0.33)
2025-04-13 16:29:32,988 - JSPGymEnvironment - INFO -   High priority (8) not on critical path: Job 18 Operation 0 (Severity: 0.33)
2025-04-13 16:29:32,988 - JSPGymEnvironment - INFO -   High priority (8) not on critical path: Job 2 Operation 2 (Severity: 0.33)
2025-04-13 16:29:32,988 - JSPGymEnvironment - INFO -   High priority (8) not on critical path: Job 2 Operation 3 (Severity: 0.33)
2025-04-13 16:29:32,988 - JSPGymEnvironment - INFO -   High priority (10) not on critical path: Job 5 Operation 0 (Severity: 1.00)
2025-04-13 16:29:32,988 - JSPGymEnvironment - INFO -   High priority (8) not on critical path: Job 2 Operation 4 (Severity: 0.33)
2025-04-13 16:29:32,988 - JSPGymEnvironment - INFO -   High priority (9) not on critical path: Job 9 Operation 0 (Severity: 0.67)
2025-04-13 16:29:32,988 - JSPGymEnvironment - INFO -   High priority (8) not on critical path: Job 2 Operation 5 (Severity: 0.33)
2025-04-13 16:29:32,988 - JSPGymEnvironment - INFO -   High priority (8) not on critical path: Job 2 Operation 6 (Severity: 0.33)
2025-04-13 16:29:32,989 - JSPGymEnvironment - INFO -   High priority (8) not on critical path: Job 8 Operation 0 (Severity: 0.33)
2025-04-13 16:29:32,989 - JSPGymEnvironment - INFO -   High priority (9) not on critical path: Job 9 Operation 1 (Severity: 0.67)
2025-04-13 16:29:32,989 - JSPGymEnvironment - INFO -   High priority (10) not on critical path: Job 14 Operation 1 (Severity: 1.00)
2025-04-13 16:29:32,989 - JSPGymEnvironment - INFO -   High priority (10) not on critical path: Job 14 Operation 2 (Severity: 1.00)
2025-04-13 16:29:32,989 - JSPGymEnvironment - INFO -   High priority (8) not on critical path: Job 18 Operation 1 (Severity: 0.33)
2025-04-13 16:29:32,989 - JSPGymEnvironment - INFO -   High priority (9) not on critical path: Job 9 Operation 2 (Severity: 0.67)
2025-04-13 16:29:32,989 - JSPGymEnvironment - INFO -   High priority (9) not on critical path: Job 6 Operation 0 (Severity: 0.67)
2025-04-13 16:29:32,989 - JSPGymEnvironment - INFO -   High priority (10) not on critical path: Job 14 Operation 3 (Severity: 1.00)
2025-04-13 16:29:32,989 - JSPGymEnvironment - INFO -   High priority (10) not on critical path: Job 14 Operation 4 (Severity: 1.00)
2025-04-13 16:29:32,989 - JSPGymEnvironment - INFO -   High priority (10) not on critical path: Job 5 Operation 1 (Severity: 1.00)
2025-04-13 16:29:32,989 - JSPGymEnvironment - INFO -   High priority (10) not on critical path: Job 5 Operation 2 (Severity: 1.00)
2025-04-13 16:29:32,989 - JSPGymEnvironment - INFO -   High priority (9) not on critical path: Job 9 Operation 3 (Severity: 0.67)
2025-04-13 16:29:32,989 - JSPGymEnvironment - INFO -   High priority (10) not on critical path: Job 14 Operation 5 (Severity: 1.00)
2025-04-13 16:29:32,989 - JSPGymEnvironment - INFO -   High priority (9) not on critical path: Job 9 Operation 4 (Severity: 0.67)
2025-04-13 16:29:32,990 - JSPGymEnvironment - INFO -   High priority (9) not on critical path: Job 9 Operation 5 (Severity: 0.67)
2025-04-13 16:29:32,990 - JSPGymEnvironment - INFO -   High priority (8) not on critical path: Job 18 Operation 2 (Severity: 0.33)
2025-04-13 16:29:32,990 - JSPGymEnvironment - INFO -   High priority (10) not on critical path: Job 5 Operation 3 (Severity: 1.00)
2025-04-13 16:29:32,990 - JSPGymEnvironment - INFO -   High priority (10) not on critical path: Job 14 Operation 6 (Severity: 1.00)
2025-04-13 16:29:32,990 - JSPGymEnvironment - INFO -   High priority (8) not on critical path: Job 18 Operation 3 (Severity: 0.33)
2025-04-13 16:29:32,990 - JSPGymEnvironment - INFO -   High priority (8) not on critical path: Job 8 Operation 1 (Severity: 0.33)
2025-04-13 16:29:32,990 - JSPGymEnvironment - INFO -   High priority (9) not on critical path: Job 9 Operation 6 (Severity: 0.67)
2025-04-13 16:29:32,990 - JSPGymEnvironment - INFO -   High priority (10) not on critical path: Job 14 Operation 7 (Severity: 1.00)
2025-04-13 16:29:32,990 - JSPGymEnvironment - INFO -   High priority (9) not on critical path: Job 9 Operation 7 (Severity: 0.67)
2025-04-13 16:29:32,990 - JSPGymEnvironment - INFO -   High priority (8) not on critical path: Job 18 Operation 4 (Severity: 0.33)
2025-04-13 16:29:32,990 - JSPGymEnvironment - INFO -   High priority (9) not on critical path: Job 6 Operation 1 (Severity: 0.67)
2025-04-13 16:29:32,991 - JSPGymEnvironment - INFO -   High priority (10) not on critical path: Job 5 Operation 4 (Severity: 1.00)
2025-04-13 16:29:32,991 - JSPGymEnvironment - INFO -   High priority (8) not on critical path: Job 18 Operation 5 (Severity: 0.33)
2025-04-13 16:29:32,991 - JSPGymEnvironment - INFO -   High priority (8) not on critical path: Job 18 Operation 6 (Severity: 0.33)
2025-04-13 16:29:32,991 - JSPGymEnvironment - INFO -   High priority (8) not on critical path: Job 8 Operation 2 (Severity: 0.33)
2025-04-13 16:29:32,991 - JSPGymEnvironment - INFO -   High priority (9) not on critical path: Job 6 Operation 2 (Severity: 0.67)
2025-04-13 16:29:32,991 - JSPGymEnvironment - INFO -   High priority (8) not on critical path: Job 8 Operation 3 (Severity: 0.33)
2025-04-13 16:29:32,991 - JSPGymEnvironment - INFO -   High priority (9) not on critical path: Job 6 Operation 3 (Severity: 0.67)
2025-04-13 16:29:32,991 - JSPGymEnvironment - INFO -   High priority (8) not on critical path: Job 8 Operation 4 (Severity: 0.33)
2025-04-13 16:29:32,991 - JSPGymEnvironment - INFO -   High priority (8) not on critical path: Job 8 Operation 5 (Severity: 0.33)
2025-04-13 16:29:32,992 - JSPGymEnvironment - INFO -   High priority (8) not on critical path: Job 8 Operation 6 (Severity: 0.33)
2025-04-13 16:29:32,992 - JSPGymEnvironment - INFO -   High priority (9) not on critical path: Job 6 Operation 4 (Severity: 0.67)
2025-04-13 16:29:32,992 - JSPGymEnvironment - INFO -   High priority (9) not on critical path: Job 6 Operation 5 (Severity: 0.67)
2025-04-13 16:29:32,992 - JSPGymEnvironment - INFO -   High priority (9) not on critical path: Job 6 Operation 6 (Severity: 0.67)
2025-04-13 16:29:32,992 - JSPGymEnvironment - INFO -   High priority (9) not on critical path: Job 6 Operation 7 (Severity: 0.67)
2025-04-13 16:29:32,992 - JSPGymEnvironment - INFO - Episode completed. Critical path: 5 operations, Suboptimal placements: 55
2025-04-13 16:29:32,992 - JSPGymEnvironment - INFO - Reward components: {'makespan_reward': -0.68, 'setup_reward': -7.5, 'idle_penalty': 0.0, 'deadline_reward': -5.7527069507509605, 'priority_reward': 14.0, 'critical_job_reward': 0.0, 'global_progress_reward': 5.0, 'objective_reward': 0.0, 'placement_reward': 3.0, 'lookahead_reward': 0.0}
2025-04-13 16:31:01,471 - JSPGymEnvironment - INFO - Environment reset
2025-04-13 16:31:01,509 - JSPGymEnvironment - INFO - Material change on machine M1:  -> Racebike_Hauptrahmen_zugeschnitten, setup time: 0
2025-04-13 16:31:01,509 - JSPGymEnvironment - INFO - Executed operation: Job J1, Op 0, Machine M1, Start: 0.0, End: 40.0, Setup: 0
2025-04-13 16:31:01,548 - JSPGymEnvironment - INFO - Material change on machine M1: Racebike_Hauptrahmen_zugeschnitten -> E-Bike_Hauptrahmen_zugeschnitten, setup time: 40
2025-04-13 16:31:01,548 - JSPGymEnvironment - INFO - Executed operation: Job J13, Op 0, Machine M1, Start: 80.0, End: 121.0, Setup: 40
2025-04-13 16:31:01,585 - JSPGymEnvironment - INFO - Executed operation: Job J3, Op 0, Machine M1, Start: 146.0, End: 180.0, Setup: 25
2025-04-13 16:31:01,833 - JSPGymEnvironment - INFO - Material change on machine M1: E-Bike_Hauptrahmen_zugeschnitten -> Racebike_Hauptrahmen_zugeschnitten, setup time: 40
2025-04-13 16:31:01,833 - JSPGymEnvironment - INFO - Executed operation: Job J16, Op 0, Machine M1, Start: 220.0, End: 246.0, Setup: 40
2025-04-13 16:31:01,874 - JSPGymEnvironment - INFO - Material change on machine M2:  -> Racebike_Schaltauge_bearbeitet, setup time: 0
2025-04-13 16:31:01,874 - JSPGymEnvironment - INFO - Executed operation: Job J1, Op 1, Machine M2, Start: 246.0, End: 262.0, Setup: 0
2025-04-13 16:31:01,910 - JSPGymEnvironment - INFO - Material change on machine M1: Racebike_Hauptrahmen_zugeschnitten -> Citybike_Hauptrahmen_zugeschnitten, setup time: 40
2025-04-13 16:31:01,910 - JSPGymEnvironment - INFO - Executed operation: Job J14, Op 0, Machine M1, Start: 302.0, End: 320.0, Setup: 40
2025-04-13 16:31:01,945 - JSPGymEnvironment - INFO - Material change on machine M2: Racebike_Schaltauge_bearbeitet -> Citybike_Schaltauge_bearbeitet, setup time: 20
2025-04-13 16:31:01,945 - JSPGymEnvironment - INFO - Executed operation: Job J14, Op 1, Machine M2, Start: 340.0, End: 356.0, Setup: 20
2025-04-13 16:31:01,981 - JSPGymEnvironment - INFO - Material change on machine M2: Citybike_Schaltauge_bearbeitet -> Racebike_Schaltauge_bearbeitet, setup time: 20
2025-04-13 16:31:01,981 - JSPGymEnvironment - INFO - Executed operation: Job J16, Op 1, Machine M2, Start: 376.0, End: 391.0, Setup: 20
2025-04-13 16:31:02,021 - JSPGymEnvironment - INFO - Executed operation: Job J2, Op 0, Machine M1, Start: 416.0, End: 432.0, Setup: 25
2025-04-13 16:31:02,060 - JSPGymEnvironment - INFO - Material change on machine M3:  -> Racebike_Antrieb_installiert, setup time: 0
2025-04-13 16:31:02,060 - JSPGymEnvironment - INFO - Executed operation: Job J16, Op 2, Machine M3, Start: 432.0, End: 462.0, Setup: 0
2025-04-13 16:31:02,103 - JSPGymEnvironment - INFO - Executed operation: Job J11, Op 0, Machine M1, Start: 487.0, End: 518.0, Setup: 25
2025-04-13 16:31:02,146 - JSPGymEnvironment - INFO - Material change on machine M2: Racebike_Schaltauge_bearbeitet -> E-Bike_Schaltauge_bearbeitet, setup time: 20
2025-04-13 16:31:02,147 - JSPGymEnvironment - INFO - Executed operation: Job J3, Op 1, Machine M2, Start: 538.0, End: 558.0, Setup: 20
2025-04-13 16:31:02,188 - JSPGymEnvironment - INFO - Material change on machine M1: Citybike_Hauptrahmen_zugeschnitten -> Mountainbike_Hauptrahmen_zugeschnitten, setup time: 40
2025-04-13 16:31:02,189 - JSPGymEnvironment - INFO - Executed operation: Job J20, Op 0, Machine M1, Start: 598.0, End: 617.0, Setup: 40
2025-04-13 16:31:02,229 - JSPGymEnvironment - INFO - Executed operation: Job J5, Op 0, Machine M1, Start: 642.0, End: 678.0, Setup: 25
2025-04-13 16:31:02,277 - JSPGymEnvironment - INFO - Material change on machine M2: E-Bike_Schaltauge_bearbeitet -> Mountainbike_Schaltauge_bearbeitet, setup time: 20
2025-04-13 16:31:02,277 - JSPGymEnvironment - INFO - Executed operation: Job J20, Op 1, Machine M2, Start: 698.0, End: 723.0, Setup: 20
2025-04-13 16:31:02,315 - JSPGymEnvironment - INFO - Material change on machine M1: Mountainbike_Hauptrahmen_zugeschnitten -> Racebike_Hauptrahmen_zugeschnitten, setup time: 40
2025-04-13 16:31:02,315 - JSPGymEnvironment - INFO - Executed operation: Job J7, Op 0, Machine M1, Start: 763.0, End: 798.0, Setup: 40
2025-04-13 16:31:02,352 - JSPGymEnvironment - INFO - Material change on machine M2: Mountainbike_Schaltauge_bearbeitet -> Racebike_Bremsaufnahme_gebohrt, setup time: 20
2025-04-13 16:31:02,352 - JSPGymEnvironment - INFO - Executed operation: Job J16, Op 3, Machine M2, Start: 818.0, End: 841.0, Setup: 20
2025-04-13 16:31:02,389 - JSPGymEnvironment - INFO - Executed operation: Job J1, Op 2, Machine M3, Start: 851.0, End: 887.0, Setup: 10
2025-04-13 16:31:02,642 - JSPGymEnvironment - INFO - Executed operation: Job J1, Op 3, Machine M2, Start: 902.0, End: 920.0, Setup: 15
2025-04-13 16:31:02,676 - JSPGymEnvironment - INFO - Material change on machine M2: Racebike_Bremsaufnahme_gebohrt -> Racebike_Rahmen_nachbearbeitet, setup time: 20
2025-04-13 16:31:02,676 - JSPGymEnvironment - INFO - Executed operation: Job J1, Op 4, Machine M2, Start: 940.0, End: 962.0, Setup: 20
2025-04-13 16:31:02,711 - JSPGymEnvironment - INFO - Executed operation: Job J10, Op 0, Machine M1, Start: 987.0, End: 1019.0, Setup: 25
2025-04-13 16:31:02,745 - JSPGymEnvironment - INFO - Material change on machine M2: Racebike_Rahmen_nachbearbeitet -> Racebike_Fahrrad_endmontiert, setup time: 20
2025-04-13 16:31:02,745 - JSPGymEnvironment - INFO - Executed operation: Job J1, Op 5, Machine M2, Start: 1039.0, End: 1051.0, Setup: 20
2025-04-13 16:31:02,745 - JSPGymEnvironment - INFO - Job J1 completed at time 1051.0, deadline: 2790, met: True, priority: 7
2025-04-13 16:31:02,780 - JSPGymEnvironment - INFO - Executed operation: Job J15, Op 0, Machine M1, Start: 1076.0, End: 1099.0, Setup: 25
2025-04-13 16:31:02,815 - JSPGymEnvironment - INFO - Material change on machine M2: Racebike_Fahrrad_endmontiert -> Racebike_Schaltauge_bearbeitet, setup time: 20
2025-04-13 16:31:02,815 - JSPGymEnvironment - INFO - Executed operation: Job J7, Op 1, Machine M2, Start: 1119.0, End: 1142.0, Setup: 20
2025-04-13 16:31:02,852 - JSPGymEnvironment - INFO - Material change on machine M2: Racebike_Schaltauge_bearbeitet -> Racebike_Rahmen_nachbearbeitet, setup time: 20
2025-04-13 16:31:02,852 - JSPGymEnvironment - INFO - Executed operation: Job J16, Op 4, Machine M2, Start: 1162.0, End: 1176.0, Setup: 20
2025-04-13 16:31:02,888 - JSPGymEnvironment - INFO - Executed operation: Job J7, Op 2, Machine M3, Start: 1186.0, End: 1210.0, Setup: 10
2025-04-13 16:31:02,922 - JSPGymEnvironment - INFO - Material change on machine M3: Racebike_Antrieb_installiert -> E-Bike_Antrieb_installiert, setup time: 15
2025-04-13 16:31:02,923 - JSPGymEnvironment - INFO - Executed operation: Job J3, Op 2, Machine M3, Start: 1225.0, End: 1283.0, Setup: 15
2025-04-13 16:31:02,957 - JSPGymEnvironment - INFO - Material change on machine M3: E-Bike_Antrieb_installiert -> Mountainbike_Antrieb_installiert, setup time: 15
2025-04-13 16:31:02,957 - JSPGymEnvironment - INFO - Executed operation: Job J20, Op 2, Machine M3, Start: 1298.0, End: 1322.0, Setup: 15
2025-04-13 16:31:02,991 - JSPGymEnvironment - INFO - Material change on machine M2: Racebike_Rahmen_nachbearbeitet -> Racebike_Fahrrad_endmontiert, setup time: 20
2025-04-13 16:31:02,991 - JSPGymEnvironment - INFO - Executed operation: Job J16, Op 5, Machine M2, Start: 1342.0, End: 1372.0, Setup: 20
2025-04-13 16:31:02,991 - JSPGymEnvironment - INFO - Job J16 completed at time 1372.0, deadline: 2855, met: True, priority: 7
2025-04-13 16:31:03,025 - JSPGymEnvironment - INFO - Material change on machine M3: Mountainbike_Antrieb_installiert -> Mountainbike_Bremsen_justiert, setup time: 15
2025-04-13 16:31:03,025 - JSPGymEnvironment - INFO - Executed operation: Job J20, Op 3, Machine M3, Start: 1387.0, End: 1428.0, Setup: 15
2025-04-13 16:31:03,059 - JSPGymEnvironment - INFO - Material change on machine M2: Racebike_Fahrrad_endmontiert -> E-Bike_Schaltauge_bearbeitet, setup time: 20
2025-04-13 16:31:03,059 - JSPGymEnvironment - INFO - Executed operation: Job J13, Op 1, Machine M2, Start: 1448.0, End: 1471.0, Setup: 20
2025-04-13 16:31:03,093 - JSPGymEnvironment - INFO - Material change on machine M2: E-Bike_Schaltauge_bearbeitet -> Racebike_Schaltauge_bearbeitet, setup time: 20
2025-04-13 16:31:03,093 - JSPGymEnvironment - INFO - Executed operation: Job J15, Op 1, Machine M2, Start: 1491.0, End: 1504.0, Setup: 20
2025-04-13 16:31:03,334 - JSPGymEnvironment - INFO - Material change on machine M2: Racebike_Schaltauge_bearbeitet -> Racebike_Bremsaufnahme_gebohrt, setup time: 20
2025-04-13 16:31:03,334 - JSPGymEnvironment - INFO - Executed operation: Job J7, Op 3, Machine M2, Start: 1524.0, End: 1547.0, Setup: 20
2025-04-13 16:31:03,375 - JSPGymEnvironment - INFO - Material change on machine M2: Racebike_Bremsaufnahme_gebohrt -> Mountainbike_Schaltauge_bearbeitet, setup time: 20
2025-04-13 16:31:03,375 - JSPGymEnvironment - INFO - Executed operation: Job J5, Op 1, Machine M2, Start: 1567.0, End: 1582.0, Setup: 20
2025-04-13 16:31:03,415 - JSPGymEnvironment - INFO - Material change on machine M3: Mountainbike_Bremsen_justiert -> Racebike_Antrieb_installiert, setup time: 15
2025-04-13 16:31:03,415 - JSPGymEnvironment - INFO - Executed operation: Job J15, Op 2, Machine M3, Start: 1597.0, End: 1632.0, Setup: 15
2025-04-13 16:31:03,459 - JSPGymEnvironment - INFO - Material change on machine M2: Mountainbike_Schaltauge_bearbeitet -> E-Bike_Bremsaufnahme_gebohrt, setup time: 20
2025-04-13 16:31:03,459 - JSPGymEnvironment - INFO - Executed operation: Job J3, Op 3, Machine M2, Start: 1652.0, End: 1682.0, Setup: 20
2025-04-13 16:31:03,503 - JSPGymEnvironment - INFO - Material change on machine M3: Racebike_Antrieb_installiert -> Mountainbike_Antrieb_installiert, setup time: 15
2025-04-13 16:31:03,503 - JSPGymEnvironment - INFO - Executed operation: Job J5, Op 2, Machine M3, Start: 1697.0, End: 1722.0, Setup: 15
2025-04-13 16:31:03,538 - JSPGymEnvironment - INFO - Material change on machine M2: E-Bike_Bremsaufnahme_gebohrt -> Mountainbike_Rahmen_nachbearbeitet, setup time: 20
2025-04-13 16:31:03,539 - JSPGymEnvironment - INFO - Executed operation: Job J20, Op 4, Machine M2, Start: 1742.0, End: 1759.0, Setup: 20
2025-04-13 16:31:03,574 - JSPGymEnvironment - INFO - Material change on machine M1: Racebike_Hauptrahmen_zugeschnitten -> Citybike_Hauptrahmen_zugeschnitten, setup time: 40
2025-04-13 16:31:03,574 - JSPGymEnvironment - INFO - Executed operation: Job J8, Op 0, Machine M1, Start: 1799.0, End: 1818.0, Setup: 40
2025-04-13 16:31:03,608 - JSPGymEnvironment - INFO - Material change on machine M2: Mountainbike_Rahmen_nachbearbeitet -> Racebike_Schaltauge_bearbeitet, setup time: 20
2025-04-13 16:31:03,609 - JSPGymEnvironment - INFO - Executed operation: Job J10, Op 1, Machine M2, Start: 1838.0, End: 1863.0, Setup: 20
2025-04-13 16:31:03,643 - JSPGymEnvironment - INFO - Material change on machine M3: Mountainbike_Antrieb_installiert -> Mountainbike_Fahrrad_endmontiert, setup time: 15
2025-04-13 16:31:03,643 - JSPGymEnvironment - INFO - Executed operation: Job J20, Op 5, Machine M3, Start: 1878.0, End: 1903.0, Setup: 15
2025-04-13 16:31:03,678 - JSPGymEnvironment - INFO - Executed operation: Job J20, Op 6, Machine M3, Start: 1913.0, End: 1953.0, Setup: 10
2025-04-13 16:31:03,678 - JSPGymEnvironment - INFO - Job J20 completed at time 1953.0, deadline: 2744, met: True, priority: 3
2025-04-13 16:31:03,714 - JSPGymEnvironment - INFO - Material change on machine M2: Racebike_Schaltauge_bearbeitet -> E-Bike_Rahmen_nachbearbeitet, setup time: 20
2025-04-13 16:31:03,714 - JSPGymEnvironment - INFO - Executed operation: Job J3, Op 4, Machine M2, Start: 1973.0, End: 1990.0, Setup: 20
2025-04-13 16:31:03,751 - JSPGymEnvironment - INFO - Material change on machine M3: Mountainbike_Fahrrad_endmontiert -> Racebike_Antrieb_installiert, setup time: 15
2025-04-13 16:31:03,751 - JSPGymEnvironment - INFO - Executed operation: Job J10, Op 2, Machine M3, Start: 2005.0, End: 2044.0, Setup: 15
2025-04-13 16:31:03,788 - JSPGymEnvironment - INFO - Material change on machine M2: E-Bike_Rahmen_nachbearbeitet -> Citybike_Schaltauge_bearbeitet, setup time: 20
2025-04-13 16:31:03,788 - JSPGymEnvironment - INFO - Executed operation: Job J11, Op 1, Machine M2, Start: 2064.0, End: 2077.0, Setup: 20
2025-04-13 16:31:03,825 - JSPGymEnvironment - INFO - Material change on machine M2: Citybike_Schaltauge_bearbeitet -> Racebike_Bremsaufnahme_gebohrt, setup time: 20
2025-04-13 16:31:03,825 - JSPGymEnvironment - INFO - Executed operation: Job J10, Op 3, Machine M2, Start: 2097.0, End: 2119.0, Setup: 20
2025-04-13 16:31:04,066 - JSPGymEnvironment - INFO - Material change on machine M2: Racebike_Bremsaufnahme_gebohrt -> E-Bike_Rahmen_nachbearbeitet, setup time: 20
2025-04-13 16:31:04,066 - JSPGymEnvironment - INFO - Executed operation: Job J3, Op 5, Machine M2, Start: 2139.0, End: 2160.0, Setup: 20
2025-04-13 16:31:04,104 - JSPGymEnvironment - INFO - Material change on machine M2: E-Bike_Rahmen_nachbearbeitet -> Racebike_Rahmen_nachbearbeitet, setup time: 20
2025-04-13 16:31:04,104 - JSPGymEnvironment - INFO - Executed operation: Job J7, Op 4, Machine M2, Start: 2180.0, End: 2206.0, Setup: 20
2025-04-13 16:31:04,141 - JSPGymEnvironment - INFO - Executed operation: Job J7, Op 5, Machine M2, Start: 2221.0, End: 2239.0, Setup: 15
2025-04-13 16:31:04,176 - JSPGymEnvironment - INFO - Material change on machine M3: Racebike_Antrieb_installiert -> E-Bike_Antrieb_installiert, setup time: 15
2025-04-13 16:31:04,176 - JSPGymEnvironment - INFO - Executed operation: Job J13, Op 2, Machine M3, Start: 2254.0, End: 2307.0, Setup: 15
2025-04-13 16:31:04,212 - JSPGymEnvironment - INFO - Material change on machine M3: E-Bike_Antrieb_installiert -> Citybike_Antrieb_installiert, setup time: 15
2025-04-13 16:31:04,212 - JSPGymEnvironment - INFO - Executed operation: Job J11, Op 2, Machine M3, Start: 2322.0, End: 2364.0, Setup: 15
2025-04-13 16:31:04,247 - JSPGymEnvironment - INFO - Executed operation: Job J14, Op 2, Machine M3, Start: 2374.0, End: 2396.0, Setup: 10
2025-04-13 16:31:04,284 - JSPGymEnvironment - INFO - Material change on machine M2: Racebike_Rahmen_nachbearbeitet -> E-Bike_Bremsaufnahme_gebohrt, setup time: 20
2025-04-13 16:31:04,284 - JSPGymEnvironment - INFO - Executed operation: Job J13, Op 3, Machine M2, Start: 2416.0, End: 2438.0, Setup: 20
2025-04-13 16:31:04,320 - JSPGymEnvironment - INFO - Material change on machine M2: E-Bike_Bremsaufnahme_gebohrt -> Racebike_Rahmen_nachbearbeitet, setup time: 20
2025-04-13 16:31:04,320 - JSPGymEnvironment - INFO - Executed operation: Job J7, Op 6, Machine M2, Start: 2458.0, End: 2473.0, Setup: 20
2025-04-13 16:31:04,357 - JSPGymEnvironment - INFO - Executed operation: Job J17, Op 0, Machine M1, Start: 2498.0, End: 2536.0, Setup: 25
2025-04-13 16:31:04,393 - JSPGymEnvironment - INFO - Material change on machine M3: Citybike_Antrieb_installiert -> E-Bike_Fahrrad_endmontiert, setup time: 15
2025-04-13 16:31:04,393 - JSPGymEnvironment - INFO - Executed operation: Job J13, Op 4, Machine M3, Start: 2551.0, End: 2604.0, Setup: 15
2025-04-13 16:31:04,393 - JSPGymEnvironment - INFO - Job J13 completed at time 2604.0, deadline: 2863, met: True, priority: 7
2025-04-13 16:31:04,429 - JSPGymEnvironment - INFO - Material change on machine M3: E-Bike_Fahrrad_endmontiert -> Citybike_Bremsen_justiert, setup time: 15
2025-04-13 16:31:04,430 - JSPGymEnvironment - INFO - Executed operation: Job J11, Op 3, Machine M3, Start: 2619.0, End: 2641.0, Setup: 15
2025-04-13 16:31:04,465 - JSPGymEnvironment - INFO - Material change on machine M2: Racebike_Rahmen_nachbearbeitet -> Citybike_Schaltauge_bearbeitet, setup time: 20
2025-04-13 16:31:04,465 - JSPGymEnvironment - INFO - Executed operation: Job J8, Op 1, Machine M2, Start: 2661.0, End: 2674.0, Setup: 20
2025-04-13 16:31:04,501 - JSPGymEnvironment - INFO - Material change on machine M3: Citybike_Bremsen_justiert -> Citybike_Antrieb_installiert, setup time: 15
2025-04-13 16:31:04,501 - JSPGymEnvironment - INFO - Executed operation: Job J8, Op 2, Machine M3, Start: 2689.0, End: 2743.0, Setup: 15
2025-04-13 16:31:04,770 - JSPGymEnvironment - INFO - Material change on machine M3: Citybike_Antrieb_installiert -> Citybike_Bremsen_justiert, setup time: 15
2025-04-13 16:31:04,770 - JSPGymEnvironment - INFO - Executed operation: Job J8, Op 3, Machine M3, Start: 2758.0, End: 2816.0, Setup: 15
2025-04-13 16:31:04,806 - JSPGymEnvironment - INFO - Material change on machine M1: Citybike_Hauptrahmen_zugeschnitten -> Racebike_Hauptrahmen_zugeschnitten, setup time: 40
2025-04-13 16:31:04,806 - JSPGymEnvironment - INFO - Executed operation: Job J4, Op 0, Machine M1, Start: 2856.0, End: 2881.0, Setup: 40
2025-04-13 16:31:04,841 - JSPGymEnvironment - INFO - Material change on machine M3: Citybike_Bremsen_justiert -> Citybike_Fahrrad_endmontiert, setup time: 15
2025-04-13 16:31:04,842 - JSPGymEnvironment - INFO - Executed operation: Job J11, Op 4, Machine M3, Start: 2896.0, End: 2935.0, Setup: 15
2025-04-13 16:31:04,876 - JSPGymEnvironment - INFO - Material change on machine M2: Citybike_Schaltauge_bearbeitet -> Racebike_Fahrrad_endmontiert, setup time: 20
2025-04-13 16:31:04,876 - JSPGymEnvironment - INFO - Executed operation: Job J7, Op 7, Machine M2, Start: 2955.0, End: 2980.0, Setup: 20
2025-04-13 16:31:04,876 - JSPGymEnvironment - INFO - Job J7 completed at time 2980.0, deadline: 2880, met: False, priority: 9
2025-04-13 16:31:04,911 - JSPGymEnvironment - INFO - Material change on machine M2: Racebike_Fahrrad_endmontiert -> Citybike_Schaltauge_bearbeitet, setup time: 20
2025-04-13 16:31:04,911 - JSPGymEnvironment - INFO - Executed operation: Job J17, Op 1, Machine M2, Start: 3000.0, End: 3020.0, Setup: 20
2025-04-13 16:31:04,946 - JSPGymEnvironment - INFO - Material change on machine M2: Citybike_Schaltauge_bearbeitet -> Citybike_Bremsaufnahme_gebohrt, setup time: 20
2025-04-13 16:31:04,946 - JSPGymEnvironment - INFO - Executed operation: Job J14, Op 3, Machine M2, Start: 3040.0, End: 3058.0, Setup: 20
2025-04-13 16:31:04,981 - JSPGymEnvironment - INFO - Material change on machine M1: Racebike_Hauptrahmen_zugeschnitten -> Citybike_Hauptrahmen_zugeschnitten, setup time: 40
2025-04-13 16:31:04,981 - JSPGymEnvironment - INFO - Executed operation: Job J9, Op 0, Machine M1, Start: 3098.0, End: 3138.0, Setup: 40
2025-04-13 16:31:05,018 - JSPGymEnvironment - INFO - Material change on machine M2: Citybike_Bremsaufnahme_gebohrt -> Mountainbike_Bremsaufnahme_gebohrt, setup time: 20
2025-04-13 16:31:05,018 - JSPGymEnvironment - INFO - Executed operation: Job J5, Op 3, Machine M2, Start: 3158.0, End: 3173.0, Setup: 20
2025-04-13 16:31:05,054 - JSPGymEnvironment - INFO - Material change on machine M2: Mountainbike_Bremsaufnahme_gebohrt -> Racebike_Rahmen_nachbearbeitet, setup time: 20
2025-04-13 16:31:05,054 - JSPGymEnvironment - INFO - Executed operation: Job J10, Op 4, Machine M2, Start: 3193.0, End: 3204.0, Setup: 20
2025-04-13 16:31:05,091 - JSPGymEnvironment - INFO - Material change on machine M2: Racebike_Rahmen_nachbearbeitet -> Citybike_Rahmen_nachbearbeitet, setup time: 20
2025-04-13 16:31:05,092 - JSPGymEnvironment - INFO - Executed operation: Job J14, Op 4, Machine M2, Start: 3224.0, End: 3253.0, Setup: 20
2025-04-13 16:31:05,128 - JSPGymEnvironment - INFO - Material change on machine M2: Citybike_Rahmen_nachbearbeitet -> Racebike_Rahmen_nachbearbeitet, setup time: 20
2025-04-13 16:31:05,128 - JSPGymEnvironment - INFO - Executed operation: Job J10, Op 5, Machine M2, Start: 3273.0, End: 3291.0, Setup: 20
2025-04-13 16:31:05,163 - JSPGymEnvironment - INFO - Executed operation: Job J8, Op 4, Machine M3, Start: 3301.0, End: 3350.0, Setup: 10
2025-04-13 16:31:05,199 - JSPGymEnvironment - INFO - Material change on machine M2: Racebike_Rahmen_nachbearbeitet -> Mountainbike_Rahmen_nachbearbeitet, setup time: 20
2025-04-13 16:31:05,199 - JSPGymEnvironment - INFO - Executed operation: Job J5, Op 4, Machine M2, Start: 3370.0, End: 3400.0, Setup: 20
2025-04-13 16:31:05,235 - JSPGymEnvironment - INFO - Material change on machine M2: Mountainbike_Rahmen_nachbearbeitet -> Mountainbike_Fahrrad_endmontiert, setup time: 20
2025-04-13 16:31:05,235 - JSPGymEnvironment - INFO - Executed operation: Job J5, Op 5, Machine M2, Start: 3420.0, End: 3442.0, Setup: 20
2025-04-13 16:31:05,235 - JSPGymEnvironment - INFO - Job J5 completed at time 3442.0, deadline: 2880, met: False, priority: 1
2025-04-13 16:31:05,273 - JSPGymEnvironment - INFO - Material change on machine M3: Citybike_Fahrrad_endmontiert -> Citybike_Antrieb_installiert, setup time: 15
2025-04-13 16:31:05,273 - JSPGymEnvironment - INFO - Executed operation: Job J17, Op 2, Machine M3, Start: 3457.0, End: 3491.0, Setup: 15
2025-04-13 16:31:05,515 - JSPGymEnvironment - INFO - Material change on machine M3: Citybike_Antrieb_installiert -> Citybike_Bremsen_justiert, setup time: 15
2025-04-13 16:31:05,515 - JSPGymEnvironment - INFO - Executed operation: Job J17, Op 3, Machine M3, Start: 3506.0, End: 3532.0, Setup: 15
2025-04-13 16:31:05,551 - JSPGymEnvironment - INFO - Material change on machine M2: Mountainbike_Fahrrad_endmontiert -> Racebike_Schaltauge_bearbeitet, setup time: 20
2025-04-13 16:31:05,551 - JSPGymEnvironment - INFO - Executed operation: Job J4, Op 1, Machine M2, Start: 3552.0, End: 3567.0, Setup: 20
2025-04-13 16:31:05,586 - JSPGymEnvironment - INFO - Material change on machine M2: Racebike_Schaltauge_bearbeitet -> Citybike_Rahmen_nachbearbeitet, setup time: 20
2025-04-13 16:31:05,587 - JSPGymEnvironment - INFO - Executed operation: Job J11, Op 5, Machine M2, Start: 3587.0, End: 3604.0, Setup: 20
2025-04-13 16:31:05,622 - JSPGymEnvironment - INFO - Material change on machine M2: Citybike_Rahmen_nachbearbeitet -> E-Bike_Fahrrad_endmontiert, setup time: 20
2025-04-13 16:31:05,623 - JSPGymEnvironment - INFO - Executed operation: Job J3, Op 6, Machine M2, Start: 3624.0, End: 3634.0, Setup: 20
2025-04-13 16:31:05,623 - JSPGymEnvironment - INFO - Job J3 completed at time 3634.0, deadline: 2862, met: False, priority: 8
2025-04-13 16:31:05,657 - JSPGymEnvironment - INFO - Material change on machine M2: E-Bike_Fahrrad_endmontiert -> Citybike_Rahmen_nachbearbeitet, setup time: 20
2025-04-13 16:31:05,657 - JSPGymEnvironment - INFO - Executed operation: Job J14, Op 5, Machine M2, Start: 3654.0, End: 3684.0, Setup: 20
2025-04-13 16:31:05,692 - JSPGymEnvironment - INFO - Material change on machine M2: Citybike_Rahmen_nachbearbeitet -> Racebike_Rahmen_nachbearbeitet, setup time: 20
2025-04-13 16:31:05,693 - JSPGymEnvironment - INFO - Executed operation: Job J10, Op 6, Machine M2, Start: 3704.0, End: 3715.0, Setup: 20
2025-04-13 16:31:05,727 - JSPGymEnvironment - INFO - Material change on machine M2: Racebike_Rahmen_nachbearbeitet -> Citybike_Fahrrad_endmontiert, setup time: 20
2025-04-13 16:31:05,727 - JSPGymEnvironment - INFO - Executed operation: Job J8, Op 5, Machine M2, Start: 3735.0, End: 3765.0, Setup: 20
2025-04-13 16:31:05,727 - JSPGymEnvironment - INFO - Job J8 completed at time 3765.0, deadline: 2762, met: False, priority: 5
2025-04-13 16:31:05,767 - JSPGymEnvironment - INFO - Material change on machine M2: Citybike_Fahrrad_endmontiert -> Citybike_Rahmen_nachbearbeitet, setup time: 20
2025-04-13 16:31:05,767 - JSPGymEnvironment - INFO - Executed operation: Job J14, Op 6, Machine M2, Start: 3785.0, End: 3809.0, Setup: 20
2025-04-13 16:31:05,807 - JSPGymEnvironment - INFO - Material change on machine M3: Citybike_Bremsen_justiert -> Racebike_Bremsen_justiert, setup time: 15
2025-04-13 16:31:05,807 - JSPGymEnvironment - INFO - Executed operation: Job J15, Op 3, Machine M3, Start: 3824.0, End: 3851.0, Setup: 15
2025-04-13 16:31:05,848 - JSPGymEnvironment - INFO - Material change on machine M3: Racebike_Bremsen_justiert -> Racebike_Antrieb_installiert, setup time: 15
2025-04-13 16:31:05,849 - JSPGymEnvironment - INFO - Executed operation: Job J4, Op 2, Machine M3, Start: 3866.0, End: 3906.0, Setup: 15
2025-04-13 16:31:05,888 - JSPGymEnvironment - INFO - Material change on machine M2: Citybike_Rahmen_nachbearbeitet -> Racebike_Fahrrad_endmontiert, setup time: 20
2025-04-13 16:31:05,888 - JSPGymEnvironment - INFO - Executed operation: Job J10, Op 7, Machine M2, Start: 3926.0, End: 3938.0, Setup: 20
2025-04-13 16:31:05,888 - JSPGymEnvironment - INFO - Job J10 completed at time 3938.0, deadline: 2880, met: False, priority: 9
2025-04-13 16:31:05,929 - JSPGymEnvironment - INFO - Material change on machine M2: Racebike_Fahrrad_endmontiert -> Racebike_Bremsaufnahme_gebohrt, setup time: 20
2025-04-13 16:31:05,929 - JSPGymEnvironment - INFO - Executed operation: Job J4, Op 3, Machine M2, Start: 3958.0, End: 3972.0, Setup: 20
2025-04-13 16:31:05,963 - JSPGymEnvironment - INFO - Material change on machine M3: Racebike_Antrieb_installiert -> Citybike_Fahrrad_endmontiert, setup time: 15
2025-04-13 16:31:05,963 - JSPGymEnvironment - INFO - Executed operation: Job J17, Op 4, Machine M3, Start: 3987.0, End: 4037.0, Setup: 15
2025-04-13 16:31:05,997 - JSPGymEnvironment - INFO - Material change on machine M2: Racebike_Bremsaufnahme_gebohrt -> Citybike_Schaltauge_bearbeitet, setup time: 20
2025-04-13 16:31:05,997 - JSPGymEnvironment - INFO - Executed operation: Job J2, Op 1, Machine M2, Start: 4057.0, End: 4067.0, Setup: 20
2025-04-13 16:31:06,236 - JSPGymEnvironment - INFO - Material change on machine M2: Citybike_Schaltauge_bearbeitet -> Citybike_Fahrrad_endmontiert, setup time: 20
2025-04-13 16:31:06,236 - JSPGymEnvironment - INFO - Executed operation: Job J14, Op 7, Machine M2, Start: 4087.0, End: 4108.0, Setup: 20
2025-04-13 16:31:06,236 - JSPGymEnvironment - INFO - Job J14 completed at time 4108.0, deadline: 2880, met: False, priority: 3
2025-04-13 16:31:06,271 - JSPGymEnvironment - INFO - Material change on machine M2: Citybike_Fahrrad_endmontiert -> Citybike_Rahmen_nachbearbeitet, setup time: 20
2025-04-13 16:31:06,271 - JSPGymEnvironment - INFO - Executed operation: Job J11, Op 6, Machine M2, Start: 4128.0, End: 4150.0, Setup: 20
2025-04-13 16:31:06,305 - JSPGymEnvironment - INFO - Material change on machine M3: Citybike_Fahrrad_endmontiert -> Citybike_Antrieb_installiert, setup time: 15
2025-04-13 16:31:06,306 - JSPGymEnvironment - INFO - Executed operation: Job J2, Op 2, Machine M3, Start: 4165.0, End: 4193.0, Setup: 15
2025-04-13 16:31:06,341 - JSPGymEnvironment - INFO - Material change on machine M3: Citybike_Antrieb_installiert -> Citybike_Fahrrad_endmontiert, setup time: 15
2025-04-13 16:31:06,341 - JSPGymEnvironment - INFO - Executed operation: Job J17, Op 5, Machine M3, Start: 4208.0, End: 4267.0, Setup: 15
2025-04-13 16:31:06,375 - JSPGymEnvironment - INFO - Executed operation: Job J17, Op 6, Machine M3, Start: 4277.0, End: 4302.0, Setup: 10
2025-04-13 16:31:06,375 - JSPGymEnvironment - INFO - Job J17 completed at time 4302.0, deadline: 2880, met: False, priority: 6
2025-04-13 16:31:06,409 - JSPGymEnvironment - INFO - Material change on machine M2: Citybike_Rahmen_nachbearbeitet -> Racebike_Rahmen_nachbearbeitet, setup time: 20
2025-04-13 16:31:06,409 - JSPGymEnvironment - INFO - Executed operation: Job J4, Op 4, Machine M2, Start: 4322.0, End: 4347.0, Setup: 20
2025-04-13 16:31:06,443 - JSPGymEnvironment - INFO - Material change on machine M1: Citybike_Hauptrahmen_zugeschnitten -> Racebike_Hauptrahmen_zugeschnitten, setup time: 40
2025-04-13 16:31:06,444 - JSPGymEnvironment - INFO - Executed operation: Job J6, Op 0, Machine M1, Start: 4387.0, End: 4423.0, Setup: 40
2025-04-13 16:31:06,477 - JSPGymEnvironment - INFO - Material change on machine M1: Racebike_Hauptrahmen_zugeschnitten -> Mountainbike_Hauptrahmen_zugeschnitten, setup time: 40
2025-04-13 16:31:06,478 - JSPGymEnvironment - INFO - Executed operation: Job J18, Op 0, Machine M1, Start: 4463.0, End: 4485.0, Setup: 40
2025-04-13 16:31:06,512 - JSPGymEnvironment - INFO - Material change on machine M2: Racebike_Rahmen_nachbearbeitet -> Mountainbike_Schaltauge_bearbeitet, setup time: 20
2025-04-13 16:31:06,512 - JSPGymEnvironment - INFO - Executed operation: Job J18, Op 1, Machine M2, Start: 4505.0, End: 4525.0, Setup: 20
2025-04-13 16:31:06,546 - JSPGymEnvironment - INFO - Material change on machine M2: Mountainbike_Schaltauge_bearbeitet -> Citybike_Bremsaufnahme_gebohrt, setup time: 20
2025-04-13 16:31:06,546 - JSPGymEnvironment - INFO - Executed operation: Job J2, Op 3, Machine M2, Start: 4545.0, End: 4566.0, Setup: 20
2025-04-13 16:31:06,579 - JSPGymEnvironment - INFO - Material change on machine M2: Citybike_Bremsaufnahme_gebohrt -> Racebike_Rahmen_nachbearbeitet, setup time: 20
2025-04-13 16:31:06,580 - JSPGymEnvironment - INFO - Executed operation: Job J4, Op 5, Machine M2, Start: 4586.0, End: 4610.0, Setup: 20
2025-04-13 16:31:06,615 - JSPGymEnvironment - INFO - Executed operation: Job J12, Op 0, Machine M1, Start: 4635.0, End: 4666.0, Setup: 25
2025-04-13 16:31:06,650 - JSPGymEnvironment - INFO - Executed operation: Job J15, Op 4, Machine M2, Start: 4681.0, End: 4701.0, Setup: 15
2025-04-13 16:31:06,685 - JSPGymEnvironment - INFO - Executed operation: Job J15, Op 5, Machine M2, Start: 4716.0, End: 4739.0, Setup: 15
2025-04-13 16:31:06,925 - JSPGymEnvironment - INFO - Material change on machine M2: Racebike_Rahmen_nachbearbeitet -> Citybike_Fahrrad_endmontiert, setup time: 20
2025-04-13 16:31:06,925 - JSPGymEnvironment - INFO - Executed operation: Job J11, Op 7, Machine M2, Start: 4759.0, End: 4788.0, Setup: 20
2025-04-13 16:31:06,925 - JSPGymEnvironment - INFO - Job J11 completed at time 4788.0, deadline: 2880, met: False, priority: 7
2025-04-13 16:31:06,964 - JSPGymEnvironment - INFO - Material change on machine M2: Citybike_Fahrrad_endmontiert -> Citybike_Rahmen_nachbearbeitet, setup time: 20
2025-04-13 16:31:06,965 - JSPGymEnvironment - INFO - Executed operation: Job J2, Op 4, Machine M2, Start: 4808.0, End: 4832.0, Setup: 20
2025-04-13 16:31:07,008 - JSPGymEnvironment - INFO - Material change on machine M2: Citybike_Rahmen_nachbearbeitet -> Racebike_Schaltauge_bearbeitet, setup time: 20
2025-04-13 16:31:07,008 - JSPGymEnvironment - INFO - Executed operation: Job J6, Op 1, Machine M2, Start: 4852.0, End: 4865.0, Setup: 20
2025-04-13 16:31:07,047 - JSPGymEnvironment - INFO - Material change on machine M3: Citybike_Fahrrad_endmontiert -> Racebike_Fahrrad_endmontiert, setup time: 15
2025-04-13 16:31:07,047 - JSPGymEnvironment - INFO - Executed operation: Job J15, Op 6, Machine M3, Start: 4880.0, End: 4907.0, Setup: 15
2025-04-13 16:31:07,087 - JSPGymEnvironment - INFO - Executed operation: Job J15, Op 7, Machine M3, Start: 4917.0, End: 4963.0, Setup: 10
2025-04-13 16:31:07,087 - JSPGymEnvironment - INFO - Job J15 completed at time 4963.0, deadline: 2833, met: False, priority: 10
2025-04-13 16:31:07,131 - JSPGymEnvironment - INFO - Material change on machine M3: Racebike_Fahrrad_endmontiert -> Citybike_Fahrrad_endmontiert, setup time: 15
2025-04-13 16:31:07,131 - JSPGymEnvironment - INFO - Executed operation: Job J2, Op 5, Machine M3, Start: 4978.0, End: 4999.0, Setup: 15
2025-04-13 16:31:07,131 - JSPGymEnvironment - INFO - Job J2 completed at time 4999.0, deadline: 2880, met: False, priority: 3
2025-04-13 16:31:07,168 - JSPGymEnvironment - INFO - Material change on machine M3: Citybike_Fahrrad_endmontiert -> Racebike_Antrieb_installiert, setup time: 15
2025-04-13 16:31:07,168 - JSPGymEnvironment - INFO - Executed operation: Job J6, Op 2, Machine M3, Start: 5014.0, End: 5052.0, Setup: 15
2025-04-13 16:31:07,203 - JSPGymEnvironment - INFO - Material change on machine M3: Racebike_Antrieb_installiert -> Mountainbike_Antrieb_installiert, setup time: 15
2025-04-13 16:31:07,203 - JSPGymEnvironment - INFO - Executed operation: Job J18, Op 2, Machine M3, Start: 5067.0, End: 5096.0, Setup: 15
2025-04-13 16:31:07,240 - JSPGymEnvironment - INFO - Material change on machine M3: Mountainbike_Antrieb_installiert -> Mountainbike_Bremsen_justiert, setup time: 15
2025-04-13 16:31:07,240 - JSPGymEnvironment - INFO - Executed operation: Job J18, Op 3, Machine M3, Start: 5111.0, End: 5166.0, Setup: 15
2025-04-13 16:31:07,274 - JSPGymEnvironment - INFO - Material change on machine M3: Mountainbike_Bremsen_justiert -> Racebike_Bremsen_justiert, setup time: 15
2025-04-13 16:31:07,274 - JSPGymEnvironment - INFO - Executed operation: Job J6, Op 3, Machine M3, Start: 5181.0, End: 5239.0, Setup: 15
2025-04-13 16:31:07,308 - JSPGymEnvironment - INFO - Material change on machine M3: Racebike_Bremsen_justiert -> Racebike_Fahrrad_endmontiert, setup time: 15
2025-04-13 16:31:07,308 - JSPGymEnvironment - INFO - Executed operation: Job J4, Op 6, Machine M3, Start: 5254.0, End: 5280.0, Setup: 15
2025-04-13 16:31:07,309 - JSPGymEnvironment - INFO - Job J4 completed at time 5280.0, deadline: 2757, met: False, priority: 7
2025-04-13 16:31:07,342 - JSPGymEnvironment - INFO - Material change on machine M1: Mountainbike_Hauptrahmen_zugeschnitten -> E-Bike_Hauptrahmen_zugeschnitten, setup time: 40
2025-04-13 16:31:07,343 - JSPGymEnvironment - INFO - Executed operation: Job J19, Op 0, Machine M1, Start: 5320.0, End: 5335.0, Setup: 40
2025-04-13 16:31:07,376 - JSPGymEnvironment - INFO - Material change on machine M2: Racebike_Schaltauge_bearbeitet -> E-Bike_Schaltauge_bearbeitet, setup time: 20
2025-04-13 16:31:07,377 - JSPGymEnvironment - INFO - Executed operation: Job J19, Op 1, Machine M2, Start: 5355.0, End: 5385.0, Setup: 20
2025-04-13 16:31:07,615 - JSPGymEnvironment - INFO - Executed operation: Job J6, Op 4, Machine M3, Start: 5395.0, End: 5436.0, Setup: 10
2025-04-13 16:31:07,615 - JSPGymEnvironment - INFO - Job J6 completed at time 5436.0, deadline: 2880, met: False, priority: 10
2025-04-13 16:31:07,651 - JSPGymEnvironment - INFO - Material change on machine M2: E-Bike_Schaltauge_bearbeitet -> Mountainbike_Fahrrad_endmontiert, setup time: 20
2025-04-13 16:31:07,651 - JSPGymEnvironment - INFO - Executed operation: Job J18, Op 4, Machine M2, Start: 5456.0, End: 5469.0, Setup: 20
2025-04-13 16:31:07,651 - JSPGymEnvironment - INFO - Job J18 completed at time 5469.0, deadline: 2880, met: False, priority: 6
2025-04-13 16:31:07,686 - JSPGymEnvironment - INFO - Material change on machine M2: Mountainbike_Fahrrad_endmontiert -> Citybike_Schaltauge_bearbeitet, setup time: 20
2025-04-13 16:31:07,686 - JSPGymEnvironment - INFO - Executed operation: Job J9, Op 1, Machine M2, Start: 5489.0, End: 5505.0, Setup: 20
2025-04-13 16:31:07,722 - JSPGymEnvironment - INFO - Material change on machine M3: Racebike_Fahrrad_endmontiert -> E-Bike_Antrieb_installiert, setup time: 15
2025-04-13 16:31:07,722 - JSPGymEnvironment - INFO - Executed operation: Job J19, Op 2, Machine M3, Start: 5520.0, End: 5542.0, Setup: 15
2025-04-13 16:31:07,757 - JSPGymEnvironment - INFO - Material change on machine M2: Citybike_Schaltauge_bearbeitet -> Mountainbike_Schaltauge_bearbeitet, setup time: 20
2025-04-13 16:31:07,757 - JSPGymEnvironment - INFO - Executed operation: Job J12, Op 1, Machine M2, Start: 5562.0, End: 5584.0, Setup: 20
2025-04-13 16:31:07,792 - JSPGymEnvironment - INFO - Material change on machine M3: E-Bike_Antrieb_installiert -> Citybike_Antrieb_installiert, setup time: 15
2025-04-13 16:31:07,792 - JSPGymEnvironment - INFO - Executed operation: Job J9, Op 2, Machine M3, Start: 5599.0, End: 5653.0, Setup: 15
2025-04-13 16:31:07,825 - JSPGymEnvironment - INFO - Material change on machine M3: Citybike_Antrieb_installiert -> Mountainbike_Antrieb_installiert, setup time: 15
2025-04-13 16:31:07,826 - JSPGymEnvironment - INFO - Executed operation: Job J12, Op 2, Machine M3, Start: 5668.0, End: 5713.0, Setup: 15
2025-04-13 16:31:07,859 - JSPGymEnvironment - INFO - Material change on machine M2: Mountainbike_Schaltauge_bearbeitet -> Citybike_Bremsaufnahme_gebohrt, setup time: 20
2025-04-13 16:31:07,859 - JSPGymEnvironment - INFO - Executed operation: Job J9, Op 3, Machine M2, Start: 5733.0, End: 5756.0, Setup: 20
2025-04-13 16:31:07,892 - JSPGymEnvironment - INFO - Material change on machine M2: Citybike_Bremsaufnahme_gebohrt -> E-Bike_Bremsaufnahme_gebohrt, setup time: 20
2025-04-13 16:31:07,892 - JSPGymEnvironment - INFO - Executed operation: Job J19, Op 3, Machine M2, Start: 5776.0, End: 5789.0, Setup: 20
2025-04-13 16:31:07,930 - JSPGymEnvironment - INFO - Material change on machine M2: E-Bike_Bremsaufnahme_gebohrt -> Citybike_Rahmen_nachbearbeitet, setup time: 20
2025-04-13 16:31:07,931 - JSPGymEnvironment - INFO - Executed operation: Job J9, Op 4, Machine M2, Start: 5809.0, End: 5821.0, Setup: 20
2025-04-13 16:31:07,967 - JSPGymEnvironment - INFO - Material change on machine M2: Citybike_Rahmen_nachbearbeitet -> E-Bike_Rahmen_nachbearbeitet, setup time: 20
2025-04-13 16:31:07,967 - JSPGymEnvironment - INFO - Executed operation: Job J19, Op 4, Machine M2, Start: 5841.0, End: 5858.0, Setup: 20
2025-04-13 16:31:08,002 - JSPGymEnvironment - INFO - Material change on machine M3: Mountainbike_Antrieb_installiert -> Citybike_Fahrrad_endmontiert, setup time: 15
2025-04-13 16:31:08,002 - JSPGymEnvironment - INFO - Executed operation: Job J9, Op 5, Machine M3, Start: 5873.0, End: 5924.0, Setup: 15
2025-04-13 16:31:08,037 - JSPGymEnvironment - INFO - Executed operation: Job J19, Op 5, Machine M2, Start: 5939.0, End: 5960.0, Setup: 15
2025-04-13 16:31:08,091 - JSPGymEnvironment - INFO - Executed operation: Job J9, Op 6, Machine M3, Start: 5970.0, End: 5993.0, Setup: 10
2025-04-13 16:31:08,091 - JSPGymEnvironment - INFO - Job J9 completed at time 5993.0, deadline: 2880, met: False, priority: 8
2025-04-13 16:31:08,127 - JSPGymEnvironment - INFO - Material change on machine M2: E-Bike_Rahmen_nachbearbeitet -> E-Bike_Fahrrad_endmontiert, setup time: 20
2025-04-13 16:31:08,128 - JSPGymEnvironment - INFO - Executed operation: Job J19, Op 6, Machine M2, Start: 6013.0, End: 6038.0, Setup: 20
2025-04-13 16:31:08,128 - JSPGymEnvironment - INFO - Job J19 completed at time 6038.0, deadline: 2737, met: False, priority: 8
2025-04-13 16:31:08,392 - JSPGymEnvironment - INFO - Material change on machine M2: E-Bike_Fahrrad_endmontiert -> Mountainbike_Bremsaufnahme_gebohrt, setup time: 20
2025-04-13 16:31:08,392 - JSPGymEnvironment - INFO - Executed operation: Job J12, Op 3, Machine M2, Start: 6058.0, End: 6084.0, Setup: 20
2025-04-13 16:31:08,426 - JSPGymEnvironment - INFO - Material change on machine M2: Mountainbike_Bremsaufnahme_gebohrt -> Mountainbike_Rahmen_nachbearbeitet, setup time: 20
2025-04-13 16:31:08,426 - JSPGymEnvironment - INFO - Executed operation: Job J12, Op 4, Machine M2, Start: 6104.0, End: 6132.0, Setup: 20
2025-04-13 16:31:08,461 - JSPGymEnvironment - INFO - Executed operation: Job J12, Op 5, Machine M2, Start: 6147.0, End: 6175.0, Setup: 15
2025-04-13 16:31:08,494 - JSPGymEnvironment - INFO - Material change on machine M2: Mountainbike_Rahmen_nachbearbeitet -> Mountainbike_Fahrrad_endmontiert, setup time: 20
2025-04-13 16:31:08,494 - JSPGymEnvironment - INFO - Executed operation: Job J12, Op 6, Machine M2, Start: 6195.0, End: 6217.0, Setup: 20
2025-04-13 16:31:08,494 - JSPGymEnvironment - INFO - Job J12 completed at time 6217.0, deadline: 2863, met: False, priority: 2
2025-04-13 16:31:08,495 - JSPGymEnvironment - INFO - Reward function updated with 65 insights
2025-04-13 16:31:08,495 - JSPGymEnvironment - INFO -   Low priority (2) on critical path: Job 11 Operation 0 (Severity: 0.60)
2025-04-13 16:31:08,496 - JSPGymEnvironment - INFO -   Material change on critical path at Job 11 Operation 1 on Machine M2 (Severity: 1.00)
2025-04-13 16:31:08,496 - JSPGymEnvironment - INFO -   Low priority (2) on critical path: Job 11 Operation 1 (Severity: 0.60)
2025-04-13 16:31:08,496 - JSPGymEnvironment - INFO -   Material change on critical path at Job 11 Operation 2 on Machine M3 (Severity: 1.00)
2025-04-13 16:31:08,496 - JSPGymEnvironment - INFO -   Low priority (2) on critical path: Job 11 Operation 2 (Severity: 0.60)
2025-04-13 16:31:08,496 - JSPGymEnvironment - INFO -   Material change on critical path at Job 11 Operation 3 on Machine M2 (Severity: 1.00)
2025-04-13 16:31:08,496 - JSPGymEnvironment - INFO -   Low priority (2) on critical path: Job 11 Operation 3 (Severity: 0.60)
2025-04-13 16:31:08,496 - JSPGymEnvironment - INFO -   Material change on critical path at Job 11 Operation 4 on Machine M2 (Severity: 1.00)
2025-04-13 16:31:08,496 - JSPGymEnvironment - INFO -   Idle time on critical path before Job 11 Operation 4 on Machine M2 (Severity: 0.71)
2025-04-13 16:31:08,496 - JSPGymEnvironment - INFO -   Low priority (2) on critical path: Job 11 Operation 4 (Severity: 0.60)
2025-04-13 16:31:08,496 - JSPGymEnvironment - INFO -   Idle time on critical path before Job 11 Operation 5 on Machine M2 (Severity: 0.54)
2025-04-13 16:31:08,496 - JSPGymEnvironment - INFO -   Low priority (2) on critical path: Job 11 Operation 5 (Severity: 0.60)
2025-04-13 16:31:08,496 - JSPGymEnvironment - INFO -   Material change on critical path at Job 11 Operation 6 on Machine M2 (Severity: 1.00)
2025-04-13 16:31:08,496 - JSPGymEnvironment - INFO -   Idle time on critical path before Job 11 Operation 6 on Machine M2 (Severity: 0.91)
2025-04-13 16:31:08,496 - JSPGymEnvironment - INFO -   Low priority (2) on critical path: Job 11 Operation 6 (Severity: 0.60)
2025-04-13 16:31:08,496 - JSPGymEnvironment - INFO -   High priority (8) not on critical path: Job 2 Operation 0 (Severity: 0.33)
2025-04-13 16:31:08,496 - JSPGymEnvironment - INFO -   High priority (8) not on critical path: Job 2 Operation 1 (Severity: 0.33)
2025-04-13 16:31:08,496 - JSPGymEnvironment - INFO -   High priority (9) not on critical path: Job 6 Operation 0 (Severity: 0.67)
2025-04-13 16:31:08,496 - JSPGymEnvironment - INFO -   High priority (9) not on critical path: Job 9 Operation 0 (Severity: 0.67)
2025-04-13 16:31:08,496 - JSPGymEnvironment - INFO -   High priority (10) not on critical path: Job 14 Operation 0 (Severity: 1.00)
2025-04-13 16:31:08,496 - JSPGymEnvironment - INFO -   High priority (9) not on critical path: Job 6 Operation 1 (Severity: 0.67)
2025-04-13 16:31:08,496 - JSPGymEnvironment - INFO -   High priority (9) not on critical path: Job 6 Operation 2 (Severity: 0.67)
2025-04-13 16:31:08,496 - JSPGymEnvironment - INFO -   High priority (8) not on critical path: Job 2 Operation 2 (Severity: 0.33)
2025-04-13 16:31:08,496 - JSPGymEnvironment - INFO -   High priority (10) not on critical path: Job 14 Operation 1 (Severity: 1.00)
2025-04-13 16:31:08,496 - JSPGymEnvironment - INFO -   High priority (9) not on critical path: Job 6 Operation 3 (Severity: 0.67)
2025-04-13 16:31:08,496 - JSPGymEnvironment - INFO -   High priority (10) not on critical path: Job 14 Operation 2 (Severity: 1.00)
2025-04-13 16:31:08,497 - JSPGymEnvironment - INFO -   High priority (8) not on critical path: Job 2 Operation 3 (Severity: 0.33)
2025-04-13 16:31:08,497 - JSPGymEnvironment - INFO -   High priority (9) not on critical path: Job 9 Operation 1 (Severity: 0.67)
2025-04-13 16:31:08,497 - JSPGymEnvironment - INFO -   High priority (8) not on critical path: Job 2 Operation 4 (Severity: 0.33)
2025-04-13 16:31:08,497 - JSPGymEnvironment - INFO -   High priority (9) not on critical path: Job 9 Operation 2 (Severity: 0.67)
2025-04-13 16:31:08,497 - JSPGymEnvironment - INFO -   High priority (9) not on critical path: Job 9 Operation 3 (Severity: 0.67)
2025-04-13 16:31:08,497 - JSPGymEnvironment - INFO -   High priority (8) not on critical path: Job 2 Operation 5 (Severity: 0.33)
2025-04-13 16:31:08,497 - JSPGymEnvironment - INFO -   High priority (9) not on critical path: Job 6 Operation 4 (Severity: 0.67)
2025-04-13 16:31:08,497 - JSPGymEnvironment - INFO -   High priority (9) not on critical path: Job 6 Operation 5 (Severity: 0.67)
2025-04-13 16:31:08,497 - JSPGymEnvironment - INFO -   High priority (9) not on critical path: Job 6 Operation 6 (Severity: 0.67)
2025-04-13 16:31:08,497 - JSPGymEnvironment - INFO -   High priority (9) not on critical path: Job 6 Operation 7 (Severity: 0.67)
2025-04-13 16:31:08,497 - JSPGymEnvironment - INFO -   High priority (8) not on critical path: Job 8 Operation 0 (Severity: 0.33)
2025-04-13 16:31:08,497 - JSPGymEnvironment - INFO -   High priority (9) not on critical path: Job 9 Operation 4 (Severity: 0.67)
2025-04-13 16:31:08,497 - JSPGymEnvironment - INFO -   High priority (9) not on critical path: Job 9 Operation 5 (Severity: 0.67)
2025-04-13 16:31:08,497 - JSPGymEnvironment - INFO -   High priority (8) not on critical path: Job 2 Operation 6 (Severity: 0.33)
2025-04-13 16:31:08,497 - JSPGymEnvironment - INFO -   High priority (9) not on critical path: Job 9 Operation 6 (Severity: 0.67)
2025-04-13 16:31:08,497 - JSPGymEnvironment - INFO -   High priority (10) not on critical path: Job 14 Operation 3 (Severity: 1.00)
2025-04-13 16:31:08,497 - JSPGymEnvironment - INFO -   High priority (9) not on critical path: Job 9 Operation 7 (Severity: 0.67)
2025-04-13 16:31:08,497 - JSPGymEnvironment - INFO -   High priority (10) not on critical path: Job 5 Operation 0 (Severity: 1.00)
2025-04-13 16:31:08,497 - JSPGymEnvironment - INFO -   High priority (10) not on critical path: Job 14 Operation 4 (Severity: 1.00)
2025-04-13 16:31:08,497 - JSPGymEnvironment - INFO -   High priority (10) not on critical path: Job 14 Operation 5 (Severity: 1.00)
2025-04-13 16:31:08,497 - JSPGymEnvironment - INFO -   High priority (10) not on critical path: Job 5 Operation 1 (Severity: 1.00)
2025-04-13 16:31:08,497 - JSPGymEnvironment - INFO -   High priority (10) not on critical path: Job 14 Operation 6 (Severity: 1.00)
2025-04-13 16:31:08,497 - JSPGymEnvironment - INFO -   High priority (10) not on critical path: Job 14 Operation 7 (Severity: 1.00)
2025-04-13 16:31:08,497 - JSPGymEnvironment - INFO -   High priority (10) not on critical path: Job 5 Operation 2 (Severity: 1.00)
2025-04-13 16:31:08,497 - JSPGymEnvironment - INFO -   High priority (10) not on critical path: Job 5 Operation 3 (Severity: 1.00)
2025-04-13 16:31:08,497 - JSPGymEnvironment - INFO -   High priority (8) not on critical path: Job 18 Operation 0 (Severity: 0.33)
2025-04-13 16:31:08,498 - JSPGymEnvironment - INFO -   High priority (8) not on critical path: Job 18 Operation 1 (Severity: 0.33)
2025-04-13 16:31:08,498 - JSPGymEnvironment - INFO -   High priority (10) not on critical path: Job 5 Operation 4 (Severity: 1.00)
2025-04-13 16:31:08,498 - JSPGymEnvironment - INFO -   High priority (8) not on critical path: Job 8 Operation 1 (Severity: 0.33)
2025-04-13 16:31:08,498 - JSPGymEnvironment - INFO -   High priority (8) not on critical path: Job 18 Operation 2 (Severity: 0.33)
2025-04-13 16:31:08,498 - JSPGymEnvironment - INFO -   High priority (8) not on critical path: Job 8 Operation 2 (Severity: 0.33)
2025-04-13 16:31:08,498 - JSPGymEnvironment - INFO -   High priority (8) not on critical path: Job 8 Operation 3 (Severity: 0.33)
2025-04-13 16:31:08,498 - JSPGymEnvironment - INFO -   High priority (8) not on critical path: Job 18 Operation 3 (Severity: 0.33)
2025-04-13 16:31:08,498 - JSPGymEnvironment - INFO -   High priority (8) not on critical path: Job 8 Operation 4 (Severity: 0.33)
2025-04-13 16:31:08,498 - JSPGymEnvironment - INFO -   High priority (8) not on critical path: Job 18 Operation 4 (Severity: 0.33)
2025-04-13 16:31:08,498 - JSPGymEnvironment - INFO -   High priority (8) not on critical path: Job 8 Operation 5 (Severity: 0.33)
2025-04-13 16:31:08,498 - JSPGymEnvironment - INFO -   High priority (8) not on critical path: Job 18 Operation 5 (Severity: 0.33)
2025-04-13 16:31:08,498 - JSPGymEnvironment - INFO -   High priority (8) not on critical path: Job 8 Operation 6 (Severity: 0.33)
2025-04-13 16:31:08,498 - JSPGymEnvironment - INFO -   High priority (8) not on critical path: Job 18 Operation 6 (Severity: 0.33)
2025-04-13 16:31:08,498 - JSPGymEnvironment - INFO - Episode completed. Critical path: 7 operations, Suboptimal placements: 65
2025-04-13 16:31:08,498 - JSPGymEnvironment - INFO - Reward components: {'makespan_reward': -0.42, 'setup_reward': -10.0, 'idle_penalty': 0.0, 'deadline_reward': -5.857492141110723, 'priority_reward': 4.0, 'critical_job_reward': 0.0, 'global_progress_reward': 5.0, 'objective_reward': 0.0, 'placement_reward': 1.0, 'lookahead_reward': 0.0}
