2025-04-18 13:24:56,521 - JSPGymEnvironment - INFO - Environment reset
2025-04-18 13:24:56,613 - JSPGymEnvironment - INFO - Environment reset
2025-04-18 13:24:56,720 - JSPGymEnvironment - INFO - Material change on machine M1:  -> E-Bike_Hauptrahmen_zugeschnitten, setup time: 0
2025-04-18 13:24:56,720 - JSPGymEnvironment - INFO - Executed operation: Job J13, Op 0, Machine M1, Start: 0, End: 41, Setup: 0
2025-04-18 13:24:56,764 - JSPGymEnvironment - INFO - Material change on machine M1: E-Bike_Hauptrahmen_zugeschnitten -> Citybike_Hauptrahmen_zugeschnitten, setup time: 40
2025-04-18 13:24:56,765 - JSPGymEnvironment - INFO - Executed operation: Job J9, Op 0, Machine M1, Start: 81, End: 121, Setup: 40
2025-04-18 13:24:56,824 - JSPGymEnvironment - INFO - Material change on machine M1: Citybike_Hauptrahmen_zugeschnitten -> Racebike_Hauptrahmen_zugeschnitten, setup time: 40
2025-04-18 13:24:56,825 - JSPGymEnvironment - INFO - Executed operation: Job J6, Op 0, Machine M1, Start: 161, End: 197, Setup: 40
2025-04-18 13:24:56,878 - JSPGymEnvironment - INFO - Executed operation: Job J16, Op 0, Machine M1, Start: 222, End: 248, Setup: 25
2025-04-18 13:24:56,927 - JSPGymEnvironment - INFO - Executed operation: Job J15, Op 0, Machine M1, Start: 273, End: 296, Setup: 25
2025-04-18 13:24:56,990 - JSPGymEnvironment - INFO - Material change on machine M1: Racebike_Hauptrahmen_zugeschnitten -> Mountainbike_Hauptrahmen_zugeschnitten, setup time: 40
2025-04-18 13:24:56,990 - JSPGymEnvironment - INFO - Executed operation: Job J18, Op 0, Machine M1, Start: 336, End: 358, Setup: 40
2025-04-18 13:24:57,115 - JSPGymEnvironment - INFO - Executed operation: Job J5, Op 0, Machine M1, Start: 383, End: 419, Setup: 25
2025-04-18 13:24:57,199 - JSPGymEnvironment - INFO - Material change on machine M2:  -> Mountainbike_Schaltauge_bearbeitet, setup time: 0
2025-04-18 13:24:57,199 - JSPGymEnvironment - INFO - Executed operation: Job J5, Op 1, Machine M2, Start: 419, End: 434, Setup: 0
2025-04-18 13:24:57,254 - JSPGymEnvironment - INFO - Material change on machine M1: Mountainbike_Hauptrahmen_zugeschnitten -> Citybike_Hauptrahmen_zugeschnitten, setup time: 40
2025-04-18 13:24:57,255 - JSPGymEnvironment - INFO - Executed operation: Job J11, Op 0, Machine M1, Start: 474, End: 505, Setup: 40
2025-04-18 13:24:57,298 - JSPGymEnvironment - INFO - Material change on machine M2: Mountainbike_Schaltauge_bearbeitet -> Racebike_Schaltauge_bearbeitet, setup time: 20
2025-04-18 13:24:57,298 - JSPGymEnvironment - INFO - Executed operation: Job J16, Op 1, Machine M2, Start: 525, End: 540, Setup: 20
2025-04-18 13:24:57,549 - JSPGymEnvironment - INFO - Executed operation: Job J8, Op 0, Machine M1, Start: 565, End: 584, Setup: 25
2025-04-18 13:24:57,587 - JSPGymEnvironment - INFO - Material change on machine M1: Citybike_Hauptrahmen_zugeschnitten -> E-Bike_Hauptrahmen_zugeschnitten, setup time: 40
2025-04-18 13:24:57,588 - JSPGymEnvironment - INFO - Executed operation: Job J19, Op 0, Machine M1, Start: 624, End: 639, Setup: 40
2025-04-18 13:24:57,623 - JSPGymEnvironment - INFO - Material change on machine M2: Racebike_Schaltauge_bearbeitet -> E-Bike_Schaltauge_bearbeitet, setup time: 20
2025-04-18 13:24:57,623 - JSPGymEnvironment - INFO - Executed operation: Job J13, Op 1, Machine M2, Start: 659, End: 682, Setup: 20
2025-04-18 13:24:57,662 - JSPGymEnvironment - INFO - Material change on machine M3:  -> E-Bike_Antrieb_installiert, setup time: 0
2025-04-18 13:24:57,662 - JSPGymEnvironment - INFO - Executed operation: Job J13, Op 2, Machine M3, Start: 682, End: 735, Setup: 0
2025-04-18 13:24:57,707 - JSPGymEnvironment - INFO - Executed operation: Job J3, Op 0, Machine M1, Start: 760, End: 794, Setup: 25
2025-04-18 13:24:57,748 - JSPGymEnvironment - INFO - Material change on machine M2: E-Bike_Schaltauge_bearbeitet -> E-Bike_Bremsaufnahme_gebohrt, setup time: 20
2025-04-18 13:24:57,748 - JSPGymEnvironment - INFO - Executed operation: Job J13, Op 3, Machine M2, Start: 814, End: 836, Setup: 20
2025-04-18 13:24:57,788 - JSPGymEnvironment - INFO - Material change on machine M2: E-Bike_Bremsaufnahme_gebohrt -> Racebike_Schaltauge_bearbeitet, setup time: 20
2025-04-18 13:24:57,788 - JSPGymEnvironment - INFO - Executed operation: Job J15, Op 1, Machine M2, Start: 856, End: 869, Setup: 20
2025-04-18 13:24:57,833 - JSPGymEnvironment - INFO - Material change on machine M3: E-Bike_Antrieb_installiert -> E-Bike_Fahrrad_endmontiert, setup time: 15
2025-04-18 13:24:57,834 - JSPGymEnvironment - INFO - Executed operation: Job J13, Op 4, Machine M3, Start: 884, End: 937, Setup: 15
2025-04-18 13:24:57,834 - JSPGymEnvironment - INFO - Job J13 completed at time 937, deadline: 2863, met: True, priority: 7
2025-04-18 13:24:57,876 - JSPGymEnvironment - INFO - Material change on machine M1: E-Bike_Hauptrahmen_zugeschnitten -> Racebike_Hauptrahmen_zugeschnitten, setup time: 40
2025-04-18 13:24:57,877 - JSPGymEnvironment - INFO - Executed operation: Job J4, Op 0, Machine M1, Start: 977, End: 1002, Setup: 40
2025-04-18 13:24:57,929 - JSPGymEnvironment - INFO - Material change on machine M2: Racebike_Schaltauge_bearbeitet -> Citybike_Schaltauge_bearbeitet, setup time: 20
2025-04-18 13:24:57,929 - JSPGymEnvironment - INFO - Executed operation: Job J11, Op 1, Machine M2, Start: 1022, End: 1035, Setup: 20
2025-04-18 13:24:57,975 - JSPGymEnvironment - INFO - Material change on machine M3: E-Bike_Fahrrad_endmontiert -> Citybike_Antrieb_installiert, setup time: 15
2025-04-18 13:24:57,975 - JSPGymEnvironment - INFO - Executed operation: Job J11, Op 2, Machine M3, Start: 1050, End: 1092, Setup: 15
2025-04-18 13:24:58,033 - JSPGymEnvironment - INFO - Material change on machine M2: Citybike_Schaltauge_bearbeitet -> Racebike_Schaltauge_bearbeitet, setup time: 20
2025-04-18 13:24:58,034 - JSPGymEnvironment - INFO - Executed operation: Job J4, Op 1, Machine M2, Start: 1112, End: 1127, Setup: 20
2025-04-18 13:24:58,078 - JSPGymEnvironment - INFO - Material change on machine M3: Citybike_Antrieb_installiert -> Racebike_Antrieb_installiert, setup time: 15
2025-04-18 13:24:58,079 - JSPGymEnvironment - INFO - Executed operation: Job J15, Op 2, Machine M3, Start: 1142, End: 1177, Setup: 15
2025-04-18 13:24:58,119 - JSPGymEnvironment - INFO - Material change on machine M3: Racebike_Antrieb_installiert -> Racebike_Bremsen_justiert, setup time: 15
2025-04-18 13:24:58,119 - JSPGymEnvironment - INFO - Executed operation: Job J15, Op 3, Machine M3, Start: 1192, End: 1219, Setup: 15
2025-04-18 13:24:58,352 - JSPGymEnvironment - INFO - Material change on machine M2: Racebike_Schaltauge_bearbeitet -> Racebike_Rahmen_nachbearbeitet, setup time: 20
2025-04-18 13:24:58,353 - JSPGymEnvironment - INFO - Executed operation: Job J15, Op 4, Machine M2, Start: 1239, End: 1259, Setup: 20
2025-04-18 13:24:58,386 - JSPGymEnvironment - INFO - Material change on machine M3: Racebike_Bremsen_justiert -> Racebike_Antrieb_installiert, setup time: 15
2025-04-18 13:24:58,386 - JSPGymEnvironment - INFO - Executed operation: Job J4, Op 2, Machine M3, Start: 1274, End: 1314, Setup: 15
2025-04-18 13:24:58,421 - JSPGymEnvironment - INFO - Material change on machine M2: Racebike_Rahmen_nachbearbeitet -> Mountainbike_Schaltauge_bearbeitet, setup time: 20
2025-04-18 13:24:58,421 - JSPGymEnvironment - INFO - Executed operation: Job J18, Op 1, Machine M2, Start: 1334, End: 1354, Setup: 20
2025-04-18 13:24:58,455 - JSPGymEnvironment - INFO - Material change on machine M3: Racebike_Antrieb_installiert -> Mountainbike_Antrieb_installiert, setup time: 15
2025-04-18 13:24:58,455 - JSPGymEnvironment - INFO - Executed operation: Job J5, Op 2, Machine M3, Start: 1369, End: 1394, Setup: 15
2025-04-18 13:24:58,490 - JSPGymEnvironment - INFO - Material change on machine M2: Mountainbike_Schaltauge_bearbeitet -> Racebike_Rahmen_nachbearbeitet, setup time: 20
2025-04-18 13:24:58,490 - JSPGymEnvironment - INFO - Executed operation: Job J15, Op 5, Machine M2, Start: 1414, End: 1437, Setup: 20
2025-04-18 13:24:58,526 - JSPGymEnvironment - INFO - Material change on machine M1: Racebike_Hauptrahmen_zugeschnitten -> Mountainbike_Hauptrahmen_zugeschnitten, setup time: 40
2025-04-18 13:24:58,526 - JSPGymEnvironment - INFO - Executed operation: Job J20, Op 0, Machine M1, Start: 1477, End: 1496, Setup: 40
2025-04-18 13:24:58,560 - JSPGymEnvironment - INFO - Material change on machine M2: Racebike_Rahmen_nachbearbeitet -> Mountainbike_Bremsaufnahme_gebohrt, setup time: 20
2025-04-18 13:24:58,560 - JSPGymEnvironment - INFO - Executed operation: Job J5, Op 3, Machine M2, Start: 1516, End: 1531, Setup: 20
2025-04-18 13:24:58,594 - JSPGymEnvironment - INFO - Material change on machine M3: Mountainbike_Antrieb_installiert -> Citybike_Bremsen_justiert, setup time: 15
2025-04-18 13:24:58,594 - JSPGymEnvironment - INFO - Executed operation: Job J11, Op 3, Machine M3, Start: 1546, End: 1568, Setup: 15
2025-04-18 13:24:58,640 - JSPGymEnvironment - INFO - Material change on machine M2: Mountainbike_Bremsaufnahme_gebohrt -> Racebike_Bremsaufnahme_gebohrt, setup time: 20
2025-04-18 13:24:58,640 - JSPGymEnvironment - INFO - Executed operation: Job J4, Op 3, Machine M2, Start: 1588, End: 1602, Setup: 20
2025-04-18 13:24:58,677 - JSPGymEnvironment - INFO - Executed operation: Job J12, Op 0, Machine M1, Start: 1627, End: 1658, Setup: 25
2025-04-18 13:24:58,715 - JSPGymEnvironment - INFO - Material change on machine M3: Citybike_Bremsen_justiert -> Racebike_Fahrrad_endmontiert, setup time: 15
2025-04-18 13:24:58,715 - JSPGymEnvironment - INFO - Executed operation: Job J15, Op 6, Machine M3, Start: 1673, End: 1700, Setup: 15
2025-04-18 13:24:58,750 - JSPGymEnvironment - INFO - Material change on machine M2: Racebike_Bremsaufnahme_gebohrt -> Mountainbike_Schaltauge_bearbeitet, setup time: 20
2025-04-18 13:24:58,751 - JSPGymEnvironment - INFO - Executed operation: Job J12, Op 1, Machine M2, Start: 1720, End: 1742, Setup: 20
2025-04-18 13:24:58,786 - JSPGymEnvironment - INFO - Material change on machine M2: Mountainbike_Schaltauge_bearbeitet -> Mountainbike_Rahmen_nachbearbeitet, setup time: 20
2025-04-18 13:24:58,787 - JSPGymEnvironment - INFO - Executed operation: Job J5, Op 4, Machine M2, Start: 1762, End: 1792, Setup: 20
2025-04-18 13:24:59,028 - JSPGymEnvironment - INFO - Executed operation: Job J15, Op 7, Machine M3, Start: 1802, End: 1848, Setup: 10
2025-04-18 13:24:59,028 - JSPGymEnvironment - INFO - Job J15 completed at time 1848, deadline: 2833, met: True, priority: 10
2025-04-18 13:24:59,069 - JSPGymEnvironment - INFO - Material change on machine M1: Mountainbike_Hauptrahmen_zugeschnitten -> Citybike_Hauptrahmen_zugeschnitten, setup time: 40
2025-04-18 13:24:59,069 - JSPGymEnvironment - INFO - Executed operation: Job J14, Op 0, Machine M1, Start: 1888, End: 1906, Setup: 40
2025-04-18 13:24:59,114 - JSPGymEnvironment - INFO - Material change on machine M3: Racebike_Fahrrad_endmontiert -> Citybike_Fahrrad_endmontiert, setup time: 15
2025-04-18 13:24:59,114 - JSPGymEnvironment - INFO - Executed operation: Job J11, Op 4, Machine M3, Start: 1921, End: 1960, Setup: 15
2025-04-18 13:24:59,165 - JSPGymEnvironment - INFO - Material change on machine M1: Citybike_Hauptrahmen_zugeschnitten -> Racebike_Hauptrahmen_zugeschnitten, setup time: 40
2025-04-18 13:24:59,165 - JSPGymEnvironment - INFO - Executed operation: Job J1, Op 0, Machine M1, Start: 2000, End: 2040, Setup: 40
2025-04-18 13:24:59,228 - JSPGymEnvironment - INFO - Material change on machine M3: Citybike_Fahrrad_endmontiert -> Mountainbike_Antrieb_installiert, setup time: 15
2025-04-18 13:24:59,228 - JSPGymEnvironment - INFO - Executed operation: Job J12, Op 2, Machine M3, Start: 2055, End: 2100, Setup: 15
2025-04-18 13:24:59,278 - JSPGymEnvironment - INFO - Material change on machine M2: Mountainbike_Rahmen_nachbearbeitet -> E-Bike_Schaltauge_bearbeitet, setup time: 20
2025-04-18 13:24:59,278 - JSPGymEnvironment - INFO - Executed operation: Job J19, Op 1, Machine M2, Start: 2120, End: 2150, Setup: 20
2025-04-18 13:24:59,327 - JSPGymEnvironment - INFO - Material change on machine M2: E-Bike_Schaltauge_bearbeitet -> Mountainbike_Bremsaufnahme_gebohrt, setup time: 20
2025-04-18 13:24:59,328 - JSPGymEnvironment - INFO - Executed operation: Job J12, Op 3, Machine M2, Start: 2170, End: 2196, Setup: 20
2025-04-18 13:24:59,371 - JSPGymEnvironment - INFO - Material change on machine M2: Mountainbike_Bremsaufnahme_gebohrt -> Racebike_Schaltauge_bearbeitet, setup time: 20
2025-04-18 13:24:59,371 - JSPGymEnvironment - INFO - Executed operation: Job J6, Op 1, Machine M2, Start: 2216, End: 2229, Setup: 20
2025-04-18 13:24:59,408 - JSPGymEnvironment - INFO - Material change on machine M3: Mountainbike_Antrieb_installiert -> Racebike_Antrieb_installiert, setup time: 15
2025-04-18 13:24:59,409 - JSPGymEnvironment - INFO - Executed operation: Job J16, Op 2, Machine M3, Start: 2244, End: 2274, Setup: 15
2025-04-18 13:24:59,444 - JSPGymEnvironment - INFO - Material change on machine M2: Racebike_Schaltauge_bearbeitet -> Citybike_Rahmen_nachbearbeitet, setup time: 20
2025-04-18 13:24:59,444 - JSPGymEnvironment - INFO - Executed operation: Job J11, Op 5, Machine M2, Start: 2294, End: 2311, Setup: 20
2025-04-18 13:24:59,484 - JSPGymEnvironment - INFO - Material change on machine M2: Citybike_Rahmen_nachbearbeitet -> Racebike_Bremsaufnahme_gebohrt, setup time: 20
2025-04-18 13:24:59,484 - JSPGymEnvironment - INFO - Executed operation: Job J16, Op 3, Machine M2, Start: 2331, End: 2354, Setup: 20
2025-04-18 13:24:59,527 - JSPGymEnvironment - INFO - Material change on machine M2: Racebike_Bremsaufnahme_gebohrt -> Citybike_Schaltauge_bearbeitet, setup time: 20
2025-04-18 13:24:59,527 - JSPGymEnvironment - INFO - Executed operation: Job J14, Op 1, Machine M2, Start: 2374, End: 2390, Setup: 20
2025-04-18 13:24:59,569 - JSPGymEnvironment - INFO - Executed operation: Job J8, Op 1, Machine M2, Start: 2405, End: 2418, Setup: 15
2025-04-18 13:24:59,808 - JSPGymEnvironment - INFO - Material change on machine M3: Racebike_Antrieb_installiert -> Citybike_Antrieb_installiert, setup time: 15
2025-04-18 13:24:59,808 - JSPGymEnvironment - INFO - Executed operation: Job J8, Op 2, Machine M3, Start: 2433, End: 2487, Setup: 15
2025-04-18 13:24:59,845 - JSPGymEnvironment - INFO - Material change on machine M2: Citybike_Schaltauge_bearbeitet -> Mountainbike_Rahmen_nachbearbeitet, setup time: 20
2025-04-18 13:24:59,845 - JSPGymEnvironment - INFO - Executed operation: Job J12, Op 4, Machine M2, Start: 2507, End: 2535, Setup: 20
2025-04-18 13:24:59,887 - JSPGymEnvironment - INFO - Material change on machine M3: Citybike_Antrieb_installiert -> Mountainbike_Antrieb_installiert, setup time: 15
2025-04-18 13:24:59,888 - JSPGymEnvironment - INFO - Executed operation: Job J18, Op 2, Machine M3, Start: 2550, End: 2579, Setup: 15
2025-04-18 13:24:59,927 - JSPGymEnvironment - INFO - Material change on machine M3: Mountainbike_Antrieb_installiert -> Citybike_Bremsen_justiert, setup time: 15
2025-04-18 13:24:59,927 - JSPGymEnvironment - INFO - Executed operation: Job J8, Op 3, Machine M3, Start: 2594, End: 2652, Setup: 15
2025-04-18 13:24:59,963 - JSPGymEnvironment - INFO - Material change on machine M2: Mountainbike_Rahmen_nachbearbeitet -> Racebike_Rahmen_nachbearbeitet, setup time: 20
2025-04-18 13:24:59,964 - JSPGymEnvironment - INFO - Executed operation: Job J16, Op 4, Machine M2, Start: 2672, End: 2686, Setup: 20
2025-04-18 13:25:00,003 - JSPGymEnvironment - INFO - Executed operation: Job J4, Op 4, Machine M2, Start: 2701, End: 2726, Setup: 15
2025-04-18 13:25:00,047 - JSPGymEnvironment - INFO - Material change on machine M2: Racebike_Rahmen_nachbearbeitet -> Racebike_Schaltauge_bearbeitet, setup time: 20
2025-04-18 13:25:00,048 - JSPGymEnvironment - INFO - Executed operation: Job J1, Op 1, Machine M2, Start: 2746, End: 2762, Setup: 20
2025-04-18 13:25:00,086 - JSPGymEnvironment - INFO - Material change on machine M2: Racebike_Schaltauge_bearbeitet -> E-Bike_Schaltauge_bearbeitet, setup time: 20
2025-04-18 13:25:00,087 - JSPGymEnvironment - INFO - Executed operation: Job J3, Op 1, Machine M2, Start: 2782, End: 2802, Setup: 20
2025-04-18 13:25:00,125 - JSPGymEnvironment - INFO - Material change on machine M3: Citybike_Bremsen_justiert -> Citybike_Fahrrad_endmontiert, setup time: 15
2025-04-18 13:25:00,125 - JSPGymEnvironment - INFO - Executed operation: Job J8, Op 4, Machine M3, Start: 2817, End: 2866, Setup: 15
2025-04-18 13:25:00,161 - JSPGymEnvironment - INFO - Material change on machine M2: E-Bike_Schaltauge_bearbeitet -> Racebike_Rahmen_nachbearbeitet, setup time: 20
2025-04-18 13:25:00,162 - JSPGymEnvironment - INFO - Executed operation: Job J4, Op 5, Machine M2, Start: 2886, End: 2910, Setup: 20
2025-04-18 13:25:00,201 - JSPGymEnvironment - INFO - Material change on machine M2: Racebike_Rahmen_nachbearbeitet -> Racebike_Fahrrad_endmontiert, setup time: 20
2025-04-18 13:25:00,201 - JSPGymEnvironment - INFO - Executed operation: Job J16, Op 5, Machine M2, Start: 2930, End: 2960, Setup: 20
2025-04-18 13:25:00,201 - JSPGymEnvironment - INFO - Job J16 completed at time 2960, deadline: 2855, met: False, priority: 7
2025-04-18 13:25:00,202 - JSPGymEnvironment - INFO - CREDIT_ASSIGNMENT_PROBLEM: Scheduled penalty of -0.13 for step 55 due to missed_deadline at step 61
2025-04-18 13:25:00,239 - JSPGymEnvironment - INFO - Material change on machine M2: Racebike_Fahrrad_endmontiert -> Citybike_Schaltauge_bearbeitet, setup time: 20
2025-04-18 13:25:00,239 - JSPGymEnvironment - INFO - Executed operation: Job J9, Op 1, Machine M2, Start: 2980, End: 2996, Setup: 20
2025-04-18 13:25:00,277 - JSPGymEnvironment - INFO - Material change on machine M3: Citybike_Fahrrad_endmontiert -> Racebike_Fahrrad_endmontiert, setup time: 15
2025-04-18 13:25:00,277 - JSPGymEnvironment - INFO - Executed operation: Job J4, Op 6, Machine M3, Start: 3011, End: 3037, Setup: 15
2025-04-18 13:25:00,277 - JSPGymEnvironment - INFO - Job J4 completed at time 3037, deadline: 2757, met: False, priority: 7
2025-04-18 13:25:00,278 - JSPGymEnvironment - INFO - CREDIT_ASSIGNMENT_PROBLEM: Scheduled penalty of -0.36 for step 60 due to missed_deadline at step 63
2025-04-18 13:25:00,278 - JSPGymEnvironment - INFO - CREDIT_ASSIGNMENT_PROBLEM: Scheduled penalty of -0.25 for step 56 due to missed_deadline at step 63
2025-04-18 13:25:00,318 - JSPGymEnvironment - INFO - Material change on machine M3: Racebike_Fahrrad_endmontiert -> Citybike_Antrieb_installiert, setup time: 15
2025-04-18 13:25:00,318 - JSPGymEnvironment - INFO - Executed operation: Job J9, Op 2, Machine M3, Start: 3052, End: 3106, Setup: 15
2025-04-18 13:25:00,362 - JSPGymEnvironment - INFO - Material change on machine M2: Citybike_Schaltauge_bearbeitet -> Citybike_Rahmen_nachbearbeitet, setup time: 20
2025-04-18 13:25:00,362 - JSPGymEnvironment - INFO - Executed operation: Job J11, Op 6, Machine M2, Start: 3126, End: 3148, Setup: 20
2025-04-18 13:25:00,628 - JSPGymEnvironment - INFO - Material change on machine M3: Citybike_Antrieb_installiert -> E-Bike_Antrieb_installiert, setup time: 15
2025-04-18 13:25:00,628 - JSPGymEnvironment - INFO - Executed operation: Job J19, Op 2, Machine M3, Start: 3163, End: 3185, Setup: 15
2025-04-18 13:25:00,668 - JSPGymEnvironment - INFO - Material change on machine M2: Citybike_Rahmen_nachbearbeitet -> Citybike_Fahrrad_endmontiert, setup time: 20
2025-04-18 13:25:00,668 - JSPGymEnvironment - INFO - Executed operation: Job J11, Op 7, Machine M2, Start: 3205, End: 3234, Setup: 20
2025-04-18 13:25:00,668 - JSPGymEnvironment - INFO - Job J11 completed at time 3234, deadline: 2880, met: False, priority: 7
2025-04-18 13:25:00,669 - JSPGymEnvironment - INFO - CREDIT_ASSIGNMENT_PROBLEM: Scheduled penalty of -0.43 for step 65 due to missed_deadline at step 67
2025-04-18 13:25:00,708 - JSPGymEnvironment - INFO - Material change on machine M2: Citybike_Fahrrad_endmontiert -> Mountainbike_Schaltauge_bearbeitet, setup time: 20
2025-04-18 13:25:00,708 - JSPGymEnvironment - INFO - Executed operation: Job J20, Op 1, Machine M2, Start: 3254, End: 3279, Setup: 20
2025-04-18 13:25:00,744 - JSPGymEnvironment - INFO - Material change on machine M2: Mountainbike_Schaltauge_bearbeitet -> Mountainbike_Rahmen_nachbearbeitet, setup time: 20
2025-04-18 13:25:00,745 - JSPGymEnvironment - INFO - Executed operation: Job J12, Op 5, Machine M2, Start: 3299, End: 3327, Setup: 20
2025-04-18 13:25:00,786 - JSPGymEnvironment - INFO - Material change on machine M2: Mountainbike_Rahmen_nachbearbeitet -> Mountainbike_Fahrrad_endmontiert, setup time: 20
2025-04-18 13:25:00,786 - JSPGymEnvironment - INFO - Executed operation: Job J5, Op 5, Machine M2, Start: 3347, End: 3369, Setup: 20
2025-04-18 13:25:00,786 - JSPGymEnvironment - INFO - Job J5 completed at time 3369, deadline: 2880, met: False, priority: 1
2025-04-18 13:25:00,826 - JSPGymEnvironment - INFO - Executed operation: Job J12, Op 6, Machine M2, Start: 3384, End: 3406, Setup: 15
2025-04-18 13:25:00,826 - JSPGymEnvironment - INFO - Job J12 completed at time 3406, deadline: 2863, met: False, priority: 2
2025-04-18 13:25:00,827 - JSPGymEnvironment - INFO - CREDIT_ASSIGNMENT_PROBLEM: Scheduled penalty of -0.66 for step 69 due to missed_deadline at step 71
2025-04-18 13:25:00,864 - JSPGymEnvironment - INFO - Material change on machine M3: E-Bike_Antrieb_installiert -> Racebike_Antrieb_installiert, setup time: 15
2025-04-18 13:25:00,864 - JSPGymEnvironment - INFO - Executed operation: Job J1, Op 2, Machine M3, Start: 3421, End: 3457, Setup: 15
2025-04-18 13:25:00,907 - JSPGymEnvironment - INFO - Material change on machine M3: Racebike_Antrieb_installiert -> Mountainbike_Antrieb_installiert, setup time: 15
2025-04-18 13:25:00,907 - JSPGymEnvironment - INFO - Executed operation: Job J20, Op 2, Machine M3, Start: 3472, End: 3496, Setup: 15
2025-04-18 13:25:00,947 - JSPGymEnvironment - INFO - Material change on machine M3: Mountainbike_Antrieb_installiert -> Citybike_Antrieb_installiert, setup time: 15
2025-04-18 13:25:00,947 - JSPGymEnvironment - INFO - Executed operation: Job J14, Op 2, Machine M3, Start: 3511, End: 3533, Setup: 15
2025-04-18 13:25:00,987 - JSPGymEnvironment - INFO - Material change on machine M3: Citybike_Antrieb_installiert -> E-Bike_Antrieb_installiert, setup time: 15
2025-04-18 13:25:00,987 - JSPGymEnvironment - INFO - Executed operation: Job J3, Op 2, Machine M3, Start: 3548, End: 3606, Setup: 15
2025-04-18 13:25:01,026 - JSPGymEnvironment - INFO - Material change on machine M2: Mountainbike_Fahrrad_endmontiert -> E-Bike_Bremsaufnahme_gebohrt, setup time: 20
2025-04-18 13:25:01,026 - JSPGymEnvironment - INFO - Executed operation: Job J19, Op 3, Machine M2, Start: 3626, End: 3639, Setup: 20
2025-04-18 13:25:01,071 - JSPGymEnvironment - INFO - Material change on machine M2: E-Bike_Bremsaufnahme_gebohrt -> Citybike_Bremsaufnahme_gebohrt, setup time: 20
2025-04-18 13:25:01,071 - JSPGymEnvironment - INFO - Executed operation: Job J9, Op 3, Machine M2, Start: 3659, End: 3682, Setup: 20
2025-04-18 13:25:01,111 - JSPGymEnvironment - INFO - Material change on machine M3: E-Bike_Antrieb_installiert -> Mountainbike_Bremsen_justiert, setup time: 15
2025-04-18 13:25:01,111 - JSPGymEnvironment - INFO - Executed operation: Job J18, Op 3, Machine M3, Start: 3697, End: 3752, Setup: 15
2025-04-18 13:25:01,151 - JSPGymEnvironment - INFO - Executed operation: Job J14, Op 3, Machine M2, Start: 3767, End: 3785, Setup: 15
2025-04-18 13:25:01,401 - JSPGymEnvironment - INFO - Material change on machine M3: Mountainbike_Bremsen_justiert -> Racebike_Antrieb_installiert, setup time: 15
2025-04-18 13:25:01,401 - JSPGymEnvironment - INFO - Executed operation: Job J6, Op 2, Machine M3, Start: 3800, End: 3838, Setup: 15
2025-04-18 13:25:01,442 - JSPGymEnvironment - INFO - Material change on machine M1: Racebike_Hauptrahmen_zugeschnitten -> Citybike_Hauptrahmen_zugeschnitten, setup time: 40
2025-04-18 13:25:01,442 - JSPGymEnvironment - INFO - Executed operation: Job J17, Op 0, Machine M1, Start: 3878, End: 3916, Setup: 40
2025-04-18 13:25:01,482 - JSPGymEnvironment - INFO - Material change on machine M2: Citybike_Bremsaufnahme_gebohrt -> Citybike_Schaltauge_bearbeitet, setup time: 20
2025-04-18 13:25:01,483 - JSPGymEnvironment - INFO - Executed operation: Job J17, Op 1, Machine M2, Start: 3936, End: 3956, Setup: 20
2025-04-18 13:25:01,526 - JSPGymEnvironment - INFO - Material change on machine M2: Citybike_Schaltauge_bearbeitet -> E-Bike_Bremsaufnahme_gebohrt, setup time: 20
2025-04-18 13:25:01,527 - JSPGymEnvironment - INFO - Executed operation: Job J3, Op 3, Machine M2, Start: 3976, End: 4006, Setup: 20
2025-04-18 13:25:01,576 - JSPGymEnvironment - INFO - Material change on machine M2: E-Bike_Bremsaufnahme_gebohrt -> Citybike_Rahmen_nachbearbeitet, setup time: 20
2025-04-18 13:25:01,576 - JSPGymEnvironment - INFO - Executed operation: Job J14, Op 4, Machine M2, Start: 4026, End: 4055, Setup: 20
2025-04-18 13:25:01,621 - JSPGymEnvironment - INFO - Material change on machine M2: Citybike_Rahmen_nachbearbeitet -> Citybike_Fahrrad_endmontiert, setup time: 20
2025-04-18 13:25:01,621 - JSPGymEnvironment - INFO - Executed operation: Job J8, Op 5, Machine M2, Start: 4075, End: 4105, Setup: 20
2025-04-18 13:25:01,621 - JSPGymEnvironment - INFO - Job J8 completed at time 4105, deadline: 2762, met: False, priority: 5
2025-04-18 13:25:01,665 - JSPGymEnvironment - INFO - Material change on machine M1: Citybike_Hauptrahmen_zugeschnitten -> Racebike_Hauptrahmen_zugeschnitten, setup time: 40
2025-04-18 13:25:01,665 - JSPGymEnvironment - INFO - Executed operation: Job J10, Op 0, Machine M1, Start: 4145, End: 4177, Setup: 40
2025-04-18 13:25:01,709 - JSPGymEnvironment - INFO - Material change on machine M2: Citybike_Fahrrad_endmontiert -> Racebike_Schaltauge_bearbeitet, setup time: 20
2025-04-18 13:25:01,709 - JSPGymEnvironment - INFO - Executed operation: Job J10, Op 1, Machine M2, Start: 4197, End: 4222, Setup: 20
2025-04-18 13:25:01,752 - JSPGymEnvironment - INFO - Material change on machine M2: Racebike_Schaltauge_bearbeitet -> Mountainbike_Fahrrad_endmontiert, setup time: 20
2025-04-18 13:25:01,752 - JSPGymEnvironment - INFO - Executed operation: Job J18, Op 4, Machine M2, Start: 4242, End: 4255, Setup: 20
2025-04-18 13:25:01,753 - JSPGymEnvironment - INFO - Job J18 completed at time 4255, deadline: 2880, met: False, priority: 6
2025-04-18 13:25:01,796 - JSPGymEnvironment - INFO - Material change on machine M2: Mountainbike_Fahrrad_endmontiert -> Citybike_Rahmen_nachbearbeitet, setup time: 20
2025-04-18 13:25:01,796 - JSPGymEnvironment - INFO - Executed operation: Job J14, Op 5, Machine M2, Start: 4275, End: 4305, Setup: 20
2025-04-18 13:25:01,843 - JSPGymEnvironment - INFO - Material change on machine M2: Citybike_Rahmen_nachbearbeitet -> Racebike_Bremsaufnahme_gebohrt, setup time: 20
2025-04-18 13:25:01,843 - JSPGymEnvironment - INFO - Executed operation: Job J1, Op 3, Machine M2, Start: 4325, End: 4343, Setup: 20
2025-04-18 13:25:01,891 - JSPGymEnvironment - INFO - Material change on machine M3: Racebike_Antrieb_installiert -> Racebike_Bremsen_justiert, setup time: 15
2025-04-18 13:25:01,891 - JSPGymEnvironment - INFO - Executed operation: Job J6, Op 3, Machine M3, Start: 4358, End: 4416, Setup: 15
2025-04-18 13:25:01,937 - JSPGymEnvironment - INFO - Material change on machine M2: Racebike_Bremsaufnahme_gebohrt -> Citybike_Rahmen_nachbearbeitet, setup time: 20
2025-04-18 13:25:01,937 - JSPGymEnvironment - INFO - Executed operation: Job J14, Op 6, Machine M2, Start: 4436, End: 4460, Setup: 20
2025-04-18 13:25:01,979 - JSPGymEnvironment - INFO - Material change on machine M2: Citybike_Rahmen_nachbearbeitet -> E-Bike_Rahmen_nachbearbeitet, setup time: 20
2025-04-18 13:25:01,979 - JSPGymEnvironment - INFO - Executed operation: Job J19, Op 4, Machine M2, Start: 4480, End: 4497, Setup: 20
2025-04-18 13:25:02,243 - JSPGymEnvironment - INFO - Executed operation: Job J3, Op 4, Machine M2, Start: 4512, End: 4529, Setup: 15
2025-04-18 13:25:02,289 - JSPGymEnvironment - INFO - Executed operation: Job J19, Op 5, Machine M2, Start: 4544, End: 4565, Setup: 15
2025-04-18 13:25:02,327 - JSPGymEnvironment - INFO - Material change on machine M3: Racebike_Bremsen_justiert -> Racebike_Fahrrad_endmontiert, setup time: 15
2025-04-18 13:25:02,328 - JSPGymEnvironment - INFO - Executed operation: Job J6, Op 4, Machine M3, Start: 4580, End: 4621, Setup: 15
2025-04-18 13:25:02,328 - JSPGymEnvironment - INFO - Job J6 completed at time 4621, deadline: 2880, met: False, priority: 10
2025-04-18 13:25:02,328 - JSPGymEnvironment - INFO - CREDIT_ASSIGNMENT_PROBLEM: Scheduled penalty of -2.12 for step 91 due to missed_deadline at step 96
2025-04-18 13:25:02,385 - JSPGymEnvironment - INFO - Material change on machine M2: E-Bike_Rahmen_nachbearbeitet -> E-Bike_Fahrrad_endmontiert, setup time: 20
2025-04-18 13:25:02,385 - JSPGymEnvironment - INFO - Executed operation: Job J19, Op 6, Machine M2, Start: 4641, End: 4666, Setup: 20
2025-04-18 13:25:02,385 - JSPGymEnvironment - INFO - Job J19 completed at time 4666, deadline: 2737, met: False, priority: 8
2025-04-18 13:25:02,386 - JSPGymEnvironment - INFO - CREDIT_ASSIGNMENT_PROBLEM: Scheduled penalty of -2.47 for step 95 due to missed_deadline at step 97
2025-04-18 13:25:02,386 - JSPGymEnvironment - INFO - CREDIT_ASSIGNMENT_PROBLEM: Scheduled penalty of -1.73 for step 93 due to missed_deadline at step 97
2025-04-18 13:25:02,438 - JSPGymEnvironment - INFO - Executed operation: Job J7, Op 0, Machine M1, Start: 4691, End: 4726, Setup: 25
2025-04-18 13:25:02,486 - JSPGymEnvironment - INFO - Material change on machine M1: Racebike_Hauptrahmen_zugeschnitten -> Citybike_Hauptrahmen_zugeschnitten, setup time: 40
2025-04-18 13:25:02,486 - JSPGymEnvironment - INFO - Executed operation: Job J2, Op 0, Machine M1, Start: 4766, End: 4782, Setup: 40
2025-04-18 13:25:02,541 - JSPGymEnvironment - INFO - Material change on machine M2: E-Bike_Fahrrad_endmontiert -> Citybike_Fahrrad_endmontiert, setup time: 20
2025-04-18 13:25:02,541 - JSPGymEnvironment - INFO - Executed operation: Job J14, Op 7, Machine M2, Start: 4802, End: 4823, Setup: 20
2025-04-18 13:25:02,541 - JSPGymEnvironment - INFO - Job J14 completed at time 4823, deadline: 2880, met: False, priority: 3
2025-04-18 13:25:02,542 - JSPGymEnvironment - INFO - CREDIT_ASSIGNMENT_PROBLEM: Scheduled penalty of -2.36 for step 92 due to missed_deadline at step 100
2025-04-18 13:25:02,603 - JSPGymEnvironment - INFO - Material change on machine M2: Citybike_Fahrrad_endmontiert -> E-Bike_Rahmen_nachbearbeitet, setup time: 20
2025-04-18 13:25:02,603 - JSPGymEnvironment - INFO - Executed operation: Job J3, Op 5, Machine M2, Start: 4843, End: 4864, Setup: 20
2025-04-18 13:25:02,670 - JSPGymEnvironment - INFO - Material change on machine M2: E-Bike_Rahmen_nachbearbeitet -> Citybike_Schaltauge_bearbeitet, setup time: 20
2025-04-18 13:25:02,670 - JSPGymEnvironment - INFO - Executed operation: Job J2, Op 1, Machine M2, Start: 4884, End: 4894, Setup: 20
2025-04-18 13:25:02,849 - JSPGymEnvironment - INFO - Material change on machine M2: Citybike_Schaltauge_bearbeitet -> Citybike_Rahmen_nachbearbeitet, setup time: 20
2025-04-18 13:25:02,850 - JSPGymEnvironment - INFO - Executed operation: Job J9, Op 4, Machine M2, Start: 4914, End: 4926, Setup: 20
2025-04-18 13:25:02,937 - JSPGymEnvironment - INFO - Material change on machine M3: Racebike_Fahrrad_endmontiert -> Citybike_Fahrrad_endmontiert, setup time: 15
2025-04-18 13:25:02,937 - JSPGymEnvironment - INFO - Executed operation: Job J9, Op 5, Machine M3, Start: 4941, End: 4992, Setup: 15
2025-04-18 13:25:03,015 - JSPGymEnvironment - INFO - Executed operation: Job J9, Op 6, Machine M3, Start: 5002, End: 5025, Setup: 10
2025-04-18 13:25:03,015 - JSPGymEnvironment - INFO - Job J9 completed at time 5025, deadline: 2880, met: False, priority: 8
2025-04-18 13:25:03,016 - JSPGymEnvironment - INFO - CREDIT_ASSIGNMENT_PROBLEM: Scheduled penalty of -2.61 for step 104 due to missed_deadline at step 105
2025-04-18 13:25:03,016 - JSPGymEnvironment - INFO - CREDIT_ASSIGNMENT_PROBLEM: Scheduled penalty of -1.82 for step 103 due to missed_deadline at step 105
2025-04-18 13:25:03,088 - JSPGymEnvironment - INFO - Material change on machine M3: Citybike_Fahrrad_endmontiert -> Mountainbike_Bremsen_justiert, setup time: 15
2025-04-18 13:25:03,089 - JSPGymEnvironment - INFO - Executed operation: Job J20, Op 3, Machine M3, Start: 5040, End: 5081, Setup: 15
2025-04-18 13:25:03,382 - JSPGymEnvironment - INFO - Material change on machine M2: Citybike_Rahmen_nachbearbeitet -> Racebike_Schaltauge_bearbeitet, setup time: 20
2025-04-18 13:25:03,382 - JSPGymEnvironment - INFO - Executed operation: Job J7, Op 1, Machine M2, Start: 5101, End: 5124, Setup: 20
2025-04-18 13:25:03,443 - JSPGymEnvironment - INFO - Material change on machine M3: Mountainbike_Bremsen_justiert -> Racebike_Antrieb_installiert, setup time: 15
2025-04-18 13:25:03,444 - JSPGymEnvironment - INFO - Executed operation: Job J10, Op 2, Machine M3, Start: 5139, End: 5178, Setup: 15
2025-04-18 13:25:03,499 - JSPGymEnvironment - INFO - Material change on machine M2: Racebike_Schaltauge_bearbeitet -> Racebike_Bremsaufnahme_gebohrt, setup time: 20
2025-04-18 13:25:03,499 - JSPGymEnvironment - INFO - Executed operation: Job J10, Op 3, Machine M2, Start: 5198, End: 5220, Setup: 20
2025-04-18 13:25:03,558 - JSPGymEnvironment - INFO - Material change on machine M3: Racebike_Antrieb_installiert -> Citybike_Antrieb_installiert, setup time: 15
2025-04-18 13:25:03,558 - JSPGymEnvironment - INFO - Executed operation: Job J17, Op 2, Machine M3, Start: 5235, End: 5269, Setup: 15
2025-04-18 13:25:03,623 - JSPGymEnvironment - INFO - Material change on machine M2: Racebike_Bremsaufnahme_gebohrt -> E-Bike_Fahrrad_endmontiert, setup time: 20
2025-04-18 13:25:03,623 - JSPGymEnvironment - INFO - Executed operation: Job J3, Op 6, Machine M2, Start: 5289, End: 5299, Setup: 20
2025-04-18 13:25:03,623 - JSPGymEnvironment - INFO - Job J3 completed at time 5299, deadline: 2862, met: False, priority: 8
2025-04-18 13:25:03,680 - JSPGymEnvironment - INFO - Material change on machine M3: Citybike_Antrieb_installiert -> Citybike_Bremsen_justiert, setup time: 15
2025-04-18 13:25:03,680 - JSPGymEnvironment - INFO - Executed operation: Job J17, Op 3, Machine M3, Start: 5314, End: 5340, Setup: 15
2025-04-18 13:25:03,738 - JSPGymEnvironment - INFO - Material change on machine M3: Citybike_Bremsen_justiert -> Citybike_Fahrrad_endmontiert, setup time: 15
2025-04-18 13:25:03,738 - JSPGymEnvironment - INFO - Executed operation: Job J17, Op 4, Machine M3, Start: 5355, End: 5405, Setup: 15
2025-04-18 13:25:03,792 - JSPGymEnvironment - INFO - Material change on machine M2: E-Bike_Fahrrad_endmontiert -> Racebike_Rahmen_nachbearbeitet, setup time: 20
2025-04-18 13:25:03,793 - JSPGymEnvironment - INFO - Executed operation: Job J1, Op 4, Machine M2, Start: 5425, End: 5447, Setup: 20
2025-04-18 13:25:03,848 - JSPGymEnvironment - INFO - Material change on machine M3: Citybike_Fahrrad_endmontiert -> Racebike_Antrieb_installiert, setup time: 15
2025-04-18 13:25:03,848 - JSPGymEnvironment - INFO - Executed operation: Job J7, Op 2, Machine M3, Start: 5462, End: 5486, Setup: 15
2025-04-18 13:25:03,901 - JSPGymEnvironment - INFO - Material change on machine M2: Racebike_Rahmen_nachbearbeitet -> Racebike_Fahrrad_endmontiert, setup time: 20
2025-04-18 13:25:03,902 - JSPGymEnvironment - INFO - Executed operation: Job J1, Op 5, Machine M2, Start: 5506, End: 5518, Setup: 20
2025-04-18 13:25:03,902 - JSPGymEnvironment - INFO - Job J1 completed at time 5518, deadline: 2790, met: False, priority: 7
2025-04-18 13:25:03,902 - JSPGymEnvironment - INFO - CREDIT_ASSIGNMENT_PROBLEM: Scheduled penalty of -3.42 for step 114 due to missed_deadline at step 116
2025-04-18 13:25:03,960 - JSPGymEnvironment - INFO - Material change on machine M2: Racebike_Fahrrad_endmontiert -> Racebike_Rahmen_nachbearbeitet, setup time: 20
2025-04-18 13:25:03,961 - JSPGymEnvironment - INFO - Executed operation: Job J10, Op 4, Machine M2, Start: 5538, End: 5549, Setup: 20
2025-04-18 13:25:04,028 - JSPGymEnvironment - INFO - Executed operation: Job J10, Op 5, Machine M2, Start: 5564, End: 5582, Setup: 15
2025-04-18 13:25:04,119 - JSPGymEnvironment - INFO - Executed operation: Job J10, Op 6, Machine M2, Start: 5597, End: 5608, Setup: 15
2025-04-18 13:25:04,262 - JSPGymEnvironment - INFO - Material change on machine M3: Racebike_Antrieb_installiert -> Citybike_Fahrrad_endmontiert, setup time: 15
2025-04-18 13:25:04,263 - JSPGymEnvironment - INFO - Executed operation: Job J17, Op 5, Machine M3, Start: 5623, End: 5682, Setup: 15
2025-04-18 13:25:04,347 - JSPGymEnvironment - INFO - Material change on machine M2: Racebike_Rahmen_nachbearbeitet -> Racebike_Fahrrad_endmontiert, setup time: 20
2025-04-18 13:25:04,348 - JSPGymEnvironment - INFO - Executed operation: Job J10, Op 7, Machine M2, Start: 5702, End: 5714, Setup: 20
2025-04-18 13:25:04,348 - JSPGymEnvironment - INFO - Job J10 completed at time 5714, deadline: 2880, met: False, priority: 9
2025-04-18 13:25:04,348 - JSPGymEnvironment - INFO - CREDIT_ASSIGNMENT_PROBLEM: Scheduled penalty of -3.44 for step 119 due to missed_deadline at step 121
2025-04-18 13:25:04,349 - JSPGymEnvironment - INFO - CREDIT_ASSIGNMENT_PROBLEM: Scheduled penalty of -2.41 for step 118 due to missed_deadline at step 121
2025-04-18 13:25:04,349 - JSPGymEnvironment - INFO - CREDIT_ASSIGNMENT_PROBLEM: Scheduled penalty of -1.69 for step 117 due to missed_deadline at step 121
2025-04-18 13:25:04,773 - JSPGymEnvironment - INFO - Executed operation: Job J17, Op 6, Machine M3, Start: 5724, End: 5749, Setup: 10
2025-04-18 13:25:04,773 - JSPGymEnvironment - INFO - Job J17 completed at time 5749, deadline: 2880, met: False, priority: 6
2025-04-18 13:25:04,773 - JSPGymEnvironment - INFO - CREDIT_ASSIGNMENT_PROBLEM: Scheduled penalty of -3.49 for step 120 due to missed_deadline at step 122
2025-04-18 13:25:04,774 - JSPGymEnvironment - INFO - CREDIT_ASSIGNMENT_PROBLEM: Scheduled penalty of -2.44 for step 113 due to missed_deadline at step 122
2025-04-18 13:25:04,832 - JSPGymEnvironment - INFO - Material change on machine M2: Racebike_Fahrrad_endmontiert -> Racebike_Bremsaufnahme_gebohrt, setup time: 20
2025-04-18 13:25:04,833 - JSPGymEnvironment - INFO - Executed operation: Job J7, Op 3, Machine M2, Start: 5769, End: 5792, Setup: 20
2025-04-18 13:25:04,904 - JSPGymEnvironment - INFO - Material change on machine M2: Racebike_Bremsaufnahme_gebohrt -> Racebike_Rahmen_nachbearbeitet, setup time: 20
2025-04-18 13:25:04,904 - JSPGymEnvironment - INFO - Executed operation: Job J7, Op 4, Machine M2, Start: 5812, End: 5838, Setup: 20
2025-04-18 13:25:04,960 - JSPGymEnvironment - INFO - Material change on machine M2: Racebike_Rahmen_nachbearbeitet -> Mountainbike_Rahmen_nachbearbeitet, setup time: 20
2025-04-18 13:25:04,960 - JSPGymEnvironment - INFO - Executed operation: Job J20, Op 4, Machine M2, Start: 5858, End: 5875, Setup: 20
2025-04-18 13:25:05,019 - JSPGymEnvironment - INFO - Material change on machine M3: Citybike_Fahrrad_endmontiert -> Citybike_Antrieb_installiert, setup time: 15
2025-04-18 13:25:05,019 - JSPGymEnvironment - INFO - Executed operation: Job J2, Op 2, Machine M3, Start: 5890, End: 5918, Setup: 15
2025-04-18 13:25:05,076 - JSPGymEnvironment - INFO - Material change on machine M2: Mountainbike_Rahmen_nachbearbeitet -> Racebike_Rahmen_nachbearbeitet, setup time: 20
2025-04-18 13:25:05,076 - JSPGymEnvironment - INFO - Executed operation: Job J7, Op 5, Machine M2, Start: 5938, End: 5956, Setup: 20
2025-04-18 13:25:05,133 - JSPGymEnvironment - INFO - Material change on machine M2: Racebike_Rahmen_nachbearbeitet -> Citybike_Bremsaufnahme_gebohrt, setup time: 20
2025-04-18 13:25:05,133 - JSPGymEnvironment - INFO - Executed operation: Job J2, Op 3, Machine M2, Start: 5976, End: 5997, Setup: 20
2025-04-18 13:25:05,199 - JSPGymEnvironment - INFO - Material change on machine M2: Citybike_Bremsaufnahme_gebohrt -> Racebike_Rahmen_nachbearbeitet, setup time: 20
2025-04-18 13:25:05,199 - JSPGymEnvironment - INFO - Executed operation: Job J7, Op 6, Machine M2, Start: 6017, End: 6032, Setup: 20
2025-04-18 13:25:05,267 - JSPGymEnvironment - INFO - Material change on machine M3: Citybike_Antrieb_installiert -> Mountainbike_Fahrrad_endmontiert, setup time: 15
2025-04-18 13:25:05,268 - JSPGymEnvironment - INFO - Executed operation: Job J20, Op 5, Machine M3, Start: 6047, End: 6072, Setup: 15
2025-04-18 13:25:05,398 - JSPGymEnvironment - INFO - Executed operation: Job J20, Op 6, Machine M3, Start: 6082, End: 6122, Setup: 10
2025-04-18 13:25:05,398 - JSPGymEnvironment - INFO - Job J20 completed at time 6122, deadline: 2744, met: False, priority: 3
2025-04-18 13:25:05,399 - JSPGymEnvironment - INFO - CREDIT_ASSIGNMENT_PROBLEM: Scheduled penalty of -4.31 for step 130 due to missed_deadline at step 131
2025-04-18 13:25:05,399 - JSPGymEnvironment - INFO - CREDIT_ASSIGNMENT_PROBLEM: Scheduled penalty of -3.02 for step 125 due to missed_deadline at step 131
2025-04-18 13:25:05,943 - JSPGymEnvironment - INFO - Material change on machine M2: Racebike_Rahmen_nachbearbeitet -> Racebike_Fahrrad_endmontiert, setup time: 20
2025-04-18 13:25:05,953 - JSPGymEnvironment - INFO - Executed operation: Job J7, Op 7, Machine M2, Start: 6142, End: 6167, Setup: 20
2025-04-18 13:25:05,954 - JSPGymEnvironment - INFO - Job J7 completed at time 6167, deadline: 2880, met: False, priority: 9
2025-04-18 13:25:05,955 - JSPGymEnvironment - INFO - CREDIT_ASSIGNMENT_PROBLEM: Scheduled penalty of -3.99 for step 129 due to missed_deadline at step 132
2025-04-18 13:25:05,955 - JSPGymEnvironment - INFO - CREDIT_ASSIGNMENT_PROBLEM: Scheduled penalty of -2.80 for step 127 due to missed_deadline at step 132
2025-04-18 13:25:05,955 - JSPGymEnvironment - INFO - CREDIT_ASSIGNMENT_PROBLEM: Scheduled penalty of -1.96 for step 124 due to missed_deadline at step 132
2025-04-18 13:25:05,955 - JSPGymEnvironment - INFO - CREDIT_ASSIGNMENT_PROBLEM: Scheduled penalty of -1.37 for step 123 due to missed_deadline at step 132
2025-04-18 13:25:06,119 - JSPGymEnvironment - INFO - Material change on machine M2: Racebike_Fahrrad_endmontiert -> Citybike_Rahmen_nachbearbeitet, setup time: 20
2025-04-18 13:25:06,120 - JSPGymEnvironment - INFO - Executed operation: Job J2, Op 4, Machine M2, Start: 6187, End: 6211, Setup: 20
2025-04-18 13:25:06,179 - JSPGymEnvironment - INFO - Material change on machine M3: Mountainbike_Fahrrad_endmontiert -> Citybike_Fahrrad_endmontiert, setup time: 15
2025-04-18 13:25:06,179 - JSPGymEnvironment - INFO - Executed operation: Job J2, Op 5, Machine M3, Start: 6226, End: 6247, Setup: 15
2025-04-18 13:25:06,179 - JSPGymEnvironment - INFO - Job J2 completed at time 6247, deadline: 2880, met: False, priority: 3
2025-04-18 13:25:06,180 - JSPGymEnvironment - INFO - CREDIT_ASSIGNMENT_PROBLEM: Scheduled penalty of -4.09 for step 133 due to missed_deadline at step 134
2025-04-18 13:25:06,180 - JSPGymEnvironment - INFO - CREDIT_ASSIGNMENT_PROBLEM: Scheduled penalty of -2.86 for step 128 due to missed_deadline at step 134
2025-04-18 13:25:06,180 - JSPGymEnvironment - INFO - CREDIT_ASSIGNMENT_PROBLEM: Scheduled penalty of -2.01 for step 126 due to missed_deadline at step 134
2025-04-18 13:25:06,181 - JSPGymEnvironment - INFO - Reward function updated with 63 insights
2025-04-18 13:25:06,181 - JSPGymEnvironment - INFO -   Material change on critical path at Job 1 Operation 0 on Machine M1 (Severity: 1.00)
2025-04-18 13:25:06,181 - JSPGymEnvironment - INFO -   Low priority (3) on critical path: Job 1 Operation 0 (Severity: 0.40)
2025-04-18 13:25:06,181 - JSPGymEnvironment - INFO -   Material change on critical path at Job 1 Operation 1 on Machine M2 (Severity: 1.00)
2025-04-18 13:25:06,181 - JSPGymEnvironment - INFO -   Low priority (3) on critical path: Job 1 Operation 1 (Severity: 0.40)
2025-04-18 13:25:06,181 - JSPGymEnvironment - INFO -   Material change on critical path at Job 1 Operation 2 on Machine M3 (Severity: 1.00)
2025-04-18 13:25:06,181 - JSPGymEnvironment - INFO -   Low priority (3) on critical path: Job 1 Operation 2 (Severity: 0.40)
2025-04-18 13:25:06,181 - JSPGymEnvironment - INFO -   Material change on critical path at Job 1 Operation 3 on Machine M2 (Severity: 1.00)
2025-04-18 13:25:06,182 - JSPGymEnvironment - INFO -   Low priority (3) on critical path: Job 1 Operation 3 (Severity: 0.40)
2025-04-18 13:25:06,182 - JSPGymEnvironment - INFO -   Material change on critical path at Job 1 Operation 4 on Machine M2 (Severity: 1.00)
2025-04-18 13:25:06,182 - JSPGymEnvironment - INFO -   Idle time on critical path before Job 1 Operation 4 on Machine M2 (Severity: 7.92)
2025-04-18 13:25:06,182 - JSPGymEnvironment - INFO -   Low priority (3) on critical path: Job 1 Operation 4 (Severity: 0.40)
2025-04-18 13:25:06,182 - JSPGymEnvironment - INFO -   Material change on critical path at Job 1 Operation 5 on Machine M3 (Severity: 1.00)
2025-04-18 13:25:06,182 - JSPGymEnvironment - INFO -   Low priority (3) on critical path: Job 1 Operation 5 (Severity: 0.40)
2025-04-18 13:25:06,182 - JSPGymEnvironment - INFO -   High priority (8) not on critical path: Job 8 Operation 0 (Severity: 0.33)
2025-04-18 13:25:06,182 - JSPGymEnvironment - INFO -   High priority (10) not on critical path: Job 5 Operation 0 (Severity: 1.00)
2025-04-18 13:25:06,182 - JSPGymEnvironment - INFO -   High priority (10) not on critical path: Job 14 Operation 0 (Severity: 1.00)
2025-04-18 13:25:06,182 - JSPGymEnvironment - INFO -   High priority (8) not on critical path: Job 18 Operation 0 (Severity: 0.33)
2025-04-18 13:25:06,182 - JSPGymEnvironment - INFO -   High priority (8) not on critical path: Job 2 Operation 0 (Severity: 0.33)
2025-04-18 13:25:06,182 - JSPGymEnvironment - INFO -   High priority (10) not on critical path: Job 14 Operation 1 (Severity: 1.00)
2025-04-18 13:25:06,183 - JSPGymEnvironment - INFO -   High priority (10) not on critical path: Job 14 Operation 2 (Severity: 1.00)
2025-04-18 13:25:06,183 - JSPGymEnvironment - INFO -   High priority (10) not on critical path: Job 14 Operation 3 (Severity: 1.00)
2025-04-18 13:25:06,183 - JSPGymEnvironment - INFO -   High priority (10) not on critical path: Job 14 Operation 4 (Severity: 1.00)
2025-04-18 13:25:06,183 - JSPGymEnvironment - INFO -   High priority (10) not on critical path: Job 14 Operation 5 (Severity: 1.00)
2025-04-18 13:25:06,184 - JSPGymEnvironment - INFO -   High priority (10) not on critical path: Job 14 Operation 6 (Severity: 1.00)
2025-04-18 13:25:06,184 - JSPGymEnvironment - INFO -   High priority (10) not on critical path: Job 14 Operation 7 (Severity: 1.00)
2025-04-18 13:25:06,184 - JSPGymEnvironment - INFO -   High priority (8) not on critical path: Job 18 Operation 1 (Severity: 0.33)
2025-04-18 13:25:06,184 - JSPGymEnvironment - INFO -   High priority (10) not on critical path: Job 5 Operation 1 (Severity: 1.00)
2025-04-18 13:25:06,184 - JSPGymEnvironment - INFO -   High priority (8) not on critical path: Job 2 Operation 1 (Severity: 0.33)
2025-04-18 13:25:06,185 - JSPGymEnvironment - INFO -   High priority (8) not on critical path: Job 8 Operation 1 (Severity: 0.33)
2025-04-18 13:25:06,185 - JSPGymEnvironment - INFO -   High priority (8) not on critical path: Job 8 Operation 2 (Severity: 0.33)
2025-04-18 13:25:06,185 - JSPGymEnvironment - INFO -   High priority (8) not on critical path: Job 18 Operation 2 (Severity: 0.33)
2025-04-18 13:25:06,185 - JSPGymEnvironment - INFO -   High priority (8) not on critical path: Job 2 Operation 2 (Severity: 0.33)
2025-04-18 13:25:06,185 - JSPGymEnvironment - INFO -   High priority (8) not on critical path: Job 18 Operation 3 (Severity: 0.33)
2025-04-18 13:25:06,185 - JSPGymEnvironment - INFO -   High priority (8) not on critical path: Job 8 Operation 3 (Severity: 0.33)
2025-04-18 13:25:06,185 - JSPGymEnvironment - INFO -   High priority (10) not on critical path: Job 5 Operation 2 (Severity: 1.00)
2025-04-18 13:25:06,185 - JSPGymEnvironment - INFO -   High priority (8) not on critical path: Job 2 Operation 3 (Severity: 0.33)
2025-04-18 13:25:06,185 - JSPGymEnvironment - INFO -   High priority (9) not on critical path: Job 9 Operation 0 (Severity: 0.67)
2025-04-18 13:25:06,185 - JSPGymEnvironment - INFO -   High priority (9) not on critical path: Job 9 Operation 1 (Severity: 0.67)
2025-04-18 13:25:06,185 - JSPGymEnvironment - INFO -   High priority (10) not on critical path: Job 5 Operation 3 (Severity: 1.00)
2025-04-18 13:25:06,186 - JSPGymEnvironment - INFO -   High priority (8) not on critical path: Job 18 Operation 4 (Severity: 0.33)
2025-04-18 13:25:06,186 - JSPGymEnvironment - INFO -   High priority (8) not on critical path: Job 2 Operation 4 (Severity: 0.33)
2025-04-18 13:25:06,186 - JSPGymEnvironment - INFO -   High priority (8) not on critical path: Job 18 Operation 5 (Severity: 0.33)
2025-04-18 13:25:06,186 - JSPGymEnvironment - INFO -   High priority (10) not on critical path: Job 5 Operation 4 (Severity: 1.00)
2025-04-18 13:25:06,186 - JSPGymEnvironment - INFO -   High priority (8) not on critical path: Job 18 Operation 6 (Severity: 0.33)
2025-04-18 13:25:06,186 - JSPGymEnvironment - INFO -   High priority (9) not on critical path: Job 6 Operation 0 (Severity: 0.67)
2025-04-18 13:25:06,186 - JSPGymEnvironment - INFO -   High priority (8) not on critical path: Job 2 Operation 5 (Severity: 0.33)
2025-04-18 13:25:06,186 - JSPGymEnvironment - INFO -   High priority (8) not on critical path: Job 8 Operation 4 (Severity: 0.33)
2025-04-18 13:25:06,186 - JSPGymEnvironment - INFO -   High priority (8) not on critical path: Job 8 Operation 5 (Severity: 0.33)
2025-04-18 13:25:06,186 - JSPGymEnvironment - INFO -   High priority (8) not on critical path: Job 8 Operation 6 (Severity: 0.33)
2025-04-18 13:25:06,186 - JSPGymEnvironment - INFO -   High priority (9) not on critical path: Job 6 Operation 1 (Severity: 0.67)
2025-04-18 13:25:06,187 - JSPGymEnvironment - INFO -   High priority (9) not on critical path: Job 9 Operation 2 (Severity: 0.67)
2025-04-18 13:25:06,187 - JSPGymEnvironment - INFO -   High priority (9) not on critical path: Job 9 Operation 3 (Severity: 0.67)
2025-04-18 13:25:06,187 - JSPGymEnvironment - INFO -   High priority (8) not on critical path: Job 2 Operation 6 (Severity: 0.33)
2025-04-18 13:25:06,187 - JSPGymEnvironment - INFO -   High priority (9) not on critical path: Job 6 Operation 2 (Severity: 0.67)
2025-04-18 13:25:06,187 - JSPGymEnvironment - INFO -   High priority (9) not on critical path: Job 9 Operation 4 (Severity: 0.67)
2025-04-18 13:25:06,187 - JSPGymEnvironment - INFO -   High priority (9) not on critical path: Job 9 Operation 5 (Severity: 0.67)
2025-04-18 13:25:06,187 - JSPGymEnvironment - INFO -   High priority (9) not on critical path: Job 9 Operation 6 (Severity: 0.67)
2025-04-18 13:25:06,187 - JSPGymEnvironment - INFO -   High priority (9) not on critical path: Job 9 Operation 7 (Severity: 0.67)
2025-04-18 13:25:06,188 - JSPGymEnvironment - INFO -   High priority (9) not on critical path: Job 6 Operation 3 (Severity: 0.67)
2025-04-18 13:25:06,188 - JSPGymEnvironment - INFO -   High priority (9) not on critical path: Job 6 Operation 4 (Severity: 0.67)
2025-04-18 13:25:06,188 - JSPGymEnvironment - INFO -   High priority (9) not on critical path: Job 6 Operation 5 (Severity: 0.67)
2025-04-18 13:25:06,188 - JSPGymEnvironment - INFO -   High priority (9) not on critical path: Job 6 Operation 6 (Severity: 0.67)
2025-04-18 13:25:06,188 - JSPGymEnvironment - INFO -   High priority (9) not on critical path: Job 6 Operation 7 (Severity: 0.67)
2025-04-18 13:25:06,188 - JSPGymEnvironment - INFO - Episode completed. Critical path: 6 operations, Suboptimal placements: 63
2025-04-18 13:25:06,189 - JSPGymEnvironment - INFO - Reward components: {'makespan_reward': -0.18, 'setup_reward': -3.75, 'idle_penalty': 0.0, 'deadline_reward': -2.9227430555555554, 'priority_reward': 12.0, 'critical_job_reward': 0.0, 'global_progress_reward': 10.0, 'objective_reward': 0.0, 'placement_reward': 2.0, 'lookahead_reward': 0.0, 'timeliness_reward': 0.0, 'machine_idle_penalty': -112.825, 'credit_assignment_penalty': 0.0}
